DEBUG 2025-09-01 23:08:02.047 UTC: 	 CRAB Client version: v3.250522
DEBUG 2025-09-01 23:08:02.047 UTC: 	 Running on: Linux lxplus965.cern.ch 5.14.0-570.28.1.el9_6.x86_64 #1 SMP PREEMPT_DYNAMIC Wed Jul 16 02:51:06 EDT 2025 x86_64 x86_64 x86_64 GNU/Linux
DEBUG 2025-09-01 23:08:02.047 UTC: 	 Not using Singularity
DEBUG 2025-09-01 23:08:02.047 UTC: 	 Operating System: Red Hat Enterprise Linux 9.6 (Plow)
DEBUG 2025-09-01 23:08:02.047 UTC: 	 Executing command: 'submit'
DEBUG 2025-09-01 23:08:02.047 UTC: 	 Found CRAB cache file /afs/cern.ch/user/b/bibehera/.crab3
INFO 2025-09-01 23:08:02.048 UTC: 	 Will use CRAB configuration file crab_config2.py
DEBUG 2025-09-01 23:08:02.049 UTC: 	 Loading CRAB configuration file.
DEBUG 2025-09-01 23:08:02.059 UTC: 	 Overriden parameter General.requestName with '2pc_OO_V0_InM_IP12'
DEBUG 2025-09-01 23:08:02.059 UTC: 	 Overriden parameter Data.inputDataset with '/IonPhysics12/bibehera-2pc_OO_V0_IP12-ca42279dfc2dce710b3991c24f27a617/USER'
DEBUG 2025-09-01 23:08:02.059 UTC: 	 Overriden parameter Data.secondaryInputDataset with '/IonPhysics12/OORun2025-PromptReco-v1/MINIAOD'
DEBUG 2025-09-01 23:08:02.059 UTC: 	 Overriden parameter Data.outputDatasetTag with '2pc_OO_V0_lmks_IP12'
DEBUG 2025-09-01 23:08:02.059 UTC: 	 Will use CRAB plugin ANALYSIS (i.e. will run an analysis job type).
DEBUG 2025-09-01 23:08:02.075 UTC: 	 Checking credentials
DEBUG 2025-09-01 23:08:02.075 UTC: 	 Found proxy file /tmp/x509up_u177753
DEBUG 2025-09-01 23:08:02.075 UTC: 	 Making sure it has proper VOMS extension
DEBUG 2025-09-01 23:08:02.075 UTC: 	 Executing command :
 voms-proxy-info --vo --file /tmp/x509up_u177753
DEBUG 2025-09-01 23:08:02.105 UTC: 	 output : cms

 error: 
 retcode : 0
DEBUG 2025-09-01 23:08:02.105 UTC: 	 Getting proxy life time left
DEBUG 2025-09-01 23:08:02.105 UTC: 	 Executing command :
 voms-proxy-info --actimeleft --timeleft --file /tmp/x509up_u177753
DEBUG 2025-09-01 23:08:02.133 UTC: 	 output : 20818
20818

 error: 
 retcode : 0
DEBUG 2025-09-01 23:08:02.133 UTC: 	 Proxy valid for 05:46:58 hours
DEBUG 2025-09-01 23:08:02.133 UTC: 	 Encoded data for curl request: subresource=delegatedn
DEBUG 2025-09-01 23:08:02.181 UTC: 	 Registering user credentials on myproxy for /DC=ch/DC=cern/OU=computers/CN=crab-(preprod|prod)-tw(01|02).cern.ch|/DC=ch/DC=cern/OU=computers/CN=crab-dev-tw(01|02|03|04).cern.ch|/DC=ch/DC=cern/OU=Organic Units/OU=Users/CN=cmscrab/CN=(817881|373708)/CN=Robot: cms crab|/DC=ch/DC=cern/OU=Organic Units/OU=Users/CN=crabint1/CN=373708/CN=Robot: CMS CRAB Integration 1
DEBUG 2025-09-01 23:08:02.181 UTC: 	 Executing command :
 voms-proxy-info --identity --file /tmp/x509up_u177753
DEBUG 2025-09-01 23:08:02.209 UTC: 	 output : /DC=ch/DC=cern/OU=Organic Units/OU=Users/CN=bibehera/CN=882295/CN=Bismita Behera

 error: 
 retcode : 0
DEBUG 2025-09-01 23:08:02.209 UTC: 	 Getting myproxy life time left for bfbdf12a5670e45fdd055ff115afbb0f25b8a072
DEBUG 2025-09-01 23:08:02.209 UTC: 	 Executing command :
 myproxy-info -s myproxy.cern.ch -l bfbdf12a5670e45fdd055ff115afbb0f25b8a072
DEBUG 2025-09-01 23:08:02.487 UTC: 	 output : username: bfbdf12a5670e45fdd055ff115afbb0f25b8a072
owner: /DC=ch/DC=cern/OU=Organic Units/OU=Users/CN=bibehera/CN=882295/CN=Bismita Behera
  renewal policy: /DC=ch/DC=cern/OU=computers/CN=crab-(preprod|prod)-tw(01|02).cern.ch|/DC=ch/DC=cern/OU=computers/CN=crab-dev-tw(01|02|03|04).cern.ch|/DC=ch/DC=cern/OU=Organic Units/OU=Users/CN=cmscrab/CN=(817881|373708)/CN=Robot: cms crab|/DC=ch/DC=cern/OU=Organic Units/OU=Users/CN=crabint1/CN=373708/CN=Robot: CMS CRAB Integration 1
  trusted retrieval policy: /DC=ch/DC=cern/OU=computers/CN=crab-(preprod|prod)-tw(01|02).cern.ch|/DC=ch/DC=cern/OU=computers/CN=crab-dev-tw(01|02|03|04).cern.ch|/DC=ch/DC=cern/OU=Organic Units/OU=Users/CN=cmscrab/CN=(817881|373708)/CN=Robot: cms crab|/DC=ch/DC=cern/OU=Organic Units/OU=Users/CN=crabint1/CN=373708/CN=Robot: CMS CRAB Integration 1
  timeleft: 573:13:05  (23.9 days)

 error: 
 retcode : 0
DEBUG 2025-09-01 23:08:02.488 UTC: 	 Myproxy is valid: 2063580
DEBUG 2025-09-01 23:08:02.488 UTC: 	 Result of myproxy credential check:
  Credential exists on myproxy: username: bfbdf12a5670e45fdd055ff115afbb0f25b8a072  - validity: 23 days, 21:13:00
DEBUG 2025-09-01 23:08:02.488 UTC: 	 Command use: submit
DEBUG 2025-09-01 23:08:02.488 UTC: 	 Options use: ['-c', 'crab_config2.py', 'General.requestName=2pc_OO_V0_InM_IP12', 'Data.inputDataset=/IonPhysics12/bibehera-2pc_OO_V0_IP12-ca42279dfc2dce710b3991c24f27a617/USER', 'Data.secondaryInputDataset=/IonPhysics12/OORun2025-PromptReco-v1/MINIAOD', 'Data.outputDatasetTag=2pc_OO_V0_lmks_IP12']
DEBUG 2025-09-01 23:08:02.488 UTC: 	 Encoded data for curl request: subresource=version
DEBUG 2025-09-01 23:08:02.538 UTC: 	 CRABClient version: v3.250522
DEBUG 2025-09-01 23:08:02.539 UTC: 	 Instance is prod
DEBUG 2025-09-01 23:08:02.539 UTC: 	 Server base url is cmsweb.cern.ch
DEBUG 2025-09-01 23:08:02.539 UTC: 	 Command api workflow
DEBUG 2025-09-01 23:08:02.539 UTC: 	 Started submission
DEBUG 2025-09-01 23:08:02.539 UTC: 	 Working on /eos/home-b/bibehera/OO_Simfit/CMSSW_15_0_6_patch1/src/Analyzer/RaghuV0Ana/cfg/OO_Data_MINIAOD/crab_2pc_OO_V0_InM_IP12
DEBUG 2025-09-01 23:08:02.539 UTC: 	 Encoded data for curl request: subresource=backendurls
DEBUG 2025-09-01 23:08:02.617 UTC: 	 Loading required information from the environment
DEBUG 2025-09-01 23:08:02.617 UTC: 	 Found CMSSW_15_0_6_patch1 for el9_amd64_gcc12 with base /eos/home-b/bibehera/OO_Simfit/CMSSW_15_0_6_patch1
DEBUG 2025-09-01 23:08:02.617 UTC: 	 Loading required information from the environment
DEBUG 2025-09-01 23:08:02.617 UTC: 	 Found CMSSW_15_0_6_patch1 for el9_amd64_gcc12 with base /eos/home-b/bibehera/OO_Simfit/CMSSW_15_0_6_patch1
DEBUG 2025-09-01 23:08:02.617 UTC: 	 UNIQUE NAME: tarUUID 8c61d891-8578-4102-ae5f-21379fd837f4 
DEBUG 2025-09-01 23:08:02.617 UTC: 	 self.config: from WMCore.Configuration import Configuration
config = Configuration()
config.section_('General')
config.General.transferOutputs = True
config.General.workArea = 'OO_Data_MINIAOD'
config.General.requestName = '2pc_OO_V0_InM_IP12'
config.General.transferLogs = True
config.section_('JobType')
config.JobType.psetName = 'PbPb_2018_cfg.py'
config.JobType.pluginName = 'Analysis'
config.section_('Data')
config.Data.inputDataset = '/IonPhysics12/bibehera-2pc_OO_V0_IP12-ca42279dfc2dce710b3991c24f27a617/USER'
config.Data.unitsPerJob = 3
config.Data.totalUnits = -1
config.Data.outputDatasetTag = '2pc_OO_V0_lmks_IP12'
config.Data.inputDBS = 'phys03'
config.Data.lumiMask = 'generated_json.json'
config.Data.secondaryInputDataset = '/IonPhysics12/OORun2025-PromptReco-v1/MINIAOD'
config.Data.publication = False
config.Data.outLFNDirBase = '/store/user/bibehera/'
config.Data.splitting = 'LumiBased'
config.section_('Site')
config.Site.storageSite = 'T3_CH_CERNBOX'
config.section_('User')
config.section_('Debug')

DEBUG 2025-09-01 23:08:02.617 UTC: 	 self.config.JobType.psetName: PbPb_2018_cfg.py
INFO 2025-09-01 23:08:02.617 UTC: 	 Importing CMSSW configuration PbPb_2018_cfg.py
INFO 2025-09-01 23:08:03.660 UTC: 	 Finished importing CMSSW configuration PbPb_2018_cfg.py
DEBUG 2025-09-01 23:08:03.661 UTC: 	 Writing CMSSW configuration to /eos/home-b/bibehera/OO_Simfit/CMSSW_15_0_6_patch1/src/Analyzer/RaghuV0Ana/cfg/OO_Data_MINIAOD/crab_2pc_OO_V0_InM_IP12/inputs/PSet.py
DEBUG 2025-09-01 23:08:03.718 UTC: 	 The following EDM output files will be collected: []
DEBUG 2025-09-01 23:08:03.718 UTC: 	 The following TFile output files will be collected: ['V0_test_pt_invariantmass1.root']
DEBUG 2025-09-01 23:08:03.718 UTC: 	 The following user output files (not listed as PoolOuputModule or TFileService in the CMSSW PSet) will be collected: 
DEBUG 2025-09-01 23:08:03.718 UTC: 	 Loading required information from the environment
DEBUG 2025-09-01 23:08:03.719 UTC: 	 Found CMSSW_15_0_6_patch1 for el9_amd64_gcc12 with base /eos/home-b/bibehera/OO_Simfit/CMSSW_15_0_6_patch1
DEBUG 2025-09-01 23:08:03.719 UTC: 	 Making tarball in /eos/home-b/bibehera/OO_Simfit/CMSSW_15_0_6_patch1/src/Analyzer/RaghuV0Ana/cfg/OO_Data_MINIAOD/crab_2pc_OO_V0_InM_IP12/inputs/8c61d891-8578-4102-ae5f-21379fd837f4default.tgz
DEBUG 2025-09-01 23:08:03.723 UTC: 	 Checking directory /eos/home-b/bibehera/OO_Simfit/CMSSW_15_0_6_patch1/bin
DEBUG 2025-09-01 23:08:03.723 UTC: 	 Adding directory /eos/home-b/bibehera/OO_Simfit/CMSSW_15_0_6_patch1/bin to tarball
DEBUG 2025-09-01 23:08:03.742 UTC: 	 Checking directory /eos/home-b/bibehera/OO_Simfit/CMSSW_15_0_6_patch1/python
DEBUG 2025-09-01 23:08:03.742 UTC: 	 Adding directory /eos/home-b/bibehera/OO_Simfit/CMSSW_15_0_6_patch1/python to tarball
DEBUG 2025-09-01 23:08:03.853 UTC: 	 Checking directory /eos/home-b/bibehera/OO_Simfit/CMSSW_15_0_6_patch1/cfipython
DEBUG 2025-09-01 23:08:03.853 UTC: 	 Adding directory /eos/home-b/bibehera/OO_Simfit/CMSSW_15_0_6_patch1/cfipython to tarball
DEBUG 2025-09-01 23:08:04.167 UTC: 	 Checking directory /eos/home-b/bibehera/OO_Simfit/CMSSW_15_0_6_patch1/lib
DEBUG 2025-09-01 23:08:04.167 UTC: 	 Adding directory /eos/home-b/bibehera/OO_Simfit/CMSSW_15_0_6_patch1/lib to tarball
DEBUG 2025-09-01 23:08:04.449 UTC: 	 Checking directory /eos/home-b/bibehera/OO_Simfit/CMSSW_15_0_6_patch1/biglib
DEBUG 2025-09-01 23:08:04.449 UTC: 	 Adding directory /eos/home-b/bibehera/OO_Simfit/CMSSW_15_0_6_patch1/biglib to tarball
DEBUG 2025-09-01 23:08:04.454 UTC: 	 Checking directory /eos/home-b/bibehera/OO_Simfit/CMSSW_15_0_6_patch1/module
DEBUG 2025-09-01 23:08:04.454 UTC: 	 Checking directory /eos/home-b/bibehera/OO_Simfit/CMSSW_15_0_6_patch1/config/SCRAM/hooks
DEBUG 2025-09-01 23:08:04.454 UTC: 	 Adding directory /eos/home-b/bibehera/OO_Simfit/CMSSW_15_0_6_patch1/config/SCRAM/hooks to tarball
DEBUG 2025-09-01 23:08:04.567 UTC: 	 Adding directory /eos/home-b/bibehera/OO_Simfit/CMSSW_15_0_6_patch1/src/Analyzer/RaghuV0Ana/data to tarball
DEBUG 2025-09-01 23:08:05.035 UTC: 	 Adding directory /eos/home-b/bibehera/OO_Simfit/CMSSW_15_0_6_patch1/src/Analyzer/RaghuV0Ana/interface to tarball
DEBUG 2025-09-01 23:08:05.052 UTC: 	 Adding directory /eos/home-b/bibehera/OO_Simfit/CMSSW_15_0_6_patch1/src/Analyzer/RaghuV0Ana/python to tarball
DEBUG 2025-09-01 23:08:05.068 UTC: 	 Adding directory /eos/home-b/bibehera/OO_Simfit/CMSSW_15_0_6_patch1/src/HeavyIonsAnalysis/Configuration/data to tarball
DEBUG 2025-09-01 23:08:05.435 UTC: 	 Adding directory /eos/home-b/bibehera/OO_Simfit/CMSSW_15_0_6_patch1/src/HeavyIonsAnalysis/Configuration/python to tarball
DEBUG 2025-09-01 23:08:05.486 UTC: 	 Adding directory /eos/home-b/bibehera/OO_Simfit/CMSSW_15_0_6_patch1/src/HeavyIonsAnalysis/EGMAnalysis/data to tarball
DEBUG 2025-09-01 23:08:05.495 UTC: 	 Adding directory /eos/home-b/bibehera/OO_Simfit/CMSSW_15_0_6_patch1/src/HeavyIonsAnalysis/EGMAnalysis/interface to tarball
DEBUG 2025-09-01 23:08:05.504 UTC: 	 Adding directory /eos/home-b/bibehera/OO_Simfit/CMSSW_15_0_6_patch1/src/HeavyIonsAnalysis/EGMAnalysis/python to tarball
DEBUG 2025-09-01 23:08:05.521 UTC: 	 Adding directory /eos/home-b/bibehera/OO_Simfit/CMSSW_15_0_6_patch1/src/HeavyIonsAnalysis/EventAnalysis/python to tarball
DEBUG 2025-09-01 23:08:05.644 UTC: 	 Adding directory /eos/home-b/bibehera/OO_Simfit/CMSSW_15_0_6_patch1/src/HeavyIonsAnalysis/JetAnalysis/interface to tarball
DEBUG 2025-09-01 23:08:05.655 UTC: 	 Adding directory /eos/home-b/bibehera/OO_Simfit/CMSSW_15_0_6_patch1/src/HeavyIonsAnalysis/JetAnalysis/python to tarball
DEBUG 2025-09-01 23:08:05.724 UTC: 	 Adding directory /eos/home-b/bibehera/OO_Simfit/CMSSW_15_0_6_patch1/src/HeavyIonsAnalysis/MuonAnalysis/interface to tarball
DEBUG 2025-09-01 23:08:05.732 UTC: 	 Adding directory /eos/home-b/bibehera/OO_Simfit/CMSSW_15_0_6_patch1/src/HeavyIonsAnalysis/MuonAnalysis/python to tarball
DEBUG 2025-09-01 23:08:05.748 UTC: 	 Adding directory /eos/home-b/bibehera/OO_Simfit/CMSSW_15_0_6_patch1/src/HeavyIonsAnalysis/TrackAnalysis/interface to tarball
DEBUG 2025-09-01 23:08:05.754 UTC: 	 Adding directory /eos/home-b/bibehera/OO_Simfit/CMSSW_15_0_6_patch1/src/HeavyIonsAnalysis/TrackAnalysis/python to tarball
DEBUG 2025-09-01 23:08:05.781 UTC: 	 Adding directory /eos/home-b/bibehera/OO_Simfit/CMSSW_15_0_6_patch1/src/HeavyIonsAnalysis/VertexAnalysis/python to tarball
DEBUG 2025-09-01 23:08:05.792 UTC: 	 Adding directory /eos/home-b/bibehera/OO_Simfit/CMSSW_15_0_6_patch1/src/HeavyIonsAnalysis/ZDCAnalysis/python to tarball
DEBUG 2025-09-01 23:08:05.893 UTC: 	 Uploading archive /eos/home-b/bibehera/OO_Simfit/CMSSW_15_0_6_patch1/src/Analyzer/RaghuV0Ana/cfg/OO_Data_MINIAOD/crab_2pc_OO_V0_InM_IP12/inputs/8c61d891-8578-4102-ae5f-21379fd837f4default.tgz (3.182617.1 MB) to the CRAB cache. Using URI https://cmsweb.cern.ch/S3/crabcache_prod
DEBUG 2025-09-01 23:08:06.801 UTC: 	 Encoded data for curl request: subresource=upload&objecttype=sandbox&tarballname=4f88f4012bb9ec82825715101b0c6f9b0fa98e431d6e6dee47a3ec5b0b846be1.tar.gz
DEBUG 2025-09-01 23:08:06.877 UTC: 	 sandbox 4f88f4012bb9ec82825715101b0c6f9b0fa98e431d6e6dee47a3ec5b0b846be1.tar.gz is already in the S3 store, will not upload again
DEBUG 2025-09-01 23:08:06.878 UTC: 	 Loading required information from the environment
DEBUG 2025-09-01 23:08:06.878 UTC: 	 Found CMSSW_15_0_6_patch1 for el9_amd64_gcc12 with base /eos/home-b/bibehera/OO_Simfit/CMSSW_15_0_6_patch1
DEBUG 2025-09-01 23:08:06.878 UTC: 	 Making tarball in /eos/home-b/bibehera/OO_Simfit/CMSSW_15_0_6_patch1/src/Analyzer/RaghuV0Ana/cfg/OO_Data_MINIAOD/crab_2pc_OO_V0_InM_IP12/inputs/debugFiles.tgz
DEBUG 2025-09-01 23:08:06.890 UTC: 	 Uploading archive /eos/home-b/bibehera/OO_Simfit/CMSSW_15_0_6_patch1/src/Analyzer/RaghuV0Ana/cfg/OO_Data_MINIAOD/crab_2pc_OO_V0_InM_IP12/inputs/debugFiles.tgz (3 KB) to the CRAB cache. Using URI https://cmsweb.cern.ch/S3/crabcache_prod
DEBUG 2025-09-01 23:08:06.895 UTC: 	 Encoded data for curl request: subresource=upload&objecttype=sandbox&tarballname=31507dd10b4c99a41a3b97a89106b0acd6e05a54a5726af8a323f9c5927bf6a7.tar.gz
DEBUG 2025-09-01 23:08:06.968 UTC: 	 Will execute:
curl -f -v -X POST  -H "User-Agent: CRAB" -F "key=bibehera/sandboxes/31507dd10b4c99a41a3b97a89106b0acd6e05a54a5726af8a323f9c5927bf6a7.tar.gz" -F "AWSAccessKeyId=715203df6482458ba839e73e6dab634b" -F "policy=eyJleHBpcmF0aW9uIjogIjIwMjUtMDktMDJUMDA6MDg6MDZaIiwgImNvbmRpdGlvbnMiOiBbeyJidWNrZXQiOiAiY3JhYmNhY2hlX3Byb2QifSwgeyJrZXkiOiAiYmliZWhlcmEvc2FuZGJveGVzLzMxNTA3ZGQxMGI0Yzk5YTQxYTNiOTdhODkxMDZiMGFjZDZlMDVhNTRhNTcyNmFmOGEzMjNmOWM1OTI3YmY2YTcudGFyLmd6In1dfQ==" -F "signature=nMENjDaNASNpVfrgxKb4BXgmTcU=" -F "file=@/eos/home-b/bibehera/OO_Simfit/CMSSW_15_0_6_patch1/src/Analyzer/RaghuV0Ana/cfg/OO_Data_MINIAOD/crab_2pc_OO_V0_InM_IP12/inputs/debugFiles.tgz" "https://s3.cern.ch/crabcache_prod"
DEBUG 2025-09-01 23:08:07.032 UTC: 	 exitcode: 0
stdout: b''
DEBUG 2025-09-01 23:08:07.032 UTC: 	 upload to S3 of sandbox /eos/home-b/bibehera/OO_Simfit/CMSSW_15_0_6_patch1/src/Analyzer/RaghuV0Ana/cfg/OO_Data_MINIAOD/crab_2pc_OO_V0_InM_IP12/inputs/debugFiles.tgz completed
DEBUG 2025-09-01 23:08:07.032 UTC: 	 make sure that object is ready for retrieve
DEBUG 2025-09-01 23:08:08.034 UTC: 	 Encoded data for curl request: subresource=download&objecttype=sandbox&tarballname=31507dd10b4c99a41a3b97a89106b0acd6e05a54a5726af8a323f9c5927bf6a7.tar.gz&clientmethod=head_object
DEBUG 2025-09-01 23:08:08.094 UTC: 	 PreSignedUrl to download sandbox received OK
DEBUG 2025-09-01 23:08:08.097 UTC: 	 Will execute:
 curl -v -s -f -o /dev/null --head  "https://s3.cern.ch/crabcache_prod/bibehera/sandboxes/31507dd10b4c99a41a3b97a89106b0acd6e05a54a5726af8a323f9c5927bf6a7.tar.gz?AWSAccessKeyId=715203df6482458ba839e73e6dab634b&Signature=bGxwSzt8qysl2fW4%2B8ekXdbx4MA%3D&Expires=1756771688"
DEBUG 2025-09-01 23:08:08.135 UTC: 	 exitcode: 0
stdout: b''
DEBUG 2025-09-01 23:08:08.135 UTC: 	 sandbox /eos/home-b/bibehera/OO_Simfit/CMSSW_15_0_6_patch1/src/Analyzer/RaghuV0Ana/cfg/OO_Data_MINIAOD/crab_2pc_OO_V0_InM_IP12/inputs/debugFiles.tgz successfully uploaded to S3
DEBUG 2025-09-01 23:08:08.135 UTC: 	 Result uploading input files: 4f88f4012bb9ec82825715101b0c6f9b0fa98e431d6e6dee47a3ec5b0b846be1.tar.gz 
DEBUG 2025-09-01 23:08:08.135 UTC: 	 Attaching lumi mask generated_json.json to the request
DEBUG 2025-09-01 23:08:08.135 UTC: 	 Reading lumi-mask from generated_json.json
DEBUG 2025-09-01 23:08:08.137 UTC: 	 submit() - self.configuration from WMCore.Configuration import Configuration
config = Configuration()
config.section_('General')
config.General.transferOutputs = True
config.General.workArea = 'OO_Data_MINIAOD'
config.General.requestName = '2pc_OO_V0_InM_IP12'
config.General.transferLogs = True
config.section_('JobType')
config.JobType.psetName = 'PbPb_2018_cfg.py'
config.JobType.pluginName = 'Analysis'
config.section_('Data')
config.Data.inputDataset = '/IonPhysics12/bibehera-2pc_OO_V0_IP12-ca42279dfc2dce710b3991c24f27a617/USER'
config.Data.unitsPerJob = 3
config.Data.totalUnits = -1
config.Data.outputDatasetTag = '2pc_OO_V0_lmks_IP12'
config.Data.inputDBS = 'phys03'
config.Data.lumiMask = 'generated_json.json'
config.Data.secondaryInputDataset = '/IonPhysics12/OORun2025-PromptReco-v1/MINIAOD'
config.Data.publication = False
config.Data.outLFNDirBase = '/store/user/bibehera/'
config.Data.splitting = 'LumiBased'
config.section_('Site')
config.Site.storageSite = 'T3_CH_CERNBOX'
config.section_('User')
config.section_('Debug')

DEBUG 2025-09-01 23:08:08.137 UTC: 	 submit() - self.configreq {'dryrun': 0, 'workflow': 'crab_2pc_OO_V0_InM_IP12', 'saveoutput': 1, 'savelogsflag': 1, 'inputdata': '/IonPhysics12/bibehera-2pc_OO_V0_IP12-ca42279dfc2dce710b3991c24f27a617/USER', 'nonvaliddata': 0, 'userfiles': [], 'dbsurl': 'https://cmsweb.cern.ch/dbs/prod/phys03/DBSReader', 'useparent': 0, 'secondarydata': '/IonPhysics12/OORun2025-PromptReco-v1/MINIAOD', 'ignorelocality': 0, 'splitalgo': 'LumiBased', 'algoargs': 3, 'totalunits': -1, 'lfn': '/store/user/bibehera/', 'publication': 0, 'publishdbsurl': 'https://cmsweb.cern.ch/dbs/prod/phys03/DBSWriter', 'publishname2': '2pc_OO_V0_lmks_IP12', 'jobtype': 'Analysis', 'generator': 'pythia', 'addoutputfiles': [], 'maxjobruntime': 1250, 'numcores': 1, 'maxmemory': 2000, 'priority': 10, 'nonprodsw': 0, 'asyncdest': 'T3_CH_CERNBOX', 'requireaccelerator': 0, 'oneEventMode': 0, 'extrajdl': [], 'ignoreglobalblacklist': 0, 'partialdataset': 0, 'inputblocks': []}
DEBUG 2025-09-01 23:08:08.137 UTC: 	 submit() - jobconfig {'addoutputfiles': [], 'tfileoutfiles': ['V0_test_pt_invariantmass1.root'], 'edmoutfiles': [], 'jobarch': 'el9_amd64_gcc12', 'jobminuarch': 'x86-64-v3', 'jobsw': 'CMSSW_15_0_6_patch1', 'inputdata': '/IonPhysics12/bibehera-2pc_OO_V0_IP12-ca42279dfc2dce710b3991c24f27a617/USER', 'cacheurl': 'https://cmsweb.cern.ch/S3/crabcache_prod', 'cachefilename': '4f88f4012bb9ec82825715101b0c6f9b0fa98e431d6e6dee47a3ec5b0b846be1.tar.gz', 'debugfilename': '31507dd10b4c99a41a3b97a89106b0acd6e05a54a5726af8a323f9c5927bf6a7.tar.gz', 'runs': ['394153', '394154', '394169', '394175', '394183', '394184', '394185', '394186', '394187', '394188', '394189', '394204', '394209', '394217'], 'lumis': ['40,169', '1,886', '39,997', '47,988', '15,239', '1,667', '1,3', '1,15', '1,1', '1,107', '1,72', '38,932', '23,1209', '41,838'], 'jobtype': 'Analysis'}
INFO 2025-09-01 23:08:08.137 UTC: 	 Sending the request to the server at cmsweb.cern.ch
DEBUG 2025-09-01 23:08:08.138 UTC: 	 Submitting {'dryrun': 0, 'workflow': 'crab_2pc_OO_V0_InM_IP12', 'saveoutput': 1, 'savelogsflag': 1, 'inputdata': '/IonPhysics12/bibehera-2pc_OO_V0_IP12-ca42279dfc2dce710b3991c24f27a617/USER', 'nonvaliddata': 0, 'userfiles': [], 'dbsurl': 'https://cmsweb.cern.ch/dbs/prod/phys03/DBSReader', 'useparent': 0, 'secondarydata': '/IonPhysics12/OORun2025-PromptReco-v1/MINIAOD', 'ignorelocality': 0, 'splitalgo': 'LumiBased', 'algoargs': 3, 'totalunits': -1, 'lfn': '/store/user/bibehera/', 'publication': 0, 'publishdbsurl': 'https://cmsweb.cern.ch/dbs/prod/phys03/DBSWriter', 'publishname2': '2pc_OO_V0_lmks_IP12', 'jobtype': 'Analysis', 'generator': 'pythia', 'addoutputfiles': [], 'maxjobruntime': 1250, 'numcores': 1, 'maxmemory': 2000, 'priority': 10, 'nonprodsw': 0, 'asyncdest': 'T3_CH_CERNBOX', 'requireaccelerator': 0, 'oneEventMode': 0, 'extrajdl': [], 'ignoreglobalblacklist': 0, 'partialdataset': 0, 'inputblocks': [], 'tfileoutfiles': ['V0_test_pt_invariantmass1.root'], 'edmoutfiles': [], 'jobarch': 'el9_amd64_gcc12', 'jobminuarch': 'x86-64-v3', 'jobsw': 'CMSSW_15_0_6_patch1', 'cacheurl': 'https://cmsweb.cern.ch/S3/crabcache_prod', 'cachefilename': '4f88f4012bb9ec82825715101b0c6f9b0fa98e431d6e6dee47a3ec5b0b846be1.tar.gz', 'debugfilename': '31507dd10b4c99a41a3b97a89106b0acd6e05a54a5726af8a323f9c5927bf6a7.tar.gz', 'runs': ['394153', '394154', '394169', '394175', '394183', '394184', '394185', '394186', '394187', '394188', '394189', '394204', '394209', '394217'], 'lumis': ['40,169', '1,886', '39,997', '47,988', '15,239', '1,667', '1,3', '1,15', '1,1', '1,107', '1,72', '38,932', '23,1209', '41,838']} 
DEBUG 2025-09-01 23:08:08.138 UTC: 	 Encoded data for curl request: dryrun=0&workflow=crab_2pc_OO_V0_InM_IP12&saveoutput=1&savelogsflag=1&inputdata=%2FIonPhysics12%2Fbibehera-2pc_OO_V0_IP12-ca42279dfc2dce710b3991c24f27a617%2FUSER&nonvaliddata=0&dbsurl=https%3A%2F%2Fcmsweb.cern.ch%2Fdbs%2Fprod%2Fphys03%2FDBSReader&useparent=0&secondarydata=%2FIonPhysics12%2FOORun2025-PromptReco-v1%2FMINIAOD&ignorelocality=0&splitalgo=LumiBased&algoargs=3&totalunits=-1&lfn=%2Fstore%2Fuser%2Fbibehera%2F&publication=0&publishdbsurl=https%3A%2F%2Fcmsweb.cern.ch%2Fdbs%2Fprod%2Fphys03%2FDBSWriter&publishname2=2pc_OO_V0_lmks_IP12&jobtype=Analysis&generator=pythia&maxjobruntime=1250&numcores=1&maxmemory=2000&priority=10&nonprodsw=0&asyncdest=T3_CH_CERNBOX&requireaccelerator=0&oneEventMode=0&ignoreglobalblacklist=0&partialdataset=0&jobarch=el9_amd64_gcc12&jobminuarch=x86-64-v3&jobsw=CMSSW_15_0_6_patch1&cacheurl=https%3A%2F%2Fcmsweb.cern.ch%2FS3%2Fcrabcache_prod&cachefilename=4f88f4012bb9ec82825715101b0c6f9b0fa98e431d6e6dee47a3ec5b0b846be1.tar.gz&debugfilename=31507dd10b4c99a41a3b97a89106b0acd6e05a54a5726af8a323f9c5927bf6a7.tar.gz&tfileoutfiles=V0_test_pt_invariantmass1.root&runs=394153&runs=394154&runs=394169&runs=394175&runs=394183&runs=394184&runs=394185&runs=394186&runs=394187&runs=394188&runs=394189&runs=394204&runs=394209&runs=394217&lumis=40%2C169&lumis=1%2C886&lumis=39%2C997&lumis=47%2C988&lumis=15%2C239&lumis=1%2C667&lumis=1%2C3&lumis=1%2C15&lumis=1%2C1&lumis=1%2C107&lumis=1%2C72&lumis=38%2C932&lumis=23%2C1209&lumis=41%2C838
DEBUG 2025-09-01 23:08:08.371 UTC: 	 Result: {'result': [{'RequestName': '250901_230808:bibehera_crab_2pc_OO_V0_InM_IP12'}]}
INFO 2025-09-01 23:08:08.382 UTC: 	 Success: Your task has been delivered to the prod CRAB3 server.
INFO 2025-09-01 23:08:08.383 UTC: 	 Task name: 250901_230808:bibehera_crab_2pc_OO_V0_InM_IP12
INFO 2025-09-01 23:08:08.383 UTC: 	 Project dir: OO_Data_MINIAOD/crab_2pc_OO_V0_InM_IP12
INFO 2025-09-01 23:08:08.384 UTC: 	 Please use ' crab status -d OO_Data_MINIAOD/crab_2pc_OO_V0_InM_IP12 ' to check how the submission process proceeds.
DEBUG 2025-09-01 23:08:08.384 UTC: 	 About to return
INFO 2025-09-01 23:08:08.416 UTC: 	 Log file is /eos/home-b/bibehera/OO_Simfit/CMSSW_15_0_6_patch1/src/Analyzer/RaghuV0Ana/cfg/OO_Data_MINIAOD/crab_2pc_OO_V0_InM_IP12/crab.log
