DEBUG 2026-01-28 21:23:38.490 UTC: 	 CRAB Client version: v3.251020
DEBUG 2026-01-28 21:23:38.490 UTC: 	 Running on: Linux lxplus808.cern.ch 4.18.0-553.92.1.el8_10.x86_64 #1 SMP Tue Jan 6 00:53:45 EST 2026 x86_64 x86_64 x86_64 GNU/Linux
DEBUG 2026-01-28 21:23:38.490 UTC: 	 Not using Singularity
DEBUG 2026-01-28 21:23:38.490 UTC: 	 Operating System: Red Hat Enterprise Linux 8.10 (Ootpa)
DEBUG 2026-01-28 21:23:38.490 UTC: 	 Executing command: 'submit'
DEBUG 2026-01-28 21:23:38.490 UTC: 	 Found CRAB cache file /afs/cern.ch/user/b/bibehera/.crab3
INFO 2026-01-28 21:23:38.491 UTC: 	 Will use CRAB configuration file crab_config2.py
DEBUG 2026-01-28 21:23:38.491 UTC: 	 Loading CRAB configuration file.
DEBUG 2026-01-28 21:23:38.497 UTC: 	 Overriden parameter General.requestName with '2pc_OO_V0_cent70to80_nom_IP14'
DEBUG 2026-01-28 21:23:38.497 UTC: 	 Overriden parameter Data.inputDataset with '/IonPhysics14/bibehera-2pc_OO_V0_IP14-ca42279dfc2dce710b3991c24f27a617/USER'
DEBUG 2026-01-28 21:23:38.497 UTC: 	 Overriden parameter Data.secondaryInputDataset with '/IonPhysics14/OORun2025-PromptReco-v1/MINIAOD'
DEBUG 2026-01-28 21:23:38.497 UTC: 	 Overriden parameter Data.outputDatasetTag with '2pc_OO_V0_cent70to80_nom_IP14'
DEBUG 2026-01-28 21:23:38.497 UTC: 	 Will use CRAB plugin ANALYSIS (i.e. will run an analysis job type).
DEBUG 2026-01-28 21:23:38.506 UTC: 	 Checking credentials
DEBUG 2026-01-28 21:23:38.506 UTC: 	 Found proxy file /tmp/x509up_u177753
DEBUG 2026-01-28 21:23:38.506 UTC: 	 Making sure it has proper VOMS extension
DEBUG 2026-01-28 21:23:38.506 UTC: 	 Executing command :
 voms-proxy-info --vo --file /tmp/x509up_u177753
DEBUG 2026-01-28 21:23:38.525 UTC: 	 output : cms

 error: 
 retcode : 0
DEBUG 2026-01-28 21:23:38.525 UTC: 	 Getting proxy life time left
DEBUG 2026-01-28 21:23:38.525 UTC: 	 Executing command :
 voms-proxy-info --actimeleft --timeleft --file /tmp/x509up_u177753
DEBUG 2026-01-28 21:23:38.542 UTC: 	 output : 43033
43033

 error: 
 retcode : 0
DEBUG 2026-01-28 21:23:38.542 UTC: 	 Proxy valid for 11:57:13 hours
DEBUG 2026-01-28 21:23:38.542 UTC: 	 Encoded data for curl request: subresource=delegatedn
DEBUG 2026-01-28 21:23:38.576 UTC: 	 Registering user credentials on myproxy for /DC=ch/DC=cern/OU=Organic Units/OU=Users/CN=cmscrab/CN=(817881|373708)/CN=Robot: cms crab|/DC=ch/DC=cern/OU=Organic Units/OU=Users/CN=crabint1/CN=373708/CN=Robot: CMS CRAB Integration 1
DEBUG 2026-01-28 21:23:38.576 UTC: 	 Executing command :
 voms-proxy-info --identity --file /tmp/x509up_u177753
DEBUG 2026-01-28 21:23:38.598 UTC: 	 output : /DC=ch/DC=cern/OU=Organic Units/OU=Users/CN=bibehera/CN=882295/CN=Bismita Behera

 error: 
 retcode : 0
DEBUG 2026-01-28 21:23:38.599 UTC: 	 Getting myproxy life time left for bfbdf12a5670e45fdd055ff115afbb0f25b8a072
DEBUG 2026-01-28 21:23:38.599 UTC: 	 Executing command :
 myproxy-info -s myproxy.cern.ch -l bfbdf12a5670e45fdd055ff115afbb0f25b8a072
DEBUG 2026-01-28 21:23:39.026 UTC: 	 output : username: bfbdf12a5670e45fdd055ff115afbb0f25b8a072
owner: /DC=ch/DC=cern/OU=Organic Units/OU=Users/CN=bibehera/CN=882295/CN=Bismita Behera
  renewal policy: /DC=ch/DC=cern/OU=Organic Units/OU=Users/CN=cmscrab/CN=(817881|373708)/CN=Robot: cms crab|/DC=ch/DC=cern/OU=Organic Units/OU=Users/CN=crabint1/CN=373708/CN=Robot: CMS CRAB Integration 1
  trusted retrieval policy: /DC=ch/DC=cern/OU=Organic Units/OU=Users/CN=cmscrab/CN=(817881|373708)/CN=Robot: cms crab|/DC=ch/DC=cern/OU=Organic Units/OU=Users/CN=crabint1/CN=373708/CN=Robot: CMS CRAB Integration 1
  timeleft: 671:32:16  (28.0 days)

 error: 
 retcode : 0
DEBUG 2026-01-28 21:23:39.027 UTC: 	 Myproxy is valid: 2417520
DEBUG 2026-01-28 21:23:39.027 UTC: 	 Result of myproxy credential check:
  Credential exists on myproxy: username: bfbdf12a5670e45fdd055ff115afbb0f25b8a072  - validity: 27 days, 23:32:00
DEBUG 2026-01-28 21:23:39.027 UTC: 	 Command use: submit
DEBUG 2026-01-28 21:23:39.027 UTC: 	 Options use: ['-c', 'crab_config2.py', 'General.requestName=2pc_OO_V0_cent70to80_nom_IP14', 'Data.inputDataset=/IonPhysics14/bibehera-2pc_OO_V0_IP14-ca42279dfc2dce710b3991c24f27a617/USER', 'Data.secondaryInputDataset=/IonPhysics14/OORun2025-PromptReco-v1/MINIAOD', 'Data.outputDatasetTag=2pc_OO_V0_cent70to80_nom_IP14']
DEBUG 2026-01-28 21:23:39.027 UTC: 	 Encoded data for curl request: subresource=version
DEBUG 2026-01-28 21:23:39.069 UTC: 	 CRABClient version: v3.251020
DEBUG 2026-01-28 21:23:39.069 UTC: 	 Instance is prod
DEBUG 2026-01-28 21:23:39.069 UTC: 	 Server base url is cmsweb.cern.ch
DEBUG 2026-01-28 21:23:39.069 UTC: 	 Command api workflow
DEBUG 2026-01-28 21:23:39.069 UTC: 	 Started submission
DEBUG 2026-01-28 21:23:39.069 UTC: 	 Working on /eos/home-b/bibehera/OO_Simfit_eff/CMSSW_15_0_6_patch1/src/Analyzer/RaghuV0Ana/cfg/OO_Data_MINIAOD/crab_2pc_OO_V0_cent70to80_nom_IP14
DEBUG 2026-01-28 21:23:39.095 UTC: 	 Loading required information from the environment
DEBUG 2026-01-28 21:23:39.095 UTC: 	 Found CMSSW_15_0_6_patch1 for el8_amd64_gcc12 with base /eos/home-b/bibehera/OO_Simfit_eff/CMSSW_15_0_6_patch1
DEBUG 2026-01-28 21:23:39.095 UTC: 	 Loading required information from the environment
DEBUG 2026-01-28 21:23:39.095 UTC: 	 Found CMSSW_15_0_6_patch1 for el8_amd64_gcc12 with base /eos/home-b/bibehera/OO_Simfit_eff/CMSSW_15_0_6_patch1
DEBUG 2026-01-28 21:23:39.095 UTC: 	 UNIQUE NAME: tarUUID 70c4f024-420d-4676-a5a1-d2acbc895968 
DEBUG 2026-01-28 21:23:39.095 UTC: 	 self.config: from WMCore.Configuration import Configuration
config = Configuration()
config.section_('General')
config.General.requestName = '2pc_OO_V0_cent70to80_nom_IP14'
config.General.transferLogs = True
config.General.transferOutputs = True
config.General.workArea = 'OO_Data_MINIAOD'
config.section_('JobType')
config.JobType.psetName = 'PbPb_2018_cfg.py'
config.JobType.pluginName = 'Analysis'
config.section_('Data')
config.Data.splitting = 'LumiBased'
config.Data.secondaryInputDataset = '/IonPhysics14/OORun2025-PromptReco-v1/MINIAOD'
config.Data.unitsPerJob = 3
config.Data.totalUnits = -1
config.Data.inputDBS = 'phys03'
config.Data.outputDatasetTag = '2pc_OO_V0_cent70to80_nom_IP14'
config.Data.inputDataset = '/IonPhysics14/bibehera-2pc_OO_V0_IP14-ca42279dfc2dce710b3991c24f27a617/USER'
config.Data.outLFNDirBase = '/store/user/bibehera/'
config.Data.lumiMask = 'generated_json.json'
config.Data.publication = False
config.section_('Site')
config.Site.storageSite = 'T3_CH_CERNBOX'
config.section_('User')
config.section_('Debug')

DEBUG 2026-01-28 21:23:39.095 UTC: 	 self.config.JobType.psetName: PbPb_2018_cfg.py
INFO 2026-01-28 21:23:39.095 UTC: 	 Importing CMSSW configuration PbPb_2018_cfg.py
INFO 2026-01-28 21:23:39.752 UTC: 	 Finished importing CMSSW configuration PbPb_2018_cfg.py
DEBUG 2026-01-28 21:23:39.752 UTC: 	 Writing CMSSW configuration to /eos/home-b/bibehera/OO_Simfit_eff/CMSSW_15_0_6_patch1/src/Analyzer/RaghuV0Ana/cfg/OO_Data_MINIAOD/crab_2pc_OO_V0_cent70to80_nom_IP14/inputs/PSet.py
DEBUG 2026-01-28 21:23:39.799 UTC: 	 The following EDM output files will be collected: []
DEBUG 2026-01-28 21:23:39.799 UTC: 	 The following TFile output files will be collected: ['V0_test_IM_newpT.root']
DEBUG 2026-01-28 21:23:39.799 UTC: 	 The following user output files (not listed as PoolOuputModule or TFileService in the CMSSW PSet) will be collected: 
DEBUG 2026-01-28 21:23:39.799 UTC: 	 Loading required information from the environment
DEBUG 2026-01-28 21:23:39.799 UTC: 	 Found CMSSW_15_0_6_patch1 for el8_amd64_gcc12 with base /eos/home-b/bibehera/OO_Simfit_eff/CMSSW_15_0_6_patch1
DEBUG 2026-01-28 21:23:39.799 UTC: 	 Making tarball in /eos/home-b/bibehera/OO_Simfit_eff/CMSSW_15_0_6_patch1/src/Analyzer/RaghuV0Ana/cfg/OO_Data_MINIAOD/crab_2pc_OO_V0_cent70to80_nom_IP14/inputs/70c4f024-420d-4676-a5a1-d2acbc895968default.tgz
DEBUG 2026-01-28 21:23:39.801 UTC: 	 Checking directory /eos/home-b/bibehera/OO_Simfit_eff/CMSSW_15_0_6_patch1/bin
DEBUG 2026-01-28 21:23:39.801 UTC: 	 Adding directory /eos/home-b/bibehera/OO_Simfit_eff/CMSSW_15_0_6_patch1/bin to tarball
DEBUG 2026-01-28 21:23:39.804 UTC: 	 Checking directory /eos/home-b/bibehera/OO_Simfit_eff/CMSSW_15_0_6_patch1/python
DEBUG 2026-01-28 21:23:39.804 UTC: 	 Adding directory /eos/home-b/bibehera/OO_Simfit_eff/CMSSW_15_0_6_patch1/python to tarball
DEBUG 2026-01-28 21:23:39.842 UTC: 	 Checking directory /eos/home-b/bibehera/OO_Simfit_eff/CMSSW_15_0_6_patch1/cfipython
DEBUG 2026-01-28 21:23:39.842 UTC: 	 Adding directory /eos/home-b/bibehera/OO_Simfit_eff/CMSSW_15_0_6_patch1/cfipython to tarball
DEBUG 2026-01-28 21:23:39.942 UTC: 	 Checking directory /eos/home-b/bibehera/OO_Simfit_eff/CMSSW_15_0_6_patch1/lib
DEBUG 2026-01-28 21:23:39.942 UTC: 	 Adding directory /eos/home-b/bibehera/OO_Simfit_eff/CMSSW_15_0_6_patch1/lib to tarball
DEBUG 2026-01-28 21:23:40.127 UTC: 	 Checking directory /eos/home-b/bibehera/OO_Simfit_eff/CMSSW_15_0_6_patch1/biglib
DEBUG 2026-01-28 21:23:40.127 UTC: 	 Adding directory /eos/home-b/bibehera/OO_Simfit_eff/CMSSW_15_0_6_patch1/biglib to tarball
DEBUG 2026-01-28 21:23:40.129 UTC: 	 Checking directory /eos/home-b/bibehera/OO_Simfit_eff/CMSSW_15_0_6_patch1/module
DEBUG 2026-01-28 21:23:40.129 UTC: 	 Checking directory /eos/home-b/bibehera/OO_Simfit_eff/CMSSW_15_0_6_patch1/config/SCRAM/hooks
DEBUG 2026-01-28 21:23:40.129 UTC: 	 Adding directory /eos/home-b/bibehera/OO_Simfit_eff/CMSSW_15_0_6_patch1/config/SCRAM/hooks to tarball
DEBUG 2026-01-28 21:23:40.520 UTC: 	 Adding directory /eos/home-b/bibehera/OO_Simfit_eff/CMSSW_15_0_6_patch1/src/Analyzer/RaghuV0Ana/data to tarball
DEBUG 2026-01-28 21:23:40.993 UTC: 	 Adding directory /eos/home-b/bibehera/OO_Simfit_eff/CMSSW_15_0_6_patch1/src/Analyzer/RaghuV0Ana/interface to tarball
DEBUG 2026-01-28 21:23:40.997 UTC: 	 Adding directory /eos/home-b/bibehera/OO_Simfit_eff/CMSSW_15_0_6_patch1/src/Analyzer/RaghuV0Ana/python to tarball
DEBUG 2026-01-28 21:23:41.005 UTC: 	 Adding directory /eos/home-b/bibehera/OO_Simfit_eff/CMSSW_15_0_6_patch1/src/HeavyIonsAnalysis/Configuration/data to tarball
DEBUG 2026-01-28 21:23:41.295 UTC: 	 Adding directory /eos/home-b/bibehera/OO_Simfit_eff/CMSSW_15_0_6_patch1/src/HeavyIonsAnalysis/Configuration/python to tarball
DEBUG 2026-01-28 21:23:41.317 UTC: 	 Adding directory /eos/home-b/bibehera/OO_Simfit_eff/CMSSW_15_0_6_patch1/src/HeavyIonsAnalysis/EGMAnalysis/data to tarball
DEBUG 2026-01-28 21:23:41.321 UTC: 	 Adding directory /eos/home-b/bibehera/OO_Simfit_eff/CMSSW_15_0_6_patch1/src/HeavyIonsAnalysis/EGMAnalysis/interface to tarball
DEBUG 2026-01-28 21:23:41.325 UTC: 	 Adding directory /eos/home-b/bibehera/OO_Simfit_eff/CMSSW_15_0_6_patch1/src/HeavyIonsAnalysis/EGMAnalysis/python to tarball
DEBUG 2026-01-28 21:23:41.332 UTC: 	 Adding directory /eos/home-b/bibehera/OO_Simfit_eff/CMSSW_15_0_6_patch1/src/HeavyIonsAnalysis/EventAnalysis/python to tarball
DEBUG 2026-01-28 21:23:41.400 UTC: 	 Adding directory /eos/home-b/bibehera/OO_Simfit_eff/CMSSW_15_0_6_patch1/src/HeavyIonsAnalysis/JetAnalysis/interface to tarball
DEBUG 2026-01-28 21:23:41.404 UTC: 	 Adding directory /eos/home-b/bibehera/OO_Simfit_eff/CMSSW_15_0_6_patch1/src/HeavyIonsAnalysis/JetAnalysis/python to tarball
DEBUG 2026-01-28 21:23:41.433 UTC: 	 Adding directory /eos/home-b/bibehera/OO_Simfit_eff/CMSSW_15_0_6_patch1/src/HeavyIonsAnalysis/MuonAnalysis/interface to tarball
DEBUG 2026-01-28 21:23:41.436 UTC: 	 Adding directory /eos/home-b/bibehera/OO_Simfit_eff/CMSSW_15_0_6_patch1/src/HeavyIonsAnalysis/MuonAnalysis/python to tarball
DEBUG 2026-01-28 21:23:41.443 UTC: 	 Adding directory /eos/home-b/bibehera/OO_Simfit_eff/CMSSW_15_0_6_patch1/src/HeavyIonsAnalysis/TrackAnalysis/interface to tarball
DEBUG 2026-01-28 21:23:41.446 UTC: 	 Adding directory /eos/home-b/bibehera/OO_Simfit_eff/CMSSW_15_0_6_patch1/src/HeavyIonsAnalysis/TrackAnalysis/python to tarball
DEBUG 2026-01-28 21:23:41.458 UTC: 	 Adding directory /eos/home-b/bibehera/OO_Simfit_eff/CMSSW_15_0_6_patch1/src/HeavyIonsAnalysis/VertexAnalysis/python to tarball
DEBUG 2026-01-28 21:23:41.463 UTC: 	 Adding directory /eos/home-b/bibehera/OO_Simfit_eff/CMSSW_15_0_6_patch1/src/HeavyIonsAnalysis/ZDCAnalysis/python to tarball
DEBUG 2026-01-28 21:23:41.518 UTC: 	 Uploading archive /eos/home-b/bibehera/OO_Simfit_eff/CMSSW_15_0_6_patch1/src/Analyzer/RaghuV0Ana/cfg/OO_Data_MINIAOD/crab_2pc_OO_V0_cent70to80_nom_IP14/inputs/70c4f024-420d-4676-a5a1-d2acbc895968default.tgz (4.677734.1 MB) to the CRAB cache.
DEBUG 2026-01-28 21:23:42.336 UTC: 	 Encoded data for curl request: subresource=upload&objecttype=sandbox&tarballname=ebd2a7fa6920a6538973be3da08c0e720192f1fe55ca061ea674d8160a74ced0.tar.gz
DEBUG 2026-01-28 21:23:42.402 UTC: 	 sandbox ebd2a7fa6920a6538973be3da08c0e720192f1fe55ca061ea674d8160a74ced0.tar.gz is already in the S3 store, will not upload again
DEBUG 2026-01-28 21:23:42.402 UTC: 	 Loading required information from the environment
DEBUG 2026-01-28 21:23:42.402 UTC: 	 Found CMSSW_15_0_6_patch1 for el8_amd64_gcc12 with base /eos/home-b/bibehera/OO_Simfit_eff/CMSSW_15_0_6_patch1
DEBUG 2026-01-28 21:23:42.402 UTC: 	 Making tarball in /eos/home-b/bibehera/OO_Simfit_eff/CMSSW_15_0_6_patch1/src/Analyzer/RaghuV0Ana/cfg/OO_Data_MINIAOD/crab_2pc_OO_V0_cent70to80_nom_IP14/inputs/debugFiles.tgz
DEBUG 2026-01-28 21:23:42.422 UTC: 	 Uploading archive /eos/home-b/bibehera/OO_Simfit_eff/CMSSW_15_0_6_patch1/src/Analyzer/RaghuV0Ana/cfg/OO_Data_MINIAOD/crab_2pc_OO_V0_cent70to80_nom_IP14/inputs/debugFiles.tgz (3 KB) to the CRAB cache.
DEBUG 2026-01-28 21:23:42.426 UTC: 	 Encoded data for curl request: subresource=upload&objecttype=sandbox&tarballname=1d34a51440197834eb4aa1fc9973c0ac46e30868cbbe3c79c7792814d2cbab89.tar.gz
DEBUG 2026-01-28 21:23:42.466 UTC: 	 Will execute:
curl -f -v -X POST  -H "User-Agent: CRAB" -F "key=bibehera/sandboxes/1d34a51440197834eb4aa1fc9973c0ac46e30868cbbe3c79c7792814d2cbab89.tar.gz" -F "AWSAccessKeyId=715203df6482458ba839e73e6dab634b" -F "policy=eyJleHBpcmF0aW9uIjogIjIwMjYtMDEtMjhUMjI6MjM6NDJaIiwgImNvbmRpdGlvbnMiOiBbeyJidWNrZXQiOiAiY3JhYmNhY2hlX3Byb2QifSwgeyJrZXkiOiAiYmliZWhlcmEvc2FuZGJveGVzLzFkMzRhNTE0NDAxOTc4MzRlYjRhYTFmYzk5NzNjMGFjNDZlMzA4NjhjYmJlM2M3OWM3NzkyODE0ZDJjYmFiODkudGFyLmd6In1dfQ==" -F "signature=3b6VMzHJTTM266sEJnhmsQokn+8=" -F "file=@/eos/home-b/bibehera/OO_Simfit_eff/CMSSW_15_0_6_patch1/src/Analyzer/RaghuV0Ana/cfg/OO_Data_MINIAOD/crab_2pc_OO_V0_cent70to80_nom_IP14/inputs/debugFiles.tgz" "https://s3.cern.ch/crabcache_prod"
DEBUG 2026-01-28 21:23:42.496 UTC: 	 exitcode: 0
stdout: b''
DEBUG 2026-01-28 21:23:42.496 UTC: 	 upload to S3 of sandbox /eos/home-b/bibehera/OO_Simfit_eff/CMSSW_15_0_6_patch1/src/Analyzer/RaghuV0Ana/cfg/OO_Data_MINIAOD/crab_2pc_OO_V0_cent70to80_nom_IP14/inputs/debugFiles.tgz completed
DEBUG 2026-01-28 21:23:42.496 UTC: 	 make sure that object is ready for retrieve
DEBUG 2026-01-28 21:23:43.497 UTC: 	 Encoded data for curl request: subresource=download&objecttype=sandbox&tarballname=1d34a51440197834eb4aa1fc9973c0ac46e30868cbbe3c79c7792814d2cbab89.tar.gz&clientmethod=head_object
DEBUG 2026-01-28 21:23:43.534 UTC: 	 PreSignedUrl to download sandbox received OK
DEBUG 2026-01-28 21:23:43.537 UTC: 	 Will execute:
 curl -v -s -f -o /dev/null --head  "https://s3.cern.ch/crabcache_prod/bibehera/sandboxes/1d34a51440197834eb4aa1fc9973c0ac46e30868cbbe3c79c7792814d2cbab89.tar.gz?AWSAccessKeyId=715203df6482458ba839e73e6dab634b&Signature=9PVQwnuLng2wTx0CPl4KEf2rnuQ%3D&Expires=1769639023"
DEBUG 2026-01-28 21:23:43.562 UTC: 	 exitcode: 0
stdout: b''
DEBUG 2026-01-28 21:23:43.562 UTC: 	 sandbox /eos/home-b/bibehera/OO_Simfit_eff/CMSSW_15_0_6_patch1/src/Analyzer/RaghuV0Ana/cfg/OO_Data_MINIAOD/crab_2pc_OO_V0_cent70to80_nom_IP14/inputs/debugFiles.tgz successfully uploaded to S3
DEBUG 2026-01-28 21:23:43.562 UTC: 	 Result uploading input files: ebd2a7fa6920a6538973be3da08c0e720192f1fe55ca061ea674d8160a74ced0.tar.gz 
DEBUG 2026-01-28 21:23:43.562 UTC: 	 Attaching lumi mask generated_json.json to the request
DEBUG 2026-01-28 21:23:43.562 UTC: 	 Reading lumi-mask from generated_json.json
DEBUG 2026-01-28 21:23:43.564 UTC: 	 submit() - self.configuration from WMCore.Configuration import Configuration
config = Configuration()
config.section_('General')
config.General.requestName = '2pc_OO_V0_cent70to80_nom_IP14'
config.General.transferLogs = True
config.General.transferOutputs = True
config.General.workArea = 'OO_Data_MINIAOD'
config.section_('JobType')
config.JobType.psetName = 'PbPb_2018_cfg.py'
config.JobType.pluginName = 'Analysis'
config.section_('Data')
config.Data.splitting = 'LumiBased'
config.Data.secondaryInputDataset = '/IonPhysics14/OORun2025-PromptReco-v1/MINIAOD'
config.Data.unitsPerJob = 3
config.Data.totalUnits = -1
config.Data.inputDBS = 'phys03'
config.Data.outputDatasetTag = '2pc_OO_V0_cent70to80_nom_IP14'
config.Data.inputDataset = '/IonPhysics14/bibehera-2pc_OO_V0_IP14-ca42279dfc2dce710b3991c24f27a617/USER'
config.Data.outLFNDirBase = '/store/user/bibehera/'
config.Data.lumiMask = 'generated_json.json'
config.Data.publication = False
config.section_('Site')
config.Site.storageSite = 'T3_CH_CERNBOX'
config.section_('User')
config.section_('Debug')

DEBUG 2026-01-28 21:23:43.564 UTC: 	 submit() - self.configreq {'dryrun': 0, 'workflow': 'crab_2pc_OO_V0_cent70to80_nom_IP14', 'saveoutput': 1, 'savelogsflag': 1, 'inputdata': '/IonPhysics14/bibehera-2pc_OO_V0_IP14-ca42279dfc2dce710b3991c24f27a617/USER', 'nonvaliddata': 0, 'userfiles': [], 'dbsurl': 'https://cmsweb.cern.ch/dbs/prod/phys03/DBSReader', 'useparent': 0, 'secondarydata': '/IonPhysics14/OORun2025-PromptReco-v1/MINIAOD', 'ignorelocality': 0, 'splitalgo': 'LumiBased', 'algoargs': 3, 'totalunits': -1, 'lfn': '/store/user/bibehera/', 'publication': 0, 'publishdbsurl': 'https://cmsweb.cern.ch/dbs/prod/phys03/DBSWriter', 'publishname2': '2pc_OO_V0_cent70to80_nom_IP14', 'jobtype': 'Analysis', 'generator': 'pythia', 'addoutputfiles': [], 'maxjobruntime': 1250, 'numcores': 1, 'maxmemory': 2000, 'priority': 10, 'nonprodsw': 0, 'asyncdest': 'T3_CH_CERNBOX', 'requireaccelerator': 0, 'oneEventMode': 0, 'extrajdl': [], 'ignoreglobalblacklist': 0, 'partialdataset': 0, 'inputblocks': []}
DEBUG 2026-01-28 21:23:43.564 UTC: 	 submit() - jobconfig {'addoutputfiles': [], 'tfileoutfiles': ['V0_test_IM_newpT.root'], 'edmoutfiles': [], 'jobarch': 'el8_amd64_gcc12', 'jobminuarch': 'x86-64-v3', 'jobsw': 'CMSSW_15_0_6_patch1', 'inputdata': '/IonPhysics14/bibehera-2pc_OO_V0_IP14-ca42279dfc2dce710b3991c24f27a617/USER', 'cachefilename': 'ebd2a7fa6920a6538973be3da08c0e720192f1fe55ca061ea674d8160a74ced0.tar.gz', 'debugfilename': '1d34a51440197834eb4aa1fc9973c0ac46e30868cbbe3c79c7792814d2cbab89.tar.gz', 'runs': ['394153', '394154', '394169', '394175', '394183', '394184', '394185', '394186', '394187', '394188', '394189', '394204', '394209', '394217'], 'lumis': ['40,169', '1,886', '39,997', '47,988', '15,239', '1,667', '1,3', '1,15', '1,1', '1,107', '1,72', '38,932', '23,1209', '41,838'], 'jobtype': 'Analysis'}
INFO 2026-01-28 21:23:43.564 UTC: 	 Sending the request to the server at cmsweb.cern.ch
DEBUG 2026-01-28 21:23:43.564 UTC: 	 Submitting {'dryrun': 0, 'workflow': 'crab_2pc_OO_V0_cent70to80_nom_IP14', 'saveoutput': 1, 'savelogsflag': 1, 'inputdata': '/IonPhysics14/bibehera-2pc_OO_V0_IP14-ca42279dfc2dce710b3991c24f27a617/USER', 'nonvaliddata': 0, 'userfiles': [], 'dbsurl': 'https://cmsweb.cern.ch/dbs/prod/phys03/DBSReader', 'useparent': 0, 'secondarydata': '/IonPhysics14/OORun2025-PromptReco-v1/MINIAOD', 'ignorelocality': 0, 'splitalgo': 'LumiBased', 'algoargs': 3, 'totalunits': -1, 'lfn': '/store/user/bibehera/', 'publication': 0, 'publishdbsurl': 'https://cmsweb.cern.ch/dbs/prod/phys03/DBSWriter', 'publishname2': '2pc_OO_V0_cent70to80_nom_IP14', 'jobtype': 'Analysis', 'generator': 'pythia', 'addoutputfiles': [], 'maxjobruntime': 1250, 'numcores': 1, 'maxmemory': 2000, 'priority': 10, 'nonprodsw': 0, 'asyncdest': 'T3_CH_CERNBOX', 'requireaccelerator': 0, 'oneEventMode': 0, 'extrajdl': [], 'ignoreglobalblacklist': 0, 'partialdataset': 0, 'inputblocks': [], 'tfileoutfiles': ['V0_test_IM_newpT.root'], 'edmoutfiles': [], 'jobarch': 'el8_amd64_gcc12', 'jobminuarch': 'x86-64-v3', 'jobsw': 'CMSSW_15_0_6_patch1', 'cachefilename': 'ebd2a7fa6920a6538973be3da08c0e720192f1fe55ca061ea674d8160a74ced0.tar.gz', 'debugfilename': '1d34a51440197834eb4aa1fc9973c0ac46e30868cbbe3c79c7792814d2cbab89.tar.gz', 'runs': ['394153', '394154', '394169', '394175', '394183', '394184', '394185', '394186', '394187', '394188', '394189', '394204', '394209', '394217'], 'lumis': ['40,169', '1,886', '39,997', '47,988', '15,239', '1,667', '1,3', '1,15', '1,1', '1,107', '1,72', '38,932', '23,1209', '41,838']} 
DEBUG 2026-01-28 21:23:43.564 UTC: 	 Encoded data for curl request: dryrun=0&workflow=crab_2pc_OO_V0_cent70to80_nom_IP14&saveoutput=1&savelogsflag=1&inputdata=%2FIonPhysics14%2Fbibehera-2pc_OO_V0_IP14-ca42279dfc2dce710b3991c24f27a617%2FUSER&nonvaliddata=0&dbsurl=https%3A%2F%2Fcmsweb.cern.ch%2Fdbs%2Fprod%2Fphys03%2FDBSReader&useparent=0&secondarydata=%2FIonPhysics14%2FOORun2025-PromptReco-v1%2FMINIAOD&ignorelocality=0&splitalgo=LumiBased&algoargs=3&totalunits=-1&lfn=%2Fstore%2Fuser%2Fbibehera%2F&publication=0&publishdbsurl=https%3A%2F%2Fcmsweb.cern.ch%2Fdbs%2Fprod%2Fphys03%2FDBSWriter&publishname2=2pc_OO_V0_cent70to80_nom_IP14&jobtype=Analysis&generator=pythia&maxjobruntime=1250&numcores=1&maxmemory=2000&priority=10&nonprodsw=0&asyncdest=T3_CH_CERNBOX&requireaccelerator=0&oneEventMode=0&ignoreglobalblacklist=0&partialdataset=0&jobarch=el8_amd64_gcc12&jobminuarch=x86-64-v3&jobsw=CMSSW_15_0_6_patch1&cachefilename=ebd2a7fa6920a6538973be3da08c0e720192f1fe55ca061ea674d8160a74ced0.tar.gz&debugfilename=1d34a51440197834eb4aa1fc9973c0ac46e30868cbbe3c79c7792814d2cbab89.tar.gz&tfileoutfiles=V0_test_IM_newpT.root&runs=394153&runs=394154&runs=394169&runs=394175&runs=394183&runs=394184&runs=394185&runs=394186&runs=394187&runs=394188&runs=394189&runs=394204&runs=394209&runs=394217&lumis=40%2C169&lumis=1%2C886&lumis=39%2C997&lumis=47%2C988&lumis=15%2C239&lumis=1%2C667&lumis=1%2C3&lumis=1%2C15&lumis=1%2C1&lumis=1%2C107&lumis=1%2C72&lumis=38%2C932&lumis=23%2C1209&lumis=41%2C838
DEBUG 2026-01-28 21:23:44.053 UTC: 	 Result: {'result': [{'RequestName': '260128_212343:bibehera_crab_2pc_OO_V0_cent70to80_nom_IP14'}]}
INFO 2026-01-28 21:23:44.060 UTC: 	 Success: Your task has been delivered to the prod CRAB3 server.
INFO 2026-01-28 21:23:44.060 UTC: 	 Task name: 260128_212343:bibehera_crab_2pc_OO_V0_cent70to80_nom_IP14
INFO 2026-01-28 21:23:44.060 UTC: 	 Project dir: OO_Data_MINIAOD/crab_2pc_OO_V0_cent70to80_nom_IP14
INFO 2026-01-28 21:23:44.060 UTC: 	 Please use ' crab status -d OO_Data_MINIAOD/crab_2pc_OO_V0_cent70to80_nom_IP14 ' to check how the submission process proceeds.
DEBUG 2026-01-28 21:23:44.060 UTC: 	 About to return
INFO 2026-01-28 21:23:44.075 UTC: 	 Log file is /eos/home-b/bibehera/OO_Simfit_eff/CMSSW_15_0_6_patch1/src/Analyzer/RaghuV0Ana/cfg/OO_Data_MINIAOD/crab_2pc_OO_V0_cent70to80_nom_IP14/crab.log
