DEBUG 2025-10-29 15:25:53.136 UTC: 	 CRAB Client version: v3.250820
DEBUG 2025-10-29 15:25:53.136 UTC: 	 Running on: Linux lxplus810.cern.ch 4.18.0-553.79.1.el8_10.x86_64 #1 SMP Fri Oct 3 10:58:12 EDT 2025 x86_64 x86_64 x86_64 GNU/Linux
DEBUG 2025-10-29 15:25:53.136 UTC: 	 Not using Singularity
DEBUG 2025-10-29 15:25:53.136 UTC: 	 Operating System: Red Hat Enterprise Linux 8.10 (Ootpa)
DEBUG 2025-10-29 15:25:53.136 UTC: 	 Executing command: 'submit'
DEBUG 2025-10-29 15:25:53.139 UTC: 	 Found CRAB cache file /afs/cern.ch/user/b/bibehera/.crab3
INFO 2025-10-29 15:25:53.156 UTC: 	 Will use CRAB configuration file crab_config2.py
DEBUG 2025-10-29 15:25:53.183 UTC: 	 Loading CRAB configuration file.
DEBUG 2025-10-29 15:25:53.825 UTC: 	 Overriden parameter General.requestName with '2pc_OO_V0_IM_effcorr_cent0to50_lowpT_IP17'
DEBUG 2025-10-29 15:25:53.825 UTC: 	 Overriden parameter Data.inputDataset with '/IonPhysics17/bibehera-2pc_OO_V0_IP17-ca42279dfc2dce710b3991c24f27a617/USER'
DEBUG 2025-10-29 15:25:53.825 UTC: 	 Overriden parameter Data.secondaryInputDataset with '/IonPhysics17/OORun2025-PromptReco-v1/MINIAOD'
DEBUG 2025-10-29 15:25:53.825 UTC: 	 Overriden parameter Data.outputDatasetTag with '2pc_OO_V0_IM_effcorr_cent0to50_lowpT_IP17'
DEBUG 2025-10-29 15:25:53.825 UTC: 	 Will use CRAB plugin ANALYSIS (i.e. will run an analysis job type).
DEBUG 2025-10-29 15:25:54.106 UTC: 	 Checking credentials
DEBUG 2025-10-29 15:25:54.106 UTC: 	 Found proxy file /tmp/x509up_u177753
DEBUG 2025-10-29 15:25:54.106 UTC: 	 Making sure it has proper VOMS extension
DEBUG 2025-10-29 15:25:54.106 UTC: 	 Executing command :
 voms-proxy-info --vo --file /tmp/x509up_u177753
DEBUG 2025-10-29 15:25:54.567 UTC: 	 output : cms

 error: 
 retcode : 0
DEBUG 2025-10-29 15:25:54.567 UTC: 	 Getting proxy life time left
DEBUG 2025-10-29 15:25:54.567 UTC: 	 Executing command :
 voms-proxy-info --actimeleft --timeleft --file /tmp/x509up_u177753
DEBUG 2025-10-29 15:25:54.887 UTC: 	 output : 40739
40739

 error: 
 retcode : 0
DEBUG 2025-10-29 15:25:54.887 UTC: 	 Proxy valid for 11:18:59 hours
DEBUG 2025-10-29 15:25:54.887 UTC: 	 Encoded data for curl request: subresource=delegatedn
DEBUG 2025-10-29 15:25:55.593 UTC: 	 Registering user credentials on myproxy for /DC=ch/DC=cern/OU=Organic Units/OU=Users/CN=cmscrab/CN=(817881|373708)/CN=Robot: cms crab|/DC=ch/DC=cern/OU=Organic Units/OU=Users/CN=crabint1/CN=373708/CN=Robot: CMS CRAB Integration 1
DEBUG 2025-10-29 15:25:55.594 UTC: 	 Executing command :
 voms-proxy-info --identity --file /tmp/x509up_u177753
DEBUG 2025-10-29 15:25:55.968 UTC: 	 output : /DC=ch/DC=cern/OU=Organic Units/OU=Users/CN=bibehera/CN=882295/CN=Bismita Behera

 error: 
 retcode : 0
DEBUG 2025-10-29 15:25:55.968 UTC: 	 Getting myproxy life time left for bfbdf12a5670e45fdd055ff115afbb0f25b8a072
DEBUG 2025-10-29 15:25:55.968 UTC: 	 Executing command :
 myproxy-info -s myproxy.cern.ch -l bfbdf12a5670e45fdd055ff115afbb0f25b8a072
DEBUG 2025-10-29 15:25:56.651 UTC: 	 output : username: bfbdf12a5670e45fdd055ff115afbb0f25b8a072
owner: /DC=ch/DC=cern/OU=Organic Units/OU=Users/CN=bibehera/CN=882295/CN=Bismita Behera
  renewal policy: /DC=ch/DC=cern/OU=Organic Units/OU=Users/CN=cmscrab/CN=(817881|373708)/CN=Robot: cms crab|/DC=ch/DC=cern/OU=Organic Units/OU=Users/CN=crabint1/CN=373708/CN=Robot: CMS CRAB Integration 1
  trusted retrieval policy: /DC=ch/DC=cern/OU=Organic Units/OU=Users/CN=cmscrab/CN=(817881|373708)/CN=Robot: cms crab|/DC=ch/DC=cern/OU=Organic Units/OU=Users/CN=crabint1/CN=373708/CN=Robot: CMS CRAB Integration 1
  timeleft: 365:02:27  (15.2 days)

 error: 
 retcode : 0
DEBUG 2025-10-29 15:25:56.651 UTC: 	 Myproxy is valid: 1314120
DEBUG 2025-10-29 15:25:56.651 UTC: 	 Result of myproxy credential check:
  Credential exists on myproxy: username: bfbdf12a5670e45fdd055ff115afbb0f25b8a072  - validity: 15 days, 5:02:00
DEBUG 2025-10-29 15:25:56.651 UTC: 	 Command use: submit
DEBUG 2025-10-29 15:25:56.651 UTC: 	 Options use: ['-c', 'crab_config2.py', 'General.requestName=2pc_OO_V0_IM_effcorr_cent0to50_lowpT_IP17', 'Data.inputDataset=/IonPhysics17/bibehera-2pc_OO_V0_IP17-ca42279dfc2dce710b3991c24f27a617/USER', 'Data.secondaryInputDataset=/IonPhysics17/OORun2025-PromptReco-v1/MINIAOD', 'Data.outputDatasetTag=2pc_OO_V0_IM_effcorr_cent0to50_lowpT_IP17']
DEBUG 2025-10-29 15:25:56.651 UTC: 	 Encoded data for curl request: subresource=version
DEBUG 2025-10-29 15:25:57.345 UTC: 	 CRABClient version: v3.250820
DEBUG 2025-10-29 15:25:57.346 UTC: 	 Instance is prod
DEBUG 2025-10-29 15:25:57.346 UTC: 	 Server base url is cmsweb.cern.ch
DEBUG 2025-10-29 15:25:57.346 UTC: 	 Command api workflow
DEBUG 2025-10-29 15:25:57.346 UTC: 	 Started submission
DEBUG 2025-10-29 15:25:57.346 UTC: 	 Working on /eos/home-b/bibehera/OO_Simfit_eff/CMSSW_15_0_6_patch1/src/Analyzer/RaghuV0Ana/cfg/OO_Data_MINIAOD/crab_2pc_OO_V0_IM_effcorr_cent0to50_lowpT_IP17
DEBUG 2025-10-29 15:25:57.346 UTC: 	 Encoded data for curl request: subresource=backendurls
DEBUG 2025-10-29 15:25:58.151 UTC: 	 Loading required information from the environment
DEBUG 2025-10-29 15:25:58.151 UTC: 	 Found CMSSW_15_0_6_patch1 for el8_amd64_gcc12 with base /eos/home-b/bibehera/OO_Simfit_eff/CMSSW_15_0_6_patch1
DEBUG 2025-10-29 15:25:58.151 UTC: 	 Loading required information from the environment
DEBUG 2025-10-29 15:25:58.151 UTC: 	 Found CMSSW_15_0_6_patch1 for el8_amd64_gcc12 with base /eos/home-b/bibehera/OO_Simfit_eff/CMSSW_15_0_6_patch1
DEBUG 2025-10-29 15:25:58.151 UTC: 	 UNIQUE NAME: tarUUID 76c14428-5b24-49a0-952b-5a7f4add704d 
DEBUG 2025-10-29 15:25:58.151 UTC: 	 self.config: from WMCore.Configuration import Configuration
config = Configuration()
config.section_('General')
config.General.workArea = 'OO_Data_MINIAOD'
config.General.transferOutputs = True
config.General.requestName = '2pc_OO_V0_IM_effcorr_cent0to50_lowpT_IP17'
config.General.transferLogs = True
config.section_('JobType')
config.JobType.pluginName = 'Analysis'
config.JobType.psetName = 'PbPb_2018_cfg.py'
config.section_('Data')
config.Data.inputDBS = 'phys03'
config.Data.totalUnits = -1
config.Data.lumiMask = 'generated_json.json'
config.Data.unitsPerJob = 3
config.Data.secondaryInputDataset = '/IonPhysics17/OORun2025-PromptReco-v1/MINIAOD'
config.Data.splitting = 'LumiBased'
config.Data.outputDatasetTag = '2pc_OO_V0_IM_effcorr_cent0to50_lowpT_IP17'
config.Data.outLFNDirBase = '/store/user/bibehera/'
config.Data.inputDataset = '/IonPhysics17/bibehera-2pc_OO_V0_IP17-ca42279dfc2dce710b3991c24f27a617/USER'
config.Data.publication = False
config.section_('Site')
config.Site.storageSite = 'T3_CH_CERNBOX'
config.section_('User')
config.section_('Debug')

DEBUG 2025-10-29 15:25:58.151 UTC: 	 self.config.JobType.psetName: PbPb_2018_cfg.py
INFO 2025-10-29 15:25:58.155 UTC: 	 Importing CMSSW configuration PbPb_2018_cfg.py
INFO 2025-10-29 15:26:02.166 UTC: 	 Finished importing CMSSW configuration PbPb_2018_cfg.py
DEBUG 2025-10-29 15:26:02.166 UTC: 	 Writing CMSSW configuration to /eos/home-b/bibehera/OO_Simfit_eff/CMSSW_15_0_6_patch1/src/Analyzer/RaghuV0Ana/cfg/OO_Data_MINIAOD/crab_2pc_OO_V0_IM_effcorr_cent0to50_lowpT_IP17/inputs/PSet.py
DEBUG 2025-10-29 15:26:02.277 UTC: 	 The following EDM output files will be collected: []
DEBUG 2025-10-29 15:26:02.277 UTC: 	 The following TFile output files will be collected: ['V0_test_IM_lowpT.root']
DEBUG 2025-10-29 15:26:02.277 UTC: 	 The following user output files (not listed as PoolOuputModule or TFileService in the CMSSW PSet) will be collected: 
DEBUG 2025-10-29 15:26:02.277 UTC: 	 Loading required information from the environment
DEBUG 2025-10-29 15:26:02.277 UTC: 	 Found CMSSW_15_0_6_patch1 for el8_amd64_gcc12 with base /eos/home-b/bibehera/OO_Simfit_eff/CMSSW_15_0_6_patch1
DEBUG 2025-10-29 15:26:02.277 UTC: 	 Making tarball in /eos/home-b/bibehera/OO_Simfit_eff/CMSSW_15_0_6_patch1/src/Analyzer/RaghuV0Ana/cfg/OO_Data_MINIAOD/crab_2pc_OO_V0_IM_effcorr_cent0to50_lowpT_IP17/inputs/76c14428-5b24-49a0-952b-5a7f4add704ddefault.tgz
DEBUG 2025-10-29 15:26:02.280 UTC: 	 Checking directory /eos/home-b/bibehera/OO_Simfit_eff/CMSSW_15_0_6_patch1/bin
DEBUG 2025-10-29 15:26:02.281 UTC: 	 Adding directory /eos/home-b/bibehera/OO_Simfit_eff/CMSSW_15_0_6_patch1/bin to tarball
DEBUG 2025-10-29 15:26:02.299 UTC: 	 Checking directory /eos/home-b/bibehera/OO_Simfit_eff/CMSSW_15_0_6_patch1/python
DEBUG 2025-10-29 15:26:02.299 UTC: 	 Adding directory /eos/home-b/bibehera/OO_Simfit_eff/CMSSW_15_0_6_patch1/python to tarball
DEBUG 2025-10-29 15:26:02.366 UTC: 	 Checking directory /eos/home-b/bibehera/OO_Simfit_eff/CMSSW_15_0_6_patch1/cfipython
DEBUG 2025-10-29 15:26:02.366 UTC: 	 Adding directory /eos/home-b/bibehera/OO_Simfit_eff/CMSSW_15_0_6_patch1/cfipython to tarball
DEBUG 2025-10-29 15:26:02.575 UTC: 	 Checking directory /eos/home-b/bibehera/OO_Simfit_eff/CMSSW_15_0_6_patch1/lib
DEBUG 2025-10-29 15:26:02.576 UTC: 	 Adding directory /eos/home-b/bibehera/OO_Simfit_eff/CMSSW_15_0_6_patch1/lib to tarball
DEBUG 2025-10-29 15:26:02.781 UTC: 	 Checking directory /eos/home-b/bibehera/OO_Simfit_eff/CMSSW_15_0_6_patch1/biglib
DEBUG 2025-10-29 15:26:02.781 UTC: 	 Adding directory /eos/home-b/bibehera/OO_Simfit_eff/CMSSW_15_0_6_patch1/biglib to tarball
DEBUG 2025-10-29 15:26:02.789 UTC: 	 Checking directory /eos/home-b/bibehera/OO_Simfit_eff/CMSSW_15_0_6_patch1/module
DEBUG 2025-10-29 15:26:02.789 UTC: 	 Checking directory /eos/home-b/bibehera/OO_Simfit_eff/CMSSW_15_0_6_patch1/config/SCRAM/hooks
DEBUG 2025-10-29 15:26:02.789 UTC: 	 Adding directory /eos/home-b/bibehera/OO_Simfit_eff/CMSSW_15_0_6_patch1/config/SCRAM/hooks to tarball
DEBUG 2025-10-29 15:26:04.873 UTC: 	 Adding directory /eos/home-b/bibehera/OO_Simfit_eff/CMSSW_15_0_6_patch1/src/Analyzer/RaghuV0Ana/data to tarball
DEBUG 2025-10-29 15:26:05.458 UTC: 	 Adding directory /eos/home-b/bibehera/OO_Simfit_eff/CMSSW_15_0_6_patch1/src/Analyzer/RaghuV0Ana/interface to tarball
DEBUG 2025-10-29 15:26:05.464 UTC: 	 Adding directory /eos/home-b/bibehera/OO_Simfit_eff/CMSSW_15_0_6_patch1/src/Analyzer/RaghuV0Ana/python to tarball
DEBUG 2025-10-29 15:26:05.470 UTC: 	 Adding directory /eos/home-b/bibehera/OO_Simfit_eff/CMSSW_15_0_6_patch1/src/HeavyIonsAnalysis/Configuration/data to tarball
DEBUG 2025-10-29 15:26:05.832 UTC: 	 Adding directory /eos/home-b/bibehera/OO_Simfit_eff/CMSSW_15_0_6_patch1/src/HeavyIonsAnalysis/Configuration/python to tarball
DEBUG 2025-10-29 15:26:05.869 UTC: 	 Adding directory /eos/home-b/bibehera/OO_Simfit_eff/CMSSW_15_0_6_patch1/src/HeavyIonsAnalysis/EGMAnalysis/data to tarball
DEBUG 2025-10-29 15:26:05.874 UTC: 	 Adding directory /eos/home-b/bibehera/OO_Simfit_eff/CMSSW_15_0_6_patch1/src/HeavyIonsAnalysis/EGMAnalysis/interface to tarball
DEBUG 2025-10-29 15:26:05.879 UTC: 	 Adding directory /eos/home-b/bibehera/OO_Simfit_eff/CMSSW_15_0_6_patch1/src/HeavyIonsAnalysis/EGMAnalysis/python to tarball
DEBUG 2025-10-29 15:26:05.892 UTC: 	 Adding directory /eos/home-b/bibehera/OO_Simfit_eff/CMSSW_15_0_6_patch1/src/HeavyIonsAnalysis/EventAnalysis/python to tarball
DEBUG 2025-10-29 15:26:06.363 UTC: 	 Adding directory /eos/home-b/bibehera/OO_Simfit_eff/CMSSW_15_0_6_patch1/src/HeavyIonsAnalysis/JetAnalysis/interface to tarball
DEBUG 2025-10-29 15:26:06.469 UTC: 	 Adding directory /eos/home-b/bibehera/OO_Simfit_eff/CMSSW_15_0_6_patch1/src/HeavyIonsAnalysis/JetAnalysis/python to tarball
DEBUG 2025-10-29 15:26:06.867 UTC: 	 Adding directory /eos/home-b/bibehera/OO_Simfit_eff/CMSSW_15_0_6_patch1/src/HeavyIonsAnalysis/MuonAnalysis/interface to tarball
DEBUG 2025-10-29 15:26:06.919 UTC: 	 Adding directory /eos/home-b/bibehera/OO_Simfit_eff/CMSSW_15_0_6_patch1/src/HeavyIonsAnalysis/MuonAnalysis/python to tarball
DEBUG 2025-10-29 15:26:07.060 UTC: 	 Adding directory /eos/home-b/bibehera/OO_Simfit_eff/CMSSW_15_0_6_patch1/src/HeavyIonsAnalysis/TrackAnalysis/interface to tarball
DEBUG 2025-10-29 15:26:07.183 UTC: 	 Adding directory /eos/home-b/bibehera/OO_Simfit_eff/CMSSW_15_0_6_patch1/src/HeavyIonsAnalysis/TrackAnalysis/python to tarball
DEBUG 2025-10-29 15:26:08.630 UTC: 	 Adding directory /eos/home-b/bibehera/OO_Simfit_eff/CMSSW_15_0_6_patch1/src/HeavyIonsAnalysis/VertexAnalysis/python to tarball
DEBUG 2025-10-29 15:26:08.760 UTC: 	 Adding directory /eos/home-b/bibehera/OO_Simfit_eff/CMSSW_15_0_6_patch1/src/HeavyIonsAnalysis/ZDCAnalysis/python to tarball
DEBUG 2025-10-29 15:26:09.482 UTC: 	 Uploading archive /eos/home-b/bibehera/OO_Simfit_eff/CMSSW_15_0_6_patch1/src/Analyzer/RaghuV0Ana/cfg/OO_Data_MINIAOD/crab_2pc_OO_V0_IM_effcorr_cent0to50_lowpT_IP17/inputs/76c14428-5b24-49a0-952b-5a7f4add704ddefault.tgz (4.679688.1 MB) to the CRAB cache. Using URI https://s3.cern.ch/crabcache
DEBUG 2025-10-29 15:26:10.575 UTC: 	 Encoded data for curl request: subresource=upload&objecttype=sandbox&tarballname=e527694e0fbccc0308ae0ae72376a61bd11878bd855fd4aeb0bf58884c1e4fda.tar.gz
DEBUG 2025-10-29 15:26:10.981 UTC: 	 sandbox e527694e0fbccc0308ae0ae72376a61bd11878bd855fd4aeb0bf58884c1e4fda.tar.gz is already in the S3 store, will not upload again
DEBUG 2025-10-29 15:26:10.981 UTC: 	 Loading required information from the environment
DEBUG 2025-10-29 15:26:10.981 UTC: 	 Found CMSSW_15_0_6_patch1 for el8_amd64_gcc12 with base /eos/home-b/bibehera/OO_Simfit_eff/CMSSW_15_0_6_patch1
DEBUG 2025-10-29 15:26:10.981 UTC: 	 Making tarball in /eos/home-b/bibehera/OO_Simfit_eff/CMSSW_15_0_6_patch1/src/Analyzer/RaghuV0Ana/cfg/OO_Data_MINIAOD/crab_2pc_OO_V0_IM_effcorr_cent0to50_lowpT_IP17/inputs/debugFiles.tgz
DEBUG 2025-10-29 15:26:11.117 UTC: 	 Uploading archive /eos/home-b/bibehera/OO_Simfit_eff/CMSSW_15_0_6_patch1/src/Analyzer/RaghuV0Ana/cfg/OO_Data_MINIAOD/crab_2pc_OO_V0_IM_effcorr_cent0to50_lowpT_IP17/inputs/debugFiles.tgz (3 KB) to the CRAB cache. Using URI https://s3.cern.ch/crabcache
DEBUG 2025-10-29 15:26:11.215 UTC: 	 Encoded data for curl request: subresource=upload&objecttype=sandbox&tarballname=db176915cf2f91db8084a3dcfbc03e5eccdba9a2ba7cfb4426da70cf0f4e2c06.tar.gz
DEBUG 2025-10-29 15:26:11.643 UTC: 	 Will execute:
curl -f -v -X POST  -H "User-Agent: CRAB" -F "key=bibehera/sandboxes/db176915cf2f91db8084a3dcfbc03e5eccdba9a2ba7cfb4426da70cf0f4e2c06.tar.gz" -F "AWSAccessKeyId=715203df6482458ba839e73e6dab634b" -F "policy=eyJleHBpcmF0aW9uIjogIjIwMjUtMTAtMjlUMTY6MjY6MTFaIiwgImNvbmRpdGlvbnMiOiBbeyJidWNrZXQiOiAiY3JhYmNhY2hlX3Byb2QifSwgeyJrZXkiOiAiYmliZWhlcmEvc2FuZGJveGVzL2RiMTc2OTE1Y2YyZjkxZGI4MDg0YTNkY2ZiYzAzZTVlY2NkYmE5YTJiYTdjZmI0NDI2ZGE3MGNmMGY0ZTJjMDYudGFyLmd6In1dfQ==" -F "signature=8jVOog1lG+l8kYosGq/JiBF5bKQ=" -F "file=@/eos/home-b/bibehera/OO_Simfit_eff/CMSSW_15_0_6_patch1/src/Analyzer/RaghuV0Ana/cfg/OO_Data_MINIAOD/crab_2pc_OO_V0_IM_effcorr_cent0to50_lowpT_IP17/inputs/debugFiles.tgz" "https://s3.cern.ch/crabcache_prod"
DEBUG 2025-10-29 15:26:11.836 UTC: 	 exitcode: 0
stdout: b''
DEBUG 2025-10-29 15:26:11.836 UTC: 	 upload to S3 of sandbox /eos/home-b/bibehera/OO_Simfit_eff/CMSSW_15_0_6_patch1/src/Analyzer/RaghuV0Ana/cfg/OO_Data_MINIAOD/crab_2pc_OO_V0_IM_effcorr_cent0to50_lowpT_IP17/inputs/debugFiles.tgz completed
DEBUG 2025-10-29 15:26:11.836 UTC: 	 make sure that object is ready for retrieve
DEBUG 2025-10-29 15:26:12.845 UTC: 	 Encoded data for curl request: subresource=download&objecttype=sandbox&tarballname=db176915cf2f91db8084a3dcfbc03e5eccdba9a2ba7cfb4426da70cf0f4e2c06.tar.gz&clientmethod=head_object
DEBUG 2025-10-29 15:26:13.360 UTC: 	 PreSignedUrl to download sandbox received OK
DEBUG 2025-10-29 15:26:13.398 UTC: 	 Will execute:
 curl -v -s -f -o /dev/null --head  "https://s3.cern.ch/crabcache_prod/bibehera/sandboxes/db176915cf2f91db8084a3dcfbc03e5eccdba9a2ba7cfb4426da70cf0f4e2c06.tar.gz?AWSAccessKeyId=715203df6482458ba839e73e6dab634b&Signature=5%2FPk%2BUihz1CFN6eX0TGT7j2q0iU%3D&Expires=1761755173"
DEBUG 2025-10-29 15:26:13.728 UTC: 	 exitcode: 0
stdout: b''
DEBUG 2025-10-29 15:26:13.728 UTC: 	 sandbox /eos/home-b/bibehera/OO_Simfit_eff/CMSSW_15_0_6_patch1/src/Analyzer/RaghuV0Ana/cfg/OO_Data_MINIAOD/crab_2pc_OO_V0_IM_effcorr_cent0to50_lowpT_IP17/inputs/debugFiles.tgz successfully uploaded to S3
DEBUG 2025-10-29 15:26:13.728 UTC: 	 Result uploading input files: e527694e0fbccc0308ae0ae72376a61bd11878bd855fd4aeb0bf58884c1e4fda.tar.gz 
DEBUG 2025-10-29 15:26:13.728 UTC: 	 Attaching lumi mask generated_json.json to the request
DEBUG 2025-10-29 15:26:13.728 UTC: 	 Reading lumi-mask from generated_json.json
DEBUG 2025-10-29 15:26:13.804 UTC: 	 submit() - self.configuration from WMCore.Configuration import Configuration
config = Configuration()
config.section_('General')
config.General.workArea = 'OO_Data_MINIAOD'
config.General.transferOutputs = True
config.General.requestName = '2pc_OO_V0_IM_effcorr_cent0to50_lowpT_IP17'
config.General.transferLogs = True
config.section_('JobType')
config.JobType.pluginName = 'Analysis'
config.JobType.psetName = 'PbPb_2018_cfg.py'
config.section_('Data')
config.Data.inputDBS = 'phys03'
config.Data.totalUnits = -1
config.Data.lumiMask = 'generated_json.json'
config.Data.unitsPerJob = 3
config.Data.secondaryInputDataset = '/IonPhysics17/OORun2025-PromptReco-v1/MINIAOD'
config.Data.splitting = 'LumiBased'
config.Data.outputDatasetTag = '2pc_OO_V0_IM_effcorr_cent0to50_lowpT_IP17'
config.Data.outLFNDirBase = '/store/user/bibehera/'
config.Data.inputDataset = '/IonPhysics17/bibehera-2pc_OO_V0_IP17-ca42279dfc2dce710b3991c24f27a617/USER'
config.Data.publication = False
config.section_('Site')
config.Site.storageSite = 'T3_CH_CERNBOX'
config.section_('User')
config.section_('Debug')

DEBUG 2025-10-29 15:26:13.804 UTC: 	 submit() - self.configreq {'dryrun': 0, 'workflow': 'crab_2pc_OO_V0_IM_effcorr_cent0to50_lowpT_IP17', 'saveoutput': 1, 'savelogsflag': 1, 'inputdata': '/IonPhysics17/bibehera-2pc_OO_V0_IP17-ca42279dfc2dce710b3991c24f27a617/USER', 'nonvaliddata': 0, 'userfiles': [], 'dbsurl': 'https://cmsweb.cern.ch/dbs/prod/phys03/DBSReader', 'useparent': 0, 'secondarydata': '/IonPhysics17/OORun2025-PromptReco-v1/MINIAOD', 'ignorelocality': 0, 'splitalgo': 'LumiBased', 'algoargs': 3, 'totalunits': -1, 'lfn': '/store/user/bibehera/', 'publication': 0, 'publishdbsurl': 'https://cmsweb.cern.ch/dbs/prod/phys03/DBSWriter', 'publishname2': '2pc_OO_V0_IM_effcorr_cent0to50_lowpT_IP17', 'jobtype': 'Analysis', 'generator': 'pythia', 'addoutputfiles': [], 'maxjobruntime': 1250, 'numcores': 1, 'maxmemory': 2000, 'priority': 10, 'nonprodsw': 0, 'asyncdest': 'T3_CH_CERNBOX', 'requireaccelerator': 0, 'oneEventMode': 0, 'extrajdl': [], 'ignoreglobalblacklist': 0, 'partialdataset': 0, 'inputblocks': []}
DEBUG 2025-10-29 15:26:13.804 UTC: 	 submit() - jobconfig {'addoutputfiles': [], 'tfileoutfiles': ['V0_test_IM_lowpT.root'], 'edmoutfiles': [], 'jobarch': 'el8_amd64_gcc12', 'jobminuarch': 'x86-64-v3', 'jobsw': 'CMSSW_15_0_6_patch1', 'inputdata': '/IonPhysics17/bibehera-2pc_OO_V0_IP17-ca42279dfc2dce710b3991c24f27a617/USER', 'cacheurl': 'https://s3.cern.ch/crabcache', 'cachefilename': 'e527694e0fbccc0308ae0ae72376a61bd11878bd855fd4aeb0bf58884c1e4fda.tar.gz', 'debugfilename': 'db176915cf2f91db8084a3dcfbc03e5eccdba9a2ba7cfb4426da70cf0f4e2c06.tar.gz', 'runs': ['394153', '394154', '394169', '394175', '394183', '394184', '394185', '394186', '394187', '394188', '394189', '394204', '394209', '394217'], 'lumis': ['40,169', '1,886', '39,997', '47,988', '15,239', '1,667', '1,3', '1,15', '1,1', '1,107', '1,72', '38,932', '23,1209', '41,838'], 'jobtype': 'Analysis'}
INFO 2025-10-29 15:26:13.804 UTC: 	 Sending the request to the server at cmsweb.cern.ch
DEBUG 2025-10-29 15:26:13.825 UTC: 	 Submitting {'dryrun': 0, 'workflow': 'crab_2pc_OO_V0_IM_effcorr_cent0to50_lowpT_IP17', 'saveoutput': 1, 'savelogsflag': 1, 'inputdata': '/IonPhysics17/bibehera-2pc_OO_V0_IP17-ca42279dfc2dce710b3991c24f27a617/USER', 'nonvaliddata': 0, 'userfiles': [], 'dbsurl': 'https://cmsweb.cern.ch/dbs/prod/phys03/DBSReader', 'useparent': 0, 'secondarydata': '/IonPhysics17/OORun2025-PromptReco-v1/MINIAOD', 'ignorelocality': 0, 'splitalgo': 'LumiBased', 'algoargs': 3, 'totalunits': -1, 'lfn': '/store/user/bibehera/', 'publication': 0, 'publishdbsurl': 'https://cmsweb.cern.ch/dbs/prod/phys03/DBSWriter', 'publishname2': '2pc_OO_V0_IM_effcorr_cent0to50_lowpT_IP17', 'jobtype': 'Analysis', 'generator': 'pythia', 'addoutputfiles': [], 'maxjobruntime': 1250, 'numcores': 1, 'maxmemory': 2000, 'priority': 10, 'nonprodsw': 0, 'asyncdest': 'T3_CH_CERNBOX', 'requireaccelerator': 0, 'oneEventMode': 0, 'extrajdl': [], 'ignoreglobalblacklist': 0, 'partialdataset': 0, 'inputblocks': [], 'tfileoutfiles': ['V0_test_IM_lowpT.root'], 'edmoutfiles': [], 'jobarch': 'el8_amd64_gcc12', 'jobminuarch': 'x86-64-v3', 'jobsw': 'CMSSW_15_0_6_patch1', 'cacheurl': 'https://s3.cern.ch/crabcache', 'cachefilename': 'e527694e0fbccc0308ae0ae72376a61bd11878bd855fd4aeb0bf58884c1e4fda.tar.gz', 'debugfilename': 'db176915cf2f91db8084a3dcfbc03e5eccdba9a2ba7cfb4426da70cf0f4e2c06.tar.gz', 'runs': ['394153', '394154', '394169', '394175', '394183', '394184', '394185', '394186', '394187', '394188', '394189', '394204', '394209', '394217'], 'lumis': ['40,169', '1,886', '39,997', '47,988', '15,239', '1,667', '1,3', '1,15', '1,1', '1,107', '1,72', '38,932', '23,1209', '41,838']} 
DEBUG 2025-10-29 15:26:13.825 UTC: 	 Encoded data for curl request: dryrun=0&workflow=crab_2pc_OO_V0_IM_effcorr_cent0to50_lowpT_IP17&saveoutput=1&savelogsflag=1&inputdata=%2FIonPhysics17%2Fbibehera-2pc_OO_V0_IP17-ca42279dfc2dce710b3991c24f27a617%2FUSER&nonvaliddata=0&dbsurl=https%3A%2F%2Fcmsweb.cern.ch%2Fdbs%2Fprod%2Fphys03%2FDBSReader&useparent=0&secondarydata=%2FIonPhysics17%2FOORun2025-PromptReco-v1%2FMINIAOD&ignorelocality=0&splitalgo=LumiBased&algoargs=3&totalunits=-1&lfn=%2Fstore%2Fuser%2Fbibehera%2F&publication=0&publishdbsurl=https%3A%2F%2Fcmsweb.cern.ch%2Fdbs%2Fprod%2Fphys03%2FDBSWriter&publishname2=2pc_OO_V0_IM_effcorr_cent0to50_lowpT_IP17&jobtype=Analysis&generator=pythia&maxjobruntime=1250&numcores=1&maxmemory=2000&priority=10&nonprodsw=0&asyncdest=T3_CH_CERNBOX&requireaccelerator=0&oneEventMode=0&ignoreglobalblacklist=0&partialdataset=0&jobarch=el8_amd64_gcc12&jobminuarch=x86-64-v3&jobsw=CMSSW_15_0_6_patch1&cacheurl=https%3A%2F%2Fs3.cern.ch%2Fcrabcache&cachefilename=e527694e0fbccc0308ae0ae72376a61bd11878bd855fd4aeb0bf58884c1e4fda.tar.gz&debugfilename=db176915cf2f91db8084a3dcfbc03e5eccdba9a2ba7cfb4426da70cf0f4e2c06.tar.gz&tfileoutfiles=V0_test_IM_lowpT.root&runs=394153&runs=394154&runs=394169&runs=394175&runs=394183&runs=394184&runs=394185&runs=394186&runs=394187&runs=394188&runs=394189&runs=394204&runs=394209&runs=394217&lumis=40%2C169&lumis=1%2C886&lumis=39%2C997&lumis=47%2C988&lumis=15%2C239&lumis=1%2C667&lumis=1%2C3&lumis=1%2C15&lumis=1%2C1&lumis=1%2C107&lumis=1%2C72&lumis=38%2C932&lumis=23%2C1209&lumis=41%2C838
DEBUG 2025-10-29 15:26:13.990 UTC: 	 Result: {'result': [{'RequestName': '251029_152613:bibehera_crab_2pc_OO_V0_IM_effcorr_cent0to50_lowpT_IP17'}]}
INFO 2025-10-29 15:26:14.110 UTC: 	 Success: Your task has been delivered to the prod CRAB3 server.
INFO 2025-10-29 15:26:14.131 UTC: 	 Task name: 251029_152613:bibehera_crab_2pc_OO_V0_IM_effcorr_cent0to50_lowpT_IP17
INFO 2025-10-29 15:26:14.153 UTC: 	 Project dir: OO_Data_MINIAOD/crab_2pc_OO_V0_IM_effcorr_cent0to50_lowpT_IP17
INFO 2025-10-29 15:26:14.175 UTC: 	 Please use ' crab status -d OO_Data_MINIAOD/crab_2pc_OO_V0_IM_effcorr_cent0to50_lowpT_IP17 ' to check how the submission process proceeds.
DEBUG 2025-10-29 15:26:14.197 UTC: 	 About to return
INFO 2025-10-29 15:26:15.334 UTC: 	 Log file is /eos/home-b/bibehera/OO_Simfit_eff/CMSSW_15_0_6_patch1/src/Analyzer/RaghuV0Ana/cfg/OO_Data_MINIAOD/crab_2pc_OO_V0_IM_effcorr_cent0to50_lowpT_IP17/crab.log
