DEBUG 2025-09-01 23:28:40.151 UTC: 	 CRAB Client version: v3.250522
DEBUG 2025-09-01 23:28:40.152 UTC: 	 Running on: Linux lxplus965.cern.ch 5.14.0-570.28.1.el9_6.x86_64 #1 SMP PREEMPT_DYNAMIC Wed Jul 16 02:51:06 EDT 2025 x86_64 x86_64 x86_64 GNU/Linux
DEBUG 2025-09-01 23:28:40.152 UTC: 	 Not using Singularity
DEBUG 2025-09-01 23:28:40.152 UTC: 	 Operating System: Red Hat Enterprise Linux 9.6 (Plow)
DEBUG 2025-09-01 23:28:40.152 UTC: 	 Executing command: 'submit'
DEBUG 2025-09-01 23:28:40.152 UTC: 	 Found CRAB cache file /afs/cern.ch/user/b/bibehera/.crab3
INFO 2025-09-01 23:28:40.154 UTC: 	 Will use CRAB configuration file crab_config2.py
DEBUG 2025-09-01 23:28:40.154 UTC: 	 Loading CRAB configuration file.
DEBUG 2025-09-01 23:28:40.185 UTC: 	 Will use CRAB plugin ANALYSIS (i.e. will run an analysis job type).
DEBUG 2025-09-01 23:28:40.198 UTC: 	 Checking credentials
DEBUG 2025-09-01 23:28:40.198 UTC: 	 Found proxy file /tmp/x509up_u177753
DEBUG 2025-09-01 23:28:40.198 UTC: 	 Making sure it has proper VOMS extension
DEBUG 2025-09-01 23:28:40.198 UTC: 	 Executing command :
 voms-proxy-info --vo --file /tmp/x509up_u177753
DEBUG 2025-09-01 23:28:40.245 UTC: 	 output : cms

 error: 
 retcode : 0
DEBUG 2025-09-01 23:28:40.245 UTC: 	 Getting proxy life time left
DEBUG 2025-09-01 23:28:40.245 UTC: 	 Executing command :
 voms-proxy-info --actimeleft --timeleft --file /tmp/x509up_u177753
DEBUG 2025-09-01 23:28:40.296 UTC: 	 output : 19580
19580

 error: 
 retcode : 0
DEBUG 2025-09-01 23:28:40.297 UTC: 	 Proxy valid for 05:26:20 hours
DEBUG 2025-09-01 23:28:40.297 UTC: 	 Encoded data for curl request: subresource=delegatedn
DEBUG 2025-09-01 23:28:40.357 UTC: 	 Registering user credentials on myproxy for /DC=ch/DC=cern/OU=computers/CN=crab-(preprod|prod)-tw(01|02).cern.ch|/DC=ch/DC=cern/OU=computers/CN=crab-dev-tw(01|02|03|04).cern.ch|/DC=ch/DC=cern/OU=Organic Units/OU=Users/CN=cmscrab/CN=(817881|373708)/CN=Robot: cms crab|/DC=ch/DC=cern/OU=Organic Units/OU=Users/CN=crabint1/CN=373708/CN=Robot: CMS CRAB Integration 1
DEBUG 2025-09-01 23:28:40.357 UTC: 	 Executing command :
 voms-proxy-info --identity --file /tmp/x509up_u177753
DEBUG 2025-09-01 23:28:40.401 UTC: 	 output : /DC=ch/DC=cern/OU=Organic Units/OU=Users/CN=bibehera/CN=882295/CN=Bismita Behera

 error: 
 retcode : 0
DEBUG 2025-09-01 23:28:40.401 UTC: 	 Getting myproxy life time left for bfbdf12a5670e45fdd055ff115afbb0f25b8a072
DEBUG 2025-09-01 23:28:40.401 UTC: 	 Executing command :
 myproxy-info -s myproxy.cern.ch -l bfbdf12a5670e45fdd055ff115afbb0f25b8a072
DEBUG 2025-09-01 23:28:40.717 UTC: 	 output : username: bfbdf12a5670e45fdd055ff115afbb0f25b8a072
owner: /DC=ch/DC=cern/OU=Organic Units/OU=Users/CN=bibehera/CN=882295/CN=Bismita Behera
  renewal policy: /DC=ch/DC=cern/OU=computers/CN=crab-(preprod|prod)-tw(01|02).cern.ch|/DC=ch/DC=cern/OU=computers/CN=crab-dev-tw(01|02|03|04).cern.ch|/DC=ch/DC=cern/OU=Organic Units/OU=Users/CN=cmscrab/CN=(817881|373708)/CN=Robot: cms crab|/DC=ch/DC=cern/OU=Organic Units/OU=Users/CN=crabint1/CN=373708/CN=Robot: CMS CRAB Integration 1
  trusted retrieval policy: /DC=ch/DC=cern/OU=computers/CN=crab-(preprod|prod)-tw(01|02).cern.ch|/DC=ch/DC=cern/OU=computers/CN=crab-dev-tw(01|02|03|04).cern.ch|/DC=ch/DC=cern/OU=Organic Units/OU=Users/CN=cmscrab/CN=(817881|373708)/CN=Robot: cms crab|/DC=ch/DC=cern/OU=Organic Units/OU=Users/CN=crabint1/CN=373708/CN=Robot: CMS CRAB Integration 1
  timeleft: 572:52:27  (23.9 days)

 error: 
 retcode : 0
DEBUG 2025-09-01 23:28:40.718 UTC: 	 Myproxy is valid: 2062320
DEBUG 2025-09-01 23:28:40.718 UTC: 	 Result of myproxy credential check:
  Credential exists on myproxy: username: bfbdf12a5670e45fdd055ff115afbb0f25b8a072  - validity: 23 days, 20:52:00
DEBUG 2025-09-01 23:28:40.718 UTC: 	 Command use: submit
DEBUG 2025-09-01 23:28:40.718 UTC: 	 Options use: ['-c', 'crab_config2.py']
DEBUG 2025-09-01 23:28:40.718 UTC: 	 Encoded data for curl request: subresource=version
DEBUG 2025-09-01 23:28:40.778 UTC: 	 CRABClient version: v3.250522
DEBUG 2025-09-01 23:28:40.778 UTC: 	 Instance is prod
DEBUG 2025-09-01 23:28:40.778 UTC: 	 Server base url is cmsweb.cern.ch
DEBUG 2025-09-01 23:28:40.778 UTC: 	 Command api workflow
DEBUG 2025-09-01 23:28:40.778 UTC: 	 Started submission
DEBUG 2025-09-01 23:28:40.778 UTC: 	 Working on /eos/home-b/bibehera/OO_Simfit/CMSSW_15_0_6_patch1/src/Analyzer/RaghuV0Ana/cfg/OO_Data_MINIAOD/crab_2pc_OO_V0_InM_IP1
DEBUG 2025-09-01 23:28:40.778 UTC: 	 Encoded data for curl request: subresource=backendurls
DEBUG 2025-09-01 23:28:40.854 UTC: 	 Loading required information from the environment
DEBUG 2025-09-01 23:28:40.854 UTC: 	 Found CMSSW_15_0_6_patch1 for el9_amd64_gcc12 with base /eos/home-b/bibehera/OO_Simfit/CMSSW_15_0_6_patch1
DEBUG 2025-09-01 23:28:40.854 UTC: 	 Loading required information from the environment
DEBUG 2025-09-01 23:28:40.854 UTC: 	 Found CMSSW_15_0_6_patch1 for el9_amd64_gcc12 with base /eos/home-b/bibehera/OO_Simfit/CMSSW_15_0_6_patch1
DEBUG 2025-09-01 23:28:40.854 UTC: 	 UNIQUE NAME: tarUUID d033d658-d144-4716-bc31-3824cebbf8eb 
DEBUG 2025-09-01 23:28:40.854 UTC: 	 self.config: from WMCore.Configuration import Configuration
config = Configuration()
config.section_('General')
config.General.requestName = '2pc_OO_V0_InM_IP1'
config.General.transferOutputs = True
config.General.transferLogs = True
config.General.workArea = 'OO_Data_MINIAOD'
config.section_('JobType')
config.JobType.psetName = 'PbPb_2018_cfg.py'
config.JobType.pluginName = 'Analysis'
config.section_('Data')
config.Data.unitsPerJob = 3
config.Data.inputDataset = '/IonPhysics1/bibehera-2pc_OO_V0_IP1-6b0f3ea44d7735a15be74aa96b0380e8/USER'
config.Data.totalUnits = -1
config.Data.splitting = 'LumiBased'
config.Data.publication = False
config.Data.lumiMask = 'generated_json.json'
config.Data.outLFNDirBase = '/store/user/bibehera/'
config.Data.inputDBS = 'phys03'
config.Data.secondaryInputDataset = '/IonPhysics1/OORun2025-PromptReco-v1/MINIAOD'
config.Data.outputDatasetTag = '2pc_OO_V0_IP0'
config.section_('Site')
config.Site.storageSite = 'T3_CH_CERNBOX'
config.section_('User')
config.section_('Debug')

DEBUG 2025-09-01 23:28:40.854 UTC: 	 self.config.JobType.psetName: PbPb_2018_cfg.py
INFO 2025-09-01 23:28:40.855 UTC: 	 Importing CMSSW configuration PbPb_2018_cfg.py
INFO 2025-09-01 23:28:42.044 UTC: 	 Finished importing CMSSW configuration PbPb_2018_cfg.py
DEBUG 2025-09-01 23:28:42.045 UTC: 	 Writing CMSSW configuration to /eos/home-b/bibehera/OO_Simfit/CMSSW_15_0_6_patch1/src/Analyzer/RaghuV0Ana/cfg/OO_Data_MINIAOD/crab_2pc_OO_V0_InM_IP1/inputs/PSet.py
DEBUG 2025-09-01 23:28:42.115 UTC: 	 The following EDM output files will be collected: []
DEBUG 2025-09-01 23:28:42.115 UTC: 	 The following TFile output files will be collected: ['V0_test_pt_invariantmass1.root']
DEBUG 2025-09-01 23:28:42.115 UTC: 	 The following user output files (not listed as PoolOuputModule or TFileService in the CMSSW PSet) will be collected: 
DEBUG 2025-09-01 23:28:42.115 UTC: 	 Loading required information from the environment
DEBUG 2025-09-01 23:28:42.115 UTC: 	 Found CMSSW_15_0_6_patch1 for el9_amd64_gcc12 with base /eos/home-b/bibehera/OO_Simfit/CMSSW_15_0_6_patch1
DEBUG 2025-09-01 23:28:42.115 UTC: 	 Making tarball in /eos/home-b/bibehera/OO_Simfit/CMSSW_15_0_6_patch1/src/Analyzer/RaghuV0Ana/cfg/OO_Data_MINIAOD/crab_2pc_OO_V0_InM_IP1/inputs/d033d658-d144-4716-bc31-3824cebbf8ebdefault.tgz
DEBUG 2025-09-01 23:28:42.118 UTC: 	 Checking directory /eos/home-b/bibehera/OO_Simfit/CMSSW_15_0_6_patch1/bin
DEBUG 2025-09-01 23:28:42.118 UTC: 	 Adding directory /eos/home-b/bibehera/OO_Simfit/CMSSW_15_0_6_patch1/bin to tarball
DEBUG 2025-09-01 23:28:42.135 UTC: 	 Checking directory /eos/home-b/bibehera/OO_Simfit/CMSSW_15_0_6_patch1/python
DEBUG 2025-09-01 23:28:42.135 UTC: 	 Adding directory /eos/home-b/bibehera/OO_Simfit/CMSSW_15_0_6_patch1/python to tarball
DEBUG 2025-09-01 23:28:42.288 UTC: 	 Checking directory /eos/home-b/bibehera/OO_Simfit/CMSSW_15_0_6_patch1/cfipython
DEBUG 2025-09-01 23:28:42.288 UTC: 	 Adding directory /eos/home-b/bibehera/OO_Simfit/CMSSW_15_0_6_patch1/cfipython to tarball
DEBUG 2025-09-01 23:28:42.674 UTC: 	 Checking directory /eos/home-b/bibehera/OO_Simfit/CMSSW_15_0_6_patch1/lib
DEBUG 2025-09-01 23:28:42.674 UTC: 	 Adding directory /eos/home-b/bibehera/OO_Simfit/CMSSW_15_0_6_patch1/lib to tarball
DEBUG 2025-09-01 23:28:42.977 UTC: 	 Checking directory /eos/home-b/bibehera/OO_Simfit/CMSSW_15_0_6_patch1/biglib
DEBUG 2025-09-01 23:28:42.977 UTC: 	 Adding directory /eos/home-b/bibehera/OO_Simfit/CMSSW_15_0_6_patch1/biglib to tarball
DEBUG 2025-09-01 23:28:42.981 UTC: 	 Checking directory /eos/home-b/bibehera/OO_Simfit/CMSSW_15_0_6_patch1/module
DEBUG 2025-09-01 23:28:42.981 UTC: 	 Checking directory /eos/home-b/bibehera/OO_Simfit/CMSSW_15_0_6_patch1/config/SCRAM/hooks
DEBUG 2025-09-01 23:28:42.982 UTC: 	 Adding directory /eos/home-b/bibehera/OO_Simfit/CMSSW_15_0_6_patch1/config/SCRAM/hooks to tarball
DEBUG 2025-09-01 23:28:43.121 UTC: 	 Adding directory /eos/home-b/bibehera/OO_Simfit/CMSSW_15_0_6_patch1/src/Analyzer/RaghuV0Ana/data to tarball
DEBUG 2025-09-01 23:28:43.598 UTC: 	 Adding directory /eos/home-b/bibehera/OO_Simfit/CMSSW_15_0_6_patch1/src/Analyzer/RaghuV0Ana/interface to tarball
DEBUG 2025-09-01 23:28:43.619 UTC: 	 Adding directory /eos/home-b/bibehera/OO_Simfit/CMSSW_15_0_6_patch1/src/Analyzer/RaghuV0Ana/python to tarball
DEBUG 2025-09-01 23:28:43.639 UTC: 	 Adding directory /eos/home-b/bibehera/OO_Simfit/CMSSW_15_0_6_patch1/src/HeavyIonsAnalysis/Configuration/data to tarball
DEBUG 2025-09-01 23:28:44.032 UTC: 	 Adding directory /eos/home-b/bibehera/OO_Simfit/CMSSW_15_0_6_patch1/src/HeavyIonsAnalysis/Configuration/python to tarball
DEBUG 2025-09-01 23:28:44.087 UTC: 	 Adding directory /eos/home-b/bibehera/OO_Simfit/CMSSW_15_0_6_patch1/src/HeavyIonsAnalysis/EGMAnalysis/data to tarball
DEBUG 2025-09-01 23:28:44.102 UTC: 	 Adding directory /eos/home-b/bibehera/OO_Simfit/CMSSW_15_0_6_patch1/src/HeavyIonsAnalysis/EGMAnalysis/interface to tarball
DEBUG 2025-09-01 23:28:44.109 UTC: 	 Adding directory /eos/home-b/bibehera/OO_Simfit/CMSSW_15_0_6_patch1/src/HeavyIonsAnalysis/EGMAnalysis/python to tarball
DEBUG 2025-09-01 23:28:44.129 UTC: 	 Adding directory /eos/home-b/bibehera/OO_Simfit/CMSSW_15_0_6_patch1/src/HeavyIonsAnalysis/EventAnalysis/python to tarball
DEBUG 2025-09-01 23:28:44.253 UTC: 	 Adding directory /eos/home-b/bibehera/OO_Simfit/CMSSW_15_0_6_patch1/src/HeavyIonsAnalysis/JetAnalysis/interface to tarball
DEBUG 2025-09-01 23:28:44.269 UTC: 	 Adding directory /eos/home-b/bibehera/OO_Simfit/CMSSW_15_0_6_patch1/src/HeavyIonsAnalysis/JetAnalysis/python to tarball
DEBUG 2025-09-01 23:28:44.337 UTC: 	 Adding directory /eos/home-b/bibehera/OO_Simfit/CMSSW_15_0_6_patch1/src/HeavyIonsAnalysis/MuonAnalysis/interface to tarball
DEBUG 2025-09-01 23:28:44.344 UTC: 	 Adding directory /eos/home-b/bibehera/OO_Simfit/CMSSW_15_0_6_patch1/src/HeavyIonsAnalysis/MuonAnalysis/python to tarball
DEBUG 2025-09-01 23:28:44.365 UTC: 	 Adding directory /eos/home-b/bibehera/OO_Simfit/CMSSW_15_0_6_patch1/src/HeavyIonsAnalysis/TrackAnalysis/interface to tarball
DEBUG 2025-09-01 23:28:44.370 UTC: 	 Adding directory /eos/home-b/bibehera/OO_Simfit/CMSSW_15_0_6_patch1/src/HeavyIonsAnalysis/TrackAnalysis/python to tarball
DEBUG 2025-09-01 23:28:44.396 UTC: 	 Adding directory /eos/home-b/bibehera/OO_Simfit/CMSSW_15_0_6_patch1/src/HeavyIonsAnalysis/VertexAnalysis/python to tarball
DEBUG 2025-09-01 23:28:44.406 UTC: 	 Adding directory /eos/home-b/bibehera/OO_Simfit/CMSSW_15_0_6_patch1/src/HeavyIonsAnalysis/ZDCAnalysis/python to tarball
DEBUG 2025-09-01 23:28:44.498 UTC: 	 Uploading archive /eos/home-b/bibehera/OO_Simfit/CMSSW_15_0_6_patch1/src/Analyzer/RaghuV0Ana/cfg/OO_Data_MINIAOD/crab_2pc_OO_V0_InM_IP1/inputs/d033d658-d144-4716-bc31-3824cebbf8ebdefault.tgz (3.182617.1 MB) to the CRAB cache. Using URI https://cmsweb.cern.ch/S3/crabcache_prod
DEBUG 2025-09-01 23:28:45.369 UTC: 	 Encoded data for curl request: subresource=upload&objecttype=sandbox&tarballname=4f88f4012bb9ec82825715101b0c6f9b0fa98e431d6e6dee47a3ec5b0b846be1.tar.gz
DEBUG 2025-09-01 23:28:45.457 UTC: 	 sandbox 4f88f4012bb9ec82825715101b0c6f9b0fa98e431d6e6dee47a3ec5b0b846be1.tar.gz is already in the S3 store, will not upload again
DEBUG 2025-09-01 23:28:45.457 UTC: 	 Loading required information from the environment
DEBUG 2025-09-01 23:28:45.457 UTC: 	 Found CMSSW_15_0_6_patch1 for el9_amd64_gcc12 with base /eos/home-b/bibehera/OO_Simfit/CMSSW_15_0_6_patch1
DEBUG 2025-09-01 23:28:45.457 UTC: 	 Making tarball in /eos/home-b/bibehera/OO_Simfit/CMSSW_15_0_6_patch1/src/Analyzer/RaghuV0Ana/cfg/OO_Data_MINIAOD/crab_2pc_OO_V0_InM_IP1/inputs/debugFiles.tgz
DEBUG 2025-09-01 23:28:45.478 UTC: 	 Uploading archive /eos/home-b/bibehera/OO_Simfit/CMSSW_15_0_6_patch1/src/Analyzer/RaghuV0Ana/cfg/OO_Data_MINIAOD/crab_2pc_OO_V0_InM_IP1/inputs/debugFiles.tgz (3 KB) to the CRAB cache. Using URI https://cmsweb.cern.ch/S3/crabcache_prod
DEBUG 2025-09-01 23:28:45.487 UTC: 	 Encoded data for curl request: subresource=upload&objecttype=sandbox&tarballname=880308a9d4eece1e80712166da6a8275b5b664b723a583ba7b1d5f8b2886273b.tar.gz
DEBUG 2025-09-01 23:28:45.541 UTC: 	 Will execute:
curl -f -v -X POST  -H "User-Agent: CRAB" -F "key=bibehera/sandboxes/880308a9d4eece1e80712166da6a8275b5b664b723a583ba7b1d5f8b2886273b.tar.gz" -F "AWSAccessKeyId=715203df6482458ba839e73e6dab634b" -F "policy=eyJleHBpcmF0aW9uIjogIjIwMjUtMDktMDJUMDA6Mjg6NDVaIiwgImNvbmRpdGlvbnMiOiBbeyJidWNrZXQiOiAiY3JhYmNhY2hlX3Byb2QifSwgeyJrZXkiOiAiYmliZWhlcmEvc2FuZGJveGVzLzg4MDMwOGE5ZDRlZWNlMWU4MDcxMjE2NmRhNmE4Mjc1YjViNjY0YjcyM2E1ODNiYTdiMWQ1ZjhiMjg4NjI3M2IudGFyLmd6In1dfQ==" -F "signature=K3qPk6L3RgHi8Va3ovbg5YSkv1Q=" -F "file=@/eos/home-b/bibehera/OO_Simfit/CMSSW_15_0_6_patch1/src/Analyzer/RaghuV0Ana/cfg/OO_Data_MINIAOD/crab_2pc_OO_V0_InM_IP1/inputs/debugFiles.tgz" "https://s3.cern.ch/crabcache_prod"
DEBUG 2025-09-01 23:28:45.593 UTC: 	 exitcode: 0
stdout: b''
DEBUG 2025-09-01 23:28:45.593 UTC: 	 upload to S3 of sandbox /eos/home-b/bibehera/OO_Simfit/CMSSW_15_0_6_patch1/src/Analyzer/RaghuV0Ana/cfg/OO_Data_MINIAOD/crab_2pc_OO_V0_InM_IP1/inputs/debugFiles.tgz completed
DEBUG 2025-09-01 23:28:45.593 UTC: 	 make sure that object is ready for retrieve
DEBUG 2025-09-01 23:28:46.595 UTC: 	 Encoded data for curl request: subresource=download&objecttype=sandbox&tarballname=880308a9d4eece1e80712166da6a8275b5b664b723a583ba7b1d5f8b2886273b.tar.gz&clientmethod=head_object
DEBUG 2025-09-01 23:28:46.654 UTC: 	 PreSignedUrl to download sandbox received OK
DEBUG 2025-09-01 23:28:46.657 UTC: 	 Will execute:
 curl -v -s -f -o /dev/null --head  "https://s3.cern.ch/crabcache_prod/bibehera/sandboxes/880308a9d4eece1e80712166da6a8275b5b664b723a583ba7b1d5f8b2886273b.tar.gz?AWSAccessKeyId=715203df6482458ba839e73e6dab634b&Signature=t9vELGDGFUlhROJpacvhuKHpJnQ%3D&Expires=1756772926"
DEBUG 2025-09-01 23:28:46.702 UTC: 	 exitcode: 0
stdout: b''
DEBUG 2025-09-01 23:28:46.702 UTC: 	 sandbox /eos/home-b/bibehera/OO_Simfit/CMSSW_15_0_6_patch1/src/Analyzer/RaghuV0Ana/cfg/OO_Data_MINIAOD/crab_2pc_OO_V0_InM_IP1/inputs/debugFiles.tgz successfully uploaded to S3
DEBUG 2025-09-01 23:28:46.702 UTC: 	 Result uploading input files: 4f88f4012bb9ec82825715101b0c6f9b0fa98e431d6e6dee47a3ec5b0b846be1.tar.gz 
DEBUG 2025-09-01 23:28:46.702 UTC: 	 Attaching lumi mask generated_json.json to the request
DEBUG 2025-09-01 23:28:46.702 UTC: 	 Reading lumi-mask from generated_json.json
DEBUG 2025-09-01 23:28:46.705 UTC: 	 submit() - self.configuration from WMCore.Configuration import Configuration
config = Configuration()
config.section_('General')
config.General.requestName = '2pc_OO_V0_InM_IP1'
config.General.transferOutputs = True
config.General.transferLogs = True
config.General.workArea = 'OO_Data_MINIAOD'
config.section_('JobType')
config.JobType.psetName = 'PbPb_2018_cfg.py'
config.JobType.pluginName = 'Analysis'
config.section_('Data')
config.Data.unitsPerJob = 3
config.Data.inputDataset = '/IonPhysics1/bibehera-2pc_OO_V0_IP1-6b0f3ea44d7735a15be74aa96b0380e8/USER'
config.Data.totalUnits = -1
config.Data.splitting = 'LumiBased'
config.Data.publication = False
config.Data.lumiMask = 'generated_json.json'
config.Data.outLFNDirBase = '/store/user/bibehera/'
config.Data.inputDBS = 'phys03'
config.Data.secondaryInputDataset = '/IonPhysics1/OORun2025-PromptReco-v1/MINIAOD'
config.Data.outputDatasetTag = '2pc_OO_V0_IP0'
config.section_('Site')
config.Site.storageSite = 'T3_CH_CERNBOX'
config.section_('User')
config.section_('Debug')

DEBUG 2025-09-01 23:28:46.705 UTC: 	 submit() - self.configreq {'dryrun': 0, 'workflow': 'crab_2pc_OO_V0_InM_IP1', 'saveoutput': 1, 'savelogsflag': 1, 'inputdata': '/IonPhysics1/bibehera-2pc_OO_V0_IP1-6b0f3ea44d7735a15be74aa96b0380e8/USER', 'nonvaliddata': 0, 'userfiles': [], 'dbsurl': 'https://cmsweb.cern.ch/dbs/prod/phys03/DBSReader', 'useparent': 0, 'secondarydata': '/IonPhysics1/OORun2025-PromptReco-v1/MINIAOD', 'ignorelocality': 0, 'splitalgo': 'LumiBased', 'algoargs': 3, 'totalunits': -1, 'lfn': '/store/user/bibehera/', 'publication': 0, 'publishdbsurl': 'https://cmsweb.cern.ch/dbs/prod/phys03/DBSWriter', 'publishname2': '2pc_OO_V0_IP0', 'jobtype': 'Analysis', 'generator': 'pythia', 'addoutputfiles': [], 'maxjobruntime': 1250, 'numcores': 1, 'maxmemory': 2000, 'priority': 10, 'nonprodsw': 0, 'asyncdest': 'T3_CH_CERNBOX', 'requireaccelerator': 0, 'oneEventMode': 0, 'extrajdl': [], 'ignoreglobalblacklist': 0, 'partialdataset': 0, 'inputblocks': []}
DEBUG 2025-09-01 23:28:46.706 UTC: 	 submit() - jobconfig {'addoutputfiles': [], 'tfileoutfiles': ['V0_test_pt_invariantmass1.root'], 'edmoutfiles': [], 'jobarch': 'el9_amd64_gcc12', 'jobminuarch': 'x86-64-v3', 'jobsw': 'CMSSW_15_0_6_patch1', 'inputdata': '/IonPhysics1/bibehera-2pc_OO_V0_IP1-6b0f3ea44d7735a15be74aa96b0380e8/USER', 'cacheurl': 'https://cmsweb.cern.ch/S3/crabcache_prod', 'cachefilename': '4f88f4012bb9ec82825715101b0c6f9b0fa98e431d6e6dee47a3ec5b0b846be1.tar.gz', 'debugfilename': '880308a9d4eece1e80712166da6a8275b5b664b723a583ba7b1d5f8b2886273b.tar.gz', 'runs': ['394153', '394154', '394169', '394175', '394183', '394184', '394185', '394186', '394187', '394188', '394189', '394204', '394209', '394217'], 'lumis': ['40,169', '1,886', '39,997', '47,988', '15,239', '1,667', '1,3', '1,15', '1,1', '1,107', '1,72', '38,932', '23,1209', '41,838'], 'jobtype': 'Analysis'}
INFO 2025-09-01 23:28:46.706 UTC: 	 Sending the request to the server at cmsweb.cern.ch
DEBUG 2025-09-01 23:28:46.706 UTC: 	 Submitting {'dryrun': 0, 'workflow': 'crab_2pc_OO_V0_InM_IP1', 'saveoutput': 1, 'savelogsflag': 1, 'inputdata': '/IonPhysics1/bibehera-2pc_OO_V0_IP1-6b0f3ea44d7735a15be74aa96b0380e8/USER', 'nonvaliddata': 0, 'userfiles': [], 'dbsurl': 'https://cmsweb.cern.ch/dbs/prod/phys03/DBSReader', 'useparent': 0, 'secondarydata': '/IonPhysics1/OORun2025-PromptReco-v1/MINIAOD', 'ignorelocality': 0, 'splitalgo': 'LumiBased', 'algoargs': 3, 'totalunits': -1, 'lfn': '/store/user/bibehera/', 'publication': 0, 'publishdbsurl': 'https://cmsweb.cern.ch/dbs/prod/phys03/DBSWriter', 'publishname2': '2pc_OO_V0_IP0', 'jobtype': 'Analysis', 'generator': 'pythia', 'addoutputfiles': [], 'maxjobruntime': 1250, 'numcores': 1, 'maxmemory': 2000, 'priority': 10, 'nonprodsw': 0, 'asyncdest': 'T3_CH_CERNBOX', 'requireaccelerator': 0, 'oneEventMode': 0, 'extrajdl': [], 'ignoreglobalblacklist': 0, 'partialdataset': 0, 'inputblocks': [], 'tfileoutfiles': ['V0_test_pt_invariantmass1.root'], 'edmoutfiles': [], 'jobarch': 'el9_amd64_gcc12', 'jobminuarch': 'x86-64-v3', 'jobsw': 'CMSSW_15_0_6_patch1', 'cacheurl': 'https://cmsweb.cern.ch/S3/crabcache_prod', 'cachefilename': '4f88f4012bb9ec82825715101b0c6f9b0fa98e431d6e6dee47a3ec5b0b846be1.tar.gz', 'debugfilename': '880308a9d4eece1e80712166da6a8275b5b664b723a583ba7b1d5f8b2886273b.tar.gz', 'runs': ['394153', '394154', '394169', '394175', '394183', '394184', '394185', '394186', '394187', '394188', '394189', '394204', '394209', '394217'], 'lumis': ['40,169', '1,886', '39,997', '47,988', '15,239', '1,667', '1,3', '1,15', '1,1', '1,107', '1,72', '38,932', '23,1209', '41,838']} 
DEBUG 2025-09-01 23:28:46.707 UTC: 	 Encoded data for curl request: dryrun=0&workflow=crab_2pc_OO_V0_InM_IP1&saveoutput=1&savelogsflag=1&inputdata=%2FIonPhysics1%2Fbibehera-2pc_OO_V0_IP1-6b0f3ea44d7735a15be74aa96b0380e8%2FUSER&nonvaliddata=0&dbsurl=https%3A%2F%2Fcmsweb.cern.ch%2Fdbs%2Fprod%2Fphys03%2FDBSReader&useparent=0&secondarydata=%2FIonPhysics1%2FOORun2025-PromptReco-v1%2FMINIAOD&ignorelocality=0&splitalgo=LumiBased&algoargs=3&totalunits=-1&lfn=%2Fstore%2Fuser%2Fbibehera%2F&publication=0&publishdbsurl=https%3A%2F%2Fcmsweb.cern.ch%2Fdbs%2Fprod%2Fphys03%2FDBSWriter&publishname2=2pc_OO_V0_IP0&jobtype=Analysis&generator=pythia&maxjobruntime=1250&numcores=1&maxmemory=2000&priority=10&nonprodsw=0&asyncdest=T3_CH_CERNBOX&requireaccelerator=0&oneEventMode=0&ignoreglobalblacklist=0&partialdataset=0&jobarch=el9_amd64_gcc12&jobminuarch=x86-64-v3&jobsw=CMSSW_15_0_6_patch1&cacheurl=https%3A%2F%2Fcmsweb.cern.ch%2FS3%2Fcrabcache_prod&cachefilename=4f88f4012bb9ec82825715101b0c6f9b0fa98e431d6e6dee47a3ec5b0b846be1.tar.gz&debugfilename=880308a9d4eece1e80712166da6a8275b5b664b723a583ba7b1d5f8b2886273b.tar.gz&tfileoutfiles=V0_test_pt_invariantmass1.root&runs=394153&runs=394154&runs=394169&runs=394175&runs=394183&runs=394184&runs=394185&runs=394186&runs=394187&runs=394188&runs=394189&runs=394204&runs=394209&runs=394217&lumis=40%2C169&lumis=1%2C886&lumis=39%2C997&lumis=47%2C988&lumis=15%2C239&lumis=1%2C667&lumis=1%2C3&lumis=1%2C15&lumis=1%2C1&lumis=1%2C107&lumis=1%2C72&lumis=38%2C932&lumis=23%2C1209&lumis=41%2C838
DEBUG 2025-09-01 23:30:56.420 UTC: 	 Result: {'result': [{'RequestName': '250901_232846:bibehera_crab_2pc_OO_V0_InM_IP1'}]}
INFO 2025-09-01 23:30:56.478 UTC: 	 Success: Your task has been delivered to the prod CRAB3 server.
INFO 2025-09-01 23:30:56.478 UTC: 	 Task name: 250901_232846:bibehera_crab_2pc_OO_V0_InM_IP1
INFO 2025-09-01 23:30:56.478 UTC: 	 Project dir: OO_Data_MINIAOD/crab_2pc_OO_V0_InM_IP1
INFO 2025-09-01 23:30:56.478 UTC: 	 Please use ' crab status -d OO_Data_MINIAOD/crab_2pc_OO_V0_InM_IP1 ' to check how the submission process proceeds.
DEBUG 2025-09-01 23:30:56.478 UTC: 	 About to return
INFO 2025-09-01 23:30:56.504 UTC: 	 Log file is /eos/home-b/bibehera/OO_Simfit/CMSSW_15_0_6_patch1/src/Analyzer/RaghuV0Ana/cfg/OO_Data_MINIAOD/crab_2pc_OO_V0_InM_IP1/crab.log
