DEBUG 2025-10-07 22:17:36.743 UTC: 	 CRAB Client version: v3.250820
DEBUG 2025-10-07 22:17:36.743 UTC: 	 Running on: Linux lxplus817.cern.ch 4.18.0-553.75.1.el8_10.x86_64 #1 SMP Wed Sep 10 00:05:32 EDT 2025 x86_64 x86_64 x86_64 GNU/Linux
DEBUG 2025-10-07 22:17:36.743 UTC: 	 Not using Singularity
DEBUG 2025-10-07 22:17:36.743 UTC: 	 Operating System: Red Hat Enterprise Linux 8.10 (Ootpa)
DEBUG 2025-10-07 22:17:36.743 UTC: 	 Executing command: 'submit'
DEBUG 2025-10-07 22:17:36.743 UTC: 	 Found CRAB cache file /afs/cern.ch/user/b/bibehera/.crab3
INFO 2025-10-07 22:17:36.745 UTC: 	 Will use CRAB configuration file crab_config2.py
DEBUG 2025-10-07 22:17:36.745 UTC: 	 Loading CRAB configuration file.
DEBUG 2025-10-07 22:17:36.769 UTC: 	 Will use CRAB plugin ANALYSIS (i.e. will run an analysis job type).
DEBUG 2025-10-07 22:17:36.783 UTC: 	 Checking credentials
DEBUG 2025-10-07 22:17:36.783 UTC: 	 Found proxy file /tmp/x509up_u177753
DEBUG 2025-10-07 22:17:36.783 UTC: 	 Making sure it has proper VOMS extension
DEBUG 2025-10-07 22:17:36.783 UTC: 	 Executing command :
 voms-proxy-info --vo --file /tmp/x509up_u177753
DEBUG 2025-10-07 22:17:36.809 UTC: 	 output : cms

 error: 
 retcode : 0
DEBUG 2025-10-07 22:17:36.809 UTC: 	 Getting proxy life time left
DEBUG 2025-10-07 22:17:36.809 UTC: 	 Executing command :
 voms-proxy-info --actimeleft --timeleft --file /tmp/x509up_u177753
DEBUG 2025-10-07 22:17:36.835 UTC: 	 output : 41691
41691

 error: 
 retcode : 0
DEBUG 2025-10-07 22:17:36.835 UTC: 	 Proxy valid for 11:34:51 hours
DEBUG 2025-10-07 22:17:36.835 UTC: 	 Encoded data for curl request: subresource=delegatedn
DEBUG 2025-10-07 22:17:36.882 UTC: 	 Registering user credentials on myproxy for /DC=ch/DC=cern/OU=computers/CN=crab-(preprod|prod)-tw(01|02).cern.ch|/DC=ch/DC=cern/OU=computers/CN=crab-dev-tw(01|02|03|04).cern.ch|/DC=ch/DC=cern/OU=Organic Units/OU=Users/CN=cmscrab/CN=(817881|373708)/CN=Robot: cms crab|/DC=ch/DC=cern/OU=Organic Units/OU=Users/CN=crabint1/CN=373708/CN=Robot: CMS CRAB Integration 1
DEBUG 2025-10-07 22:17:36.882 UTC: 	 Executing command :
 voms-proxy-info --identity --file /tmp/x509up_u177753
DEBUG 2025-10-07 22:17:36.906 UTC: 	 output : /DC=ch/DC=cern/OU=Organic Units/OU=Users/CN=bibehera/CN=882295/CN=Bismita Behera

 error: 
 retcode : 0
DEBUG 2025-10-07 22:17:36.906 UTC: 	 Getting myproxy life time left for bfbdf12a5670e45fdd055ff115afbb0f25b8a072
DEBUG 2025-10-07 22:17:36.906 UTC: 	 Executing command :
 myproxy-info -s myproxy.cern.ch -l bfbdf12a5670e45fdd055ff115afbb0f25b8a072
DEBUG 2025-10-07 22:17:38.030 UTC: 	 output : username: bfbdf12a5670e45fdd055ff115afbb0f25b8a072
owner: /DC=ch/DC=cern/OU=Organic Units/OU=Users/CN=bibehera/CN=882295/CN=Bismita Behera
  renewal policy: /DC=ch/DC=cern/OU=computers/CN=crab-(preprod|prod)-tw(01|02).cern.ch|/DC=ch/DC=cern/OU=computers/CN=crab-dev-tw(01|02|03|04).cern.ch|/DC=ch/DC=cern/OU=Organic Units/OU=Users/CN=cmscrab/CN=(817881|373708)/CN=Robot: cms crab|/DC=ch/DC=cern/OU=Organic Units/OU=Users/CN=crabint1/CN=373708/CN=Robot: CMS CRAB Integration 1
  trusted retrieval policy: /DC=ch/DC=cern/OU=computers/CN=crab-(preprod|prod)-tw(01|02).cern.ch|/DC=ch/DC=cern/OU=computers/CN=crab-dev-tw(01|02|03|04).cern.ch|/DC=ch/DC=cern/OU=Organic Units/OU=Users/CN=cmscrab/CN=(817881|373708)/CN=Robot: cms crab|/DC=ch/DC=cern/OU=Organic Units/OU=Users/CN=crabint1/CN=373708/CN=Robot: CMS CRAB Integration 1
  timeleft: 543:52:53  (22.7 days)

 error: 
 retcode : 0
DEBUG 2025-10-07 22:17:38.030 UTC: 	 Myproxy is valid: 1957920
DEBUG 2025-10-07 22:17:38.030 UTC: 	 Result of myproxy credential check:
  Credential exists on myproxy: username: bfbdf12a5670e45fdd055ff115afbb0f25b8a072  - validity: 22 days, 15:52:00
DEBUG 2025-10-07 22:17:38.030 UTC: 	 Command use: submit
DEBUG 2025-10-07 22:17:38.030 UTC: 	 Options use: ['-c', 'crab_config2.py']
DEBUG 2025-10-07 22:17:38.030 UTC: 	 Encoded data for curl request: subresource=version
DEBUG 2025-10-07 22:17:38.070 UTC: 	 CRABClient version: v3.250820
DEBUG 2025-10-07 22:17:38.070 UTC: 	 Instance is prod
DEBUG 2025-10-07 22:17:38.070 UTC: 	 Server base url is cmsweb.cern.ch
DEBUG 2025-10-07 22:17:38.070 UTC: 	 Command api workflow
DEBUG 2025-10-07 22:17:38.070 UTC: 	 Started submission
DEBUG 2025-10-07 22:17:38.070 UTC: 	 Working on /eos/home-b/bibehera/OO_Simfit_eff/CMSSW_15_0_6_patch1/src/Analyzer/RaghuV0Ana/cfg/OO_Data_MINIAOD/crab_2pc_OO_V0_IM_effcorr_v1_cent0to50_IP0
DEBUG 2025-10-07 22:17:38.071 UTC: 	 Encoded data for curl request: subresource=backendurls
DEBUG 2025-10-07 22:17:38.137 UTC: 	 Loading required information from the environment
DEBUG 2025-10-07 22:17:38.137 UTC: 	 Found CMSSW_15_0_6_patch1 for el8_amd64_gcc12 with base /eos/home-b/bibehera/OO_Simfit_eff/CMSSW_15_0_6_patch1
DEBUG 2025-10-07 22:17:38.137 UTC: 	 Loading required information from the environment
DEBUG 2025-10-07 22:17:38.137 UTC: 	 Found CMSSW_15_0_6_patch1 for el8_amd64_gcc12 with base /eos/home-b/bibehera/OO_Simfit_eff/CMSSW_15_0_6_patch1
DEBUG 2025-10-07 22:17:38.137 UTC: 	 UNIQUE NAME: tarUUID c2ff2f98-4dfc-4152-b7a2-b83d5aafd65a 
DEBUG 2025-10-07 22:17:38.137 UTC: 	 self.config: from WMCore.Configuration import Configuration
config = Configuration()
config.section_('General')
config.General.transferOutputs = True
config.General.transferLogs = True
config.General.workArea = 'OO_Data_MINIAOD'
config.General.requestName = '2pc_OO_V0_IM_effcorr_v1_cent0to50_IP0'
config.section_('JobType')
config.JobType.psetName = 'PbPb_2018_cfg.py'
config.JobType.pluginName = 'Analysis'
config.section_('Data')
config.Data.totalUnits = -1
config.Data.outLFNDirBase = '/store/user/bibehera/'
config.Data.splitting = 'LumiBased'
config.Data.publication = False
config.Data.unitsPerJob = 3
config.Data.inputDataset = '/IonPhysics0/bibehera-V0_OO_IP0_Run2025_MiniAOD-ca42279dfc2dce710b3991c24f27a617/USER'
config.Data.lumiMask = 'generated_json.json'
config.Data.outputDatasetTag = '2pc_OO_V0_IM_effcorr_v1_cent0to50_IP0'
config.Data.secondaryInputDataset = '/IonPhysics0/OORun2025-PromptReco-v1/MINIAOD'
config.Data.inputDBS = 'phys03'
config.section_('Site')
config.Site.storageSite = 'T3_CH_CERNBOX'
config.section_('User')
config.section_('Debug')

DEBUG 2025-10-07 22:17:38.137 UTC: 	 self.config.JobType.psetName: PbPb_2018_cfg.py
INFO 2025-10-07 22:17:38.137 UTC: 	 Importing CMSSW configuration PbPb_2018_cfg.py
INFO 2025-10-07 22:17:39.162 UTC: 	 Finished importing CMSSW configuration PbPb_2018_cfg.py
DEBUG 2025-10-07 22:17:39.162 UTC: 	 Writing CMSSW configuration to /eos/home-b/bibehera/OO_Simfit_eff/CMSSW_15_0_6_patch1/src/Analyzer/RaghuV0Ana/cfg/OO_Data_MINIAOD/crab_2pc_OO_V0_IM_effcorr_v1_cent0to50_IP0/inputs/PSet.py
DEBUG 2025-10-07 22:17:39.238 UTC: 	 The following EDM output files will be collected: []
DEBUG 2025-10-07 22:17:39.238 UTC: 	 The following TFile output files will be collected: ['V0_test_IM_wgt.root']
DEBUG 2025-10-07 22:17:39.238 UTC: 	 The following user output files (not listed as PoolOuputModule or TFileService in the CMSSW PSet) will be collected: 
DEBUG 2025-10-07 22:17:39.238 UTC: 	 Loading required information from the environment
DEBUG 2025-10-07 22:17:39.238 UTC: 	 Found CMSSW_15_0_6_patch1 for el8_amd64_gcc12 with base /eos/home-b/bibehera/OO_Simfit_eff/CMSSW_15_0_6_patch1
DEBUG 2025-10-07 22:17:39.238 UTC: 	 Making tarball in /eos/home-b/bibehera/OO_Simfit_eff/CMSSW_15_0_6_patch1/src/Analyzer/RaghuV0Ana/cfg/OO_Data_MINIAOD/crab_2pc_OO_V0_IM_effcorr_v1_cent0to50_IP0/inputs/c2ff2f98-4dfc-4152-b7a2-b83d5aafd65adefault.tgz
DEBUG 2025-10-07 22:17:39.249 UTC: 	 Checking directory /eos/home-b/bibehera/OO_Simfit_eff/CMSSW_15_0_6_patch1/bin
DEBUG 2025-10-07 22:17:39.249 UTC: 	 Adding directory /eos/home-b/bibehera/OO_Simfit_eff/CMSSW_15_0_6_patch1/bin to tarball
DEBUG 2025-10-07 22:17:39.253 UTC: 	 Checking directory /eos/home-b/bibehera/OO_Simfit_eff/CMSSW_15_0_6_patch1/python
DEBUG 2025-10-07 22:17:39.253 UTC: 	 Adding directory /eos/home-b/bibehera/OO_Simfit_eff/CMSSW_15_0_6_patch1/python to tarball
DEBUG 2025-10-07 22:17:39.307 UTC: 	 Checking directory /eos/home-b/bibehera/OO_Simfit_eff/CMSSW_15_0_6_patch1/cfipython
DEBUG 2025-10-07 22:17:39.307 UTC: 	 Adding directory /eos/home-b/bibehera/OO_Simfit_eff/CMSSW_15_0_6_patch1/cfipython to tarball
DEBUG 2025-10-07 22:17:39.446 UTC: 	 Checking directory /eos/home-b/bibehera/OO_Simfit_eff/CMSSW_15_0_6_patch1/lib
DEBUG 2025-10-07 22:17:39.447 UTC: 	 Adding directory /eos/home-b/bibehera/OO_Simfit_eff/CMSSW_15_0_6_patch1/lib to tarball
DEBUG 2025-10-07 22:17:39.668 UTC: 	 Checking directory /eos/home-b/bibehera/OO_Simfit_eff/CMSSW_15_0_6_patch1/biglib
DEBUG 2025-10-07 22:17:39.668 UTC: 	 Adding directory /eos/home-b/bibehera/OO_Simfit_eff/CMSSW_15_0_6_patch1/biglib to tarball
DEBUG 2025-10-07 22:17:39.671 UTC: 	 Checking directory /eos/home-b/bibehera/OO_Simfit_eff/CMSSW_15_0_6_patch1/module
DEBUG 2025-10-07 22:17:39.671 UTC: 	 Checking directory /eos/home-b/bibehera/OO_Simfit_eff/CMSSW_15_0_6_patch1/config/SCRAM/hooks
DEBUG 2025-10-07 22:17:39.671 UTC: 	 Adding directory /eos/home-b/bibehera/OO_Simfit_eff/CMSSW_15_0_6_patch1/config/SCRAM/hooks to tarball
DEBUG 2025-10-07 22:17:40.028 UTC: 	 Adding directory /eos/home-b/bibehera/OO_Simfit_eff/CMSSW_15_0_6_patch1/src/Analyzer/RaghuV0Ana/data to tarball
DEBUG 2025-10-07 22:17:40.607 UTC: 	 Adding directory /eos/home-b/bibehera/OO_Simfit_eff/CMSSW_15_0_6_patch1/src/Analyzer/RaghuV0Ana/interface to tarball
DEBUG 2025-10-07 22:17:40.615 UTC: 	 Adding directory /eos/home-b/bibehera/OO_Simfit_eff/CMSSW_15_0_6_patch1/src/Analyzer/RaghuV0Ana/python to tarball
DEBUG 2025-10-07 22:17:40.627 UTC: 	 Adding directory /eos/home-b/bibehera/OO_Simfit_eff/CMSSW_15_0_6_patch1/src/HeavyIonsAnalysis/Configuration/data to tarball
DEBUG 2025-10-07 22:17:40.978 UTC: 	 Adding directory /eos/home-b/bibehera/OO_Simfit_eff/CMSSW_15_0_6_patch1/src/HeavyIonsAnalysis/Configuration/python to tarball
DEBUG 2025-10-07 22:17:41.010 UTC: 	 Adding directory /eos/home-b/bibehera/OO_Simfit_eff/CMSSW_15_0_6_patch1/src/HeavyIonsAnalysis/EGMAnalysis/data to tarball
DEBUG 2025-10-07 22:17:41.016 UTC: 	 Adding directory /eos/home-b/bibehera/OO_Simfit_eff/CMSSW_15_0_6_patch1/src/HeavyIonsAnalysis/EGMAnalysis/interface to tarball
DEBUG 2025-10-07 22:17:41.022 UTC: 	 Adding directory /eos/home-b/bibehera/OO_Simfit_eff/CMSSW_15_0_6_patch1/src/HeavyIonsAnalysis/EGMAnalysis/python to tarball
DEBUG 2025-10-07 22:17:41.032 UTC: 	 Adding directory /eos/home-b/bibehera/OO_Simfit_eff/CMSSW_15_0_6_patch1/src/HeavyIonsAnalysis/EventAnalysis/python to tarball
DEBUG 2025-10-07 22:17:41.132 UTC: 	 Adding directory /eos/home-b/bibehera/OO_Simfit_eff/CMSSW_15_0_6_patch1/src/HeavyIonsAnalysis/JetAnalysis/interface to tarball
DEBUG 2025-10-07 22:17:41.138 UTC: 	 Adding directory /eos/home-b/bibehera/OO_Simfit_eff/CMSSW_15_0_6_patch1/src/HeavyIonsAnalysis/JetAnalysis/python to tarball
DEBUG 2025-10-07 22:17:41.183 UTC: 	 Adding directory /eos/home-b/bibehera/OO_Simfit_eff/CMSSW_15_0_6_patch1/src/HeavyIonsAnalysis/MuonAnalysis/interface to tarball
DEBUG 2025-10-07 22:17:41.188 UTC: 	 Adding directory /eos/home-b/bibehera/OO_Simfit_eff/CMSSW_15_0_6_patch1/src/HeavyIonsAnalysis/MuonAnalysis/python to tarball
DEBUG 2025-10-07 22:17:41.199 UTC: 	 Adding directory /eos/home-b/bibehera/OO_Simfit_eff/CMSSW_15_0_6_patch1/src/HeavyIonsAnalysis/TrackAnalysis/interface to tarball
DEBUG 2025-10-07 22:17:41.203 UTC: 	 Adding directory /eos/home-b/bibehera/OO_Simfit_eff/CMSSW_15_0_6_patch1/src/HeavyIonsAnalysis/TrackAnalysis/python to tarball
DEBUG 2025-10-07 22:17:41.222 UTC: 	 Adding directory /eos/home-b/bibehera/OO_Simfit_eff/CMSSW_15_0_6_patch1/src/HeavyIonsAnalysis/VertexAnalysis/python to tarball
DEBUG 2025-10-07 22:17:41.228 UTC: 	 Adding directory /eos/home-b/bibehera/OO_Simfit_eff/CMSSW_15_0_6_patch1/src/HeavyIonsAnalysis/ZDCAnalysis/python to tarball
DEBUG 2025-10-07 22:17:41.299 UTC: 	 Uploading archive /eos/home-b/bibehera/OO_Simfit_eff/CMSSW_15_0_6_patch1/src/Analyzer/RaghuV0Ana/cfg/OO_Data_MINIAOD/crab_2pc_OO_V0_IM_effcorr_v1_cent0to50_IP0/inputs/c2ff2f98-4dfc-4152-b7a2-b83d5aafd65adefault.tgz (4.677734.1 MB) to the CRAB cache. Using URI https://s3.cern.ch/crabcache
DEBUG 2025-10-07 22:17:42.297 UTC: 	 Encoded data for curl request: subresource=upload&objecttype=sandbox&tarballname=336f4a365ffd5a6e4697ef22b7544dda3255e00794f414a0c8e405d2b2365c48.tar.gz
DEBUG 2025-10-07 22:17:42.363 UTC: 	 sandbox 336f4a365ffd5a6e4697ef22b7544dda3255e00794f414a0c8e405d2b2365c48.tar.gz is already in the S3 store, will not upload again
DEBUG 2025-10-07 22:17:42.363 UTC: 	 Loading required information from the environment
DEBUG 2025-10-07 22:17:42.364 UTC: 	 Found CMSSW_15_0_6_patch1 for el8_amd64_gcc12 with base /eos/home-b/bibehera/OO_Simfit_eff/CMSSW_15_0_6_patch1
DEBUG 2025-10-07 22:17:42.364 UTC: 	 Making tarball in /eos/home-b/bibehera/OO_Simfit_eff/CMSSW_15_0_6_patch1/src/Analyzer/RaghuV0Ana/cfg/OO_Data_MINIAOD/crab_2pc_OO_V0_IM_effcorr_v1_cent0to50_IP0/inputs/debugFiles.tgz
DEBUG 2025-10-07 22:17:42.377 UTC: 	 Uploading archive /eos/home-b/bibehera/OO_Simfit_eff/CMSSW_15_0_6_patch1/src/Analyzer/RaghuV0Ana/cfg/OO_Data_MINIAOD/crab_2pc_OO_V0_IM_effcorr_v1_cent0to50_IP0/inputs/debugFiles.tgz (3 KB) to the CRAB cache. Using URI https://s3.cern.ch/crabcache
DEBUG 2025-10-07 22:17:42.383 UTC: 	 Encoded data for curl request: subresource=upload&objecttype=sandbox&tarballname=a8724af70ef753ae0831f71cc6746a1d74aa5e837045e54a8466b46bcece32e8.tar.gz
DEBUG 2025-10-07 22:17:42.436 UTC: 	 Will execute:
curl -f -v -X POST  -H "User-Agent: CRAB" -F "key=bibehera/sandboxes/a8724af70ef753ae0831f71cc6746a1d74aa5e837045e54a8466b46bcece32e8.tar.gz" -F "AWSAccessKeyId=715203df6482458ba839e73e6dab634b" -F "policy=eyJleHBpcmF0aW9uIjogIjIwMjUtMTAtMDdUMjM6MTc6NDJaIiwgImNvbmRpdGlvbnMiOiBbeyJidWNrZXQiOiAiY3JhYmNhY2hlX3Byb2QifSwgeyJrZXkiOiAiYmliZWhlcmEvc2FuZGJveGVzL2E4NzI0YWY3MGVmNzUzYWUwODMxZjcxY2M2NzQ2YTFkNzRhYTVlODM3MDQ1ZTU0YTg0NjZiNDZiY2VjZTMyZTgudGFyLmd6In1dfQ==" -F "signature=CNFL7fh24qCBql+OxEZS6ZYyf9U=" -F "file=@/eos/home-b/bibehera/OO_Simfit_eff/CMSSW_15_0_6_patch1/src/Analyzer/RaghuV0Ana/cfg/OO_Data_MINIAOD/crab_2pc_OO_V0_IM_effcorr_v1_cent0to50_IP0/inputs/debugFiles.tgz" "https://s3.cern.ch/crabcache_prod"
DEBUG 2025-10-07 22:17:42.606 UTC: 	 exitcode: 0
stdout: b''
DEBUG 2025-10-07 22:17:42.606 UTC: 	 upload to S3 of sandbox /eos/home-b/bibehera/OO_Simfit_eff/CMSSW_15_0_6_patch1/src/Analyzer/RaghuV0Ana/cfg/OO_Data_MINIAOD/crab_2pc_OO_V0_IM_effcorr_v1_cent0to50_IP0/inputs/debugFiles.tgz completed
DEBUG 2025-10-07 22:17:42.606 UTC: 	 make sure that object is ready for retrieve
DEBUG 2025-10-07 22:17:43.607 UTC: 	 Encoded data for curl request: subresource=download&objecttype=sandbox&tarballname=a8724af70ef753ae0831f71cc6746a1d74aa5e837045e54a8466b46bcece32e8.tar.gz&clientmethod=head_object
DEBUG 2025-10-07 22:17:43.651 UTC: 	 PreSignedUrl to download sandbox received OK
DEBUG 2025-10-07 22:17:43.654 UTC: 	 Will execute:
 curl -v -s -f -o /dev/null --head  "https://s3.cern.ch/crabcache_prod/bibehera/sandboxes/a8724af70ef753ae0831f71cc6746a1d74aa5e837045e54a8466b46bcece32e8.tar.gz?AWSAccessKeyId=715203df6482458ba839e73e6dab634b&Signature=r%2B%2F0l1%2Bk%2Fe8%2BxvSD94rf%2BoOygH4%3D&Expires=1759879063"
DEBUG 2025-10-07 22:17:43.685 UTC: 	 exitcode: 0
stdout: b''
DEBUG 2025-10-07 22:17:43.685 UTC: 	 sandbox /eos/home-b/bibehera/OO_Simfit_eff/CMSSW_15_0_6_patch1/src/Analyzer/RaghuV0Ana/cfg/OO_Data_MINIAOD/crab_2pc_OO_V0_IM_effcorr_v1_cent0to50_IP0/inputs/debugFiles.tgz successfully uploaded to S3
DEBUG 2025-10-07 22:17:43.685 UTC: 	 Result uploading input files: 336f4a365ffd5a6e4697ef22b7544dda3255e00794f414a0c8e405d2b2365c48.tar.gz 
DEBUG 2025-10-07 22:17:43.685 UTC: 	 Attaching lumi mask generated_json.json to the request
DEBUG 2025-10-07 22:17:43.685 UTC: 	 Reading lumi-mask from generated_json.json
DEBUG 2025-10-07 22:17:43.687 UTC: 	 submit() - self.configuration from WMCore.Configuration import Configuration
config = Configuration()
config.section_('General')
config.General.transferOutputs = True
config.General.transferLogs = True
config.General.workArea = 'OO_Data_MINIAOD'
config.General.requestName = '2pc_OO_V0_IM_effcorr_v1_cent0to50_IP0'
config.section_('JobType')
config.JobType.psetName = 'PbPb_2018_cfg.py'
config.JobType.pluginName = 'Analysis'
config.section_('Data')
config.Data.totalUnits = -1
config.Data.outLFNDirBase = '/store/user/bibehera/'
config.Data.splitting = 'LumiBased'
config.Data.publication = False
config.Data.unitsPerJob = 3
config.Data.inputDataset = '/IonPhysics0/bibehera-V0_OO_IP0_Run2025_MiniAOD-ca42279dfc2dce710b3991c24f27a617/USER'
config.Data.lumiMask = 'generated_json.json'
config.Data.outputDatasetTag = '2pc_OO_V0_IM_effcorr_v1_cent0to50_IP0'
config.Data.secondaryInputDataset = '/IonPhysics0/OORun2025-PromptReco-v1/MINIAOD'
config.Data.inputDBS = 'phys03'
config.section_('Site')
config.Site.storageSite = 'T3_CH_CERNBOX'
config.section_('User')
config.section_('Debug')

DEBUG 2025-10-07 22:17:43.687 UTC: 	 submit() - self.configreq {'dryrun': 0, 'workflow': 'crab_2pc_OO_V0_IM_effcorr_v1_cent0to50_IP0', 'saveoutput': 1, 'savelogsflag': 1, 'inputdata': '/IonPhysics0/bibehera-V0_OO_IP0_Run2025_MiniAOD-ca42279dfc2dce710b3991c24f27a617/USER', 'nonvaliddata': 0, 'userfiles': [], 'dbsurl': 'https://cmsweb.cern.ch/dbs/prod/phys03/DBSReader', 'useparent': 0, 'secondarydata': '/IonPhysics0/OORun2025-PromptReco-v1/MINIAOD', 'ignorelocality': 0, 'splitalgo': 'LumiBased', 'algoargs': 3, 'totalunits': -1, 'lfn': '/store/user/bibehera/', 'publication': 0, 'publishdbsurl': 'https://cmsweb.cern.ch/dbs/prod/phys03/DBSWriter', 'publishname2': '2pc_OO_V0_IM_effcorr_v1_cent0to50_IP0', 'jobtype': 'Analysis', 'generator': 'pythia', 'addoutputfiles': [], 'maxjobruntime': 1250, 'numcores': 1, 'maxmemory': 2000, 'priority': 10, 'nonprodsw': 0, 'asyncdest': 'T3_CH_CERNBOX', 'requireaccelerator': 0, 'oneEventMode': 0, 'extrajdl': [], 'ignoreglobalblacklist': 0, 'partialdataset': 0, 'inputblocks': []}
DEBUG 2025-10-07 22:17:43.687 UTC: 	 submit() - jobconfig {'addoutputfiles': [], 'tfileoutfiles': ['V0_test_IM_wgt.root'], 'edmoutfiles': [], 'jobarch': 'el8_amd64_gcc12', 'jobminuarch': 'x86-64-v3', 'jobsw': 'CMSSW_15_0_6_patch1', 'inputdata': '/IonPhysics0/bibehera-V0_OO_IP0_Run2025_MiniAOD-ca42279dfc2dce710b3991c24f27a617/USER', 'cacheurl': 'https://s3.cern.ch/crabcache', 'cachefilename': '336f4a365ffd5a6e4697ef22b7544dda3255e00794f414a0c8e405d2b2365c48.tar.gz', 'debugfilename': 'a8724af70ef753ae0831f71cc6746a1d74aa5e837045e54a8466b46bcece32e8.tar.gz', 'runs': ['394153', '394154', '394169', '394175', '394183', '394184', '394185', '394186', '394187', '394188', '394189', '394204', '394209', '394217'], 'lumis': ['40,169', '1,886', '39,997', '47,988', '15,239', '1,667', '1,3', '1,15', '1,1', '1,107', '1,72', '38,932', '23,1209', '41,838'], 'jobtype': 'Analysis'}
INFO 2025-10-07 22:17:43.687 UTC: 	 Sending the request to the server at cmsweb.cern.ch
DEBUG 2025-10-07 22:17:43.687 UTC: 	 Submitting {'dryrun': 0, 'workflow': 'crab_2pc_OO_V0_IM_effcorr_v1_cent0to50_IP0', 'saveoutput': 1, 'savelogsflag': 1, 'inputdata': '/IonPhysics0/bibehera-V0_OO_IP0_Run2025_MiniAOD-ca42279dfc2dce710b3991c24f27a617/USER', 'nonvaliddata': 0, 'userfiles': [], 'dbsurl': 'https://cmsweb.cern.ch/dbs/prod/phys03/DBSReader', 'useparent': 0, 'secondarydata': '/IonPhysics0/OORun2025-PromptReco-v1/MINIAOD', 'ignorelocality': 0, 'splitalgo': 'LumiBased', 'algoargs': 3, 'totalunits': -1, 'lfn': '/store/user/bibehera/', 'publication': 0, 'publishdbsurl': 'https://cmsweb.cern.ch/dbs/prod/phys03/DBSWriter', 'publishname2': '2pc_OO_V0_IM_effcorr_v1_cent0to50_IP0', 'jobtype': 'Analysis', 'generator': 'pythia', 'addoutputfiles': [], 'maxjobruntime': 1250, 'numcores': 1, 'maxmemory': 2000, 'priority': 10, 'nonprodsw': 0, 'asyncdest': 'T3_CH_CERNBOX', 'requireaccelerator': 0, 'oneEventMode': 0, 'extrajdl': [], 'ignoreglobalblacklist': 0, 'partialdataset': 0, 'inputblocks': [], 'tfileoutfiles': ['V0_test_IM_wgt.root'], 'edmoutfiles': [], 'jobarch': 'el8_amd64_gcc12', 'jobminuarch': 'x86-64-v3', 'jobsw': 'CMSSW_15_0_6_patch1', 'cacheurl': 'https://s3.cern.ch/crabcache', 'cachefilename': '336f4a365ffd5a6e4697ef22b7544dda3255e00794f414a0c8e405d2b2365c48.tar.gz', 'debugfilename': 'a8724af70ef753ae0831f71cc6746a1d74aa5e837045e54a8466b46bcece32e8.tar.gz', 'runs': ['394153', '394154', '394169', '394175', '394183', '394184', '394185', '394186', '394187', '394188', '394189', '394204', '394209', '394217'], 'lumis': ['40,169', '1,886', '39,997', '47,988', '15,239', '1,667', '1,3', '1,15', '1,1', '1,107', '1,72', '38,932', '23,1209', '41,838']} 
DEBUG 2025-10-07 22:17:43.688 UTC: 	 Encoded data for curl request: dryrun=0&workflow=crab_2pc_OO_V0_IM_effcorr_v1_cent0to50_IP0&saveoutput=1&savelogsflag=1&inputdata=%2FIonPhysics0%2Fbibehera-V0_OO_IP0_Run2025_MiniAOD-ca42279dfc2dce710b3991c24f27a617%2FUSER&nonvaliddata=0&dbsurl=https%3A%2F%2Fcmsweb.cern.ch%2Fdbs%2Fprod%2Fphys03%2FDBSReader&useparent=0&secondarydata=%2FIonPhysics0%2FOORun2025-PromptReco-v1%2FMINIAOD&ignorelocality=0&splitalgo=LumiBased&algoargs=3&totalunits=-1&lfn=%2Fstore%2Fuser%2Fbibehera%2F&publication=0&publishdbsurl=https%3A%2F%2Fcmsweb.cern.ch%2Fdbs%2Fprod%2Fphys03%2FDBSWriter&publishname2=2pc_OO_V0_IM_effcorr_v1_cent0to50_IP0&jobtype=Analysis&generator=pythia&maxjobruntime=1250&numcores=1&maxmemory=2000&priority=10&nonprodsw=0&asyncdest=T3_CH_CERNBOX&requireaccelerator=0&oneEventMode=0&ignoreglobalblacklist=0&partialdataset=0&jobarch=el8_amd64_gcc12&jobminuarch=x86-64-v3&jobsw=CMSSW_15_0_6_patch1&cacheurl=https%3A%2F%2Fs3.cern.ch%2Fcrabcache&cachefilename=336f4a365ffd5a6e4697ef22b7544dda3255e00794f414a0c8e405d2b2365c48.tar.gz&debugfilename=a8724af70ef753ae0831f71cc6746a1d74aa5e837045e54a8466b46bcece32e8.tar.gz&tfileoutfiles=V0_test_IM_wgt.root&runs=394153&runs=394154&runs=394169&runs=394175&runs=394183&runs=394184&runs=394185&runs=394186&runs=394187&runs=394188&runs=394189&runs=394204&runs=394209&runs=394217&lumis=40%2C169&lumis=1%2C886&lumis=39%2C997&lumis=47%2C988&lumis=15%2C239&lumis=1%2C667&lumis=1%2C3&lumis=1%2C15&lumis=1%2C1&lumis=1%2C107&lumis=1%2C72&lumis=38%2C932&lumis=23%2C1209&lumis=41%2C838
DEBUG 2025-10-07 22:17:43.748 UTC: 	 Result: {'result': [{'RequestName': '251007_221743:bibehera_crab_2pc_OO_V0_IM_effcorr_v1_cent0to50_IP0'}]}
INFO 2025-10-07 22:17:43.759 UTC: 	 Success: Your task has been delivered to the prod CRAB3 server.
INFO 2025-10-07 22:17:43.759 UTC: 	 Task name: 251007_221743:bibehera_crab_2pc_OO_V0_IM_effcorr_v1_cent0to50_IP0
INFO 2025-10-07 22:17:43.759 UTC: 	 Project dir: OO_Data_MINIAOD/crab_2pc_OO_V0_IM_effcorr_v1_cent0to50_IP0
INFO 2025-10-07 22:17:43.759 UTC: 	 Please use ' crab status -d OO_Data_MINIAOD/crab_2pc_OO_V0_IM_effcorr_v1_cent0to50_IP0 ' to check how the submission process proceeds.
DEBUG 2025-10-07 22:17:43.759 UTC: 	 About to return
INFO 2025-10-07 22:17:43.785 UTC: 	 Log file is /eos/home-b/bibehera/OO_Simfit_eff/CMSSW_15_0_6_patch1/src/Analyzer/RaghuV0Ana/cfg/OO_Data_MINIAOD/crab_2pc_OO_V0_IM_effcorr_v1_cent0to50_IP0/crab.log
