DEBUG 2025-09-09 11:45:59.001 UTC: 	 CRAB Client version: v3.250820
DEBUG 2025-09-09 11:45:59.001 UTC: 	 Running on: Linux lxplus975.cern.ch 5.14.0-570.30.1.el9_6.x86_64 #1 SMP PREEMPT_DYNAMIC Thu Jul 24 11:44:19 EDT 2025 x86_64 x86_64 x86_64 GNU/Linux
DEBUG 2025-09-09 11:45:59.001 UTC: 	 Not using Singularity
DEBUG 2025-09-09 11:45:59.001 UTC: 	 Operating System: Red Hat Enterprise Linux 9.6 (Plow)
DEBUG 2025-09-09 11:45:59.001 UTC: 	 Executing command: 'submit'
DEBUG 2025-09-09 11:45:59.002 UTC: 	 Found CRAB cache file /afs/cern.ch/user/b/bibehera/.crab3
INFO 2025-09-09 11:45:59.002 UTC: 	 Will use CRAB configuration file crab_config2.py
DEBUG 2025-09-09 11:45:59.003 UTC: 	 Loading CRAB configuration file.
DEBUG 2025-09-09 11:45:59.010 UTC: 	 Overriden parameter General.requestName with '2pc_OO_V0_InMass_IP23'
DEBUG 2025-09-09 11:45:59.010 UTC: 	 Overriden parameter Data.inputDataset with '/IonPhysics23/bibehera-2pc_OO_V0_IP23-ca42279dfc2dce710b3991c24f27a617/USER'
DEBUG 2025-09-09 11:45:59.010 UTC: 	 Overriden parameter Data.secondaryInputDataset with '/IonPhysics23/OORun2025-PromptReco-v1/MINIAOD'
DEBUG 2025-09-09 11:45:59.010 UTC: 	 Overriden parameter Data.outputDatasetTag with '2pc_OO_V0_InMass_IP23'
DEBUG 2025-09-09 11:45:59.010 UTC: 	 Will use CRAB plugin ANALYSIS (i.e. will run an analysis job type).
DEBUG 2025-09-09 11:45:59.019 UTC: 	 Checking credentials
DEBUG 2025-09-09 11:45:59.020 UTC: 	 Found proxy file /tmp/x509up_u177753
DEBUG 2025-09-09 11:45:59.020 UTC: 	 Making sure it has proper VOMS extension
DEBUG 2025-09-09 11:45:59.020 UTC: 	 Executing command :
 voms-proxy-info --vo --file /tmp/x509up_u177753
DEBUG 2025-09-09 11:45:59.053 UTC: 	 output : cms

 error: 
 retcode : 0
DEBUG 2025-09-09 11:45:59.054 UTC: 	 Getting proxy life time left
DEBUG 2025-09-09 11:45:59.054 UTC: 	 Executing command :
 voms-proxy-info --actimeleft --timeleft --file /tmp/x509up_u177753
DEBUG 2025-09-09 11:45:59.079 UTC: 	 output : 42020
42020

 error: 
 retcode : 0
DEBUG 2025-09-09 11:45:59.079 UTC: 	 Proxy valid for 11:40:20 hours
DEBUG 2025-09-09 11:45:59.079 UTC: 	 Encoded data for curl request: subresource=delegatedn
DEBUG 2025-09-09 11:45:59.138 UTC: 	 Registering user credentials on myproxy for /DC=ch/DC=cern/OU=computers/CN=crab-(preprod|prod)-tw(01|02).cern.ch|/DC=ch/DC=cern/OU=computers/CN=crab-dev-tw(01|02|03|04).cern.ch|/DC=ch/DC=cern/OU=Organic Units/OU=Users/CN=cmscrab/CN=(817881|373708)/CN=Robot: cms crab|/DC=ch/DC=cern/OU=Organic Units/OU=Users/CN=crabint1/CN=373708/CN=Robot: CMS CRAB Integration 1
DEBUG 2025-09-09 11:45:59.139 UTC: 	 Executing command :
 voms-proxy-info --identity --file /tmp/x509up_u177753
DEBUG 2025-09-09 11:45:59.171 UTC: 	 output : /DC=ch/DC=cern/OU=Organic Units/OU=Users/CN=bibehera/CN=882295/CN=Bismita Behera

 error: 
 retcode : 0
DEBUG 2025-09-09 11:45:59.171 UTC: 	 Getting myproxy life time left for bfbdf12a5670e45fdd055ff115afbb0f25b8a072
DEBUG 2025-09-09 11:45:59.171 UTC: 	 Executing command :
 myproxy-info -s myproxy.cern.ch -l bfbdf12a5670e45fdd055ff115afbb0f25b8a072
DEBUG 2025-09-09 11:45:59.472 UTC: 	 output : username: bfbdf12a5670e45fdd055ff115afbb0f25b8a072
owner: /DC=ch/DC=cern/OU=Organic Units/OU=Users/CN=bibehera/CN=882295/CN=Bismita Behera
  renewal policy: /DC=ch/DC=cern/OU=computers/CN=crab-(preprod|prod)-tw(01|02).cern.ch|/DC=ch/DC=cern/OU=computers/CN=crab-dev-tw(01|02|03|04).cern.ch|/DC=ch/DC=cern/OU=Organic Units/OU=Users/CN=cmscrab/CN=(817881|373708)/CN=Robot: cms crab|/DC=ch/DC=cern/OU=Organic Units/OU=Users/CN=crabint1/CN=373708/CN=Robot: CMS CRAB Integration 1
  trusted retrieval policy: /DC=ch/DC=cern/OU=computers/CN=crab-(preprod|prod)-tw(01|02).cern.ch|/DC=ch/DC=cern/OU=computers/CN=crab-dev-tw(01|02|03|04).cern.ch|/DC=ch/DC=cern/OU=Organic Units/OU=Users/CN=cmscrab/CN=(817881|373708)/CN=Robot: cms crab|/DC=ch/DC=cern/OU=Organic Units/OU=Users/CN=crabint1/CN=373708/CN=Robot: CMS CRAB Integration 1
  timeleft: 392:35:08  (16.4 days)

 error: 
 retcode : 0
DEBUG 2025-09-09 11:45:59.472 UTC: 	 Myproxy is valid: 1413300
DEBUG 2025-09-09 11:45:59.472 UTC: 	 Result of myproxy credential check:
  Credential exists on myproxy: username: bfbdf12a5670e45fdd055ff115afbb0f25b8a072  - validity: 16 days, 8:35:00
DEBUG 2025-09-09 11:45:59.473 UTC: 	 Command use: submit
DEBUG 2025-09-09 11:45:59.473 UTC: 	 Options use: ['-c', 'crab_config2.py', 'General.requestName=2pc_OO_V0_InMass_IP23', 'Data.inputDataset=/IonPhysics23/bibehera-2pc_OO_V0_IP23-ca42279dfc2dce710b3991c24f27a617/USER', 'Data.secondaryInputDataset=/IonPhysics23/OORun2025-PromptReco-v1/MINIAOD', 'Data.outputDatasetTag=2pc_OO_V0_InMass_IP23']
DEBUG 2025-09-09 11:45:59.473 UTC: 	 Encoded data for curl request: subresource=version
DEBUG 2025-09-09 11:45:59.542 UTC: 	 CRABClient version: v3.250820
DEBUG 2025-09-09 11:45:59.543 UTC: 	 Instance is prod
DEBUG 2025-09-09 11:45:59.543 UTC: 	 Server base url is cmsweb.cern.ch
DEBUG 2025-09-09 11:45:59.543 UTC: 	 Command api workflow
DEBUG 2025-09-09 11:45:59.543 UTC: 	 Started submission
DEBUG 2025-09-09 11:45:59.543 UTC: 	 Working on /eos/home-b/bibehera/OO_Simfit/CMSSW_15_0_6_patch1/src/Analyzer/RaghuV0Ana/cfg/OO_Data_MINIAOD/crab_2pc_OO_V0_InMass_IP23
DEBUG 2025-09-09 11:45:59.543 UTC: 	 Encoded data for curl request: subresource=backendurls
DEBUG 2025-09-09 11:45:59.646 UTC: 	 Loading required information from the environment
DEBUG 2025-09-09 11:45:59.646 UTC: 	 Found CMSSW_15_0_6_patch1 for el9_amd64_gcc12 with base /eos/home-b/bibehera/OO_Simfit/CMSSW_15_0_6_patch1
DEBUG 2025-09-09 11:45:59.646 UTC: 	 Loading required information from the environment
DEBUG 2025-09-09 11:45:59.646 UTC: 	 Found CMSSW_15_0_6_patch1 for el9_amd64_gcc12 with base /eos/home-b/bibehera/OO_Simfit/CMSSW_15_0_6_patch1
DEBUG 2025-09-09 11:45:59.646 UTC: 	 UNIQUE NAME: tarUUID 480ca05b-a610-4c03-997b-1611b8175980 
DEBUG 2025-09-09 11:45:59.646 UTC: 	 self.config: from WMCore.Configuration import Configuration
config = Configuration()
config.section_('General')
config.General.requestName = '2pc_OO_V0_InMass_IP23'
config.General.transferLogs = True
config.General.workArea = 'OO_Data_MINIAOD'
config.General.transferOutputs = True
config.section_('JobType')
config.JobType.pluginName = 'Analysis'
config.JobType.psetName = 'PbPb_2018_cfg.py'
config.section_('Data')
config.Data.lumiMask = 'generated_json.json'
config.Data.outputDatasetTag = '2pc_OO_V0_InMass_IP23'
config.Data.outLFNDirBase = '/store/user/bibehera/'
config.Data.inputDataset = '/IonPhysics23/bibehera-2pc_OO_V0_IP23-ca42279dfc2dce710b3991c24f27a617/USER'
config.Data.publication = False
config.Data.unitsPerJob = 3
config.Data.totalUnits = -1
config.Data.secondaryInputDataset = '/IonPhysics23/OORun2025-PromptReco-v1/MINIAOD'
config.Data.splitting = 'LumiBased'
config.Data.inputDBS = 'phys03'
config.section_('Site')
config.Site.storageSite = 'T3_CH_CERNBOX'
config.section_('User')
config.section_('Debug')

DEBUG 2025-09-09 11:45:59.646 UTC: 	 self.config.JobType.psetName: PbPb_2018_cfg.py
INFO 2025-09-09 11:45:59.647 UTC: 	 Importing CMSSW configuration PbPb_2018_cfg.py
INFO 2025-09-09 11:46:00.601 UTC: 	 Finished importing CMSSW configuration PbPb_2018_cfg.py
DEBUG 2025-09-09 11:46:00.601 UTC: 	 Writing CMSSW configuration to /eos/home-b/bibehera/OO_Simfit/CMSSW_15_0_6_patch1/src/Analyzer/RaghuV0Ana/cfg/OO_Data_MINIAOD/crab_2pc_OO_V0_InMass_IP23/inputs/PSet.py
DEBUG 2025-09-09 11:46:00.649 UTC: 	 The following EDM output files will be collected: []
DEBUG 2025-09-09 11:46:00.649 UTC: 	 The following TFile output files will be collected: ['V0_test_pt_invariantmass1.root']
DEBUG 2025-09-09 11:46:00.649 UTC: 	 The following user output files (not listed as PoolOuputModule or TFileService in the CMSSW PSet) will be collected: 
DEBUG 2025-09-09 11:46:00.649 UTC: 	 Loading required information from the environment
DEBUG 2025-09-09 11:46:00.649 UTC: 	 Found CMSSW_15_0_6_patch1 for el9_amd64_gcc12 with base /eos/home-b/bibehera/OO_Simfit/CMSSW_15_0_6_patch1
DEBUG 2025-09-09 11:46:00.649 UTC: 	 Making tarball in /eos/home-b/bibehera/OO_Simfit/CMSSW_15_0_6_patch1/src/Analyzer/RaghuV0Ana/cfg/OO_Data_MINIAOD/crab_2pc_OO_V0_InMass_IP23/inputs/480ca05b-a610-4c03-997b-1611b8175980default.tgz
DEBUG 2025-09-09 11:46:00.651 UTC: 	 Checking directory /eos/home-b/bibehera/OO_Simfit/CMSSW_15_0_6_patch1/bin
DEBUG 2025-09-09 11:46:00.652 UTC: 	 Adding directory /eos/home-b/bibehera/OO_Simfit/CMSSW_15_0_6_patch1/bin to tarball
DEBUG 2025-09-09 11:46:00.682 UTC: 	 Checking directory /eos/home-b/bibehera/OO_Simfit/CMSSW_15_0_6_patch1/python
DEBUG 2025-09-09 11:46:00.682 UTC: 	 Adding directory /eos/home-b/bibehera/OO_Simfit/CMSSW_15_0_6_patch1/python to tarball
DEBUG 2025-09-09 11:46:00.791 UTC: 	 Checking directory /eos/home-b/bibehera/OO_Simfit/CMSSW_15_0_6_patch1/cfipython
DEBUG 2025-09-09 11:46:00.791 UTC: 	 Adding directory /eos/home-b/bibehera/OO_Simfit/CMSSW_15_0_6_patch1/cfipython to tarball
DEBUG 2025-09-09 11:46:01.038 UTC: 	 Checking directory /eos/home-b/bibehera/OO_Simfit/CMSSW_15_0_6_patch1/lib
DEBUG 2025-09-09 11:46:01.038 UTC: 	 Adding directory /eos/home-b/bibehera/OO_Simfit/CMSSW_15_0_6_patch1/lib to tarball
DEBUG 2025-09-09 11:46:01.272 UTC: 	 Checking directory /eos/home-b/bibehera/OO_Simfit/CMSSW_15_0_6_patch1/biglib
DEBUG 2025-09-09 11:46:01.272 UTC: 	 Adding directory /eos/home-b/bibehera/OO_Simfit/CMSSW_15_0_6_patch1/biglib to tarball
DEBUG 2025-09-09 11:46:01.277 UTC: 	 Checking directory /eos/home-b/bibehera/OO_Simfit/CMSSW_15_0_6_patch1/module
DEBUG 2025-09-09 11:46:01.277 UTC: 	 Checking directory /eos/home-b/bibehera/OO_Simfit/CMSSW_15_0_6_patch1/config/SCRAM/hooks
DEBUG 2025-09-09 11:46:01.278 UTC: 	 Adding directory /eos/home-b/bibehera/OO_Simfit/CMSSW_15_0_6_patch1/config/SCRAM/hooks to tarball
DEBUG 2025-09-09 11:46:01.443 UTC: 	 Adding directory /eos/home-b/bibehera/OO_Simfit/CMSSW_15_0_6_patch1/src/Analyzer/RaghuV0Ana/data to tarball
DEBUG 2025-09-09 11:46:01.873 UTC: 	 Adding directory /eos/home-b/bibehera/OO_Simfit/CMSSW_15_0_6_patch1/src/Analyzer/RaghuV0Ana/interface to tarball
DEBUG 2025-09-09 11:46:01.886 UTC: 	 Adding directory /eos/home-b/bibehera/OO_Simfit/CMSSW_15_0_6_patch1/src/Analyzer/RaghuV0Ana/python to tarball
DEBUG 2025-09-09 11:46:01.903 UTC: 	 Adding directory /eos/home-b/bibehera/OO_Simfit/CMSSW_15_0_6_patch1/src/HeavyIonsAnalysis/Configuration/data to tarball
DEBUG 2025-09-09 11:46:02.283 UTC: 	 Adding directory /eos/home-b/bibehera/OO_Simfit/CMSSW_15_0_6_patch1/src/HeavyIonsAnalysis/Configuration/python to tarball
DEBUG 2025-09-09 11:46:02.339 UTC: 	 Adding directory /eos/home-b/bibehera/OO_Simfit/CMSSW_15_0_6_patch1/src/HeavyIonsAnalysis/EGMAnalysis/data to tarball
DEBUG 2025-09-09 11:46:02.349 UTC: 	 Adding directory /eos/home-b/bibehera/OO_Simfit/CMSSW_15_0_6_patch1/src/HeavyIonsAnalysis/EGMAnalysis/interface to tarball
DEBUG 2025-09-09 11:46:02.356 UTC: 	 Adding directory /eos/home-b/bibehera/OO_Simfit/CMSSW_15_0_6_patch1/src/HeavyIonsAnalysis/EGMAnalysis/python to tarball
DEBUG 2025-09-09 11:46:02.372 UTC: 	 Adding directory /eos/home-b/bibehera/OO_Simfit/CMSSW_15_0_6_patch1/src/HeavyIonsAnalysis/EventAnalysis/python to tarball
DEBUG 2025-09-09 11:46:02.522 UTC: 	 Adding directory /eos/home-b/bibehera/OO_Simfit/CMSSW_15_0_6_patch1/src/HeavyIonsAnalysis/JetAnalysis/interface to tarball
DEBUG 2025-09-09 11:46:02.534 UTC: 	 Adding directory /eos/home-b/bibehera/OO_Simfit/CMSSW_15_0_6_patch1/src/HeavyIonsAnalysis/JetAnalysis/python to tarball
DEBUG 2025-09-09 11:46:02.609 UTC: 	 Adding directory /eos/home-b/bibehera/OO_Simfit/CMSSW_15_0_6_patch1/src/HeavyIonsAnalysis/MuonAnalysis/interface to tarball
DEBUG 2025-09-09 11:46:02.617 UTC: 	 Adding directory /eos/home-b/bibehera/OO_Simfit/CMSSW_15_0_6_patch1/src/HeavyIonsAnalysis/MuonAnalysis/python to tarball
DEBUG 2025-09-09 11:46:02.631 UTC: 	 Adding directory /eos/home-b/bibehera/OO_Simfit/CMSSW_15_0_6_patch1/src/HeavyIonsAnalysis/TrackAnalysis/interface to tarball
DEBUG 2025-09-09 11:46:02.637 UTC: 	 Adding directory /eos/home-b/bibehera/OO_Simfit/CMSSW_15_0_6_patch1/src/HeavyIonsAnalysis/TrackAnalysis/python to tarball
DEBUG 2025-09-09 11:46:02.663 UTC: 	 Adding directory /eos/home-b/bibehera/OO_Simfit/CMSSW_15_0_6_patch1/src/HeavyIonsAnalysis/VertexAnalysis/python to tarball
DEBUG 2025-09-09 11:46:02.674 UTC: 	 Adding directory /eos/home-b/bibehera/OO_Simfit/CMSSW_15_0_6_patch1/src/HeavyIonsAnalysis/ZDCAnalysis/python to tarball
DEBUG 2025-09-09 11:46:02.852 UTC: 	 Uploading archive /eos/home-b/bibehera/OO_Simfit/CMSSW_15_0_6_patch1/src/Analyzer/RaghuV0Ana/cfg/OO_Data_MINIAOD/crab_2pc_OO_V0_InMass_IP23/inputs/480ca05b-a610-4c03-997b-1611b8175980default.tgz (3.182617.1 MB) to the CRAB cache. Using URI https://cmsweb.cern.ch/S3/crabcache_prod
DEBUG 2025-09-09 11:46:03.842 UTC: 	 Encoded data for curl request: subresource=upload&objecttype=sandbox&tarballname=51e72922afa6ee5eb35f179f5e4f814b2fd77b87b948a015995de24a8135229a.tar.gz
DEBUG 2025-09-09 11:46:03.956 UTC: 	 sandbox 51e72922afa6ee5eb35f179f5e4f814b2fd77b87b948a015995de24a8135229a.tar.gz is already in the S3 store, will not upload again
DEBUG 2025-09-09 11:46:03.957 UTC: 	 Loading required information from the environment
DEBUG 2025-09-09 11:46:03.957 UTC: 	 Found CMSSW_15_0_6_patch1 for el9_amd64_gcc12 with base /eos/home-b/bibehera/OO_Simfit/CMSSW_15_0_6_patch1
DEBUG 2025-09-09 11:46:03.957 UTC: 	 Making tarball in /eos/home-b/bibehera/OO_Simfit/CMSSW_15_0_6_patch1/src/Analyzer/RaghuV0Ana/cfg/OO_Data_MINIAOD/crab_2pc_OO_V0_InMass_IP23/inputs/debugFiles.tgz
DEBUG 2025-09-09 11:46:03.967 UTC: 	 Uploading archive /eos/home-b/bibehera/OO_Simfit/CMSSW_15_0_6_patch1/src/Analyzer/RaghuV0Ana/cfg/OO_Data_MINIAOD/crab_2pc_OO_V0_InMass_IP23/inputs/debugFiles.tgz (3 KB) to the CRAB cache. Using URI https://cmsweb.cern.ch/S3/crabcache_prod
DEBUG 2025-09-09 11:46:03.972 UTC: 	 Encoded data for curl request: subresource=upload&objecttype=sandbox&tarballname=60b546c483b77d1d829ae33813a1a953bcb9859a4ef7a8cae85c9dbadd8206c1.tar.gz
DEBUG 2025-09-09 11:46:04.102 UTC: 	 Will execute:
curl -f -v -X POST  -H "User-Agent: CRAB" -F "key=bibehera/sandboxes/60b546c483b77d1d829ae33813a1a953bcb9859a4ef7a8cae85c9dbadd8206c1.tar.gz" -F "AWSAccessKeyId=715203df6482458ba839e73e6dab634b" -F "policy=eyJleHBpcmF0aW9uIjogIjIwMjUtMDktMDlUMTI6NDY6MDRaIiwgImNvbmRpdGlvbnMiOiBbeyJidWNrZXQiOiAiY3JhYmNhY2hlX3Byb2QifSwgeyJrZXkiOiAiYmliZWhlcmEvc2FuZGJveGVzLzYwYjU0NmM0ODNiNzdkMWQ4MjlhZTMzODEzYTFhOTUzYmNiOTg1OWE0ZWY3YThjYWU4NWM5ZGJhZGQ4MjA2YzEudGFyLmd6In1dfQ==" -F "signature=is6czzTo0S2lRooUsHVxwHrDhAk=" -F "file=@/eos/home-b/bibehera/OO_Simfit/CMSSW_15_0_6_patch1/src/Analyzer/RaghuV0Ana/cfg/OO_Data_MINIAOD/crab_2pc_OO_V0_InMass_IP23/inputs/debugFiles.tgz" "https://s3.cern.ch/crabcache_prod"
DEBUG 2025-09-09 11:46:04.282 UTC: 	 exitcode: 0
stdout: b''
DEBUG 2025-09-09 11:46:04.282 UTC: 	 upload to S3 of sandbox /eos/home-b/bibehera/OO_Simfit/CMSSW_15_0_6_patch1/src/Analyzer/RaghuV0Ana/cfg/OO_Data_MINIAOD/crab_2pc_OO_V0_InMass_IP23/inputs/debugFiles.tgz completed
DEBUG 2025-09-09 11:46:04.282 UTC: 	 make sure that object is ready for retrieve
DEBUG 2025-09-09 11:46:05.283 UTC: 	 Encoded data for curl request: subresource=download&objecttype=sandbox&tarballname=60b546c483b77d1d829ae33813a1a953bcb9859a4ef7a8cae85c9dbadd8206c1.tar.gz&clientmethod=head_object
DEBUG 2025-09-09 11:46:05.342 UTC: 	 PreSignedUrl to download sandbox received OK
DEBUG 2025-09-09 11:46:05.345 UTC: 	 Will execute:
 curl -v -s -f -o /dev/null --head  "https://s3.cern.ch/crabcache_prod/bibehera/sandboxes/60b546c483b77d1d829ae33813a1a953bcb9859a4ef7a8cae85c9dbadd8206c1.tar.gz?AWSAccessKeyId=715203df6482458ba839e73e6dab634b&Signature=1KZEhdtoeIrh1qm3SUNbveppwRE%3D&Expires=1757421965"
DEBUG 2025-09-09 11:46:05.396 UTC: 	 exitcode: 0
stdout: b''
DEBUG 2025-09-09 11:46:05.396 UTC: 	 sandbox /eos/home-b/bibehera/OO_Simfit/CMSSW_15_0_6_patch1/src/Analyzer/RaghuV0Ana/cfg/OO_Data_MINIAOD/crab_2pc_OO_V0_InMass_IP23/inputs/debugFiles.tgz successfully uploaded to S3
DEBUG 2025-09-09 11:46:05.396 UTC: 	 Result uploading input files: 51e72922afa6ee5eb35f179f5e4f814b2fd77b87b948a015995de24a8135229a.tar.gz 
DEBUG 2025-09-09 11:46:05.396 UTC: 	 Attaching lumi mask generated_json.json to the request
DEBUG 2025-09-09 11:46:05.397 UTC: 	 Reading lumi-mask from generated_json.json
DEBUG 2025-09-09 11:46:05.401 UTC: 	 submit() - self.configuration from WMCore.Configuration import Configuration
config = Configuration()
config.section_('General')
config.General.requestName = '2pc_OO_V0_InMass_IP23'
config.General.transferLogs = True
config.General.workArea = 'OO_Data_MINIAOD'
config.General.transferOutputs = True
config.section_('JobType')
config.JobType.pluginName = 'Analysis'
config.JobType.psetName = 'PbPb_2018_cfg.py'
config.section_('Data')
config.Data.lumiMask = 'generated_json.json'
config.Data.outputDatasetTag = '2pc_OO_V0_InMass_IP23'
config.Data.outLFNDirBase = '/store/user/bibehera/'
config.Data.inputDataset = '/IonPhysics23/bibehera-2pc_OO_V0_IP23-ca42279dfc2dce710b3991c24f27a617/USER'
config.Data.publication = False
config.Data.unitsPerJob = 3
config.Data.totalUnits = -1
config.Data.secondaryInputDataset = '/IonPhysics23/OORun2025-PromptReco-v1/MINIAOD'
config.Data.splitting = 'LumiBased'
config.Data.inputDBS = 'phys03'
config.section_('Site')
config.Site.storageSite = 'T3_CH_CERNBOX'
config.section_('User')
config.section_('Debug')

DEBUG 2025-09-09 11:46:05.401 UTC: 	 submit() - self.configreq {'dryrun': 0, 'workflow': 'crab_2pc_OO_V0_InMass_IP23', 'saveoutput': 1, 'savelogsflag': 1, 'inputdata': '/IonPhysics23/bibehera-2pc_OO_V0_IP23-ca42279dfc2dce710b3991c24f27a617/USER', 'nonvaliddata': 0, 'userfiles': [], 'dbsurl': 'https://cmsweb.cern.ch/dbs/prod/phys03/DBSReader', 'useparent': 0, 'secondarydata': '/IonPhysics23/OORun2025-PromptReco-v1/MINIAOD', 'ignorelocality': 0, 'splitalgo': 'LumiBased', 'algoargs': 3, 'totalunits': -1, 'lfn': '/store/user/bibehera/', 'publication': 0, 'publishdbsurl': 'https://cmsweb.cern.ch/dbs/prod/phys03/DBSWriter', 'publishname2': '2pc_OO_V0_InMass_IP23', 'jobtype': 'Analysis', 'generator': 'pythia', 'addoutputfiles': [], 'maxjobruntime': 1250, 'numcores': 1, 'maxmemory': 2000, 'priority': 10, 'nonprodsw': 0, 'asyncdest': 'T3_CH_CERNBOX', 'requireaccelerator': 0, 'oneEventMode': 0, 'extrajdl': [], 'ignoreglobalblacklist': 0, 'partialdataset': 0, 'inputblocks': []}
DEBUG 2025-09-09 11:46:05.401 UTC: 	 submit() - jobconfig {'addoutputfiles': [], 'tfileoutfiles': ['V0_test_pt_invariantmass1.root'], 'edmoutfiles': [], 'jobarch': 'el9_amd64_gcc12', 'jobminuarch': 'x86-64-v3', 'jobsw': 'CMSSW_15_0_6_patch1', 'inputdata': '/IonPhysics23/bibehera-2pc_OO_V0_IP23-ca42279dfc2dce710b3991c24f27a617/USER', 'cacheurl': 'https://cmsweb.cern.ch/S3/crabcache_prod', 'cachefilename': '51e72922afa6ee5eb35f179f5e4f814b2fd77b87b948a015995de24a8135229a.tar.gz', 'debugfilename': '60b546c483b77d1d829ae33813a1a953bcb9859a4ef7a8cae85c9dbadd8206c1.tar.gz', 'runs': ['394153', '394154', '394169', '394175', '394183', '394184', '394185', '394186', '394187', '394188', '394189', '394204', '394209', '394217'], 'lumis': ['40,169', '1,886', '39,997', '47,988', '15,239', '1,667', '1,3', '1,15', '1,1', '1,107', '1,72', '38,932', '23,1209', '41,838'], 'jobtype': 'Analysis'}
INFO 2025-09-09 11:46:05.401 UTC: 	 Sending the request to the server at cmsweb.cern.ch
DEBUG 2025-09-09 11:46:05.402 UTC: 	 Submitting {'dryrun': 0, 'workflow': 'crab_2pc_OO_V0_InMass_IP23', 'saveoutput': 1, 'savelogsflag': 1, 'inputdata': '/IonPhysics23/bibehera-2pc_OO_V0_IP23-ca42279dfc2dce710b3991c24f27a617/USER', 'nonvaliddata': 0, 'userfiles': [], 'dbsurl': 'https://cmsweb.cern.ch/dbs/prod/phys03/DBSReader', 'useparent': 0, 'secondarydata': '/IonPhysics23/OORun2025-PromptReco-v1/MINIAOD', 'ignorelocality': 0, 'splitalgo': 'LumiBased', 'algoargs': 3, 'totalunits': -1, 'lfn': '/store/user/bibehera/', 'publication': 0, 'publishdbsurl': 'https://cmsweb.cern.ch/dbs/prod/phys03/DBSWriter', 'publishname2': '2pc_OO_V0_InMass_IP23', 'jobtype': 'Analysis', 'generator': 'pythia', 'addoutputfiles': [], 'maxjobruntime': 1250, 'numcores': 1, 'maxmemory': 2000, 'priority': 10, 'nonprodsw': 0, 'asyncdest': 'T3_CH_CERNBOX', 'requireaccelerator': 0, 'oneEventMode': 0, 'extrajdl': [], 'ignoreglobalblacklist': 0, 'partialdataset': 0, 'inputblocks': [], 'tfileoutfiles': ['V0_test_pt_invariantmass1.root'], 'edmoutfiles': [], 'jobarch': 'el9_amd64_gcc12', 'jobminuarch': 'x86-64-v3', 'jobsw': 'CMSSW_15_0_6_patch1', 'cacheurl': 'https://cmsweb.cern.ch/S3/crabcache_prod', 'cachefilename': '51e72922afa6ee5eb35f179f5e4f814b2fd77b87b948a015995de24a8135229a.tar.gz', 'debugfilename': '60b546c483b77d1d829ae33813a1a953bcb9859a4ef7a8cae85c9dbadd8206c1.tar.gz', 'runs': ['394153', '394154', '394169', '394175', '394183', '394184', '394185', '394186', '394187', '394188', '394189', '394204', '394209', '394217'], 'lumis': ['40,169', '1,886', '39,997', '47,988', '15,239', '1,667', '1,3', '1,15', '1,1', '1,107', '1,72', '38,932', '23,1209', '41,838']} 
DEBUG 2025-09-09 11:46:05.402 UTC: 	 Encoded data for curl request: dryrun=0&workflow=crab_2pc_OO_V0_InMass_IP23&saveoutput=1&savelogsflag=1&inputdata=%2FIonPhysics23%2Fbibehera-2pc_OO_V0_IP23-ca42279dfc2dce710b3991c24f27a617%2FUSER&nonvaliddata=0&dbsurl=https%3A%2F%2Fcmsweb.cern.ch%2Fdbs%2Fprod%2Fphys03%2FDBSReader&useparent=0&secondarydata=%2FIonPhysics23%2FOORun2025-PromptReco-v1%2FMINIAOD&ignorelocality=0&splitalgo=LumiBased&algoargs=3&totalunits=-1&lfn=%2Fstore%2Fuser%2Fbibehera%2F&publication=0&publishdbsurl=https%3A%2F%2Fcmsweb.cern.ch%2Fdbs%2Fprod%2Fphys03%2FDBSWriter&publishname2=2pc_OO_V0_InMass_IP23&jobtype=Analysis&generator=pythia&maxjobruntime=1250&numcores=1&maxmemory=2000&priority=10&nonprodsw=0&asyncdest=T3_CH_CERNBOX&requireaccelerator=0&oneEventMode=0&ignoreglobalblacklist=0&partialdataset=0&jobarch=el9_amd64_gcc12&jobminuarch=x86-64-v3&jobsw=CMSSW_15_0_6_patch1&cacheurl=https%3A%2F%2Fcmsweb.cern.ch%2FS3%2Fcrabcache_prod&cachefilename=51e72922afa6ee5eb35f179f5e4f814b2fd77b87b948a015995de24a8135229a.tar.gz&debugfilename=60b546c483b77d1d829ae33813a1a953bcb9859a4ef7a8cae85c9dbadd8206c1.tar.gz&tfileoutfiles=V0_test_pt_invariantmass1.root&runs=394153&runs=394154&runs=394169&runs=394175&runs=394183&runs=394184&runs=394185&runs=394186&runs=394187&runs=394188&runs=394189&runs=394204&runs=394209&runs=394217&lumis=40%2C169&lumis=1%2C886&lumis=39%2C997&lumis=47%2C988&lumis=15%2C239&lumis=1%2C667&lumis=1%2C3&lumis=1%2C15&lumis=1%2C1&lumis=1%2C107&lumis=1%2C72&lumis=38%2C932&lumis=23%2C1209&lumis=41%2C838
DEBUG 2025-09-09 11:46:05.588 UTC: 	 Result: {'result': [{'RequestName': '250909_114605:bibehera_crab_2pc_OO_V0_InMass_IP23'}]}
INFO 2025-09-09 11:46:05.599 UTC: 	 Success: Your task has been delivered to the prod CRAB3 server.
INFO 2025-09-09 11:46:05.599 UTC: 	 Task name: 250909_114605:bibehera_crab_2pc_OO_V0_InMass_IP23
INFO 2025-09-09 11:46:05.600 UTC: 	 Project dir: OO_Data_MINIAOD/crab_2pc_OO_V0_InMass_IP23
INFO 2025-09-09 11:46:05.600 UTC: 	 Please use ' crab status -d OO_Data_MINIAOD/crab_2pc_OO_V0_InMass_IP23 ' to check how the submission process proceeds.
DEBUG 2025-09-09 11:46:05.600 UTC: 	 About to return
INFO 2025-09-09 11:46:05.619 UTC: 	 Log file is /eos/home-b/bibehera/OO_Simfit/CMSSW_15_0_6_patch1/src/Analyzer/RaghuV0Ana/cfg/OO_Data_MINIAOD/crab_2pc_OO_V0_InMass_IP23/crab.log
