DEBUG 2025-09-01 20:50:36.483 UTC: 	 CRAB Client version: v3.250522
DEBUG 2025-09-01 20:50:36.483 UTC: 	 Running on: Linux lxplus965.cern.ch 5.14.0-570.28.1.el9_6.x86_64 #1 SMP PREEMPT_DYNAMIC Wed Jul 16 02:51:06 EDT 2025 x86_64 x86_64 x86_64 GNU/Linux
DEBUG 2025-09-01 20:50:36.483 UTC: 	 Not using Singularity
DEBUG 2025-09-01 20:50:36.483 UTC: 	 Operating System: Red Hat Enterprise Linux 9.6 (Plow)
DEBUG 2025-09-01 20:50:36.483 UTC: 	 Executing command: 'submit'
DEBUG 2025-09-01 20:50:36.484 UTC: 	 Found CRAB cache file /afs/cern.ch/user/b/bibehera/.crab3
INFO 2025-09-01 20:50:36.487 UTC: 	 Will use CRAB configuration file crab_config2.py
DEBUG 2025-09-01 20:50:36.487 UTC: 	 Loading CRAB configuration file.
DEBUG 2025-09-01 20:50:36.511 UTC: 	 Will use CRAB plugin ANALYSIS (i.e. will run an analysis job type).
DEBUG 2025-09-01 20:50:36.549 UTC: 	 Checking credentials
DEBUG 2025-09-01 20:50:36.549 UTC: 	 Found proxy file /tmp/x509up_u177753
DEBUG 2025-09-01 20:50:36.549 UTC: 	 Making sure it has proper VOMS extension
DEBUG 2025-09-01 20:50:36.549 UTC: 	 Executing command :
 voms-proxy-info --vo --file /tmp/x509up_u177753
DEBUG 2025-09-01 20:50:36.590 UTC: 	 output : cms

 error: 
 retcode : 0
DEBUG 2025-09-01 20:50:36.591 UTC: 	 Getting proxy life time left
DEBUG 2025-09-01 20:50:36.591 UTC: 	 Executing command :
 voms-proxy-info --actimeleft --timeleft --file /tmp/x509up_u177753
DEBUG 2025-09-01 20:50:36.622 UTC: 	 output : 29064
29064

 error: 
 retcode : 0
DEBUG 2025-09-01 20:50:36.622 UTC: 	 Proxy valid for 08:04:24 hours
DEBUG 2025-09-01 20:50:36.623 UTC: 	 Encoded data for curl request: subresource=delegatedn
DEBUG 2025-09-01 20:50:36.684 UTC: 	 Registering user credentials on myproxy for /DC=ch/DC=cern/OU=computers/CN=crab-(preprod|prod)-tw(01|02).cern.ch|/DC=ch/DC=cern/OU=computers/CN=crab-dev-tw(01|02|03|04).cern.ch|/DC=ch/DC=cern/OU=Organic Units/OU=Users/CN=cmscrab/CN=(817881|373708)/CN=Robot: cms crab|/DC=ch/DC=cern/OU=Organic Units/OU=Users/CN=crabint1/CN=373708/CN=Robot: CMS CRAB Integration 1
DEBUG 2025-09-01 20:50:36.684 UTC: 	 Executing command :
 voms-proxy-info --identity --file /tmp/x509up_u177753
DEBUG 2025-09-01 20:50:36.715 UTC: 	 output : /DC=ch/DC=cern/OU=Organic Units/OU=Users/CN=bibehera/CN=882295/CN=Bismita Behera

 error: 
 retcode : 0
DEBUG 2025-09-01 20:50:36.715 UTC: 	 Getting myproxy life time left for bfbdf12a5670e45fdd055ff115afbb0f25b8a072
DEBUG 2025-09-01 20:50:36.715 UTC: 	 Executing command :
 myproxy-info -s myproxy.cern.ch -l bfbdf12a5670e45fdd055ff115afbb0f25b8a072
DEBUG 2025-09-01 20:50:36.999 UTC: 	 output : username: bfbdf12a5670e45fdd055ff115afbb0f25b8a072
owner: /DC=ch/DC=cern/OU=Organic Units/OU=Users/CN=bibehera/CN=882295/CN=Bismita Behera
  renewal policy: /DC=ch/DC=cern/OU=computers/CN=crab-(preprod|prod)-tw(01|02).cern.ch|/DC=ch/DC=cern/OU=computers/CN=crab-dev-tw(01|02|03|04).cern.ch|/DC=ch/DC=cern/OU=Organic Units/OU=Users/CN=cmscrab/CN=(817881|373708)/CN=Robot: cms crab|/DC=ch/DC=cern/OU=Organic Units/OU=Users/CN=crabint1/CN=373708/CN=Robot: CMS CRAB Integration 1
  trusted retrieval policy: /DC=ch/DC=cern/OU=computers/CN=crab-(preprod|prod)-tw(01|02).cern.ch|/DC=ch/DC=cern/OU=computers/CN=crab-dev-tw(01|02|03|04).cern.ch|/DC=ch/DC=cern/OU=Organic Units/OU=Users/CN=cmscrab/CN=(817881|373708)/CN=Robot: cms crab|/DC=ch/DC=cern/OU=Organic Units/OU=Users/CN=crabint1/CN=373708/CN=Robot: CMS CRAB Integration 1
  timeleft: 575:30:31  (24.0 days)

 error: 
 retcode : 0
DEBUG 2025-09-01 20:50:36.999 UTC: 	 Myproxy is valid: 2071800
DEBUG 2025-09-01 20:50:37.000 UTC: 	 Result of myproxy credential check:
  Credential exists on myproxy: username: bfbdf12a5670e45fdd055ff115afbb0f25b8a072  - validity: 23 days, 23:30:00
DEBUG 2025-09-01 20:50:37.000 UTC: 	 Command use: submit
DEBUG 2025-09-01 20:50:37.000 UTC: 	 Options use: ['-c', 'crab_config2.py']
DEBUG 2025-09-01 20:50:37.000 UTC: 	 Encoded data for curl request: subresource=version
DEBUG 2025-09-01 20:50:37.051 UTC: 	 CRABClient version: v3.250522
DEBUG 2025-09-01 20:50:37.051 UTC: 	 Instance is prod
DEBUG 2025-09-01 20:50:37.051 UTC: 	 Server base url is cmsweb.cern.ch
DEBUG 2025-09-01 20:50:37.051 UTC: 	 Command api workflow
DEBUG 2025-09-01 20:50:37.051 UTC: 	 Started submission
DEBUG 2025-09-01 20:50:37.051 UTC: 	 Working on /eos/home-b/bibehera/OO_Simfit/CMSSW_15_0_6_patch1/src/Analyzer/RaghuV0Ana/cfg/OO_Data_MINIAOD/crab_2pc_OO_V0_inv_mass_IP55
DEBUG 2025-09-01 20:50:37.052 UTC: 	 Encoded data for curl request: subresource=backendurls
DEBUG 2025-09-01 20:50:37.138 UTC: 	 Loading required information from the environment
DEBUG 2025-09-01 20:50:37.139 UTC: 	 Found CMSSW_15_0_6_patch1 for el9_amd64_gcc12 with base /eos/home-b/bibehera/OO_Simfit/CMSSW_15_0_6_patch1
DEBUG 2025-09-01 20:50:37.139 UTC: 	 Loading required information from the environment
DEBUG 2025-09-01 20:50:37.139 UTC: 	 Found CMSSW_15_0_6_patch1 for el9_amd64_gcc12 with base /eos/home-b/bibehera/OO_Simfit/CMSSW_15_0_6_patch1
DEBUG 2025-09-01 20:50:37.139 UTC: 	 UNIQUE NAME: tarUUID 99755b7e-9d9c-4ac2-b7c0-f4ef2fbd5231 
DEBUG 2025-09-01 20:50:37.139 UTC: 	 self.config: from WMCore.Configuration import Configuration
config = Configuration()
config.section_('General')
config.General.transferLogs = True
config.General.transferOutputs = True
config.General.requestName = '2pc_OO_V0_inv_mass_IP55'
config.General.workArea = 'OO_Data_MINIAOD'
config.section_('JobType')
config.JobType.pluginName = 'Analysis'
config.JobType.psetName = 'PbPb_2018_cfg.py'
config.section_('Data')
config.Data.secondaryInputDataset = '/IonPhysics55/OORun2025-PromptReco-v1/MINIAOD'
config.Data.splitting = 'LumiBased'
config.Data.outLFNDirBase = '/store/user/bibehera/'
config.Data.unitsPerJob = 3
config.Data.lumiMask = 'generated_json.json'
config.Data.publication = False
config.Data.inputDBS = 'phys03'
config.Data.inputDataset = '/IonPhysics55/bibehera-2pc_OO_V0_IP0-6b0f3ea44d7735a15be74aa96b0380e8/USER'
config.Data.outputDatasetTag = '2pc_OO_V0_IP0'
config.Data.totalUnits = -1
config.section_('Site')
config.Site.storageSite = 'T3_CH_CERNBOX'
config.section_('User')
config.section_('Debug')

DEBUG 2025-09-01 20:50:37.139 UTC: 	 self.config.JobType.psetName: PbPb_2018_cfg.py
INFO 2025-09-01 20:50:37.139 UTC: 	 Importing CMSSW configuration PbPb_2018_cfg.py
INFO 2025-09-01 20:50:38.488 UTC: 	 Finished importing CMSSW configuration PbPb_2018_cfg.py
DEBUG 2025-09-01 20:50:38.488 UTC: 	 Writing CMSSW configuration to /eos/home-b/bibehera/OO_Simfit/CMSSW_15_0_6_patch1/src/Analyzer/RaghuV0Ana/cfg/OO_Data_MINIAOD/crab_2pc_OO_V0_inv_mass_IP55/inputs/PSet.py
DEBUG 2025-09-01 20:50:38.528 UTC: 	 The following EDM output files will be collected: []
DEBUG 2025-09-01 20:50:38.528 UTC: 	 The following TFile output files will be collected: ['V0_test_pt_invariantmass.root']
DEBUG 2025-09-01 20:50:38.528 UTC: 	 The following user output files (not listed as PoolOuputModule or TFileService in the CMSSW PSet) will be collected: 
DEBUG 2025-09-01 20:50:38.528 UTC: 	 Loading required information from the environment
DEBUG 2025-09-01 20:50:38.528 UTC: 	 Found CMSSW_15_0_6_patch1 for el9_amd64_gcc12 with base /eos/home-b/bibehera/OO_Simfit/CMSSW_15_0_6_patch1
DEBUG 2025-09-01 20:50:38.528 UTC: 	 Making tarball in /eos/home-b/bibehera/OO_Simfit/CMSSW_15_0_6_patch1/src/Analyzer/RaghuV0Ana/cfg/OO_Data_MINIAOD/crab_2pc_OO_V0_inv_mass_IP55/inputs/99755b7e-9d9c-4ac2-b7c0-f4ef2fbd5231default.tgz
DEBUG 2025-09-01 20:50:38.531 UTC: 	 Checking directory /eos/home-b/bibehera/OO_Simfit/CMSSW_15_0_6_patch1/bin
DEBUG 2025-09-01 20:50:38.531 UTC: 	 Adding directory /eos/home-b/bibehera/OO_Simfit/CMSSW_15_0_6_patch1/bin to tarball
DEBUG 2025-09-01 20:50:38.543 UTC: 	 Checking directory /eos/home-b/bibehera/OO_Simfit/CMSSW_15_0_6_patch1/python
DEBUG 2025-09-01 20:50:38.543 UTC: 	 Adding directory /eos/home-b/bibehera/OO_Simfit/CMSSW_15_0_6_patch1/python to tarball
DEBUG 2025-09-01 20:50:38.660 UTC: 	 Checking directory /eos/home-b/bibehera/OO_Simfit/CMSSW_15_0_6_patch1/cfipython
DEBUG 2025-09-01 20:50:38.660 UTC: 	 Adding directory /eos/home-b/bibehera/OO_Simfit/CMSSW_15_0_6_patch1/cfipython to tarball
DEBUG 2025-09-01 20:50:38.969 UTC: 	 Checking directory /eos/home-b/bibehera/OO_Simfit/CMSSW_15_0_6_patch1/lib
DEBUG 2025-09-01 20:50:38.969 UTC: 	 Adding directory /eos/home-b/bibehera/OO_Simfit/CMSSW_15_0_6_patch1/lib to tarball
DEBUG 2025-09-01 20:50:39.232 UTC: 	 Checking directory /eos/home-b/bibehera/OO_Simfit/CMSSW_15_0_6_patch1/biglib
DEBUG 2025-09-01 20:50:39.232 UTC: 	 Adding directory /eos/home-b/bibehera/OO_Simfit/CMSSW_15_0_6_patch1/biglib to tarball
DEBUG 2025-09-01 20:50:39.239 UTC: 	 Checking directory /eos/home-b/bibehera/OO_Simfit/CMSSW_15_0_6_patch1/module
DEBUG 2025-09-01 20:50:39.240 UTC: 	 Checking directory /eos/home-b/bibehera/OO_Simfit/CMSSW_15_0_6_patch1/config/SCRAM/hooks
DEBUG 2025-09-01 20:50:39.242 UTC: 	 Adding directory /eos/home-b/bibehera/OO_Simfit/CMSSW_15_0_6_patch1/config/SCRAM/hooks to tarball
DEBUG 2025-09-01 20:50:39.356 UTC: 	 Adding directory /eos/home-b/bibehera/OO_Simfit/CMSSW_15_0_6_patch1/src/Analyzer/RaghuV0Ana/data to tarball
DEBUG 2025-09-01 20:50:39.819 UTC: 	 Adding directory /eos/home-b/bibehera/OO_Simfit/CMSSW_15_0_6_patch1/src/Analyzer/RaghuV0Ana/interface to tarball
DEBUG 2025-09-01 20:50:39.829 UTC: 	 Adding directory /eos/home-b/bibehera/OO_Simfit/CMSSW_15_0_6_patch1/src/Analyzer/RaghuV0Ana/python to tarball
DEBUG 2025-09-01 20:50:39.849 UTC: 	 Adding directory /eos/home-b/bibehera/OO_Simfit/CMSSW_15_0_6_patch1/src/HeavyIonsAnalysis/Configuration/data to tarball
DEBUG 2025-09-01 20:50:40.216 UTC: 	 Adding directory /eos/home-b/bibehera/OO_Simfit/CMSSW_15_0_6_patch1/src/HeavyIonsAnalysis/Configuration/python to tarball
DEBUG 2025-09-01 20:50:40.264 UTC: 	 Adding directory /eos/home-b/bibehera/OO_Simfit/CMSSW_15_0_6_patch1/src/HeavyIonsAnalysis/EGMAnalysis/data to tarball
DEBUG 2025-09-01 20:50:40.275 UTC: 	 Adding directory /eos/home-b/bibehera/OO_Simfit/CMSSW_15_0_6_patch1/src/HeavyIonsAnalysis/EGMAnalysis/interface to tarball
DEBUG 2025-09-01 20:50:40.283 UTC: 	 Adding directory /eos/home-b/bibehera/OO_Simfit/CMSSW_15_0_6_patch1/src/HeavyIonsAnalysis/EGMAnalysis/python to tarball
DEBUG 2025-09-01 20:50:40.308 UTC: 	 Adding directory /eos/home-b/bibehera/OO_Simfit/CMSSW_15_0_6_patch1/src/HeavyIonsAnalysis/EventAnalysis/python to tarball
DEBUG 2025-09-01 20:50:40.433 UTC: 	 Adding directory /eos/home-b/bibehera/OO_Simfit/CMSSW_15_0_6_patch1/src/HeavyIonsAnalysis/JetAnalysis/interface to tarball
DEBUG 2025-09-01 20:50:40.442 UTC: 	 Adding directory /eos/home-b/bibehera/OO_Simfit/CMSSW_15_0_6_patch1/src/HeavyIonsAnalysis/JetAnalysis/python to tarball
DEBUG 2025-09-01 20:50:40.528 UTC: 	 Adding directory /eos/home-b/bibehera/OO_Simfit/CMSSW_15_0_6_patch1/src/HeavyIonsAnalysis/MuonAnalysis/interface to tarball
DEBUG 2025-09-01 20:50:40.548 UTC: 	 Adding directory /eos/home-b/bibehera/OO_Simfit/CMSSW_15_0_6_patch1/src/HeavyIonsAnalysis/MuonAnalysis/python to tarball
DEBUG 2025-09-01 20:50:40.564 UTC: 	 Adding directory /eos/home-b/bibehera/OO_Simfit/CMSSW_15_0_6_patch1/src/HeavyIonsAnalysis/TrackAnalysis/interface to tarball
DEBUG 2025-09-01 20:50:40.581 UTC: 	 Adding directory /eos/home-b/bibehera/OO_Simfit/CMSSW_15_0_6_patch1/src/HeavyIonsAnalysis/TrackAnalysis/python to tarball
DEBUG 2025-09-01 20:50:40.609 UTC: 	 Adding directory /eos/home-b/bibehera/OO_Simfit/CMSSW_15_0_6_patch1/src/HeavyIonsAnalysis/VertexAnalysis/python to tarball
DEBUG 2025-09-01 20:50:40.619 UTC: 	 Adding directory /eos/home-b/bibehera/OO_Simfit/CMSSW_15_0_6_patch1/src/HeavyIonsAnalysis/ZDCAnalysis/python to tarball
DEBUG 2025-09-01 20:50:40.718 UTC: 	 Uploading archive /eos/home-b/bibehera/OO_Simfit/CMSSW_15_0_6_patch1/src/Analyzer/RaghuV0Ana/cfg/OO_Data_MINIAOD/crab_2pc_OO_V0_inv_mass_IP55/inputs/99755b7e-9d9c-4ac2-b7c0-f4ef2fbd5231default.tgz (3.180664.1 MB) to the CRAB cache. Using URI https://cmsweb.cern.ch/S3/crabcache_prod
DEBUG 2025-09-01 20:50:41.598 UTC: 	 Encoded data for curl request: subresource=upload&objecttype=sandbox&tarballname=b897b1752ca3d16f97190589f9e4fb596e8d19e2b873b8636317f3dc21fdb079.tar.gz
DEBUG 2025-09-01 20:50:41.678 UTC: 	 sandbox b897b1752ca3d16f97190589f9e4fb596e8d19e2b873b8636317f3dc21fdb079.tar.gz is already in the S3 store, will not upload again
DEBUG 2025-09-01 20:50:41.678 UTC: 	 Loading required information from the environment
DEBUG 2025-09-01 20:50:41.678 UTC: 	 Found CMSSW_15_0_6_patch1 for el9_amd64_gcc12 with base /eos/home-b/bibehera/OO_Simfit/CMSSW_15_0_6_patch1
DEBUG 2025-09-01 20:50:41.678 UTC: 	 Making tarball in /eos/home-b/bibehera/OO_Simfit/CMSSW_15_0_6_patch1/src/Analyzer/RaghuV0Ana/cfg/OO_Data_MINIAOD/crab_2pc_OO_V0_inv_mass_IP55/inputs/debugFiles.tgz
DEBUG 2025-09-01 20:50:41.693 UTC: 	 Uploading archive /eos/home-b/bibehera/OO_Simfit/CMSSW_15_0_6_patch1/src/Analyzer/RaghuV0Ana/cfg/OO_Data_MINIAOD/crab_2pc_OO_V0_inv_mass_IP55/inputs/debugFiles.tgz (3 KB) to the CRAB cache. Using URI https://cmsweb.cern.ch/S3/crabcache_prod
DEBUG 2025-09-01 20:50:41.698 UTC: 	 Encoded data for curl request: subresource=upload&objecttype=sandbox&tarballname=74c694881dd863c796e08fbe29f056ea82c9e14a06459e1fed3df96fb9fb609d.tar.gz
DEBUG 2025-09-01 20:50:41.759 UTC: 	 Will execute:
curl -f -v -X POST  -H "User-Agent: CRAB" -F "key=bibehera/sandboxes/74c694881dd863c796e08fbe29f056ea82c9e14a06459e1fed3df96fb9fb609d.tar.gz" -F "AWSAccessKeyId=715203df6482458ba839e73e6dab634b" -F "policy=eyJleHBpcmF0aW9uIjogIjIwMjUtMDktMDFUMjE6NTA6NDFaIiwgImNvbmRpdGlvbnMiOiBbeyJidWNrZXQiOiAiY3JhYmNhY2hlX3Byb2QifSwgeyJrZXkiOiAiYmliZWhlcmEvc2FuZGJveGVzLzc0YzY5NDg4MWRkODYzYzc5NmUwOGZiZTI5ZjA1NmVhODJjOWUxNGEwNjQ1OWUxZmVkM2RmOTZmYjlmYjYwOWQudGFyLmd6In1dfQ==" -F "signature=M3IlKRnOm5GmSOsjUA5hKNc+uoM=" -F "file=@/eos/home-b/bibehera/OO_Simfit/CMSSW_15_0_6_patch1/src/Analyzer/RaghuV0Ana/cfg/OO_Data_MINIAOD/crab_2pc_OO_V0_inv_mass_IP55/inputs/debugFiles.tgz" "https://s3.cern.ch/crabcache_prod"
DEBUG 2025-09-01 20:50:41.823 UTC: 	 exitcode: 0
stdout: b''
DEBUG 2025-09-01 20:50:41.824 UTC: 	 upload to S3 of sandbox /eos/home-b/bibehera/OO_Simfit/CMSSW_15_0_6_patch1/src/Analyzer/RaghuV0Ana/cfg/OO_Data_MINIAOD/crab_2pc_OO_V0_inv_mass_IP55/inputs/debugFiles.tgz completed
DEBUG 2025-09-01 20:50:41.824 UTC: 	 make sure that object is ready for retrieve
DEBUG 2025-09-01 20:50:42.826 UTC: 	 Encoded data for curl request: subresource=download&objecttype=sandbox&tarballname=74c694881dd863c796e08fbe29f056ea82c9e14a06459e1fed3df96fb9fb609d.tar.gz&clientmethod=head_object
DEBUG 2025-09-01 20:50:42.880 UTC: 	 PreSignedUrl to download sandbox received OK
DEBUG 2025-09-01 20:50:42.883 UTC: 	 Will execute:
 curl -v -s -f -o /dev/null --head  "https://s3.cern.ch/crabcache_prod/bibehera/sandboxes/74c694881dd863c796e08fbe29f056ea82c9e14a06459e1fed3df96fb9fb609d.tar.gz?AWSAccessKeyId=715203df6482458ba839e73e6dab634b&Signature=wbfCjyBFBzVCRCo6lh7ojVCeqqo%3D&Expires=1756763442"
DEBUG 2025-09-01 20:50:42.924 UTC: 	 exitcode: 0
stdout: b''
DEBUG 2025-09-01 20:50:42.924 UTC: 	 sandbox /eos/home-b/bibehera/OO_Simfit/CMSSW_15_0_6_patch1/src/Analyzer/RaghuV0Ana/cfg/OO_Data_MINIAOD/crab_2pc_OO_V0_inv_mass_IP55/inputs/debugFiles.tgz successfully uploaded to S3
DEBUG 2025-09-01 20:50:42.924 UTC: 	 Result uploading input files: b897b1752ca3d16f97190589f9e4fb596e8d19e2b873b8636317f3dc21fdb079.tar.gz 
DEBUG 2025-09-01 20:50:42.924 UTC: 	 Attaching lumi mask generated_json.json to the request
DEBUG 2025-09-01 20:50:42.924 UTC: 	 Reading lumi-mask from generated_json.json
DEBUG 2025-09-01 20:50:42.927 UTC: 	 submit() - self.configuration from WMCore.Configuration import Configuration
config = Configuration()
config.section_('General')
config.General.transferLogs = True
config.General.transferOutputs = True
config.General.requestName = '2pc_OO_V0_inv_mass_IP55'
config.General.workArea = 'OO_Data_MINIAOD'
config.section_('JobType')
config.JobType.pluginName = 'Analysis'
config.JobType.psetName = 'PbPb_2018_cfg.py'
config.section_('Data')
config.Data.secondaryInputDataset = '/IonPhysics55/OORun2025-PromptReco-v1/MINIAOD'
config.Data.splitting = 'LumiBased'
config.Data.outLFNDirBase = '/store/user/bibehera/'
config.Data.unitsPerJob = 3
config.Data.lumiMask = 'generated_json.json'
config.Data.publication = False
config.Data.inputDBS = 'phys03'
config.Data.inputDataset = '/IonPhysics55/bibehera-2pc_OO_V0_IP0-6b0f3ea44d7735a15be74aa96b0380e8/USER'
config.Data.outputDatasetTag = '2pc_OO_V0_IP0'
config.Data.totalUnits = -1
config.section_('Site')
config.Site.storageSite = 'T3_CH_CERNBOX'
config.section_('User')
config.section_('Debug')

DEBUG 2025-09-01 20:50:42.927 UTC: 	 submit() - self.configreq {'dryrun': 0, 'workflow': 'crab_2pc_OO_V0_inv_mass_IP55', 'saveoutput': 1, 'savelogsflag': 1, 'inputdata': '/IonPhysics55/bibehera-2pc_OO_V0_IP0-6b0f3ea44d7735a15be74aa96b0380e8/USER', 'nonvaliddata': 0, 'userfiles': [], 'dbsurl': 'https://cmsweb.cern.ch/dbs/prod/phys03/DBSReader', 'useparent': 0, 'secondarydata': '/IonPhysics55/OORun2025-PromptReco-v1/MINIAOD', 'ignorelocality': 0, 'splitalgo': 'LumiBased', 'algoargs': 3, 'totalunits': -1, 'lfn': '/store/user/bibehera/', 'publication': 0, 'publishdbsurl': 'https://cmsweb.cern.ch/dbs/prod/phys03/DBSWriter', 'publishname2': '2pc_OO_V0_IP0', 'jobtype': 'Analysis', 'generator': 'pythia', 'addoutputfiles': [], 'maxjobruntime': 1250, 'numcores': 1, 'maxmemory': 2000, 'priority': 10, 'nonprodsw': 0, 'asyncdest': 'T3_CH_CERNBOX', 'requireaccelerator': 0, 'oneEventMode': 0, 'extrajdl': [], 'ignoreglobalblacklist': 0, 'partialdataset': 0, 'inputblocks': []}
DEBUG 2025-09-01 20:50:42.927 UTC: 	 submit() - jobconfig {'addoutputfiles': [], 'tfileoutfiles': ['V0_test_pt_invariantmass.root'], 'edmoutfiles': [], 'jobarch': 'el9_amd64_gcc12', 'jobminuarch': 'x86-64-v3', 'jobsw': 'CMSSW_15_0_6_patch1', 'inputdata': '/IonPhysics55/bibehera-2pc_OO_V0_IP0-6b0f3ea44d7735a15be74aa96b0380e8/USER', 'cacheurl': 'https://cmsweb.cern.ch/S3/crabcache_prod', 'cachefilename': 'b897b1752ca3d16f97190589f9e4fb596e8d19e2b873b8636317f3dc21fdb079.tar.gz', 'debugfilename': '74c694881dd863c796e08fbe29f056ea82c9e14a06459e1fed3df96fb9fb609d.tar.gz', 'runs': ['394153', '394154', '394169', '394175', '394183', '394184', '394185', '394186', '394187', '394188', '394189', '394204', '394209', '394217'], 'lumis': ['40,169', '1,886', '39,997', '47,988', '15,239', '1,667', '1,3', '1,15', '1,1', '1,107', '1,72', '38,932', '23,1209', '41,838'], 'jobtype': 'Analysis'}
INFO 2025-09-01 20:50:42.927 UTC: 	 Sending the request to the server at cmsweb.cern.ch
DEBUG 2025-09-01 20:50:42.927 UTC: 	 Submitting {'dryrun': 0, 'workflow': 'crab_2pc_OO_V0_inv_mass_IP55', 'saveoutput': 1, 'savelogsflag': 1, 'inputdata': '/IonPhysics55/bibehera-2pc_OO_V0_IP0-6b0f3ea44d7735a15be74aa96b0380e8/USER', 'nonvaliddata': 0, 'userfiles': [], 'dbsurl': 'https://cmsweb.cern.ch/dbs/prod/phys03/DBSReader', 'useparent': 0, 'secondarydata': '/IonPhysics55/OORun2025-PromptReco-v1/MINIAOD', 'ignorelocality': 0, 'splitalgo': 'LumiBased', 'algoargs': 3, 'totalunits': -1, 'lfn': '/store/user/bibehera/', 'publication': 0, 'publishdbsurl': 'https://cmsweb.cern.ch/dbs/prod/phys03/DBSWriter', 'publishname2': '2pc_OO_V0_IP0', 'jobtype': 'Analysis', 'generator': 'pythia', 'addoutputfiles': [], 'maxjobruntime': 1250, 'numcores': 1, 'maxmemory': 2000, 'priority': 10, 'nonprodsw': 0, 'asyncdest': 'T3_CH_CERNBOX', 'requireaccelerator': 0, 'oneEventMode': 0, 'extrajdl': [], 'ignoreglobalblacklist': 0, 'partialdataset': 0, 'inputblocks': [], 'tfileoutfiles': ['V0_test_pt_invariantmass.root'], 'edmoutfiles': [], 'jobarch': 'el9_amd64_gcc12', 'jobminuarch': 'x86-64-v3', 'jobsw': 'CMSSW_15_0_6_patch1', 'cacheurl': 'https://cmsweb.cern.ch/S3/crabcache_prod', 'cachefilename': 'b897b1752ca3d16f97190589f9e4fb596e8d19e2b873b8636317f3dc21fdb079.tar.gz', 'debugfilename': '74c694881dd863c796e08fbe29f056ea82c9e14a06459e1fed3df96fb9fb609d.tar.gz', 'runs': ['394153', '394154', '394169', '394175', '394183', '394184', '394185', '394186', '394187', '394188', '394189', '394204', '394209', '394217'], 'lumis': ['40,169', '1,886', '39,997', '47,988', '15,239', '1,667', '1,3', '1,15', '1,1', '1,107', '1,72', '38,932', '23,1209', '41,838']} 
DEBUG 2025-09-01 20:50:42.928 UTC: 	 Encoded data for curl request: dryrun=0&workflow=crab_2pc_OO_V0_inv_mass_IP55&saveoutput=1&savelogsflag=1&inputdata=%2FIonPhysics55%2Fbibehera-2pc_OO_V0_IP0-6b0f3ea44d7735a15be74aa96b0380e8%2FUSER&nonvaliddata=0&dbsurl=https%3A%2F%2Fcmsweb.cern.ch%2Fdbs%2Fprod%2Fphys03%2FDBSReader&useparent=0&secondarydata=%2FIonPhysics55%2FOORun2025-PromptReco-v1%2FMINIAOD&ignorelocality=0&splitalgo=LumiBased&algoargs=3&totalunits=-1&lfn=%2Fstore%2Fuser%2Fbibehera%2F&publication=0&publishdbsurl=https%3A%2F%2Fcmsweb.cern.ch%2Fdbs%2Fprod%2Fphys03%2FDBSWriter&publishname2=2pc_OO_V0_IP0&jobtype=Analysis&generator=pythia&maxjobruntime=1250&numcores=1&maxmemory=2000&priority=10&nonprodsw=0&asyncdest=T3_CH_CERNBOX&requireaccelerator=0&oneEventMode=0&ignoreglobalblacklist=0&partialdataset=0&jobarch=el9_amd64_gcc12&jobminuarch=x86-64-v3&jobsw=CMSSW_15_0_6_patch1&cacheurl=https%3A%2F%2Fcmsweb.cern.ch%2FS3%2Fcrabcache_prod&cachefilename=b897b1752ca3d16f97190589f9e4fb596e8d19e2b873b8636317f3dc21fdb079.tar.gz&debugfilename=74c694881dd863c796e08fbe29f056ea82c9e14a06459e1fed3df96fb9fb609d.tar.gz&tfileoutfiles=V0_test_pt_invariantmass.root&runs=394153&runs=394154&runs=394169&runs=394175&runs=394183&runs=394184&runs=394185&runs=394186&runs=394187&runs=394188&runs=394189&runs=394204&runs=394209&runs=394217&lumis=40%2C169&lumis=1%2C886&lumis=39%2C997&lumis=47%2C988&lumis=15%2C239&lumis=1%2C667&lumis=1%2C3&lumis=1%2C15&lumis=1%2C1&lumis=1%2C107&lumis=1%2C72&lumis=38%2C932&lumis=23%2C1209&lumis=41%2C838
DEBUG 2025-09-01 20:50:42.988 UTC: 	 Result: {'result': [{'RequestName': '250901_205042:bibehera_crab_2pc_OO_V0_inv_mass_IP55'}]}
INFO 2025-09-01 20:50:42.999 UTC: 	 Success: Your task has been delivered to the prod CRAB3 server.
INFO 2025-09-01 20:50:42.999 UTC: 	 Task name: 250901_205042:bibehera_crab_2pc_OO_V0_inv_mass_IP55
INFO 2025-09-01 20:50:42.999 UTC: 	 Project dir: OO_Data_MINIAOD/crab_2pc_OO_V0_inv_mass_IP55
INFO 2025-09-01 20:50:42.999 UTC: 	 Please use ' crab status -d OO_Data_MINIAOD/crab_2pc_OO_V0_inv_mass_IP55 ' to check how the submission process proceeds.
DEBUG 2025-09-01 20:50:42.999 UTC: 	 About to return
INFO 2025-09-01 20:50:43.023 UTC: 	 Log file is /eos/home-b/bibehera/OO_Simfit/CMSSW_15_0_6_patch1/src/Analyzer/RaghuV0Ana/cfg/OO_Data_MINIAOD/crab_2pc_OO_V0_inv_mass_IP55/crab.log
DEBUG 2025-09-01 21:04:36.239 UTC: 	 CRAB Client version: v3.250522
DEBUG 2025-09-01 21:04:36.239 UTC: 	 Running on: Linux lxplus965.cern.ch 5.14.0-570.28.1.el9_6.x86_64 #1 SMP PREEMPT_DYNAMIC Wed Jul 16 02:51:06 EDT 2025 x86_64 x86_64 x86_64 GNU/Linux
DEBUG 2025-09-01 21:04:36.239 UTC: 	 Not using Singularity
DEBUG 2025-09-01 21:04:36.239 UTC: 	 Operating System: Red Hat Enterprise Linux 9.6 (Plow)
DEBUG 2025-09-01 21:04:36.239 UTC: 	 Executing command: 'kill'
DEBUG 2025-09-01 21:04:36.239 UTC: 	 Found CRAB cache file /afs/cern.ch/user/b/bibehera/.crab3
DEBUG 2025-09-01 21:04:36.253 UTC: 	 Checking credentials
DEBUG 2025-09-01 21:04:36.253 UTC: 	 Found proxy file /tmp/x509up_u177753
DEBUG 2025-09-01 21:04:36.253 UTC: 	 Making sure it has proper VOMS extension
DEBUG 2025-09-01 21:04:36.253 UTC: 	 Executing command :
 voms-proxy-info --vo --file /tmp/x509up_u177753
DEBUG 2025-09-01 21:04:36.286 UTC: 	 output : cms

 error: 
 retcode : 0
DEBUG 2025-09-01 21:04:36.286 UTC: 	 Getting proxy life time left
DEBUG 2025-09-01 21:04:36.287 UTC: 	 Executing command :
 voms-proxy-info --actimeleft --timeleft --file /tmp/x509up_u177753
DEBUG 2025-09-01 21:04:36.317 UTC: 	 output : 28224
28224

 error: 
 retcode : 0
DEBUG 2025-09-01 21:04:36.317 UTC: 	 Proxy valid for 07:50:24 hours
DEBUG 2025-09-01 21:04:36.317 UTC: 	 Encoded data for curl request: subresource=delegatedn
DEBUG 2025-09-01 21:04:36.369 UTC: 	 Registering user credentials on myproxy for /DC=ch/DC=cern/OU=computers/CN=crab-(preprod|prod)-tw(01|02).cern.ch|/DC=ch/DC=cern/OU=computers/CN=crab-dev-tw(01|02|03|04).cern.ch|/DC=ch/DC=cern/OU=Organic Units/OU=Users/CN=cmscrab/CN=(817881|373708)/CN=Robot: cms crab|/DC=ch/DC=cern/OU=Organic Units/OU=Users/CN=crabint1/CN=373708/CN=Robot: CMS CRAB Integration 1
DEBUG 2025-09-01 21:04:36.369 UTC: 	 Executing command :
 voms-proxy-info --identity --file /tmp/x509up_u177753
DEBUG 2025-09-01 21:04:36.404 UTC: 	 output : /DC=ch/DC=cern/OU=Organic Units/OU=Users/CN=bibehera/CN=882295/CN=Bismita Behera

 error: 
 retcode : 0
DEBUG 2025-09-01 21:04:36.405 UTC: 	 Getting myproxy life time left for bfbdf12a5670e45fdd055ff115afbb0f25b8a072
DEBUG 2025-09-01 21:04:36.405 UTC: 	 Executing command :
 myproxy-info -s myproxy.cern.ch -l bfbdf12a5670e45fdd055ff115afbb0f25b8a072
DEBUG 2025-09-01 21:04:36.693 UTC: 	 output : username: bfbdf12a5670e45fdd055ff115afbb0f25b8a072
owner: /DC=ch/DC=cern/OU=Organic Units/OU=Users/CN=bibehera/CN=882295/CN=Bismita Behera
  renewal policy: /DC=ch/DC=cern/OU=computers/CN=crab-(preprod|prod)-tw(01|02).cern.ch|/DC=ch/DC=cern/OU=computers/CN=crab-dev-tw(01|02|03|04).cern.ch|/DC=ch/DC=cern/OU=Organic Units/OU=Users/CN=cmscrab/CN=(817881|373708)/CN=Robot: cms crab|/DC=ch/DC=cern/OU=Organic Units/OU=Users/CN=crabint1/CN=373708/CN=Robot: CMS CRAB Integration 1
  trusted retrieval policy: /DC=ch/DC=cern/OU=computers/CN=crab-(preprod|prod)-tw(01|02).cern.ch|/DC=ch/DC=cern/OU=computers/CN=crab-dev-tw(01|02|03|04).cern.ch|/DC=ch/DC=cern/OU=Organic Units/OU=Users/CN=cmscrab/CN=(817881|373708)/CN=Robot: cms crab|/DC=ch/DC=cern/OU=Organic Units/OU=Users/CN=crabint1/CN=373708/CN=Robot: CMS CRAB Integration 1
  timeleft: 575:16:31  (24.0 days)

 error: 
 retcode : 0
DEBUG 2025-09-01 21:04:36.693 UTC: 	 Myproxy is valid: 2070960
DEBUG 2025-09-01 21:04:36.693 UTC: 	 Result of myproxy credential check:
  Credential exists on myproxy: username: bfbdf12a5670e45fdd055ff115afbb0f25b8a072  - validity: 23 days, 23:16:00
DEBUG 2025-09-01 21:04:36.695 UTC: 	 Command use: kill
DEBUG 2025-09-01 21:04:36.695 UTC: 	 Options use: ['-d', 'OO_Data_MINIAOD/crab_2pc_OO_V0_inv_mass_IP55']
DEBUG 2025-09-01 21:04:36.695 UTC: 	 Encoded data for curl request: subresource=version
DEBUG 2025-09-01 21:04:36.753 UTC: 	 CRABClient version: v3.250522
DEBUG 2025-09-01 21:04:36.753 UTC: 	 Instance is prod
DEBUG 2025-09-01 21:04:36.753 UTC: 	 Server base url is cmsweb.cern.ch
DEBUG 2025-09-01 21:04:36.753 UTC: 	 Command api workflow
DEBUG 2025-09-01 21:04:36.753 UTC: 	 Killing task 250901_205042:bibehera_crab_2pc_OO_V0_inv_mass_IP55
DEBUG 2025-09-01 21:04:36.753 UTC: 	 Encoded data for curl request: workflow=250901_205042%3Abibehera_crab_2pc_OO_V0_inv_mass_IP55
DEBUG 2025-09-01 21:04:36.809 UTC: 	 Result: {'desc': {'columns': ['tm_taskname', 'tm_task_status', 'tm_task_command', 'tm_user_role', 'tm_user_group', 'tm_task_failure', 'tm_split_algo', 'tm_split_args', 'tm_save_logs', 'tm_username', 'tm_user_dn', 'tm_arguments', 'tm_input_dataset', 'tm_dbs_url', 'tm_task_warnings', 'tm_publication', 'tm_user_webdir', 'tm_output_dataset', 'tm_collector', 'tm_schedd', 'tm_dry_run', 'clusterid', 'tm_start_time', 'tw_name', 'tm_dagman_status', 'tm_num_jobs', 'tm_uploaded']}, 'result': [{'result': 'ok'}]}
INFO 2025-09-01 21:04:36.810 UTC: 	 Kill request successfully sent
INFO 2025-09-01 21:04:36.819 UTC: 	 Log file is /eos/home-b/bibehera/OO_Simfit/CMSSW_15_0_6_patch1/src/Analyzer/RaghuV0Ana/cfg/OO_Data_MINIAOD/crab_2pc_OO_V0_inv_mass_IP55/crab.log
