DEBUG 2025-09-01 22:26:19.414 UTC: 	 CRAB Client version: v3.250522
DEBUG 2025-09-01 22:26:19.414 UTC: 	 Running on: Linux lxplus965.cern.ch 5.14.0-570.28.1.el9_6.x86_64 #1 SMP PREEMPT_DYNAMIC Wed Jul 16 02:51:06 EDT 2025 x86_64 x86_64 x86_64 GNU/Linux
DEBUG 2025-09-01 22:26:19.414 UTC: 	 Not using Singularity
DEBUG 2025-09-01 22:26:19.414 UTC: 	 Operating System: Red Hat Enterprise Linux 9.6 (Plow)
DEBUG 2025-09-01 22:26:19.414 UTC: 	 Executing command: 'submit'
DEBUG 2025-09-01 22:26:19.415 UTC: 	 Found CRAB cache file /afs/cern.ch/user/b/bibehera/.crab3
INFO 2025-09-01 22:26:19.419 UTC: 	 Will use CRAB configuration file crab_config2.py
DEBUG 2025-09-01 22:26:19.419 UTC: 	 Loading CRAB configuration file.
DEBUG 2025-09-01 22:26:19.447 UTC: 	 Will use CRAB plugin ANALYSIS (i.e. will run an analysis job type).
DEBUG 2025-09-01 22:26:19.458 UTC: 	 Checking credentials
DEBUG 2025-09-01 22:26:19.458 UTC: 	 Found proxy file /tmp/x509up_u177753
DEBUG 2025-09-01 22:26:19.458 UTC: 	 Making sure it has proper VOMS extension
DEBUG 2025-09-01 22:26:19.458 UTC: 	 Executing command :
 voms-proxy-info --vo --file /tmp/x509up_u177753
DEBUG 2025-09-01 22:26:19.486 UTC: 	 output : cms

 error: 
 retcode : 0
DEBUG 2025-09-01 22:26:19.487 UTC: 	 Getting proxy life time left
DEBUG 2025-09-01 22:26:19.487 UTC: 	 Executing command :
 voms-proxy-info --actimeleft --timeleft --file /tmp/x509up_u177753
DEBUG 2025-09-01 22:26:19.513 UTC: 	 output : 23321
23321

 error: 
 retcode : 0
DEBUG 2025-09-01 22:26:19.513 UTC: 	 Proxy valid for 06:28:41 hours
DEBUG 2025-09-01 22:26:19.514 UTC: 	 Encoded data for curl request: subresource=delegatedn
DEBUG 2025-09-01 22:26:19.562 UTC: 	 Registering user credentials on myproxy for /DC=ch/DC=cern/OU=computers/CN=crab-(preprod|prod)-tw(01|02).cern.ch|/DC=ch/DC=cern/OU=computers/CN=crab-dev-tw(01|02|03|04).cern.ch|/DC=ch/DC=cern/OU=Organic Units/OU=Users/CN=cmscrab/CN=(817881|373708)/CN=Robot: cms crab|/DC=ch/DC=cern/OU=Organic Units/OU=Users/CN=crabint1/CN=373708/CN=Robot: CMS CRAB Integration 1
DEBUG 2025-09-01 22:26:19.562 UTC: 	 Executing command :
 voms-proxy-info --identity --file /tmp/x509up_u177753
DEBUG 2025-09-01 22:26:19.591 UTC: 	 output : /DC=ch/DC=cern/OU=Organic Units/OU=Users/CN=bibehera/CN=882295/CN=Bismita Behera

 error: 
 retcode : 0
DEBUG 2025-09-01 22:26:19.591 UTC: 	 Getting myproxy life time left for bfbdf12a5670e45fdd055ff115afbb0f25b8a072
DEBUG 2025-09-01 22:26:19.591 UTC: 	 Executing command :
 myproxy-info -s myproxy.cern.ch -l bfbdf12a5670e45fdd055ff115afbb0f25b8a072
DEBUG 2025-09-01 22:26:19.906 UTC: 	 output : username: bfbdf12a5670e45fdd055ff115afbb0f25b8a072
owner: /DC=ch/DC=cern/OU=Organic Units/OU=Users/CN=bibehera/CN=882295/CN=Bismita Behera
  renewal policy: /DC=ch/DC=cern/OU=computers/CN=crab-(preprod|prod)-tw(01|02).cern.ch|/DC=ch/DC=cern/OU=computers/CN=crab-dev-tw(01|02|03|04).cern.ch|/DC=ch/DC=cern/OU=Organic Units/OU=Users/CN=cmscrab/CN=(817881|373708)/CN=Robot: cms crab|/DC=ch/DC=cern/OU=Organic Units/OU=Users/CN=crabint1/CN=373708/CN=Robot: CMS CRAB Integration 1
  trusted retrieval policy: /DC=ch/DC=cern/OU=computers/CN=crab-(preprod|prod)-tw(01|02).cern.ch|/DC=ch/DC=cern/OU=computers/CN=crab-dev-tw(01|02|03|04).cern.ch|/DC=ch/DC=cern/OU=Organic Units/OU=Users/CN=cmscrab/CN=(817881|373708)/CN=Robot: cms crab|/DC=ch/DC=cern/OU=Organic Units/OU=Users/CN=crabint1/CN=373708/CN=Robot: CMS CRAB Integration 1
  timeleft: 573:54:48  (23.9 days)

 error: 
 retcode : 0
DEBUG 2025-09-01 22:26:19.906 UTC: 	 Myproxy is valid: 2066040
DEBUG 2025-09-01 22:26:19.906 UTC: 	 Result of myproxy credential check:
  Credential exists on myproxy: username: bfbdf12a5670e45fdd055ff115afbb0f25b8a072  - validity: 23 days, 21:54:00
DEBUG 2025-09-01 22:26:19.906 UTC: 	 Command use: submit
DEBUG 2025-09-01 22:26:19.906 UTC: 	 Options use: ['-c', 'crab_config2.py']
DEBUG 2025-09-01 22:26:19.907 UTC: 	 Encoded data for curl request: subresource=version
DEBUG 2025-09-01 22:26:19.958 UTC: 	 CRABClient version: v3.250522
DEBUG 2025-09-01 22:26:19.958 UTC: 	 Instance is prod
DEBUG 2025-09-01 22:26:19.958 UTC: 	 Server base url is cmsweb.cern.ch
DEBUG 2025-09-01 22:26:19.958 UTC: 	 Command api workflow
DEBUG 2025-09-01 22:26:19.958 UTC: 	 Started submission
DEBUG 2025-09-01 22:26:19.958 UTC: 	 Working on /eos/home-b/bibehera/OO_Simfit/CMSSW_15_0_6_patch1/src/Analyzer/RaghuV0Ana/cfg/OO_Data_MINIAOD/crab_2pc_OO_V0_invmass_IP0
DEBUG 2025-09-01 22:26:19.959 UTC: 	 Encoded data for curl request: subresource=backendurls
DEBUG 2025-09-01 22:26:20.030 UTC: 	 Loading required information from the environment
DEBUG 2025-09-01 22:26:20.030 UTC: 	 Found CMSSW_15_0_6_patch1 for el9_amd64_gcc12 with base /eos/home-b/bibehera/OO_Simfit/CMSSW_15_0_6_patch1
DEBUG 2025-09-01 22:26:20.030 UTC: 	 Loading required information from the environment
DEBUG 2025-09-01 22:26:20.030 UTC: 	 Found CMSSW_15_0_6_patch1 for el9_amd64_gcc12 with base /eos/home-b/bibehera/OO_Simfit/CMSSW_15_0_6_patch1
DEBUG 2025-09-01 22:26:20.030 UTC: 	 UNIQUE NAME: tarUUID 66324465-9d86-444e-9f18-cfdda128999a 
DEBUG 2025-09-01 22:26:20.030 UTC: 	 self.config: from WMCore.Configuration import Configuration
config = Configuration()
config.section_('General')
config.General.transferOutputs = True
config.General.workArea = 'OO_Data_MINIAOD'
config.General.requestName = '2pc_OO_V0_invmass_IP0'
config.General.transferLogs = True
config.section_('JobType')
config.JobType.psetName = 'PbPb_2018_cfg.py'
config.JobType.pluginName = 'Analysis'
config.section_('Data')
config.Data.lumiMask = 'generated_json.json'
config.Data.outLFNDirBase = '/store/user/bibehera/'
config.Data.publication = False
config.Data.totalUnits = -1
config.Data.inputDataset = '/IonPhysics0/bibehera-V0_OO_IP0_Run2025_MiniAOD-ca42279dfc2dce710b3991c24f27a617/USER'
config.Data.unitsPerJob = 3
config.Data.inputDBS = 'phys03'
config.Data.secondaryInputDataset = '/IonPhysics10/OORun2025-PromptReco-v1/MINIAOD'
config.Data.outputDatasetTag = '2pc_OO_V0_IP0'
config.Data.splitting = 'LumiBased'
config.section_('Site')
config.Site.storageSite = 'T3_CH_CERNBOX'
config.section_('User')
config.section_('Debug')

DEBUG 2025-09-01 22:26:20.030 UTC: 	 self.config.JobType.psetName: PbPb_2018_cfg.py
INFO 2025-09-01 22:26:20.031 UTC: 	 Importing CMSSW configuration PbPb_2018_cfg.py
INFO 2025-09-01 22:26:21.178 UTC: 	 Finished importing CMSSW configuration PbPb_2018_cfg.py
DEBUG 2025-09-01 22:26:21.178 UTC: 	 Writing CMSSW configuration to /eos/home-b/bibehera/OO_Simfit/CMSSW_15_0_6_patch1/src/Analyzer/RaghuV0Ana/cfg/OO_Data_MINIAOD/crab_2pc_OO_V0_invmass_IP0/inputs/PSet.py
DEBUG 2025-09-01 22:26:21.255 UTC: 	 The following EDM output files will be collected: []
DEBUG 2025-09-01 22:26:21.255 UTC: 	 The following TFile output files will be collected: ['V0_test_pt_invariantmass1.root']
DEBUG 2025-09-01 22:26:21.255 UTC: 	 The following user output files (not listed as PoolOuputModule or TFileService in the CMSSW PSet) will be collected: 
DEBUG 2025-09-01 22:26:21.255 UTC: 	 Loading required information from the environment
DEBUG 2025-09-01 22:26:21.255 UTC: 	 Found CMSSW_15_0_6_patch1 for el9_amd64_gcc12 with base /eos/home-b/bibehera/OO_Simfit/CMSSW_15_0_6_patch1
DEBUG 2025-09-01 22:26:21.255 UTC: 	 Making tarball in /eos/home-b/bibehera/OO_Simfit/CMSSW_15_0_6_patch1/src/Analyzer/RaghuV0Ana/cfg/OO_Data_MINIAOD/crab_2pc_OO_V0_invmass_IP0/inputs/66324465-9d86-444e-9f18-cfdda128999adefault.tgz
DEBUG 2025-09-01 22:26:21.257 UTC: 	 Checking directory /eos/home-b/bibehera/OO_Simfit/CMSSW_15_0_6_patch1/bin
DEBUG 2025-09-01 22:26:21.257 UTC: 	 Adding directory /eos/home-b/bibehera/OO_Simfit/CMSSW_15_0_6_patch1/bin to tarball
DEBUG 2025-09-01 22:26:21.265 UTC: 	 Checking directory /eos/home-b/bibehera/OO_Simfit/CMSSW_15_0_6_patch1/python
DEBUG 2025-09-01 22:26:21.265 UTC: 	 Adding directory /eos/home-b/bibehera/OO_Simfit/CMSSW_15_0_6_patch1/python to tarball
DEBUG 2025-09-01 22:26:21.367 UTC: 	 Checking directory /eos/home-b/bibehera/OO_Simfit/CMSSW_15_0_6_patch1/cfipython
DEBUG 2025-09-01 22:26:21.367 UTC: 	 Adding directory /eos/home-b/bibehera/OO_Simfit/CMSSW_15_0_6_patch1/cfipython to tarball
DEBUG 2025-09-01 22:26:21.617 UTC: 	 Checking directory /eos/home-b/bibehera/OO_Simfit/CMSSW_15_0_6_patch1/lib
DEBUG 2025-09-01 22:26:21.617 UTC: 	 Adding directory /eos/home-b/bibehera/OO_Simfit/CMSSW_15_0_6_patch1/lib to tarball
DEBUG 2025-09-01 22:26:21.870 UTC: 	 Checking directory /eos/home-b/bibehera/OO_Simfit/CMSSW_15_0_6_patch1/biglib
DEBUG 2025-09-01 22:26:21.870 UTC: 	 Adding directory /eos/home-b/bibehera/OO_Simfit/CMSSW_15_0_6_patch1/biglib to tarball
DEBUG 2025-09-01 22:26:21.875 UTC: 	 Checking directory /eos/home-b/bibehera/OO_Simfit/CMSSW_15_0_6_patch1/module
DEBUG 2025-09-01 22:26:21.875 UTC: 	 Checking directory /eos/home-b/bibehera/OO_Simfit/CMSSW_15_0_6_patch1/config/SCRAM/hooks
DEBUG 2025-09-01 22:26:21.875 UTC: 	 Adding directory /eos/home-b/bibehera/OO_Simfit/CMSSW_15_0_6_patch1/config/SCRAM/hooks to tarball
DEBUG 2025-09-01 22:26:21.988 UTC: 	 Adding directory /eos/home-b/bibehera/OO_Simfit/CMSSW_15_0_6_patch1/src/Analyzer/RaghuV0Ana/data to tarball
DEBUG 2025-09-01 22:26:22.462 UTC: 	 Adding directory /eos/home-b/bibehera/OO_Simfit/CMSSW_15_0_6_patch1/src/Analyzer/RaghuV0Ana/interface to tarball
DEBUG 2025-09-01 22:26:22.474 UTC: 	 Adding directory /eos/home-b/bibehera/OO_Simfit/CMSSW_15_0_6_patch1/src/Analyzer/RaghuV0Ana/python to tarball
DEBUG 2025-09-01 22:26:22.491 UTC: 	 Adding directory /eos/home-b/bibehera/OO_Simfit/CMSSW_15_0_6_patch1/src/HeavyIonsAnalysis/Configuration/data to tarball
DEBUG 2025-09-01 22:26:22.846 UTC: 	 Adding directory /eos/home-b/bibehera/OO_Simfit/CMSSW_15_0_6_patch1/src/HeavyIonsAnalysis/Configuration/python to tarball
DEBUG 2025-09-01 22:26:22.912 UTC: 	 Adding directory /eos/home-b/bibehera/OO_Simfit/CMSSW_15_0_6_patch1/src/HeavyIonsAnalysis/EGMAnalysis/data to tarball
DEBUG 2025-09-01 22:26:22.924 UTC: 	 Adding directory /eos/home-b/bibehera/OO_Simfit/CMSSW_15_0_6_patch1/src/HeavyIonsAnalysis/EGMAnalysis/interface to tarball
DEBUG 2025-09-01 22:26:22.932 UTC: 	 Adding directory /eos/home-b/bibehera/OO_Simfit/CMSSW_15_0_6_patch1/src/HeavyIonsAnalysis/EGMAnalysis/python to tarball
DEBUG 2025-09-01 22:26:22.963 UTC: 	 Adding directory /eos/home-b/bibehera/OO_Simfit/CMSSW_15_0_6_patch1/src/HeavyIonsAnalysis/EventAnalysis/python to tarball
DEBUG 2025-09-01 22:26:23.077 UTC: 	 Adding directory /eos/home-b/bibehera/OO_Simfit/CMSSW_15_0_6_patch1/src/HeavyIonsAnalysis/JetAnalysis/interface to tarball
DEBUG 2025-09-01 22:26:23.085 UTC: 	 Adding directory /eos/home-b/bibehera/OO_Simfit/CMSSW_15_0_6_patch1/src/HeavyIonsAnalysis/JetAnalysis/python to tarball
DEBUG 2025-09-01 22:26:23.165 UTC: 	 Adding directory /eos/home-b/bibehera/OO_Simfit/CMSSW_15_0_6_patch1/src/HeavyIonsAnalysis/MuonAnalysis/interface to tarball
DEBUG 2025-09-01 22:26:23.172 UTC: 	 Adding directory /eos/home-b/bibehera/OO_Simfit/CMSSW_15_0_6_patch1/src/HeavyIonsAnalysis/MuonAnalysis/python to tarball
DEBUG 2025-09-01 22:26:23.186 UTC: 	 Adding directory /eos/home-b/bibehera/OO_Simfit/CMSSW_15_0_6_patch1/src/HeavyIonsAnalysis/TrackAnalysis/interface to tarball
DEBUG 2025-09-01 22:26:23.190 UTC: 	 Adding directory /eos/home-b/bibehera/OO_Simfit/CMSSW_15_0_6_patch1/src/HeavyIonsAnalysis/TrackAnalysis/python to tarball
DEBUG 2025-09-01 22:26:23.215 UTC: 	 Adding directory /eos/home-b/bibehera/OO_Simfit/CMSSW_15_0_6_patch1/src/HeavyIonsAnalysis/VertexAnalysis/python to tarball
DEBUG 2025-09-01 22:26:23.224 UTC: 	 Adding directory /eos/home-b/bibehera/OO_Simfit/CMSSW_15_0_6_patch1/src/HeavyIonsAnalysis/ZDCAnalysis/python to tarball
DEBUG 2025-09-01 22:26:23.316 UTC: 	 Uploading archive /eos/home-b/bibehera/OO_Simfit/CMSSW_15_0_6_patch1/src/Analyzer/RaghuV0Ana/cfg/OO_Data_MINIAOD/crab_2pc_OO_V0_invmass_IP0/inputs/66324465-9d86-444e-9f18-cfdda128999adefault.tgz (3.182617.1 MB) to the CRAB cache. Using URI https://cmsweb.cern.ch/S3/crabcache_prod
DEBUG 2025-09-01 22:26:24.150 UTC: 	 Encoded data for curl request: subresource=upload&objecttype=sandbox&tarballname=7d44b9c089608ee09c18abb8e6875206f75035c90ffac372516bf1959ca6e521.tar.gz
DEBUG 2025-09-01 22:26:24.233 UTC: 	 sandbox 7d44b9c089608ee09c18abb8e6875206f75035c90ffac372516bf1959ca6e521.tar.gz is already in the S3 store, will not upload again
DEBUG 2025-09-01 22:26:24.234 UTC: 	 Loading required information from the environment
DEBUG 2025-09-01 22:26:24.234 UTC: 	 Found CMSSW_15_0_6_patch1 for el9_amd64_gcc12 with base /eos/home-b/bibehera/OO_Simfit/CMSSW_15_0_6_patch1
DEBUG 2025-09-01 22:26:24.234 UTC: 	 Making tarball in /eos/home-b/bibehera/OO_Simfit/CMSSW_15_0_6_patch1/src/Analyzer/RaghuV0Ana/cfg/OO_Data_MINIAOD/crab_2pc_OO_V0_invmass_IP0/inputs/debugFiles.tgz
DEBUG 2025-09-01 22:26:24.246 UTC: 	 Uploading archive /eos/home-b/bibehera/OO_Simfit/CMSSW_15_0_6_patch1/src/Analyzer/RaghuV0Ana/cfg/OO_Data_MINIAOD/crab_2pc_OO_V0_invmass_IP0/inputs/debugFiles.tgz (3 KB) to the CRAB cache. Using URI https://cmsweb.cern.ch/S3/crabcache_prod
DEBUG 2025-09-01 22:26:24.254 UTC: 	 Encoded data for curl request: subresource=upload&objecttype=sandbox&tarballname=c43e42921b224909153b729caa8ac16cff33ed32357785ecb53506cd2d8d07e5.tar.gz
DEBUG 2025-09-01 22:26:24.310 UTC: 	 Will execute:
curl -f -v -X POST  -H "User-Agent: CRAB" -F "key=bibehera/sandboxes/c43e42921b224909153b729caa8ac16cff33ed32357785ecb53506cd2d8d07e5.tar.gz" -F "AWSAccessKeyId=715203df6482458ba839e73e6dab634b" -F "policy=eyJleHBpcmF0aW9uIjogIjIwMjUtMDktMDFUMjM6MjY6MjRaIiwgImNvbmRpdGlvbnMiOiBbeyJidWNrZXQiOiAiY3JhYmNhY2hlX3Byb2QifSwgeyJrZXkiOiAiYmliZWhlcmEvc2FuZGJveGVzL2M0M2U0MjkyMWIyMjQ5MDkxNTNiNzI5Y2FhOGFjMTZjZmYzM2VkMzIzNTc3ODVlY2I1MzUwNmNkMmQ4ZDA3ZTUudGFyLmd6In1dfQ==" -F "signature=m9k7eyGZrQjl4ZM3zeMikNA4vxQ=" -F "file=@/eos/home-b/bibehera/OO_Simfit/CMSSW_15_0_6_patch1/src/Analyzer/RaghuV0Ana/cfg/OO_Data_MINIAOD/crab_2pc_OO_V0_invmass_IP0/inputs/debugFiles.tgz" "https://s3.cern.ch/crabcache_prod"
DEBUG 2025-09-01 22:26:24.357 UTC: 	 exitcode: 0
stdout: b''
DEBUG 2025-09-01 22:26:24.358 UTC: 	 upload to S3 of sandbox /eos/home-b/bibehera/OO_Simfit/CMSSW_15_0_6_patch1/src/Analyzer/RaghuV0Ana/cfg/OO_Data_MINIAOD/crab_2pc_OO_V0_invmass_IP0/inputs/debugFiles.tgz completed
DEBUG 2025-09-01 22:26:24.358 UTC: 	 make sure that object is ready for retrieve
DEBUG 2025-09-01 22:26:25.358 UTC: 	 Encoded data for curl request: subresource=download&objecttype=sandbox&tarballname=c43e42921b224909153b729caa8ac16cff33ed32357785ecb53506cd2d8d07e5.tar.gz&clientmethod=head_object
DEBUG 2025-09-01 22:26:25.410 UTC: 	 PreSignedUrl to download sandbox received OK
DEBUG 2025-09-01 22:26:25.413 UTC: 	 Will execute:
 curl -v -s -f -o /dev/null --head  "https://s3.cern.ch/crabcache_prod/bibehera/sandboxes/c43e42921b224909153b729caa8ac16cff33ed32357785ecb53506cd2d8d07e5.tar.gz?AWSAccessKeyId=715203df6482458ba839e73e6dab634b&Signature=W5J7jIP0PnFDFfRlelXy%2FfSzCrk%3D&Expires=1756769185"
DEBUG 2025-09-01 22:26:25.444 UTC: 	 exitcode: 0
stdout: b''
DEBUG 2025-09-01 22:26:25.444 UTC: 	 sandbox /eos/home-b/bibehera/OO_Simfit/CMSSW_15_0_6_patch1/src/Analyzer/RaghuV0Ana/cfg/OO_Data_MINIAOD/crab_2pc_OO_V0_invmass_IP0/inputs/debugFiles.tgz successfully uploaded to S3
DEBUG 2025-09-01 22:26:25.444 UTC: 	 Result uploading input files: 7d44b9c089608ee09c18abb8e6875206f75035c90ffac372516bf1959ca6e521.tar.gz 
DEBUG 2025-09-01 22:26:25.444 UTC: 	 Attaching lumi mask generated_json.json to the request
DEBUG 2025-09-01 22:26:25.444 UTC: 	 Reading lumi-mask from generated_json.json
DEBUG 2025-09-01 22:26:25.446 UTC: 	 submit() - self.configuration from WMCore.Configuration import Configuration
config = Configuration()
config.section_('General')
config.General.transferOutputs = True
config.General.workArea = 'OO_Data_MINIAOD'
config.General.requestName = '2pc_OO_V0_invmass_IP0'
config.General.transferLogs = True
config.section_('JobType')
config.JobType.psetName = 'PbPb_2018_cfg.py'
config.JobType.pluginName = 'Analysis'
config.section_('Data')
config.Data.lumiMask = 'generated_json.json'
config.Data.outLFNDirBase = '/store/user/bibehera/'
config.Data.publication = False
config.Data.totalUnits = -1
config.Data.inputDataset = '/IonPhysics0/bibehera-V0_OO_IP0_Run2025_MiniAOD-ca42279dfc2dce710b3991c24f27a617/USER'
config.Data.unitsPerJob = 3
config.Data.inputDBS = 'phys03'
config.Data.secondaryInputDataset = '/IonPhysics10/OORun2025-PromptReco-v1/MINIAOD'
config.Data.outputDatasetTag = '2pc_OO_V0_IP0'
config.Data.splitting = 'LumiBased'
config.section_('Site')
config.Site.storageSite = 'T3_CH_CERNBOX'
config.section_('User')
config.section_('Debug')

DEBUG 2025-09-01 22:26:25.446 UTC: 	 submit() - self.configreq {'dryrun': 0, 'workflow': 'crab_2pc_OO_V0_invmass_IP0', 'saveoutput': 1, 'savelogsflag': 1, 'inputdata': '/IonPhysics0/bibehera-V0_OO_IP0_Run2025_MiniAOD-ca42279dfc2dce710b3991c24f27a617/USER', 'nonvaliddata': 0, 'userfiles': [], 'dbsurl': 'https://cmsweb.cern.ch/dbs/prod/phys03/DBSReader', 'useparent': 0, 'secondarydata': '/IonPhysics10/OORun2025-PromptReco-v1/MINIAOD', 'ignorelocality': 0, 'splitalgo': 'LumiBased', 'algoargs': 3, 'totalunits': -1, 'lfn': '/store/user/bibehera/', 'publication': 0, 'publishdbsurl': 'https://cmsweb.cern.ch/dbs/prod/phys03/DBSWriter', 'publishname2': '2pc_OO_V0_IP0', 'jobtype': 'Analysis', 'generator': 'pythia', 'addoutputfiles': [], 'maxjobruntime': 1250, 'numcores': 1, 'maxmemory': 2000, 'priority': 10, 'nonprodsw': 0, 'asyncdest': 'T3_CH_CERNBOX', 'requireaccelerator': 0, 'oneEventMode': 0, 'extrajdl': [], 'ignoreglobalblacklist': 0, 'partialdataset': 0, 'inputblocks': []}
DEBUG 2025-09-01 22:26:25.446 UTC: 	 submit() - jobconfig {'addoutputfiles': [], 'tfileoutfiles': ['V0_test_pt_invariantmass1.root'], 'edmoutfiles': [], 'jobarch': 'el9_amd64_gcc12', 'jobminuarch': 'x86-64-v3', 'jobsw': 'CMSSW_15_0_6_patch1', 'inputdata': '/IonPhysics0/bibehera-V0_OO_IP0_Run2025_MiniAOD-ca42279dfc2dce710b3991c24f27a617/USER', 'cacheurl': 'https://cmsweb.cern.ch/S3/crabcache_prod', 'cachefilename': '7d44b9c089608ee09c18abb8e6875206f75035c90ffac372516bf1959ca6e521.tar.gz', 'debugfilename': 'c43e42921b224909153b729caa8ac16cff33ed32357785ecb53506cd2d8d07e5.tar.gz', 'runs': ['394153', '394154', '394169', '394175', '394183', '394184', '394185', '394186', '394187', '394188', '394189', '394204', '394209', '394217'], 'lumis': ['40,169', '1,886', '39,997', '47,988', '15,239', '1,667', '1,3', '1,15', '1,1', '1,107', '1,72', '38,932', '23,1209', '41,838'], 'jobtype': 'Analysis'}
INFO 2025-09-01 22:26:25.446 UTC: 	 Sending the request to the server at cmsweb.cern.ch
DEBUG 2025-09-01 22:26:25.446 UTC: 	 Submitting {'dryrun': 0, 'workflow': 'crab_2pc_OO_V0_invmass_IP0', 'saveoutput': 1, 'savelogsflag': 1, 'inputdata': '/IonPhysics0/bibehera-V0_OO_IP0_Run2025_MiniAOD-ca42279dfc2dce710b3991c24f27a617/USER', 'nonvaliddata': 0, 'userfiles': [], 'dbsurl': 'https://cmsweb.cern.ch/dbs/prod/phys03/DBSReader', 'useparent': 0, 'secondarydata': '/IonPhysics10/OORun2025-PromptReco-v1/MINIAOD', 'ignorelocality': 0, 'splitalgo': 'LumiBased', 'algoargs': 3, 'totalunits': -1, 'lfn': '/store/user/bibehera/', 'publication': 0, 'publishdbsurl': 'https://cmsweb.cern.ch/dbs/prod/phys03/DBSWriter', 'publishname2': '2pc_OO_V0_IP0', 'jobtype': 'Analysis', 'generator': 'pythia', 'addoutputfiles': [], 'maxjobruntime': 1250, 'numcores': 1, 'maxmemory': 2000, 'priority': 10, 'nonprodsw': 0, 'asyncdest': 'T3_CH_CERNBOX', 'requireaccelerator': 0, 'oneEventMode': 0, 'extrajdl': [], 'ignoreglobalblacklist': 0, 'partialdataset': 0, 'inputblocks': [], 'tfileoutfiles': ['V0_test_pt_invariantmass1.root'], 'edmoutfiles': [], 'jobarch': 'el9_amd64_gcc12', 'jobminuarch': 'x86-64-v3', 'jobsw': 'CMSSW_15_0_6_patch1', 'cacheurl': 'https://cmsweb.cern.ch/S3/crabcache_prod', 'cachefilename': '7d44b9c089608ee09c18abb8e6875206f75035c90ffac372516bf1959ca6e521.tar.gz', 'debugfilename': 'c43e42921b224909153b729caa8ac16cff33ed32357785ecb53506cd2d8d07e5.tar.gz', 'runs': ['394153', '394154', '394169', '394175', '394183', '394184', '394185', '394186', '394187', '394188', '394189', '394204', '394209', '394217'], 'lumis': ['40,169', '1,886', '39,997', '47,988', '15,239', '1,667', '1,3', '1,15', '1,1', '1,107', '1,72', '38,932', '23,1209', '41,838']} 
DEBUG 2025-09-01 22:26:25.447 UTC: 	 Encoded data for curl request: dryrun=0&workflow=crab_2pc_OO_V0_invmass_IP0&saveoutput=1&savelogsflag=1&inputdata=%2FIonPhysics0%2Fbibehera-V0_OO_IP0_Run2025_MiniAOD-ca42279dfc2dce710b3991c24f27a617%2FUSER&nonvaliddata=0&dbsurl=https%3A%2F%2Fcmsweb.cern.ch%2Fdbs%2Fprod%2Fphys03%2FDBSReader&useparent=0&secondarydata=%2FIonPhysics10%2FOORun2025-PromptReco-v1%2FMINIAOD&ignorelocality=0&splitalgo=LumiBased&algoargs=3&totalunits=-1&lfn=%2Fstore%2Fuser%2Fbibehera%2F&publication=0&publishdbsurl=https%3A%2F%2Fcmsweb.cern.ch%2Fdbs%2Fprod%2Fphys03%2FDBSWriter&publishname2=2pc_OO_V0_IP0&jobtype=Analysis&generator=pythia&maxjobruntime=1250&numcores=1&maxmemory=2000&priority=10&nonprodsw=0&asyncdest=T3_CH_CERNBOX&requireaccelerator=0&oneEventMode=0&ignoreglobalblacklist=0&partialdataset=0&jobarch=el9_amd64_gcc12&jobminuarch=x86-64-v3&jobsw=CMSSW_15_0_6_patch1&cacheurl=https%3A%2F%2Fcmsweb.cern.ch%2FS3%2Fcrabcache_prod&cachefilename=7d44b9c089608ee09c18abb8e6875206f75035c90ffac372516bf1959ca6e521.tar.gz&debugfilename=c43e42921b224909153b729caa8ac16cff33ed32357785ecb53506cd2d8d07e5.tar.gz&tfileoutfiles=V0_test_pt_invariantmass1.root&runs=394153&runs=394154&runs=394169&runs=394175&runs=394183&runs=394184&runs=394185&runs=394186&runs=394187&runs=394188&runs=394189&runs=394204&runs=394209&runs=394217&lumis=40%2C169&lumis=1%2C886&lumis=39%2C997&lumis=47%2C988&lumis=15%2C239&lumis=1%2C667&lumis=1%2C3&lumis=1%2C15&lumis=1%2C1&lumis=1%2C107&lumis=1%2C72&lumis=38%2C932&lumis=23%2C1209&lumis=41%2C838
DEBUG 2025-09-01 22:26:25.809 UTC: 	 Result: {'result': [{'RequestName': '250901_222625:bibehera_crab_2pc_OO_V0_invmass_IP0'}]}
INFO 2025-09-01 22:26:25.852 UTC: 	 Success: Your task has been delivered to the prod CRAB3 server.
INFO 2025-09-01 22:26:25.852 UTC: 	 Task name: 250901_222625:bibehera_crab_2pc_OO_V0_invmass_IP0
INFO 2025-09-01 22:26:25.852 UTC: 	 Project dir: OO_Data_MINIAOD/crab_2pc_OO_V0_invmass_IP0
INFO 2025-09-01 22:26:25.853 UTC: 	 Please use ' crab status -d OO_Data_MINIAOD/crab_2pc_OO_V0_invmass_IP0 ' to check how the submission process proceeds.
DEBUG 2025-09-01 22:26:25.853 UTC: 	 About to return
INFO 2025-09-01 22:26:25.878 UTC: 	 Log file is /eos/home-b/bibehera/OO_Simfit/CMSSW_15_0_6_patch1/src/Analyzer/RaghuV0Ana/cfg/OO_Data_MINIAOD/crab_2pc_OO_V0_invmass_IP0/crab.log
DEBUG 2025-09-01 22:40:10.527 UTC: 	 CRAB Client version: v3.250522
DEBUG 2025-09-01 22:40:10.528 UTC: 	 Running on: Linux lxplus965.cern.ch 5.14.0-570.28.1.el9_6.x86_64 #1 SMP PREEMPT_DYNAMIC Wed Jul 16 02:51:06 EDT 2025 x86_64 x86_64 x86_64 GNU/Linux
DEBUG 2025-09-01 22:40:10.528 UTC: 	 Not using Singularity
DEBUG 2025-09-01 22:40:10.528 UTC: 	 Operating System: Red Hat Enterprise Linux 9.6 (Plow)
DEBUG 2025-09-01 22:40:10.528 UTC: 	 Executing command: 'kill'
DEBUG 2025-09-01 22:40:10.528 UTC: 	 Found CRAB cache file /afs/cern.ch/user/b/bibehera/.crab3
DEBUG 2025-09-01 22:40:10.545 UTC: 	 Checking credentials
DEBUG 2025-09-01 22:40:10.545 UTC: 	 Found proxy file /tmp/x509up_u177753
DEBUG 2025-09-01 22:40:10.545 UTC: 	 Making sure it has proper VOMS extension
DEBUG 2025-09-01 22:40:10.545 UTC: 	 Executing command :
 voms-proxy-info --vo --file /tmp/x509up_u177753
DEBUG 2025-09-01 22:40:10.574 UTC: 	 output : cms

 error: 
 retcode : 0
DEBUG 2025-09-01 22:40:10.574 UTC: 	 Getting proxy life time left
DEBUG 2025-09-01 22:40:10.574 UTC: 	 Executing command :
 voms-proxy-info --actimeleft --timeleft --file /tmp/x509up_u177753
DEBUG 2025-09-01 22:40:10.602 UTC: 	 output : 22490
22490

 error: 
 retcode : 0
DEBUG 2025-09-01 22:40:10.603 UTC: 	 Proxy valid for 06:14:50 hours
DEBUG 2025-09-01 22:40:10.603 UTC: 	 Encoded data for curl request: subresource=delegatedn
DEBUG 2025-09-01 22:40:10.659 UTC: 	 Registering user credentials on myproxy for /DC=ch/DC=cern/OU=computers/CN=crab-(preprod|prod)-tw(01|02).cern.ch|/DC=ch/DC=cern/OU=computers/CN=crab-dev-tw(01|02|03|04).cern.ch|/DC=ch/DC=cern/OU=Organic Units/OU=Users/CN=cmscrab/CN=(817881|373708)/CN=Robot: cms crab|/DC=ch/DC=cern/OU=Organic Units/OU=Users/CN=crabint1/CN=373708/CN=Robot: CMS CRAB Integration 1
DEBUG 2025-09-01 22:40:10.659 UTC: 	 Executing command :
 voms-proxy-info --identity --file /tmp/x509up_u177753
DEBUG 2025-09-01 22:40:10.690 UTC: 	 output : /DC=ch/DC=cern/OU=Organic Units/OU=Users/CN=bibehera/CN=882295/CN=Bismita Behera

 error: 
 retcode : 0
DEBUG 2025-09-01 22:40:10.690 UTC: 	 Getting myproxy life time left for bfbdf12a5670e45fdd055ff115afbb0f25b8a072
DEBUG 2025-09-01 22:40:10.690 UTC: 	 Executing command :
 myproxy-info -s myproxy.cern.ch -l bfbdf12a5670e45fdd055ff115afbb0f25b8a072
DEBUG 2025-09-01 22:40:10.999 UTC: 	 output : username: bfbdf12a5670e45fdd055ff115afbb0f25b8a072
owner: /DC=ch/DC=cern/OU=Organic Units/OU=Users/CN=bibehera/CN=882295/CN=Bismita Behera
  renewal policy: /DC=ch/DC=cern/OU=computers/CN=crab-(preprod|prod)-tw(01|02).cern.ch|/DC=ch/DC=cern/OU=computers/CN=crab-dev-tw(01|02|03|04).cern.ch|/DC=ch/DC=cern/OU=Organic Units/OU=Users/CN=cmscrab/CN=(817881|373708)/CN=Robot: cms crab|/DC=ch/DC=cern/OU=Organic Units/OU=Users/CN=crabint1/CN=373708/CN=Robot: CMS CRAB Integration 1
  trusted retrieval policy: /DC=ch/DC=cern/OU=computers/CN=crab-(preprod|prod)-tw(01|02).cern.ch|/DC=ch/DC=cern/OU=computers/CN=crab-dev-tw(01|02|03|04).cern.ch|/DC=ch/DC=cern/OU=Organic Units/OU=Users/CN=cmscrab/CN=(817881|373708)/CN=Robot: cms crab|/DC=ch/DC=cern/OU=Organic Units/OU=Users/CN=crabint1/CN=373708/CN=Robot: CMS CRAB Integration 1
  timeleft: 573:40:57  (23.9 days)

 error: 
 retcode : 0
DEBUG 2025-09-01 22:40:11.000 UTC: 	 Myproxy is valid: 2065200
DEBUG 2025-09-01 22:40:11.000 UTC: 	 Result of myproxy credential check:
  Credential exists on myproxy: username: bfbdf12a5670e45fdd055ff115afbb0f25b8a072  - validity: 23 days, 21:40:00
DEBUG 2025-09-01 22:40:11.003 UTC: 	 Command use: kill
DEBUG 2025-09-01 22:40:11.003 UTC: 	 Options use: ['-d', 'OO_Data_MINIAOD/crab_2pc_OO_V0_invmass_IP0']
DEBUG 2025-09-01 22:40:11.003 UTC: 	 Encoded data for curl request: subresource=version
DEBUG 2025-09-01 22:40:11.052 UTC: 	 CRABClient version: v3.250522
DEBUG 2025-09-01 22:40:11.052 UTC: 	 Instance is prod
DEBUG 2025-09-01 22:40:11.052 UTC: 	 Server base url is cmsweb.cern.ch
DEBUG 2025-09-01 22:40:11.052 UTC: 	 Command api workflow
DEBUG 2025-09-01 22:40:11.052 UTC: 	 Killing task 250901_222625:bibehera_crab_2pc_OO_V0_invmass_IP0
DEBUG 2025-09-01 22:40:11.052 UTC: 	 Encoded data for curl request: workflow=250901_222625%3Abibehera_crab_2pc_OO_V0_invmass_IP0
DEBUG 2025-09-01 22:40:11.112 UTC: 	 Result: {'desc': {'columns': ['tm_taskname', 'tm_task_status', 'tm_task_command', 'tm_user_role', 'tm_user_group', 'tm_task_failure', 'tm_split_algo', 'tm_split_args', 'tm_save_logs', 'tm_username', 'tm_user_dn', 'tm_arguments', 'tm_input_dataset', 'tm_dbs_url', 'tm_task_warnings', 'tm_publication', 'tm_user_webdir', 'tm_output_dataset', 'tm_collector', 'tm_schedd', 'tm_dry_run', 'clusterid', 'tm_start_time', 'tw_name', 'tm_dagman_status', 'tm_num_jobs', 'tm_uploaded']}, 'result': [{'result': 'ok'}]}
INFO 2025-09-01 22:40:11.112 UTC: 	 Kill request successfully sent
INFO 2025-09-01 22:40:11.120 UTC: 	 Log file is /eos/home-b/bibehera/OO_Simfit/CMSSW_15_0_6_patch1/src/Analyzer/RaghuV0Ana/cfg/OO_Data_MINIAOD/crab_2pc_OO_V0_invmass_IP0/crab.log
