DEBUG 2025-10-29 15:14:06.171 UTC: 	 CRAB Client version: v3.250820
DEBUG 2025-10-29 15:14:06.171 UTC: 	 Running on: Linux lxplus810.cern.ch 4.18.0-553.79.1.el8_10.x86_64 #1 SMP Fri Oct 3 10:58:12 EDT 2025 x86_64 x86_64 x86_64 GNU/Linux
DEBUG 2025-10-29 15:14:06.171 UTC: 	 Not using Singularity
DEBUG 2025-10-29 15:14:06.171 UTC: 	 Operating System: Red Hat Enterprise Linux 8.10 (Ootpa)
DEBUG 2025-10-29 15:14:06.171 UTC: 	 Executing command: 'submit'
DEBUG 2025-10-29 15:14:06.191 UTC: 	 Found CRAB cache file /afs/cern.ch/user/b/bibehera/.crab3
INFO 2025-10-29 15:14:06.238 UTC: 	 Will use CRAB configuration file crab_config2.py
DEBUG 2025-10-29 15:14:06.260 UTC: 	 Loading CRAB configuration file.
DEBUG 2025-10-29 15:14:07.205 UTC: 	 Overriden parameter General.requestName with '2pc_OO_V0_IM_effcorr_cent0to50_lowpT_IP13'
DEBUG 2025-10-29 15:14:07.205 UTC: 	 Overriden parameter Data.inputDataset with '/IonPhysics13/bibehera-2pc_OO_V0_IP13-ca42279dfc2dce710b3991c24f27a617/USER'
DEBUG 2025-10-29 15:14:07.205 UTC: 	 Overriden parameter Data.secondaryInputDataset with '/IonPhysics13/OORun2025-PromptReco-v1/MINIAOD'
DEBUG 2025-10-29 15:14:07.205 UTC: 	 Overriden parameter Data.outputDatasetTag with '2pc_OO_V0_IM_effcorr_cent0to50_lowpT_IP13'
DEBUG 2025-10-29 15:14:07.205 UTC: 	 Will use CRAB plugin ANALYSIS (i.e. will run an analysis job type).
DEBUG 2025-10-29 15:14:07.520 UTC: 	 Checking credentials
DEBUG 2025-10-29 15:14:07.520 UTC: 	 Found proxy file /tmp/x509up_u177753
DEBUG 2025-10-29 15:14:07.520 UTC: 	 Making sure it has proper VOMS extension
DEBUG 2025-10-29 15:14:07.520 UTC: 	 Executing command :
 voms-proxy-info --vo --file /tmp/x509up_u177753
DEBUG 2025-10-29 15:14:09.017 UTC: 	 output : cms

 error: 
 retcode : 0
DEBUG 2025-10-29 15:14:09.017 UTC: 	 Getting proxy life time left
DEBUG 2025-10-29 15:14:09.017 UTC: 	 Executing command :
 voms-proxy-info --actimeleft --timeleft --file /tmp/x509up_u177753
DEBUG 2025-10-29 15:14:09.666 UTC: 	 output : 41444
41444

 error: 
 retcode : 0
DEBUG 2025-10-29 15:14:09.666 UTC: 	 Proxy valid for 11:30:44 hours
DEBUG 2025-10-29 15:14:09.666 UTC: 	 Encoded data for curl request: subresource=delegatedn
DEBUG 2025-10-29 15:14:11.216 UTC: 	 Registering user credentials on myproxy for /DC=ch/DC=cern/OU=Organic Units/OU=Users/CN=cmscrab/CN=(817881|373708)/CN=Robot: cms crab|/DC=ch/DC=cern/OU=Organic Units/OU=Users/CN=crabint1/CN=373708/CN=Robot: CMS CRAB Integration 1
DEBUG 2025-10-29 15:14:11.216 UTC: 	 Executing command :
 voms-proxy-info --identity --file /tmp/x509up_u177753
DEBUG 2025-10-29 15:14:11.827 UTC: 	 output : /DC=ch/DC=cern/OU=Organic Units/OU=Users/CN=bibehera/CN=882295/CN=Bismita Behera

 error: 
 retcode : 0
DEBUG 2025-10-29 15:14:11.828 UTC: 	 Getting myproxy life time left for bfbdf12a5670e45fdd055ff115afbb0f25b8a072
DEBUG 2025-10-29 15:14:11.828 UTC: 	 Executing command :
 myproxy-info -s myproxy.cern.ch -l bfbdf12a5670e45fdd055ff115afbb0f25b8a072
DEBUG 2025-10-29 15:14:14.739 UTC: 	 output : username: bfbdf12a5670e45fdd055ff115afbb0f25b8a072
owner: /DC=ch/DC=cern/OU=Organic Units/OU=Users/CN=bibehera/CN=882295/CN=Bismita Behera
  renewal policy: /DC=ch/DC=cern/OU=Organic Units/OU=Users/CN=cmscrab/CN=(817881|373708)/CN=Robot: cms crab|/DC=ch/DC=cern/OU=Organic Units/OU=Users/CN=crabint1/CN=373708/CN=Robot: CMS CRAB Integration 1
  trusted retrieval policy: /DC=ch/DC=cern/OU=Organic Units/OU=Users/CN=cmscrab/CN=(817881|373708)/CN=Robot: cms crab|/DC=ch/DC=cern/OU=Organic Units/OU=Users/CN=crabint1/CN=373708/CN=Robot: CMS CRAB Integration 1
  timeleft: 365:14:09  (15.2 days)

 error: 
 retcode : 0
DEBUG 2025-10-29 15:14:14.739 UTC: 	 Myproxy is valid: 1314840
DEBUG 2025-10-29 15:14:14.740 UTC: 	 Result of myproxy credential check:
  Credential exists on myproxy: username: bfbdf12a5670e45fdd055ff115afbb0f25b8a072  - validity: 15 days, 5:14:00
DEBUG 2025-10-29 15:14:14.740 UTC: 	 Command use: submit
DEBUG 2025-10-29 15:14:14.740 UTC: 	 Options use: ['-c', 'crab_config2.py', 'General.requestName=2pc_OO_V0_IM_effcorr_cent0to50_lowpT_IP13', 'Data.inputDataset=/IonPhysics13/bibehera-2pc_OO_V0_IP13-ca42279dfc2dce710b3991c24f27a617/USER', 'Data.secondaryInputDataset=/IonPhysics13/OORun2025-PromptReco-v1/MINIAOD', 'Data.outputDatasetTag=2pc_OO_V0_IM_effcorr_cent0to50_lowpT_IP13']
DEBUG 2025-10-29 15:14:14.740 UTC: 	 Encoded data for curl request: subresource=version
DEBUG 2025-10-29 15:14:15.539 UTC: 	 CRABClient version: v3.250820
DEBUG 2025-10-29 15:14:15.539 UTC: 	 Instance is prod
DEBUG 2025-10-29 15:14:15.539 UTC: 	 Server base url is cmsweb.cern.ch
DEBUG 2025-10-29 15:14:15.539 UTC: 	 Command api workflow
DEBUG 2025-10-29 15:14:15.539 UTC: 	 Started submission
DEBUG 2025-10-29 15:14:15.539 UTC: 	 Working on /eos/home-b/bibehera/OO_Simfit_eff/CMSSW_15_0_6_patch1/src/Analyzer/RaghuV0Ana/cfg/OO_Data_MINIAOD/crab_2pc_OO_V0_IM_effcorr_cent0to50_lowpT_IP13
DEBUG 2025-10-29 15:14:15.540 UTC: 	 Encoded data for curl request: subresource=backendurls
DEBUG 2025-10-29 15:14:17.954 UTC: 	 Loading required information from the environment
DEBUG 2025-10-29 15:14:17.954 UTC: 	 Found CMSSW_15_0_6_patch1 for el8_amd64_gcc12 with base /eos/home-b/bibehera/OO_Simfit_eff/CMSSW_15_0_6_patch1
DEBUG 2025-10-29 15:14:17.954 UTC: 	 Loading required information from the environment
DEBUG 2025-10-29 15:14:17.954 UTC: 	 Found CMSSW_15_0_6_patch1 for el8_amd64_gcc12 with base /eos/home-b/bibehera/OO_Simfit_eff/CMSSW_15_0_6_patch1
DEBUG 2025-10-29 15:14:17.954 UTC: 	 UNIQUE NAME: tarUUID ef0c8458-27ac-4f24-83b7-cc8aa4910351 
DEBUG 2025-10-29 15:14:17.954 UTC: 	 self.config: from WMCore.Configuration import Configuration
config = Configuration()
config.section_('General')
config.General.transferLogs = True
config.General.requestName = '2pc_OO_V0_IM_effcorr_cent0to50_lowpT_IP13'
config.General.transferOutputs = True
config.General.workArea = 'OO_Data_MINIAOD'
config.section_('JobType')
config.JobType.psetName = 'PbPb_2018_cfg.py'
config.JobType.pluginName = 'Analysis'
config.section_('Data')
config.Data.unitsPerJob = 3
config.Data.secondaryInputDataset = '/IonPhysics13/OORun2025-PromptReco-v1/MINIAOD'
config.Data.inputDataset = '/IonPhysics13/bibehera-2pc_OO_V0_IP13-ca42279dfc2dce710b3991c24f27a617/USER'
config.Data.splitting = 'LumiBased'
config.Data.lumiMask = 'generated_json.json'
config.Data.outLFNDirBase = '/store/user/bibehera/'
config.Data.totalUnits = -1
config.Data.inputDBS = 'phys03'
config.Data.publication = False
config.Data.outputDatasetTag = '2pc_OO_V0_IM_effcorr_cent0to50_lowpT_IP13'
config.section_('Site')
config.Site.storageSite = 'T3_CH_CERNBOX'
config.section_('User')
config.section_('Debug')

DEBUG 2025-10-29 15:14:17.954 UTC: 	 self.config.JobType.psetName: PbPb_2018_cfg.py
INFO 2025-10-29 15:14:17.989 UTC: 	 Importing CMSSW configuration PbPb_2018_cfg.py
INFO 2025-10-29 15:16:54.029 UTC: 	 Finished importing CMSSW configuration PbPb_2018_cfg.py
DEBUG 2025-10-29 15:16:54.048 UTC: 	 Writing CMSSW configuration to /eos/home-b/bibehera/OO_Simfit_eff/CMSSW_15_0_6_patch1/src/Analyzer/RaghuV0Ana/cfg/OO_Data_MINIAOD/crab_2pc_OO_V0_IM_effcorr_cent0to50_lowpT_IP13/inputs/PSet.py
DEBUG 2025-10-29 15:16:54.449 UTC: 	 The following EDM output files will be collected: []
DEBUG 2025-10-29 15:16:54.449 UTC: 	 The following TFile output files will be collected: ['V0_test_IM_lowpT.root']
DEBUG 2025-10-29 15:16:54.449 UTC: 	 The following user output files (not listed as PoolOuputModule or TFileService in the CMSSW PSet) will be collected: 
DEBUG 2025-10-29 15:16:54.449 UTC: 	 Loading required information from the environment
DEBUG 2025-10-29 15:16:54.449 UTC: 	 Found CMSSW_15_0_6_patch1 for el8_amd64_gcc12 with base /eos/home-b/bibehera/OO_Simfit_eff/CMSSW_15_0_6_patch1
DEBUG 2025-10-29 15:16:54.449 UTC: 	 Making tarball in /eos/home-b/bibehera/OO_Simfit_eff/CMSSW_15_0_6_patch1/src/Analyzer/RaghuV0Ana/cfg/OO_Data_MINIAOD/crab_2pc_OO_V0_IM_effcorr_cent0to50_lowpT_IP13/inputs/ef0c8458-27ac-4f24-83b7-cc8aa4910351default.tgz
DEBUG 2025-10-29 15:16:54.500 UTC: 	 Checking directory /eos/home-b/bibehera/OO_Simfit_eff/CMSSW_15_0_6_patch1/bin
DEBUG 2025-10-29 15:16:54.528 UTC: 	 Adding directory /eos/home-b/bibehera/OO_Simfit_eff/CMSSW_15_0_6_patch1/bin to tarball
DEBUG 2025-10-29 15:16:55.282 UTC: 	 Checking directory /eos/home-b/bibehera/OO_Simfit_eff/CMSSW_15_0_6_patch1/python
DEBUG 2025-10-29 15:16:55.292 UTC: 	 Adding directory /eos/home-b/bibehera/OO_Simfit_eff/CMSSW_15_0_6_patch1/python to tarball
DEBUG 2025-10-29 15:17:00.117 UTC: 	 Checking directory /eos/home-b/bibehera/OO_Simfit_eff/CMSSW_15_0_6_patch1/cfipython
DEBUG 2025-10-29 15:17:00.127 UTC: 	 Adding directory /eos/home-b/bibehera/OO_Simfit_eff/CMSSW_15_0_6_patch1/cfipython to tarball
DEBUG 2025-10-29 15:17:07.466 UTC: 	 Checking directory /eos/home-b/bibehera/OO_Simfit_eff/CMSSW_15_0_6_patch1/lib
DEBUG 2025-10-29 15:17:07.467 UTC: 	 Adding directory /eos/home-b/bibehera/OO_Simfit_eff/CMSSW_15_0_6_patch1/lib to tarball
DEBUG 2025-10-29 15:17:08.383 UTC: 	 Checking directory /eos/home-b/bibehera/OO_Simfit_eff/CMSSW_15_0_6_patch1/biglib
DEBUG 2025-10-29 15:17:08.389 UTC: 	 Adding directory /eos/home-b/bibehera/OO_Simfit_eff/CMSSW_15_0_6_patch1/biglib to tarball
DEBUG 2025-10-29 15:17:08.510 UTC: 	 Checking directory /eos/home-b/bibehera/OO_Simfit_eff/CMSSW_15_0_6_patch1/module
DEBUG 2025-10-29 15:17:08.528 UTC: 	 Checking directory /eos/home-b/bibehera/OO_Simfit_eff/CMSSW_15_0_6_patch1/config/SCRAM/hooks
DEBUG 2025-10-29 15:17:08.571 UTC: 	 Adding directory /eos/home-b/bibehera/OO_Simfit_eff/CMSSW_15_0_6_patch1/config/SCRAM/hooks to tarball
DEBUG 2025-10-29 15:18:39.381 UTC: 	 Adding directory /eos/home-b/bibehera/OO_Simfit_eff/CMSSW_15_0_6_patch1/src/Analyzer/RaghuV0Ana/data to tarball
DEBUG 2025-10-29 15:18:43.032 UTC: 	 Adding directory /eos/home-b/bibehera/OO_Simfit_eff/CMSSW_15_0_6_patch1/src/Analyzer/RaghuV0Ana/interface to tarball
DEBUG 2025-10-29 15:18:43.546 UTC: 	 Adding directory /eos/home-b/bibehera/OO_Simfit_eff/CMSSW_15_0_6_patch1/src/Analyzer/RaghuV0Ana/python to tarball
DEBUG 2025-10-29 15:18:44.463 UTC: 	 Adding directory /eos/home-b/bibehera/OO_Simfit_eff/CMSSW_15_0_6_patch1/src/HeavyIonsAnalysis/Configuration/data to tarball
DEBUG 2025-10-29 15:18:45.600 UTC: 	 Adding directory /eos/home-b/bibehera/OO_Simfit_eff/CMSSW_15_0_6_patch1/src/HeavyIonsAnalysis/Configuration/python to tarball
DEBUG 2025-10-29 15:18:47.649 UTC: 	 Adding directory /eos/home-b/bibehera/OO_Simfit_eff/CMSSW_15_0_6_patch1/src/HeavyIonsAnalysis/EGMAnalysis/data to tarball
DEBUG 2025-10-29 15:18:48.053 UTC: 	 Adding directory /eos/home-b/bibehera/OO_Simfit_eff/CMSSW_15_0_6_patch1/src/HeavyIonsAnalysis/EGMAnalysis/interface to tarball
DEBUG 2025-10-29 15:18:48.546 UTC: 	 Adding directory /eos/home-b/bibehera/OO_Simfit_eff/CMSSW_15_0_6_patch1/src/HeavyIonsAnalysis/EGMAnalysis/python to tarball
DEBUG 2025-10-29 15:18:49.487 UTC: 	 Adding directory /eos/home-b/bibehera/OO_Simfit_eff/CMSSW_15_0_6_patch1/src/HeavyIonsAnalysis/EventAnalysis/python to tarball
DEBUG 2025-10-29 15:18:51.517 UTC: 	 Adding directory /eos/home-b/bibehera/OO_Simfit_eff/CMSSW_15_0_6_patch1/src/HeavyIonsAnalysis/JetAnalysis/interface to tarball
DEBUG 2025-10-29 15:18:51.828 UTC: 	 Adding directory /eos/home-b/bibehera/OO_Simfit_eff/CMSSW_15_0_6_patch1/src/HeavyIonsAnalysis/JetAnalysis/python to tarball
DEBUG 2025-10-29 15:18:54.170 UTC: 	 Adding directory /eos/home-b/bibehera/OO_Simfit_eff/CMSSW_15_0_6_patch1/src/HeavyIonsAnalysis/MuonAnalysis/interface to tarball
DEBUG 2025-10-29 15:18:54.624 UTC: 	 Adding directory /eos/home-b/bibehera/OO_Simfit_eff/CMSSW_15_0_6_patch1/src/HeavyIonsAnalysis/MuonAnalysis/python to tarball
DEBUG 2025-10-29 15:18:55.456 UTC: 	 Adding directory /eos/home-b/bibehera/OO_Simfit_eff/CMSSW_15_0_6_patch1/src/HeavyIonsAnalysis/TrackAnalysis/interface to tarball
DEBUG 2025-10-29 15:18:55.690 UTC: 	 Adding directory /eos/home-b/bibehera/OO_Simfit_eff/CMSSW_15_0_6_patch1/src/HeavyIonsAnalysis/TrackAnalysis/python to tarball
DEBUG 2025-10-29 15:18:58.356 UTC: 	 Adding directory /eos/home-b/bibehera/OO_Simfit_eff/CMSSW_15_0_6_patch1/src/HeavyIonsAnalysis/VertexAnalysis/python to tarball
DEBUG 2025-10-29 15:18:59.003 UTC: 	 Adding directory /eos/home-b/bibehera/OO_Simfit_eff/CMSSW_15_0_6_patch1/src/HeavyIonsAnalysis/ZDCAnalysis/python to tarball
DEBUG 2025-10-29 15:19:00.999 UTC: 	 Uploading archive /eos/home-b/bibehera/OO_Simfit_eff/CMSSW_15_0_6_patch1/src/Analyzer/RaghuV0Ana/cfg/OO_Data_MINIAOD/crab_2pc_OO_V0_IM_effcorr_cent0to50_lowpT_IP13/inputs/ef0c8458-27ac-4f24-83b7-cc8aa4910351default.tgz (4.679688.1 MB) to the CRAB cache. Using URI https://s3.cern.ch/crabcache
DEBUG 2025-10-29 15:19:02.621 UTC: 	 Encoded data for curl request: subresource=upload&objecttype=sandbox&tarballname=e527694e0fbccc0308ae0ae72376a61bd11878bd855fd4aeb0bf58884c1e4fda.tar.gz
DEBUG 2025-10-29 15:19:04.483 UTC: 	 sandbox e527694e0fbccc0308ae0ae72376a61bd11878bd855fd4aeb0bf58884c1e4fda.tar.gz is already in the S3 store, will not upload again
DEBUG 2025-10-29 15:19:04.484 UTC: 	 Loading required information from the environment
DEBUG 2025-10-29 15:19:04.484 UTC: 	 Found CMSSW_15_0_6_patch1 for el8_amd64_gcc12 with base /eos/home-b/bibehera/OO_Simfit_eff/CMSSW_15_0_6_patch1
DEBUG 2025-10-29 15:19:04.484 UTC: 	 Making tarball in /eos/home-b/bibehera/OO_Simfit_eff/CMSSW_15_0_6_patch1/src/Analyzer/RaghuV0Ana/cfg/OO_Data_MINIAOD/crab_2pc_OO_V0_IM_effcorr_cent0to50_lowpT_IP13/inputs/debugFiles.tgz
DEBUG 2025-10-29 15:19:04.652 UTC: 	 Uploading archive /eos/home-b/bibehera/OO_Simfit_eff/CMSSW_15_0_6_patch1/src/Analyzer/RaghuV0Ana/cfg/OO_Data_MINIAOD/crab_2pc_OO_V0_IM_effcorr_cent0to50_lowpT_IP13/inputs/debugFiles.tgz (3 KB) to the CRAB cache. Using URI https://s3.cern.ch/crabcache
DEBUG 2025-10-29 15:19:04.739 UTC: 	 Encoded data for curl request: subresource=upload&objecttype=sandbox&tarballname=fac1f20cd862f3650dedbd1775e56e36b120ea8e3181c7ea15e6b3e607a45c33.tar.gz
DEBUG 2025-10-29 15:19:05.522 UTC: 	 Will execute:
curl -f -v -X POST  -H "User-Agent: CRAB" -F "key=bibehera/sandboxes/fac1f20cd862f3650dedbd1775e56e36b120ea8e3181c7ea15e6b3e607a45c33.tar.gz" -F "AWSAccessKeyId=715203df6482458ba839e73e6dab634b" -F "policy=eyJleHBpcmF0aW9uIjogIjIwMjUtMTAtMjlUMTY6MTk6MDVaIiwgImNvbmRpdGlvbnMiOiBbeyJidWNrZXQiOiAiY3JhYmNhY2hlX3Byb2QifSwgeyJrZXkiOiAiYmliZWhlcmEvc2FuZGJveGVzL2ZhYzFmMjBjZDg2MmYzNjUwZGVkYmQxNzc1ZTU2ZTM2YjEyMGVhOGUzMTgxYzdlYTE1ZTZiM2U2MDdhNDVjMzMudGFyLmd6In1dfQ==" -F "signature=DgxN2T/Net6i+r4Hfeu6AONv7U8=" -F "file=@/eos/home-b/bibehera/OO_Simfit_eff/CMSSW_15_0_6_patch1/src/Analyzer/RaghuV0Ana/cfg/OO_Data_MINIAOD/crab_2pc_OO_V0_IM_effcorr_cent0to50_lowpT_IP13/inputs/debugFiles.tgz" "https://s3.cern.ch/crabcache_prod"
DEBUG 2025-10-29 15:19:06.335 UTC: 	 exitcode: 0
stdout: b''
DEBUG 2025-10-29 15:19:06.335 UTC: 	 upload to S3 of sandbox /eos/home-b/bibehera/OO_Simfit_eff/CMSSW_15_0_6_patch1/src/Analyzer/RaghuV0Ana/cfg/OO_Data_MINIAOD/crab_2pc_OO_V0_IM_effcorr_cent0to50_lowpT_IP13/inputs/debugFiles.tgz completed
DEBUG 2025-10-29 15:19:06.335 UTC: 	 make sure that object is ready for retrieve
DEBUG 2025-10-29 15:19:07.338 UTC: 	 Encoded data for curl request: subresource=download&objecttype=sandbox&tarballname=fac1f20cd862f3650dedbd1775e56e36b120ea8e3181c7ea15e6b3e607a45c33.tar.gz&clientmethod=head_object
DEBUG 2025-10-29 15:19:08.046 UTC: 	 PreSignedUrl to download sandbox received OK
DEBUG 2025-10-29 15:19:08.078 UTC: 	 Will execute:
 curl -v -s -f -o /dev/null --head  "https://s3.cern.ch/crabcache_prod/bibehera/sandboxes/fac1f20cd862f3650dedbd1775e56e36b120ea8e3181c7ea15e6b3e607a45c33.tar.gz?AWSAccessKeyId=715203df6482458ba839e73e6dab634b&Signature=8o%2F1IQX0M0BXuUKoNObaTQPCbkY%3D&Expires=1761754748"
DEBUG 2025-10-29 15:19:08.925 UTC: 	 exitcode: 0
stdout: b''
DEBUG 2025-10-29 15:19:08.925 UTC: 	 sandbox /eos/home-b/bibehera/OO_Simfit_eff/CMSSW_15_0_6_patch1/src/Analyzer/RaghuV0Ana/cfg/OO_Data_MINIAOD/crab_2pc_OO_V0_IM_effcorr_cent0to50_lowpT_IP13/inputs/debugFiles.tgz successfully uploaded to S3
DEBUG 2025-10-29 15:19:08.925 UTC: 	 Result uploading input files: e527694e0fbccc0308ae0ae72376a61bd11878bd855fd4aeb0bf58884c1e4fda.tar.gz 
DEBUG 2025-10-29 15:19:08.925 UTC: 	 Attaching lumi mask generated_json.json to the request
DEBUG 2025-10-29 15:19:08.925 UTC: 	 Reading lumi-mask from generated_json.json
DEBUG 2025-10-29 15:19:08.961 UTC: 	 submit() - self.configuration from WMCore.Configuration import Configuration
config = Configuration()
config.section_('General')
config.General.transferLogs = True
config.General.requestName = '2pc_OO_V0_IM_effcorr_cent0to50_lowpT_IP13'
config.General.transferOutputs = True
config.General.workArea = 'OO_Data_MINIAOD'
config.section_('JobType')
config.JobType.psetName = 'PbPb_2018_cfg.py'
config.JobType.pluginName = 'Analysis'
config.section_('Data')
config.Data.unitsPerJob = 3
config.Data.secondaryInputDataset = '/IonPhysics13/OORun2025-PromptReco-v1/MINIAOD'
config.Data.inputDataset = '/IonPhysics13/bibehera-2pc_OO_V0_IP13-ca42279dfc2dce710b3991c24f27a617/USER'
config.Data.splitting = 'LumiBased'
config.Data.lumiMask = 'generated_json.json'
config.Data.outLFNDirBase = '/store/user/bibehera/'
config.Data.totalUnits = -1
config.Data.inputDBS = 'phys03'
config.Data.publication = False
config.Data.outputDatasetTag = '2pc_OO_V0_IM_effcorr_cent0to50_lowpT_IP13'
config.section_('Site')
config.Site.storageSite = 'T3_CH_CERNBOX'
config.section_('User')
config.section_('Debug')

DEBUG 2025-10-29 15:19:08.961 UTC: 	 submit() - self.configreq {'dryrun': 0, 'workflow': 'crab_2pc_OO_V0_IM_effcorr_cent0to50_lowpT_IP13', 'saveoutput': 1, 'savelogsflag': 1, 'inputdata': '/IonPhysics13/bibehera-2pc_OO_V0_IP13-ca42279dfc2dce710b3991c24f27a617/USER', 'nonvaliddata': 0, 'userfiles': [], 'dbsurl': 'https://cmsweb.cern.ch/dbs/prod/phys03/DBSReader', 'useparent': 0, 'secondarydata': '/IonPhysics13/OORun2025-PromptReco-v1/MINIAOD', 'ignorelocality': 0, 'splitalgo': 'LumiBased', 'algoargs': 3, 'totalunits': -1, 'lfn': '/store/user/bibehera/', 'publication': 0, 'publishdbsurl': 'https://cmsweb.cern.ch/dbs/prod/phys03/DBSWriter', 'publishname2': '2pc_OO_V0_IM_effcorr_cent0to50_lowpT_IP13', 'jobtype': 'Analysis', 'generator': 'pythia', 'addoutputfiles': [], 'maxjobruntime': 1250, 'numcores': 1, 'maxmemory': 2000, 'priority': 10, 'nonprodsw': 0, 'asyncdest': 'T3_CH_CERNBOX', 'requireaccelerator': 0, 'oneEventMode': 0, 'extrajdl': [], 'ignoreglobalblacklist': 0, 'partialdataset': 0, 'inputblocks': []}
DEBUG 2025-10-29 15:19:08.961 UTC: 	 submit() - jobconfig {'addoutputfiles': [], 'tfileoutfiles': ['V0_test_IM_lowpT.root'], 'edmoutfiles': [], 'jobarch': 'el8_amd64_gcc12', 'jobminuarch': 'x86-64-v3', 'jobsw': 'CMSSW_15_0_6_patch1', 'inputdata': '/IonPhysics13/bibehera-2pc_OO_V0_IP13-ca42279dfc2dce710b3991c24f27a617/USER', 'cacheurl': 'https://s3.cern.ch/crabcache', 'cachefilename': 'e527694e0fbccc0308ae0ae72376a61bd11878bd855fd4aeb0bf58884c1e4fda.tar.gz', 'debugfilename': 'fac1f20cd862f3650dedbd1775e56e36b120ea8e3181c7ea15e6b3e607a45c33.tar.gz', 'runs': ['394153', '394154', '394169', '394175', '394183', '394184', '394185', '394186', '394187', '394188', '394189', '394204', '394209', '394217'], 'lumis': ['40,169', '1,886', '39,997', '47,988', '15,239', '1,667', '1,3', '1,15', '1,1', '1,107', '1,72', '38,932', '23,1209', '41,838'], 'jobtype': 'Analysis'}
INFO 2025-10-29 15:19:08.961 UTC: 	 Sending the request to the server at cmsweb.cern.ch
DEBUG 2025-10-29 15:19:08.983 UTC: 	 Submitting {'dryrun': 0, 'workflow': 'crab_2pc_OO_V0_IM_effcorr_cent0to50_lowpT_IP13', 'saveoutput': 1, 'savelogsflag': 1, 'inputdata': '/IonPhysics13/bibehera-2pc_OO_V0_IP13-ca42279dfc2dce710b3991c24f27a617/USER', 'nonvaliddata': 0, 'userfiles': [], 'dbsurl': 'https://cmsweb.cern.ch/dbs/prod/phys03/DBSReader', 'useparent': 0, 'secondarydata': '/IonPhysics13/OORun2025-PromptReco-v1/MINIAOD', 'ignorelocality': 0, 'splitalgo': 'LumiBased', 'algoargs': 3, 'totalunits': -1, 'lfn': '/store/user/bibehera/', 'publication': 0, 'publishdbsurl': 'https://cmsweb.cern.ch/dbs/prod/phys03/DBSWriter', 'publishname2': '2pc_OO_V0_IM_effcorr_cent0to50_lowpT_IP13', 'jobtype': 'Analysis', 'generator': 'pythia', 'addoutputfiles': [], 'maxjobruntime': 1250, 'numcores': 1, 'maxmemory': 2000, 'priority': 10, 'nonprodsw': 0, 'asyncdest': 'T3_CH_CERNBOX', 'requireaccelerator': 0, 'oneEventMode': 0, 'extrajdl': [], 'ignoreglobalblacklist': 0, 'partialdataset': 0, 'inputblocks': [], 'tfileoutfiles': ['V0_test_IM_lowpT.root'], 'edmoutfiles': [], 'jobarch': 'el8_amd64_gcc12', 'jobminuarch': 'x86-64-v3', 'jobsw': 'CMSSW_15_0_6_patch1', 'cacheurl': 'https://s3.cern.ch/crabcache', 'cachefilename': 'e527694e0fbccc0308ae0ae72376a61bd11878bd855fd4aeb0bf58884c1e4fda.tar.gz', 'debugfilename': 'fac1f20cd862f3650dedbd1775e56e36b120ea8e3181c7ea15e6b3e607a45c33.tar.gz', 'runs': ['394153', '394154', '394169', '394175', '394183', '394184', '394185', '394186', '394187', '394188', '394189', '394204', '394209', '394217'], 'lumis': ['40,169', '1,886', '39,997', '47,988', '15,239', '1,667', '1,3', '1,15', '1,1', '1,107', '1,72', '38,932', '23,1209', '41,838']} 
DEBUG 2025-10-29 15:19:08.983 UTC: 	 Encoded data for curl request: dryrun=0&workflow=crab_2pc_OO_V0_IM_effcorr_cent0to50_lowpT_IP13&saveoutput=1&savelogsflag=1&inputdata=%2FIonPhysics13%2Fbibehera-2pc_OO_V0_IP13-ca42279dfc2dce710b3991c24f27a617%2FUSER&nonvaliddata=0&dbsurl=https%3A%2F%2Fcmsweb.cern.ch%2Fdbs%2Fprod%2Fphys03%2FDBSReader&useparent=0&secondarydata=%2FIonPhysics13%2FOORun2025-PromptReco-v1%2FMINIAOD&ignorelocality=0&splitalgo=LumiBased&algoargs=3&totalunits=-1&lfn=%2Fstore%2Fuser%2Fbibehera%2F&publication=0&publishdbsurl=https%3A%2F%2Fcmsweb.cern.ch%2Fdbs%2Fprod%2Fphys03%2FDBSWriter&publishname2=2pc_OO_V0_IM_effcorr_cent0to50_lowpT_IP13&jobtype=Analysis&generator=pythia&maxjobruntime=1250&numcores=1&maxmemory=2000&priority=10&nonprodsw=0&asyncdest=T3_CH_CERNBOX&requireaccelerator=0&oneEventMode=0&ignoreglobalblacklist=0&partialdataset=0&jobarch=el8_amd64_gcc12&jobminuarch=x86-64-v3&jobsw=CMSSW_15_0_6_patch1&cacheurl=https%3A%2F%2Fs3.cern.ch%2Fcrabcache&cachefilename=e527694e0fbccc0308ae0ae72376a61bd11878bd855fd4aeb0bf58884c1e4fda.tar.gz&debugfilename=fac1f20cd862f3650dedbd1775e56e36b120ea8e3181c7ea15e6b3e607a45c33.tar.gz&tfileoutfiles=V0_test_IM_lowpT.root&runs=394153&runs=394154&runs=394169&runs=394175&runs=394183&runs=394184&runs=394185&runs=394186&runs=394187&runs=394188&runs=394189&runs=394204&runs=394209&runs=394217&lumis=40%2C169&lumis=1%2C886&lumis=39%2C997&lumis=47%2C988&lumis=15%2C239&lumis=1%2C667&lumis=1%2C3&lumis=1%2C15&lumis=1%2C1&lumis=1%2C107&lumis=1%2C72&lumis=38%2C932&lumis=23%2C1209&lumis=41%2C838
DEBUG 2025-10-29 15:19:09.946 UTC: 	 Result: {'result': [{'RequestName': '251029_151909:bibehera_crab_2pc_OO_V0_IM_effcorr_cent0to50_lowpT_IP13'}]}
INFO 2025-10-29 15:19:10.085 UTC: 	 Success: Your task has been delivered to the prod CRAB3 server.
INFO 2025-10-29 15:19:10.090 UTC: 	 Task name: 251029_151909:bibehera_crab_2pc_OO_V0_IM_effcorr_cent0to50_lowpT_IP13
INFO 2025-10-29 15:19:10.111 UTC: 	 Project dir: OO_Data_MINIAOD/crab_2pc_OO_V0_IM_effcorr_cent0to50_lowpT_IP13
INFO 2025-10-29 15:19:10.122 UTC: 	 Please use ' crab status -d OO_Data_MINIAOD/crab_2pc_OO_V0_IM_effcorr_cent0to50_lowpT_IP13 ' to check how the submission process proceeds.
DEBUG 2025-10-29 15:19:10.138 UTC: 	 About to return
INFO 2025-10-29 15:19:12.496 UTC: 	 Log file is /eos/home-b/bibehera/OO_Simfit_eff/CMSSW_15_0_6_patch1/src/Analyzer/RaghuV0Ana/cfg/OO_Data_MINIAOD/crab_2pc_OO_V0_IM_effcorr_cent0to50_lowpT_IP13/crab.log
