DEBUG 2025-09-01 23:38:11.875 UTC: 	 CRAB Client version: v3.250522
DEBUG 2025-09-01 23:38:11.875 UTC: 	 Running on: Linux lxplus965.cern.ch 5.14.0-570.28.1.el9_6.x86_64 #1 SMP PREEMPT_DYNAMIC Wed Jul 16 02:51:06 EDT 2025 x86_64 x86_64 x86_64 GNU/Linux
DEBUG 2025-09-01 23:38:11.875 UTC: 	 Not using Singularity
DEBUG 2025-09-01 23:38:11.875 UTC: 	 Operating System: Red Hat Enterprise Linux 9.6 (Plow)
DEBUG 2025-09-01 23:38:11.875 UTC: 	 Executing command: 'submit'
DEBUG 2025-09-01 23:38:11.875 UTC: 	 Found CRAB cache file /afs/cern.ch/user/b/bibehera/.crab3
INFO 2025-09-01 23:38:11.878 UTC: 	 Will use CRAB configuration file crab_config2.py
DEBUG 2025-09-01 23:38:11.878 UTC: 	 Loading CRAB configuration file.
DEBUG 2025-09-01 23:38:11.930 UTC: 	 Will use CRAB plugin ANALYSIS (i.e. will run an analysis job type).
DEBUG 2025-09-01 23:38:11.945 UTC: 	 Checking credentials
DEBUG 2025-09-01 23:38:11.945 UTC: 	 Found proxy file /tmp/x509up_u177753
DEBUG 2025-09-01 23:38:11.945 UTC: 	 Making sure it has proper VOMS extension
DEBUG 2025-09-01 23:38:11.945 UTC: 	 Executing command :
 voms-proxy-info --vo --file /tmp/x509up_u177753
DEBUG 2025-09-01 23:38:11.979 UTC: 	 output : cms

 error: 
 retcode : 0
DEBUG 2025-09-01 23:38:11.979 UTC: 	 Getting proxy life time left
DEBUG 2025-09-01 23:38:11.979 UTC: 	 Executing command :
 voms-proxy-info --actimeleft --timeleft --file /tmp/x509up_u177753
DEBUG 2025-09-01 23:38:12.012 UTC: 	 output : 19008
19008

 error: 
 retcode : 0
DEBUG 2025-09-01 23:38:12.012 UTC: 	 Proxy valid for 05:16:48 hours
DEBUG 2025-09-01 23:38:12.012 UTC: 	 Encoded data for curl request: subresource=delegatedn
DEBUG 2025-09-01 23:38:12.091 UTC: 	 Registering user credentials on myproxy for /DC=ch/DC=cern/OU=computers/CN=crab-(preprod|prod)-tw(01|02).cern.ch|/DC=ch/DC=cern/OU=computers/CN=crab-dev-tw(01|02|03|04).cern.ch|/DC=ch/DC=cern/OU=Organic Units/OU=Users/CN=cmscrab/CN=(817881|373708)/CN=Robot: cms crab|/DC=ch/DC=cern/OU=Organic Units/OU=Users/CN=crabint1/CN=373708/CN=Robot: CMS CRAB Integration 1
DEBUG 2025-09-01 23:38:12.091 UTC: 	 Executing command :
 voms-proxy-info --identity --file /tmp/x509up_u177753
DEBUG 2025-09-01 23:38:12.126 UTC: 	 output : /DC=ch/DC=cern/OU=Organic Units/OU=Users/CN=bibehera/CN=882295/CN=Bismita Behera

 error: 
 retcode : 0
DEBUG 2025-09-01 23:38:12.127 UTC: 	 Getting myproxy life time left for bfbdf12a5670e45fdd055ff115afbb0f25b8a072
DEBUG 2025-09-01 23:38:12.127 UTC: 	 Executing command :
 myproxy-info -s myproxy.cern.ch -l bfbdf12a5670e45fdd055ff115afbb0f25b8a072
DEBUG 2025-09-01 23:38:12.462 UTC: 	 output : username: bfbdf12a5670e45fdd055ff115afbb0f25b8a072
owner: /DC=ch/DC=cern/OU=Organic Units/OU=Users/CN=bibehera/CN=882295/CN=Bismita Behera
  renewal policy: /DC=ch/DC=cern/OU=computers/CN=crab-(preprod|prod)-tw(01|02).cern.ch|/DC=ch/DC=cern/OU=computers/CN=crab-dev-tw(01|02|03|04).cern.ch|/DC=ch/DC=cern/OU=Organic Units/OU=Users/CN=cmscrab/CN=(817881|373708)/CN=Robot: cms crab|/DC=ch/DC=cern/OU=Organic Units/OU=Users/CN=crabint1/CN=373708/CN=Robot: CMS CRAB Integration 1
  trusted retrieval policy: /DC=ch/DC=cern/OU=computers/CN=crab-(preprod|prod)-tw(01|02).cern.ch|/DC=ch/DC=cern/OU=computers/CN=crab-dev-tw(01|02|03|04).cern.ch|/DC=ch/DC=cern/OU=Organic Units/OU=Users/CN=cmscrab/CN=(817881|373708)/CN=Robot: cms crab|/DC=ch/DC=cern/OU=Organic Units/OU=Users/CN=crabint1/CN=373708/CN=Robot: CMS CRAB Integration 1
  timeleft: 572:42:55  (23.9 days)

 error: 
 retcode : 0
DEBUG 2025-09-01 23:38:12.462 UTC: 	 Myproxy is valid: 2061720
DEBUG 2025-09-01 23:38:12.462 UTC: 	 Result of myproxy credential check:
  Credential exists on myproxy: username: bfbdf12a5670e45fdd055ff115afbb0f25b8a072  - validity: 23 days, 20:42:00
DEBUG 2025-09-01 23:38:12.462 UTC: 	 Command use: submit
DEBUG 2025-09-01 23:38:12.462 UTC: 	 Options use: ['-c', 'crab_config2.py']
DEBUG 2025-09-01 23:38:12.463 UTC: 	 Encoded data for curl request: subresource=version
DEBUG 2025-09-01 23:38:12.516 UTC: 	 CRABClient version: v3.250522
DEBUG 2025-09-01 23:38:12.517 UTC: 	 Instance is prod
DEBUG 2025-09-01 23:38:12.517 UTC: 	 Server base url is cmsweb.cern.ch
DEBUG 2025-09-01 23:38:12.517 UTC: 	 Command api workflow
DEBUG 2025-09-01 23:38:12.517 UTC: 	 Started submission
DEBUG 2025-09-01 23:38:12.517 UTC: 	 Working on /eos/home-b/bibehera/OO_Simfit/CMSSW_15_0_6_patch1/src/Analyzer/RaghuV0Ana/cfg/OO_Data_MINIAOD/crab_2pc_OO_V0_InM_IP55
DEBUG 2025-09-01 23:38:12.517 UTC: 	 Encoded data for curl request: subresource=backendurls
DEBUG 2025-09-01 23:38:12.607 UTC: 	 Loading required information from the environment
DEBUG 2025-09-01 23:38:12.608 UTC: 	 Found CMSSW_15_0_6_patch1 for el9_amd64_gcc12 with base /eos/home-b/bibehera/OO_Simfit/CMSSW_15_0_6_patch1
DEBUG 2025-09-01 23:38:12.608 UTC: 	 Loading required information from the environment
DEBUG 2025-09-01 23:38:12.608 UTC: 	 Found CMSSW_15_0_6_patch1 for el9_amd64_gcc12 with base /eos/home-b/bibehera/OO_Simfit/CMSSW_15_0_6_patch1
DEBUG 2025-09-01 23:38:12.608 UTC: 	 UNIQUE NAME: tarUUID e3a1206b-6364-4f61-864b-eea54d7b1fe3 
DEBUG 2025-09-01 23:38:12.608 UTC: 	 self.config: from WMCore.Configuration import Configuration
config = Configuration()
config.section_('General')
config.General.transferLogs = True
config.General.requestName = '2pc_OO_V0_InM_IP55'
config.General.transferOutputs = True
config.General.workArea = 'OO_Data_MINIAOD'
config.section_('JobType')
config.JobType.pluginName = 'Analysis'
config.JobType.psetName = 'PbPb_2018_cfg.py'
config.section_('Data')
config.Data.outputDatasetTag = '2pc_OO_V0_IP0'
config.Data.inputDBS = 'phys03'
config.Data.splitting = 'LumiBased'
config.Data.unitsPerJob = 3
config.Data.totalUnits = -1
config.Data.outLFNDirBase = '/store/user/bibehera/'
config.Data.lumiMask = 'generated_json.json'
config.Data.inputDataset = '/IonPhysics55/bibehera-2pc_OO_V0_IP0-6b0f3ea44d7735a15be74aa96b0380e8/USER'
config.Data.secondaryInputDataset = '/IonPhysics55/OORun2025-PromptReco-v1/MINIAOD'
config.Data.publication = False
config.section_('Site')
config.Site.storageSite = 'T3_CH_CERNBOX'
config.section_('User')
config.section_('Debug')

DEBUG 2025-09-01 23:38:12.608 UTC: 	 self.config.JobType.psetName: PbPb_2018_cfg.py
INFO 2025-09-01 23:38:12.609 UTC: 	 Importing CMSSW configuration PbPb_2018_cfg.py
INFO 2025-09-01 23:38:13.842 UTC: 	 Finished importing CMSSW configuration PbPb_2018_cfg.py
DEBUG 2025-09-01 23:38:13.842 UTC: 	 Writing CMSSW configuration to /eos/home-b/bibehera/OO_Simfit/CMSSW_15_0_6_patch1/src/Analyzer/RaghuV0Ana/cfg/OO_Data_MINIAOD/crab_2pc_OO_V0_InM_IP55/inputs/PSet.py
DEBUG 2025-09-01 23:38:13.927 UTC: 	 The following EDM output files will be collected: []
DEBUG 2025-09-01 23:38:13.927 UTC: 	 The following TFile output files will be collected: ['V0_test_pt_invariantmass1.root']
DEBUG 2025-09-01 23:38:13.927 UTC: 	 The following user output files (not listed as PoolOuputModule or TFileService in the CMSSW PSet) will be collected: 
DEBUG 2025-09-01 23:38:13.927 UTC: 	 Loading required information from the environment
DEBUG 2025-09-01 23:38:13.927 UTC: 	 Found CMSSW_15_0_6_patch1 for el9_amd64_gcc12 with base /eos/home-b/bibehera/OO_Simfit/CMSSW_15_0_6_patch1
DEBUG 2025-09-01 23:38:13.927 UTC: 	 Making tarball in /eos/home-b/bibehera/OO_Simfit/CMSSW_15_0_6_patch1/src/Analyzer/RaghuV0Ana/cfg/OO_Data_MINIAOD/crab_2pc_OO_V0_InM_IP55/inputs/e3a1206b-6364-4f61-864b-eea54d7b1fe3default.tgz
DEBUG 2025-09-01 23:38:13.930 UTC: 	 Checking directory /eos/home-b/bibehera/OO_Simfit/CMSSW_15_0_6_patch1/bin
DEBUG 2025-09-01 23:38:13.930 UTC: 	 Adding directory /eos/home-b/bibehera/OO_Simfit/CMSSW_15_0_6_patch1/bin to tarball
DEBUG 2025-09-01 23:38:13.962 UTC: 	 Checking directory /eos/home-b/bibehera/OO_Simfit/CMSSW_15_0_6_patch1/python
DEBUG 2025-09-01 23:38:13.962 UTC: 	 Adding directory /eos/home-b/bibehera/OO_Simfit/CMSSW_15_0_6_patch1/python to tarball
DEBUG 2025-09-01 23:38:14.135 UTC: 	 Checking directory /eos/home-b/bibehera/OO_Simfit/CMSSW_15_0_6_patch1/cfipython
DEBUG 2025-09-01 23:38:14.135 UTC: 	 Adding directory /eos/home-b/bibehera/OO_Simfit/CMSSW_15_0_6_patch1/cfipython to tarball
DEBUG 2025-09-01 23:38:14.491 UTC: 	 Checking directory /eos/home-b/bibehera/OO_Simfit/CMSSW_15_0_6_patch1/lib
DEBUG 2025-09-01 23:38:14.491 UTC: 	 Adding directory /eos/home-b/bibehera/OO_Simfit/CMSSW_15_0_6_patch1/lib to tarball
DEBUG 2025-09-01 23:38:14.768 UTC: 	 Checking directory /eos/home-b/bibehera/OO_Simfit/CMSSW_15_0_6_patch1/biglib
DEBUG 2025-09-01 23:38:14.768 UTC: 	 Adding directory /eos/home-b/bibehera/OO_Simfit/CMSSW_15_0_6_patch1/biglib to tarball
DEBUG 2025-09-01 23:38:14.776 UTC: 	 Checking directory /eos/home-b/bibehera/OO_Simfit/CMSSW_15_0_6_patch1/module
DEBUG 2025-09-01 23:38:14.776 UTC: 	 Checking directory /eos/home-b/bibehera/OO_Simfit/CMSSW_15_0_6_patch1/config/SCRAM/hooks
DEBUG 2025-09-01 23:38:14.779 UTC: 	 Adding directory /eos/home-b/bibehera/OO_Simfit/CMSSW_15_0_6_patch1/config/SCRAM/hooks to tarball
DEBUG 2025-09-01 23:38:15.324 UTC: 	 Adding directory /eos/home-b/bibehera/OO_Simfit/CMSSW_15_0_6_patch1/src/Analyzer/RaghuV0Ana/data to tarball
DEBUG 2025-09-01 23:38:15.794 UTC: 	 Adding directory /eos/home-b/bibehera/OO_Simfit/CMSSW_15_0_6_patch1/src/Analyzer/RaghuV0Ana/interface to tarball
DEBUG 2025-09-01 23:38:15.821 UTC: 	 Adding directory /eos/home-b/bibehera/OO_Simfit/CMSSW_15_0_6_patch1/src/Analyzer/RaghuV0Ana/python to tarball
DEBUG 2025-09-01 23:38:15.863 UTC: 	 Adding directory /eos/home-b/bibehera/OO_Simfit/CMSSW_15_0_6_patch1/src/HeavyIonsAnalysis/Configuration/data to tarball
DEBUG 2025-09-01 23:38:16.218 UTC: 	 Adding directory /eos/home-b/bibehera/OO_Simfit/CMSSW_15_0_6_patch1/src/HeavyIonsAnalysis/Configuration/python to tarball
DEBUG 2025-09-01 23:38:16.284 UTC: 	 Adding directory /eos/home-b/bibehera/OO_Simfit/CMSSW_15_0_6_patch1/src/HeavyIonsAnalysis/EGMAnalysis/data to tarball
DEBUG 2025-09-01 23:38:16.297 UTC: 	 Adding directory /eos/home-b/bibehera/OO_Simfit/CMSSW_15_0_6_patch1/src/HeavyIonsAnalysis/EGMAnalysis/interface to tarball
DEBUG 2025-09-01 23:38:16.325 UTC: 	 Adding directory /eos/home-b/bibehera/OO_Simfit/CMSSW_15_0_6_patch1/src/HeavyIonsAnalysis/EGMAnalysis/python to tarball
DEBUG 2025-09-01 23:38:16.354 UTC: 	 Adding directory /eos/home-b/bibehera/OO_Simfit/CMSSW_15_0_6_patch1/src/HeavyIonsAnalysis/EventAnalysis/python to tarball
DEBUG 2025-09-01 23:38:16.518 UTC: 	 Adding directory /eos/home-b/bibehera/OO_Simfit/CMSSW_15_0_6_patch1/src/HeavyIonsAnalysis/JetAnalysis/interface to tarball
DEBUG 2025-09-01 23:38:16.533 UTC: 	 Adding directory /eos/home-b/bibehera/OO_Simfit/CMSSW_15_0_6_patch1/src/HeavyIonsAnalysis/JetAnalysis/python to tarball
DEBUG 2025-09-01 23:38:16.641 UTC: 	 Adding directory /eos/home-b/bibehera/OO_Simfit/CMSSW_15_0_6_patch1/src/HeavyIonsAnalysis/MuonAnalysis/interface to tarball
DEBUG 2025-09-01 23:38:16.657 UTC: 	 Adding directory /eos/home-b/bibehera/OO_Simfit/CMSSW_15_0_6_patch1/src/HeavyIonsAnalysis/MuonAnalysis/python to tarball
DEBUG 2025-09-01 23:38:16.685 UTC: 	 Adding directory /eos/home-b/bibehera/OO_Simfit/CMSSW_15_0_6_patch1/src/HeavyIonsAnalysis/TrackAnalysis/interface to tarball
DEBUG 2025-09-01 23:38:16.694 UTC: 	 Adding directory /eos/home-b/bibehera/OO_Simfit/CMSSW_15_0_6_patch1/src/HeavyIonsAnalysis/TrackAnalysis/python to tarball
DEBUG 2025-09-01 23:38:16.813 UTC: 	 Adding directory /eos/home-b/bibehera/OO_Simfit/CMSSW_15_0_6_patch1/src/HeavyIonsAnalysis/VertexAnalysis/python to tarball
DEBUG 2025-09-01 23:38:16.843 UTC: 	 Adding directory /eos/home-b/bibehera/OO_Simfit/CMSSW_15_0_6_patch1/src/HeavyIonsAnalysis/ZDCAnalysis/python to tarball
DEBUG 2025-09-01 23:38:16.946 UTC: 	 Uploading archive /eos/home-b/bibehera/OO_Simfit/CMSSW_15_0_6_patch1/src/Analyzer/RaghuV0Ana/cfg/OO_Data_MINIAOD/crab_2pc_OO_V0_InM_IP55/inputs/e3a1206b-6364-4f61-864b-eea54d7b1fe3default.tgz (3.182617.1 MB) to the CRAB cache. Using URI https://cmsweb.cern.ch/S3/crabcache_prod
DEBUG 2025-09-01 23:38:17.789 UTC: 	 Encoded data for curl request: subresource=upload&objecttype=sandbox&tarballname=4f88f4012bb9ec82825715101b0c6f9b0fa98e431d6e6dee47a3ec5b0b846be1.tar.gz
DEBUG 2025-09-01 23:38:17.844 UTC: 	 sandbox 4f88f4012bb9ec82825715101b0c6f9b0fa98e431d6e6dee47a3ec5b0b846be1.tar.gz is already in the S3 store, will not upload again
DEBUG 2025-09-01 23:38:17.844 UTC: 	 Loading required information from the environment
DEBUG 2025-09-01 23:38:17.844 UTC: 	 Found CMSSW_15_0_6_patch1 for el9_amd64_gcc12 with base /eos/home-b/bibehera/OO_Simfit/CMSSW_15_0_6_patch1
DEBUG 2025-09-01 23:38:17.844 UTC: 	 Making tarball in /eos/home-b/bibehera/OO_Simfit/CMSSW_15_0_6_patch1/src/Analyzer/RaghuV0Ana/cfg/OO_Data_MINIAOD/crab_2pc_OO_V0_InM_IP55/inputs/debugFiles.tgz
DEBUG 2025-09-01 23:38:17.855 UTC: 	 Uploading archive /eos/home-b/bibehera/OO_Simfit/CMSSW_15_0_6_patch1/src/Analyzer/RaghuV0Ana/cfg/OO_Data_MINIAOD/crab_2pc_OO_V0_InM_IP55/inputs/debugFiles.tgz (3 KB) to the CRAB cache. Using URI https://cmsweb.cern.ch/S3/crabcache_prod
DEBUG 2025-09-01 23:38:17.860 UTC: 	 Encoded data for curl request: subresource=upload&objecttype=sandbox&tarballname=bcc3942d8ed012899a63510ae29621a80a5ecd07d1ebd2404b487e33fec44e92.tar.gz
DEBUG 2025-09-01 23:38:17.909 UTC: 	 Will execute:
curl -f -v -X POST  -H "User-Agent: CRAB" -F "key=bibehera/sandboxes/bcc3942d8ed012899a63510ae29621a80a5ecd07d1ebd2404b487e33fec44e92.tar.gz" -F "AWSAccessKeyId=715203df6482458ba839e73e6dab634b" -F "policy=eyJleHBpcmF0aW9uIjogIjIwMjUtMDktMDJUMDA6Mzg6MTdaIiwgImNvbmRpdGlvbnMiOiBbeyJidWNrZXQiOiAiY3JhYmNhY2hlX3Byb2QifSwgeyJrZXkiOiAiYmliZWhlcmEvc2FuZGJveGVzL2JjYzM5NDJkOGVkMDEyODk5YTYzNTEwYWUyOTYyMWE4MGE1ZWNkMDdkMWViZDI0MDRiNDg3ZTMzZmVjNDRlOTIudGFyLmd6In1dfQ==" -F "signature=kB/x1+lUx3eSwX6IbK8HAcMHmtU=" -F "file=@/eos/home-b/bibehera/OO_Simfit/CMSSW_15_0_6_patch1/src/Analyzer/RaghuV0Ana/cfg/OO_Data_MINIAOD/crab_2pc_OO_V0_InM_IP55/inputs/debugFiles.tgz" "https://s3.cern.ch/crabcache_prod"
DEBUG 2025-09-01 23:38:18.015 UTC: 	 exitcode: 0
stdout: b''
DEBUG 2025-09-01 23:38:18.015 UTC: 	 upload to S3 of sandbox /eos/home-b/bibehera/OO_Simfit/CMSSW_15_0_6_patch1/src/Analyzer/RaghuV0Ana/cfg/OO_Data_MINIAOD/crab_2pc_OO_V0_InM_IP55/inputs/debugFiles.tgz completed
DEBUG 2025-09-01 23:38:18.015 UTC: 	 make sure that object is ready for retrieve
DEBUG 2025-09-01 23:38:19.016 UTC: 	 Encoded data for curl request: subresource=download&objecttype=sandbox&tarballname=bcc3942d8ed012899a63510ae29621a80a5ecd07d1ebd2404b487e33fec44e92.tar.gz&clientmethod=head_object
DEBUG 2025-09-01 23:38:19.067 UTC: 	 PreSignedUrl to download sandbox received OK
DEBUG 2025-09-01 23:38:19.071 UTC: 	 Will execute:
 curl -v -s -f -o /dev/null --head  "https://s3.cern.ch/crabcache_prod/bibehera/sandboxes/bcc3942d8ed012899a63510ae29621a80a5ecd07d1ebd2404b487e33fec44e92.tar.gz?AWSAccessKeyId=715203df6482458ba839e73e6dab634b&Signature=H3ZtjGvTUacIQVh3WtKzpNZjMKQ%3D&Expires=1756773499"
DEBUG 2025-09-01 23:38:19.106 UTC: 	 exitcode: 0
stdout: b''
DEBUG 2025-09-01 23:38:19.106 UTC: 	 sandbox /eos/home-b/bibehera/OO_Simfit/CMSSW_15_0_6_patch1/src/Analyzer/RaghuV0Ana/cfg/OO_Data_MINIAOD/crab_2pc_OO_V0_InM_IP55/inputs/debugFiles.tgz successfully uploaded to S3
DEBUG 2025-09-01 23:38:19.106 UTC: 	 Result uploading input files: 4f88f4012bb9ec82825715101b0c6f9b0fa98e431d6e6dee47a3ec5b0b846be1.tar.gz 
DEBUG 2025-09-01 23:38:19.106 UTC: 	 Attaching lumi mask generated_json.json to the request
DEBUG 2025-09-01 23:38:19.106 UTC: 	 Reading lumi-mask from generated_json.json
DEBUG 2025-09-01 23:38:19.108 UTC: 	 submit() - self.configuration from WMCore.Configuration import Configuration
config = Configuration()
config.section_('General')
config.General.transferLogs = True
config.General.requestName = '2pc_OO_V0_InM_IP55'
config.General.transferOutputs = True
config.General.workArea = 'OO_Data_MINIAOD'
config.section_('JobType')
config.JobType.pluginName = 'Analysis'
config.JobType.psetName = 'PbPb_2018_cfg.py'
config.section_('Data')
config.Data.outputDatasetTag = '2pc_OO_V0_IP0'
config.Data.inputDBS = 'phys03'
config.Data.splitting = 'LumiBased'
config.Data.unitsPerJob = 3
config.Data.totalUnits = -1
config.Data.outLFNDirBase = '/store/user/bibehera/'
config.Data.lumiMask = 'generated_json.json'
config.Data.inputDataset = '/IonPhysics55/bibehera-2pc_OO_V0_IP0-6b0f3ea44d7735a15be74aa96b0380e8/USER'
config.Data.secondaryInputDataset = '/IonPhysics55/OORun2025-PromptReco-v1/MINIAOD'
config.Data.publication = False
config.section_('Site')
config.Site.storageSite = 'T3_CH_CERNBOX'
config.section_('User')
config.section_('Debug')

DEBUG 2025-09-01 23:38:19.108 UTC: 	 submit() - self.configreq {'dryrun': 0, 'workflow': 'crab_2pc_OO_V0_InM_IP55', 'saveoutput': 1, 'savelogsflag': 1, 'inputdata': '/IonPhysics55/bibehera-2pc_OO_V0_IP0-6b0f3ea44d7735a15be74aa96b0380e8/USER', 'nonvaliddata': 0, 'userfiles': [], 'dbsurl': 'https://cmsweb.cern.ch/dbs/prod/phys03/DBSReader', 'useparent': 0, 'secondarydata': '/IonPhysics55/OORun2025-PromptReco-v1/MINIAOD', 'ignorelocality': 0, 'splitalgo': 'LumiBased', 'algoargs': 3, 'totalunits': -1, 'lfn': '/store/user/bibehera/', 'publication': 0, 'publishdbsurl': 'https://cmsweb.cern.ch/dbs/prod/phys03/DBSWriter', 'publishname2': '2pc_OO_V0_IP0', 'jobtype': 'Analysis', 'generator': 'pythia', 'addoutputfiles': [], 'maxjobruntime': 1250, 'numcores': 1, 'maxmemory': 2000, 'priority': 10, 'nonprodsw': 0, 'asyncdest': 'T3_CH_CERNBOX', 'requireaccelerator': 0, 'oneEventMode': 0, 'extrajdl': [], 'ignoreglobalblacklist': 0, 'partialdataset': 0, 'inputblocks': []}
DEBUG 2025-09-01 23:38:19.108 UTC: 	 submit() - jobconfig {'addoutputfiles': [], 'tfileoutfiles': ['V0_test_pt_invariantmass1.root'], 'edmoutfiles': [], 'jobarch': 'el9_amd64_gcc12', 'jobminuarch': 'x86-64-v3', 'jobsw': 'CMSSW_15_0_6_patch1', 'inputdata': '/IonPhysics55/bibehera-2pc_OO_V0_IP0-6b0f3ea44d7735a15be74aa96b0380e8/USER', 'cacheurl': 'https://cmsweb.cern.ch/S3/crabcache_prod', 'cachefilename': '4f88f4012bb9ec82825715101b0c6f9b0fa98e431d6e6dee47a3ec5b0b846be1.tar.gz', 'debugfilename': 'bcc3942d8ed012899a63510ae29621a80a5ecd07d1ebd2404b487e33fec44e92.tar.gz', 'runs': ['394153', '394154', '394169', '394175', '394183', '394184', '394185', '394186', '394187', '394188', '394189', '394204', '394209', '394217'], 'lumis': ['40,169', '1,886', '39,997', '47,988', '15,239', '1,667', '1,3', '1,15', '1,1', '1,107', '1,72', '38,932', '23,1209', '41,838'], 'jobtype': 'Analysis'}
INFO 2025-09-01 23:38:19.108 UTC: 	 Sending the request to the server at cmsweb.cern.ch
DEBUG 2025-09-01 23:38:19.108 UTC: 	 Submitting {'dryrun': 0, 'workflow': 'crab_2pc_OO_V0_InM_IP55', 'saveoutput': 1, 'savelogsflag': 1, 'inputdata': '/IonPhysics55/bibehera-2pc_OO_V0_IP0-6b0f3ea44d7735a15be74aa96b0380e8/USER', 'nonvaliddata': 0, 'userfiles': [], 'dbsurl': 'https://cmsweb.cern.ch/dbs/prod/phys03/DBSReader', 'useparent': 0, 'secondarydata': '/IonPhysics55/OORun2025-PromptReco-v1/MINIAOD', 'ignorelocality': 0, 'splitalgo': 'LumiBased', 'algoargs': 3, 'totalunits': -1, 'lfn': '/store/user/bibehera/', 'publication': 0, 'publishdbsurl': 'https://cmsweb.cern.ch/dbs/prod/phys03/DBSWriter', 'publishname2': '2pc_OO_V0_IP0', 'jobtype': 'Analysis', 'generator': 'pythia', 'addoutputfiles': [], 'maxjobruntime': 1250, 'numcores': 1, 'maxmemory': 2000, 'priority': 10, 'nonprodsw': 0, 'asyncdest': 'T3_CH_CERNBOX', 'requireaccelerator': 0, 'oneEventMode': 0, 'extrajdl': [], 'ignoreglobalblacklist': 0, 'partialdataset': 0, 'inputblocks': [], 'tfileoutfiles': ['V0_test_pt_invariantmass1.root'], 'edmoutfiles': [], 'jobarch': 'el9_amd64_gcc12', 'jobminuarch': 'x86-64-v3', 'jobsw': 'CMSSW_15_0_6_patch1', 'cacheurl': 'https://cmsweb.cern.ch/S3/crabcache_prod', 'cachefilename': '4f88f4012bb9ec82825715101b0c6f9b0fa98e431d6e6dee47a3ec5b0b846be1.tar.gz', 'debugfilename': 'bcc3942d8ed012899a63510ae29621a80a5ecd07d1ebd2404b487e33fec44e92.tar.gz', 'runs': ['394153', '394154', '394169', '394175', '394183', '394184', '394185', '394186', '394187', '394188', '394189', '394204', '394209', '394217'], 'lumis': ['40,169', '1,886', '39,997', '47,988', '15,239', '1,667', '1,3', '1,15', '1,1', '1,107', '1,72', '38,932', '23,1209', '41,838']} 
DEBUG 2025-09-01 23:38:19.109 UTC: 	 Encoded data for curl request: dryrun=0&workflow=crab_2pc_OO_V0_InM_IP55&saveoutput=1&savelogsflag=1&inputdata=%2FIonPhysics55%2Fbibehera-2pc_OO_V0_IP0-6b0f3ea44d7735a15be74aa96b0380e8%2FUSER&nonvaliddata=0&dbsurl=https%3A%2F%2Fcmsweb.cern.ch%2Fdbs%2Fprod%2Fphys03%2FDBSReader&useparent=0&secondarydata=%2FIonPhysics55%2FOORun2025-PromptReco-v1%2FMINIAOD&ignorelocality=0&splitalgo=LumiBased&algoargs=3&totalunits=-1&lfn=%2Fstore%2Fuser%2Fbibehera%2F&publication=0&publishdbsurl=https%3A%2F%2Fcmsweb.cern.ch%2Fdbs%2Fprod%2Fphys03%2FDBSWriter&publishname2=2pc_OO_V0_IP0&jobtype=Analysis&generator=pythia&maxjobruntime=1250&numcores=1&maxmemory=2000&priority=10&nonprodsw=0&asyncdest=T3_CH_CERNBOX&requireaccelerator=0&oneEventMode=0&ignoreglobalblacklist=0&partialdataset=0&jobarch=el9_amd64_gcc12&jobminuarch=x86-64-v3&jobsw=CMSSW_15_0_6_patch1&cacheurl=https%3A%2F%2Fcmsweb.cern.ch%2FS3%2Fcrabcache_prod&cachefilename=4f88f4012bb9ec82825715101b0c6f9b0fa98e431d6e6dee47a3ec5b0b846be1.tar.gz&debugfilename=bcc3942d8ed012899a63510ae29621a80a5ecd07d1ebd2404b487e33fec44e92.tar.gz&tfileoutfiles=V0_test_pt_invariantmass1.root&runs=394153&runs=394154&runs=394169&runs=394175&runs=394183&runs=394184&runs=394185&runs=394186&runs=394187&runs=394188&runs=394189&runs=394204&runs=394209&runs=394217&lumis=40%2C169&lumis=1%2C886&lumis=39%2C997&lumis=47%2C988&lumis=15%2C239&lumis=1%2C667&lumis=1%2C3&lumis=1%2C15&lumis=1%2C1&lumis=1%2C107&lumis=1%2C72&lumis=38%2C932&lumis=23%2C1209&lumis=41%2C838
DEBUG 2025-09-01 23:38:19.196 UTC: 	 Result: {'result': [{'RequestName': '250901_233819:bibehera_crab_2pc_OO_V0_InM_IP55'}]}
INFO 2025-09-01 23:38:19.207 UTC: 	 Success: Your task has been delivered to the prod CRAB3 server.
INFO 2025-09-01 23:38:19.207 UTC: 	 Task name: 250901_233819:bibehera_crab_2pc_OO_V0_InM_IP55
INFO 2025-09-01 23:38:19.207 UTC: 	 Project dir: OO_Data_MINIAOD/crab_2pc_OO_V0_InM_IP55
INFO 2025-09-01 23:38:19.207 UTC: 	 Please use ' crab status -d OO_Data_MINIAOD/crab_2pc_OO_V0_InM_IP55 ' to check how the submission process proceeds.
DEBUG 2025-09-01 23:38:19.207 UTC: 	 About to return
INFO 2025-09-01 23:38:19.232 UTC: 	 Log file is /eos/home-b/bibehera/OO_Simfit/CMSSW_15_0_6_patch1/src/Analyzer/RaghuV0Ana/cfg/OO_Data_MINIAOD/crab_2pc_OO_V0_InM_IP55/crab.log
DEBUG 2025-09-01 23:40:54.847 UTC: 	 CRAB Client version: v3.250522
DEBUG 2025-09-01 23:40:54.848 UTC: 	 Running on: Linux lxplus965.cern.ch 5.14.0-570.28.1.el9_6.x86_64 #1 SMP PREEMPT_DYNAMIC Wed Jul 16 02:51:06 EDT 2025 x86_64 x86_64 x86_64 GNU/Linux
DEBUG 2025-09-01 23:40:54.848 UTC: 	 Not using Singularity
DEBUG 2025-09-01 23:40:54.848 UTC: 	 Operating System: Red Hat Enterprise Linux 9.6 (Plow)
DEBUG 2025-09-01 23:40:54.848 UTC: 	 Executing command: 'status'
DEBUG 2025-09-01 23:40:54.848 UTC: 	 Found CRAB cache file /afs/cern.ch/user/b/bibehera/.crab3
DEBUG 2025-09-01 23:40:54.855 UTC: 	 Checking credentials
DEBUG 2025-09-01 23:40:54.855 UTC: 	 Found proxy file /tmp/x509up_u177753
DEBUG 2025-09-01 23:40:54.855 UTC: 	 Making sure it has proper VOMS extension
DEBUG 2025-09-01 23:40:54.855 UTC: 	 Executing command :
 voms-proxy-info --vo --file /tmp/x509up_u177753
DEBUG 2025-09-01 23:40:54.889 UTC: 	 output : cms

 error: 
 retcode : 0
DEBUG 2025-09-01 23:40:54.889 UTC: 	 Getting proxy life time left
DEBUG 2025-09-01 23:40:54.890 UTC: 	 Executing command :
 voms-proxy-info --actimeleft --timeleft --file /tmp/x509up_u177753
DEBUG 2025-09-01 23:40:54.918 UTC: 	 output : 18846
18846

 error: 
 retcode : 0
DEBUG 2025-09-01 23:40:54.918 UTC: 	 Proxy valid for 05:14:06 hours
DEBUG 2025-09-01 23:40:54.919 UTC: 	 Encoded data for curl request: subresource=delegatedn
DEBUG 2025-09-01 23:40:54.972 UTC: 	 Registering user credentials on myproxy for /DC=ch/DC=cern/OU=computers/CN=crab-(preprod|prod)-tw(01|02).cern.ch|/DC=ch/DC=cern/OU=computers/CN=crab-dev-tw(01|02|03|04).cern.ch|/DC=ch/DC=cern/OU=Organic Units/OU=Users/CN=cmscrab/CN=(817881|373708)/CN=Robot: cms crab|/DC=ch/DC=cern/OU=Organic Units/OU=Users/CN=crabint1/CN=373708/CN=Robot: CMS CRAB Integration 1
DEBUG 2025-09-01 23:40:54.972 UTC: 	 Executing command :
 voms-proxy-info --identity --file /tmp/x509up_u177753
DEBUG 2025-09-01 23:40:55.007 UTC: 	 output : /DC=ch/DC=cern/OU=Organic Units/OU=Users/CN=bibehera/CN=882295/CN=Bismita Behera

 error: 
 retcode : 0
DEBUG 2025-09-01 23:40:55.008 UTC: 	 Getting myproxy life time left for bfbdf12a5670e45fdd055ff115afbb0f25b8a072
DEBUG 2025-09-01 23:40:55.008 UTC: 	 Executing command :
 myproxy-info -s myproxy.cern.ch -l bfbdf12a5670e45fdd055ff115afbb0f25b8a072
DEBUG 2025-09-01 23:40:55.296 UTC: 	 output : username: bfbdf12a5670e45fdd055ff115afbb0f25b8a072
owner: /DC=ch/DC=cern/OU=Organic Units/OU=Users/CN=bibehera/CN=882295/CN=Bismita Behera
  renewal policy: /DC=ch/DC=cern/OU=computers/CN=crab-(preprod|prod)-tw(01|02).cern.ch|/DC=ch/DC=cern/OU=computers/CN=crab-dev-tw(01|02|03|04).cern.ch|/DC=ch/DC=cern/OU=Organic Units/OU=Users/CN=cmscrab/CN=(817881|373708)/CN=Robot: cms crab|/DC=ch/DC=cern/OU=Organic Units/OU=Users/CN=crabint1/CN=373708/CN=Robot: CMS CRAB Integration 1
  trusted retrieval policy: /DC=ch/DC=cern/OU=computers/CN=crab-(preprod|prod)-tw(01|02).cern.ch|/DC=ch/DC=cern/OU=computers/CN=crab-dev-tw(01|02|03|04).cern.ch|/DC=ch/DC=cern/OU=Organic Units/OU=Users/CN=cmscrab/CN=(817881|373708)/CN=Robot: cms crab|/DC=ch/DC=cern/OU=Organic Units/OU=Users/CN=crabint1/CN=373708/CN=Robot: CMS CRAB Integration 1
  timeleft: 572:40:12  (23.9 days)

 error: 
 retcode : 0
DEBUG 2025-09-01 23:40:55.296 UTC: 	 Myproxy is valid: 2061600
DEBUG 2025-09-01 23:40:55.296 UTC: 	 Result of myproxy credential check:
  Credential exists on myproxy: username: bfbdf12a5670e45fdd055ff115afbb0f25b8a072  - validity: 23 days, 20:40:00
DEBUG 2025-09-01 23:40:55.296 UTC: 	 Retrieving username ...
DEBUG 2025-09-01 23:40:55.296 UTC: 	 Retrieving username from CRIC...
DEBUG 2025-09-01 23:40:56.038 UTC: 	 username is bibehera
INFO 2025-09-01 23:40:57.141 UTC: 	 Rucio client intialized for account bibehera
DEBUG 2025-09-01 23:40:57.144 UTC: 	 Command use: status
DEBUG 2025-09-01 23:40:57.144 UTC: 	 Options use: ['-d', 'OO_Data_MINIAOD/crab_2pc_OO_V0_InM_IP55']
DEBUG 2025-09-01 23:40:57.144 UTC: 	 Encoded data for curl request: subresource=version
DEBUG 2025-09-01 23:40:57.196 UTC: 	 CRABClient version: v3.250522
DEBUG 2025-09-01 23:40:57.196 UTC: 	 Instance is prod
DEBUG 2025-09-01 23:40:57.196 UTC: 	 Server base url is cmsweb.cern.ch
DEBUG 2025-09-01 23:40:57.196 UTC: 	 Command api workflow
DEBUG 2025-09-01 23:40:57.196 UTC: 	 Encoded data for curl request: subresource=search&workflow=250901_233819%3Abibehera_crab_2pc_OO_V0_InM_IP55
DEBUG 2025-09-01 23:40:57.254 UTC: 	 Got information from server oracle database: {'desc': {'columns': ['tm_taskname', 'tm_activity', 'tm_task_status', 'tm_task_command', 'tm_start_time', 'tm_start_injection', 'tm_end_injection', 'tm_task_failure', 'tm_job_sw', 'tm_job_arch', 'tm_input_dataset', 'tm_nonvalid_input_dataset', 'tm_use_parent', 'tm_site_whitelist', 'tm_site_blacklist', 'tm_split_algo', 'tm_split_args', 'tm_user_sandbox', 'tm_cache_url', 'tm_username', 'tm_user_dn', 'tm_user_vo', 'tm_user_role', 'tm_user_group', 'tm_publish_name', 'tm_publish_groupname', 'tm_asyncdest', 'tm_dbs_url', 'tm_publish_dbs_url', 'tm_publication', 'tm_outfiles', 'tm_tfile_outfiles', 'tm_edm_outfiles', 'tm_job_type', 'tm_generator', 'tm_events_per_lumi', 'tm_arguments', 'tm_save_logs', 'tw_name', 'tm_user_infiles', 'tm_maxjobruntime', 'tm_numcores', 'tm_maxmemory', 'tm_priority', 'tm_output_dataset', 'tm_task_warnings', 'tm_user_webdir', 'tm_scriptexe', 'tm_scriptargs', 'tm_extrajdl', 'tm_collector', 'tm_schedd', 'tm_dry_run', 'tm_user_files', 'tm_transfer_outputs', 'tm_output_lfn', 'tm_ignore_locality', 'tm_fail_limit', 'tm_one_event_mode', 'tm_secondary_input_dataset', 'tm_primary_dataset', 'tm_last_publication', 'tm_debug_files', 'clusterid', 'tm_ignore_global_blacklist', 'tm_submitter_ip_addr', 'tm_totalunits', 'tm_ddm_reqid', 'tm_user_config', 'tm_transfer_container', 'tm_transfer_rule', 'tm_publish_rule', 'tm_multipub_rule', 'tm_job_min_microarch', 'tm_dagman_status', 'tm_num_jobs', 'tm_uploaded']}, 'result': ['250901_233819:bibehera_crab_2pc_OO_V0_InM_IP55', 'None', 'SUBMITTED', 'SUBMIT', '2025-09-01 23:38:19.189343', 'None', '2025-09-01 23:39:20.784988', 'None', 'CMSSW_15_0_6_patch1', 'el9_amd64_gcc12', '/IonPhysics55/bibehera-2pc_OO_V0_IP0-6b0f3ea44d7735a15be74aa96b0380e8/USER', 'F', '0', '[]', '[]', 'LumiBased', "{'halt_job_on_file_boundaries': False, 'splitOnRun': False, 'lumis_per_job': 3, 'runs': ['394153', '394154', '394169', '394175', '394183', '394184', '394185', '394186', '394187', '394188', '394189', '394204', '394209', '394217'], 'lumis': ['40,169', '1,886', '39,997', '47,988', '15,239', '1,667', '1,3', '1,15', '1,1', '1,107', '1,72', '38,932', '23,1209', '41,838']}", '4f88f4012bb9ec82825715101b0c6f9b0fa98e431d6e6dee47a3ec5b0b846be1.tar.gz', 'https://cmsweb.cern.ch/S3/crabcache_prod', 'bibehera', '/DC=ch/DC=cern/OU=Organic Units/OU=Users/CN=bibehera/CN=882295/CN=Bismita Behera', 'cms', 'None', 'None', '2pc_OO_V0_IP0-00000000000000000000000000000000', 'F', 'T3_CH_CERNBOX', 'https://cmsweb.cern.ch/dbs/prod/phys03/DBSReader', 'https://cmsweb.cern.ch/dbs/prod/phys03/DBSWriter', 'F', '[]', "['V0_test_pt_invariantmass1.root']", '[]', 'Analysis', 'pythia', 'None', '{}', 'T', 'crab-prod-tw01', '[]', '1250', '1', '2000', '10', 'None', '[]', 'http://vocms0120.cern.ch/mon/bibehera/250901_233819:bibehera_crab_2pc_OO_V0_InM_IP55', 'None', '[]', '[]', 'cmsgwms-collector-global.cern.ch:9620,cmsgwms-collector-global.fnal.gov:9620', 'crab3@vocms0120.cern.ch', 'F', '[]', 'T', '/store/user/bibehera/', 'F', 'None', 'F', '/IonPhysics55/OORun2025-PromptReco-v1/MINIAOD', 'IonPhysics55', 'None', 'bcc3942d8ed012899a63510ae29621a80a5ecd07d1ebd2404b487e33fec44e92.tar.gz', '130117386', 'F', '188.185.89.202', '-1.0', 'None', '{"partialdataset": false, "requireaccelerator": false, "acceleratorparams": null, "inputblocks": null}', 'None', 'None', 'None', 'None', 'x86-64-v3', 'NOT_READY', '2284', 'T']}
INFO 2025-09-01 23:40:57.254 UTC: 	 CRAB project directory:		/eos/home-b/bibehera/OO_Simfit/CMSSW_15_0_6_patch1/src/Analyzer/RaghuV0Ana/cfg/OO_Data_MINIAOD/crab_2pc_OO_V0_InM_IP55
INFO 2025-09-01 23:40:57.255 UTC: 	 Task name:			250901_233819:bibehera_crab_2pc_OO_V0_InM_IP55
INFO 2025-09-01 23:40:57.255 UTC: 	 Grid scheduler - Task Worker:	crab3@vocms0120.cern.ch - crab-prod-tw01
INFO 2025-09-01 23:40:57.255 UTC: 	 Status on the CRAB server:	SUBMITTED
INFO 2025-09-01 23:40:57.255 UTC: 	 Task URL to use for HELP:	https://cmsweb.cern.ch/crabserver/ui/task/250901_233819%3Abibehera_crab_2pc_OO_V0_InM_IP55
INFO 2025-09-01 23:40:57.264 UTC: 	 Dashboard monitoring URL:	https://monit-grafana.cern.ch/d/cmsTMDetail/cms-task-monitoring-task-view?orgId=11&var-user=bibehera&var-task=250901_233819%3Abibehera_crab_2pc_OO_V0_InM_IP55&from=1756766299000&to=now
DEBUG 2025-09-01 23:40:57.264 UTC: 	 The CRAB server submitted your task to the Grid scheduler (cluster ID: 130117386)
DEBUG 2025-09-01 23:40:57.264 UTC: 	 Webdir is located at http://vocms0120.cern.ch/mon/bibehera/250901_233819:bibehera_crab_2pc_OO_V0_InM_IP55
DEBUG 2025-09-01 23:40:57.264 UTC: 	 Encoded data for curl request: subresource=webdirprx&workflow=250901_233819%3Abibehera_crab_2pc_OO_V0_InM_IP55
DEBUG 2025-09-01 23:40:57.314 UTC: 	 Proxied webdir is located at https://cmsweb.cern.ch/scheddmon/0120/bibehera/250901_233819:bibehera_crab_2pc_OO_V0_InM_IP55
DEBUG 2025-09-01 23:40:57.314 UTC: 	 Retrieving 'status_cache' file from https://cmsweb.cern.ch/scheddmon/0120/bibehera/250901_233819:bibehera_crab_2pc_OO_V0_InM_IP55/status_cache.pkl
DEBUG 2025-09-01 23:40:57.314 UTC: 	 Will execute:
curl -sS --capath /etc/grid-security/certificates --cert /tmp/x509up_u177753 --key /tmp/x509up_u177753 -o /tmp/crab_status-cache-quj70aug.pkl -w %"{http_code}" "https://cmsweb.cern.ch/scheddmon/0120/bibehera/250901_233819:bibehera_crab_2pc_OO_V0_InM_IP55/status_cache.pkl"
DEBUG 2025-09-01 23:40:57.315 UTC: 	 Executing command :
 curl -sS --capath /etc/grid-security/certificates --cert /tmp/x509up_u177753 --key /tmp/x509up_u177753 -o /tmp/crab_status-cache-quj70aug.pkl -w %"{http_code}" "https://cmsweb.cern.ch/scheddmon/0120/bibehera/250901_233819:bibehera_crab_2pc_OO_V0_InM_IP55/status_cache.pkl"
DEBUG 2025-09-01 23:40:57.365 UTC: 	 output : 200
 error: 
 retcode : 0
DEBUG 2025-09-01 23:40:57.365 UTC: 	 exitcode: 0
stdout: 200
stderr: 
error details: 
INFO 2025-09-01 23:40:57.365 UTC: 	 Task bootstrapped at 2025-09-01 23:40:23 UTC. 34 seconds ago
INFO 2025-09-01 23:40:57.365 UTC: 	 Status information will be available within a few minutes
INFO 2025-09-01 23:40:57.381 UTC: 	 Log file is /eos/home-b/bibehera/OO_Simfit/CMSSW_15_0_6_patch1/src/Analyzer/RaghuV0Ana/cfg/OO_Data_MINIAOD/crab_2pc_OO_V0_InM_IP55/crab.log
