DEBUG 2025-09-01 20:48:43.976 UTC: 	 CRAB Client version: v3.250522
DEBUG 2025-09-01 20:48:43.976 UTC: 	 Running on: Linux lxplus965.cern.ch 5.14.0-570.28.1.el9_6.x86_64 #1 SMP PREEMPT_DYNAMIC Wed Jul 16 02:51:06 EDT 2025 x86_64 x86_64 x86_64 GNU/Linux
DEBUG 2025-09-01 20:48:43.976 UTC: 	 Not using Singularity
DEBUG 2025-09-01 20:48:43.976 UTC: 	 Operating System: Red Hat Enterprise Linux 9.6 (Plow)
DEBUG 2025-09-01 20:48:43.976 UTC: 	 Executing command: 'submit'
DEBUG 2025-09-01 20:48:43.977 UTC: 	 Found CRAB cache file /afs/cern.ch/user/b/bibehera/.crab3
INFO 2025-09-01 20:48:43.980 UTC: 	 Will use CRAB configuration file crab_config2.py
DEBUG 2025-09-01 20:48:43.980 UTC: 	 Loading CRAB configuration file.
DEBUG 2025-09-01 20:48:44.010 UTC: 	 Will use CRAB plugin ANALYSIS (i.e. will run an analysis job type).
DEBUG 2025-09-01 20:48:44.021 UTC: 	 Checking credentials
DEBUG 2025-09-01 20:48:44.021 UTC: 	 Found proxy file /tmp/x509up_u177753
DEBUG 2025-09-01 20:48:44.021 UTC: 	 Making sure it has proper VOMS extension
DEBUG 2025-09-01 20:48:44.021 UTC: 	 Executing command :
 voms-proxy-info --vo --file /tmp/x509up_u177753
DEBUG 2025-09-01 20:48:44.059 UTC: 	 output : cms

 error: 
 retcode : 0
DEBUG 2025-09-01 20:48:44.059 UTC: 	 Getting proxy life time left
DEBUG 2025-09-01 20:48:44.059 UTC: 	 Executing command :
 voms-proxy-info --actimeleft --timeleft --file /tmp/x509up_u177753
DEBUG 2025-09-01 20:48:44.095 UTC: 	 output : 29176
29176

 error: 
 retcode : 0
DEBUG 2025-09-01 20:48:44.095 UTC: 	 Proxy valid for 08:06:16 hours
DEBUG 2025-09-01 20:48:44.095 UTC: 	 Encoded data for curl request: subresource=delegatedn
DEBUG 2025-09-01 20:48:44.166 UTC: 	 Registering user credentials on myproxy for /DC=ch/DC=cern/OU=computers/CN=crab-(preprod|prod)-tw(01|02).cern.ch|/DC=ch/DC=cern/OU=computers/CN=crab-dev-tw(01|02|03|04).cern.ch|/DC=ch/DC=cern/OU=Organic Units/OU=Users/CN=cmscrab/CN=(817881|373708)/CN=Robot: cms crab|/DC=ch/DC=cern/OU=Organic Units/OU=Users/CN=crabint1/CN=373708/CN=Robot: CMS CRAB Integration 1
DEBUG 2025-09-01 20:48:44.167 UTC: 	 Executing command :
 voms-proxy-info --identity --file /tmp/x509up_u177753
DEBUG 2025-09-01 20:48:44.205 UTC: 	 output : /DC=ch/DC=cern/OU=Organic Units/OU=Users/CN=bibehera/CN=882295/CN=Bismita Behera

 error: 
 retcode : 0
DEBUG 2025-09-01 20:48:44.205 UTC: 	 Getting myproxy life time left for bfbdf12a5670e45fdd055ff115afbb0f25b8a072
DEBUG 2025-09-01 20:48:44.205 UTC: 	 Executing command :
 myproxy-info -s myproxy.cern.ch -l bfbdf12a5670e45fdd055ff115afbb0f25b8a072
DEBUG 2025-09-01 20:48:44.545 UTC: 	 output : username: bfbdf12a5670e45fdd055ff115afbb0f25b8a072
owner: /DC=ch/DC=cern/OU=Organic Units/OU=Users/CN=bibehera/CN=882295/CN=Bismita Behera
  renewal policy: /DC=ch/DC=cern/OU=computers/CN=crab-(preprod|prod)-tw(01|02).cern.ch|/DC=ch/DC=cern/OU=computers/CN=crab-dev-tw(01|02|03|04).cern.ch|/DC=ch/DC=cern/OU=Organic Units/OU=Users/CN=cmscrab/CN=(817881|373708)/CN=Robot: cms crab|/DC=ch/DC=cern/OU=Organic Units/OU=Users/CN=crabint1/CN=373708/CN=Robot: CMS CRAB Integration 1
  trusted retrieval policy: /DC=ch/DC=cern/OU=computers/CN=crab-(preprod|prod)-tw(01|02).cern.ch|/DC=ch/DC=cern/OU=computers/CN=crab-dev-tw(01|02|03|04).cern.ch|/DC=ch/DC=cern/OU=Organic Units/OU=Users/CN=cmscrab/CN=(817881|373708)/CN=Robot: cms crab|/DC=ch/DC=cern/OU=Organic Units/OU=Users/CN=crabint1/CN=373708/CN=Robot: CMS CRAB Integration 1
  timeleft: 575:32:23  (24.0 days)

 error: 
 retcode : 0
DEBUG 2025-09-01 20:48:44.546 UTC: 	 Myproxy is valid: 2071920
DEBUG 2025-09-01 20:48:44.546 UTC: 	 Result of myproxy credential check:
  Credential exists on myproxy: username: bfbdf12a5670e45fdd055ff115afbb0f25b8a072  - validity: 23 days, 23:32:00
DEBUG 2025-09-01 20:48:44.546 UTC: 	 Command use: submit
DEBUG 2025-09-01 20:48:44.546 UTC: 	 Options use: ['-c', 'crab_config2.py']
DEBUG 2025-09-01 20:48:44.546 UTC: 	 Encoded data for curl request: subresource=version
DEBUG 2025-09-01 20:48:44.598 UTC: 	 CRABClient version: v3.250522
DEBUG 2025-09-01 20:48:44.598 UTC: 	 Instance is prod
DEBUG 2025-09-01 20:48:44.598 UTC: 	 Server base url is cmsweb.cern.ch
DEBUG 2025-09-01 20:48:44.598 UTC: 	 Command api workflow
DEBUG 2025-09-01 20:48:44.598 UTC: 	 Started submission
DEBUG 2025-09-01 20:48:44.598 UTC: 	 Working on /eos/home-b/bibehera/OO_Simfit/CMSSW_15_0_6_patch1/src/Analyzer/RaghuV0Ana/cfg/OO_Data_MINIAOD/crab_2pc_OO_V0_inv_mass_IP54
DEBUG 2025-09-01 20:48:44.599 UTC: 	 Encoded data for curl request: subresource=backendurls
DEBUG 2025-09-01 20:48:44.686 UTC: 	 Loading required information from the environment
DEBUG 2025-09-01 20:48:44.686 UTC: 	 Found CMSSW_15_0_6_patch1 for el9_amd64_gcc12 with base /eos/home-b/bibehera/OO_Simfit/CMSSW_15_0_6_patch1
DEBUG 2025-09-01 20:48:44.686 UTC: 	 Loading required information from the environment
DEBUG 2025-09-01 20:48:44.686 UTC: 	 Found CMSSW_15_0_6_patch1 for el9_amd64_gcc12 with base /eos/home-b/bibehera/OO_Simfit/CMSSW_15_0_6_patch1
DEBUG 2025-09-01 20:48:44.686 UTC: 	 UNIQUE NAME: tarUUID 3c59319b-8b5f-421f-bb25-416b22c947e2 
DEBUG 2025-09-01 20:48:44.687 UTC: 	 self.config: from WMCore.Configuration import Configuration
config = Configuration()
config.section_('General')
config.General.requestName = '2pc_OO_V0_inv_mass_IP54'
config.General.workArea = 'OO_Data_MINIAOD'
config.General.transferOutputs = True
config.General.transferLogs = True
config.section_('JobType')
config.JobType.pluginName = 'Analysis'
config.JobType.psetName = 'PbPb_2018_cfg.py'
config.section_('Data')
config.Data.totalUnits = -1
config.Data.outputDatasetTag = '2pc_OO_V0_IP0'
config.Data.unitsPerJob = 3
config.Data.secondaryInputDataset = '/IonPhysics54/OORun2025-PromptReco-v1/MINIAOD'
config.Data.inputDataset = '/IonPhysics54/bibehera-2pc_OO_V0_IP0-6b0f3ea44d7735a15be74aa96b0380e8/USER'
config.Data.splitting = 'LumiBased'
config.Data.lumiMask = 'generated_json.json'
config.Data.publication = False
config.Data.outLFNDirBase = '/store/user/bibehera/'
config.Data.inputDBS = 'phys03'
config.section_('Site')
config.Site.storageSite = 'T3_CH_CERNBOX'
config.section_('User')
config.section_('Debug')

DEBUG 2025-09-01 20:48:44.687 UTC: 	 self.config.JobType.psetName: PbPb_2018_cfg.py
INFO 2025-09-01 20:48:44.687 UTC: 	 Importing CMSSW configuration PbPb_2018_cfg.py
INFO 2025-09-01 20:48:46.018 UTC: 	 Finished importing CMSSW configuration PbPb_2018_cfg.py
DEBUG 2025-09-01 20:48:46.018 UTC: 	 Writing CMSSW configuration to /eos/home-b/bibehera/OO_Simfit/CMSSW_15_0_6_patch1/src/Analyzer/RaghuV0Ana/cfg/OO_Data_MINIAOD/crab_2pc_OO_V0_inv_mass_IP54/inputs/PSet.py
DEBUG 2025-09-01 20:48:46.058 UTC: 	 The following EDM output files will be collected: []
DEBUG 2025-09-01 20:48:46.059 UTC: 	 The following TFile output files will be collected: ['V0_test_pt_invariantmass.root']
DEBUG 2025-09-01 20:48:46.059 UTC: 	 The following user output files (not listed as PoolOuputModule or TFileService in the CMSSW PSet) will be collected: 
DEBUG 2025-09-01 20:48:46.059 UTC: 	 Loading required information from the environment
DEBUG 2025-09-01 20:48:46.059 UTC: 	 Found CMSSW_15_0_6_patch1 for el9_amd64_gcc12 with base /eos/home-b/bibehera/OO_Simfit/CMSSW_15_0_6_patch1
DEBUG 2025-09-01 20:48:46.059 UTC: 	 Making tarball in /eos/home-b/bibehera/OO_Simfit/CMSSW_15_0_6_patch1/src/Analyzer/RaghuV0Ana/cfg/OO_Data_MINIAOD/crab_2pc_OO_V0_inv_mass_IP54/inputs/3c59319b-8b5f-421f-bb25-416b22c947e2default.tgz
DEBUG 2025-09-01 20:48:46.061 UTC: 	 Checking directory /eos/home-b/bibehera/OO_Simfit/CMSSW_15_0_6_patch1/bin
DEBUG 2025-09-01 20:48:46.061 UTC: 	 Adding directory /eos/home-b/bibehera/OO_Simfit/CMSSW_15_0_6_patch1/bin to tarball
DEBUG 2025-09-01 20:48:46.071 UTC: 	 Checking directory /eos/home-b/bibehera/OO_Simfit/CMSSW_15_0_6_patch1/python
DEBUG 2025-09-01 20:48:46.071 UTC: 	 Adding directory /eos/home-b/bibehera/OO_Simfit/CMSSW_15_0_6_patch1/python to tarball
DEBUG 2025-09-01 20:48:46.239 UTC: 	 Checking directory /eos/home-b/bibehera/OO_Simfit/CMSSW_15_0_6_patch1/cfipython
DEBUG 2025-09-01 20:48:46.239 UTC: 	 Adding directory /eos/home-b/bibehera/OO_Simfit/CMSSW_15_0_6_patch1/cfipython to tarball
DEBUG 2025-09-01 20:48:46.582 UTC: 	 Checking directory /eos/home-b/bibehera/OO_Simfit/CMSSW_15_0_6_patch1/lib
DEBUG 2025-09-01 20:48:46.582 UTC: 	 Adding directory /eos/home-b/bibehera/OO_Simfit/CMSSW_15_0_6_patch1/lib to tarball
DEBUG 2025-09-01 20:48:46.821 UTC: 	 Checking directory /eos/home-b/bibehera/OO_Simfit/CMSSW_15_0_6_patch1/biglib
DEBUG 2025-09-01 20:48:46.821 UTC: 	 Adding directory /eos/home-b/bibehera/OO_Simfit/CMSSW_15_0_6_patch1/biglib to tarball
DEBUG 2025-09-01 20:48:46.826 UTC: 	 Checking directory /eos/home-b/bibehera/OO_Simfit/CMSSW_15_0_6_patch1/module
DEBUG 2025-09-01 20:48:46.826 UTC: 	 Checking directory /eos/home-b/bibehera/OO_Simfit/CMSSW_15_0_6_patch1/config/SCRAM/hooks
DEBUG 2025-09-01 20:48:46.830 UTC: 	 Adding directory /eos/home-b/bibehera/OO_Simfit/CMSSW_15_0_6_patch1/config/SCRAM/hooks to tarball
DEBUG 2025-09-01 20:48:47.036 UTC: 	 Adding directory /eos/home-b/bibehera/OO_Simfit/CMSSW_15_0_6_patch1/src/Analyzer/RaghuV0Ana/data to tarball
DEBUG 2025-09-01 20:48:47.518 UTC: 	 Adding directory /eos/home-b/bibehera/OO_Simfit/CMSSW_15_0_6_patch1/src/Analyzer/RaghuV0Ana/interface to tarball
DEBUG 2025-09-01 20:48:47.534 UTC: 	 Adding directory /eos/home-b/bibehera/OO_Simfit/CMSSW_15_0_6_patch1/src/Analyzer/RaghuV0Ana/python to tarball
DEBUG 2025-09-01 20:48:47.566 UTC: 	 Adding directory /eos/home-b/bibehera/OO_Simfit/CMSSW_15_0_6_patch1/src/HeavyIonsAnalysis/Configuration/data to tarball
DEBUG 2025-09-01 20:48:47.978 UTC: 	 Adding directory /eos/home-b/bibehera/OO_Simfit/CMSSW_15_0_6_patch1/src/HeavyIonsAnalysis/Configuration/python to tarball
DEBUG 2025-09-01 20:48:48.049 UTC: 	 Adding directory /eos/home-b/bibehera/OO_Simfit/CMSSW_15_0_6_patch1/src/HeavyIonsAnalysis/EGMAnalysis/data to tarball
DEBUG 2025-09-01 20:48:48.061 UTC: 	 Adding directory /eos/home-b/bibehera/OO_Simfit/CMSSW_15_0_6_patch1/src/HeavyIonsAnalysis/EGMAnalysis/interface to tarball
DEBUG 2025-09-01 20:48:48.076 UTC: 	 Adding directory /eos/home-b/bibehera/OO_Simfit/CMSSW_15_0_6_patch1/src/HeavyIonsAnalysis/EGMAnalysis/python to tarball
DEBUG 2025-09-01 20:48:48.101 UTC: 	 Adding directory /eos/home-b/bibehera/OO_Simfit/CMSSW_15_0_6_patch1/src/HeavyIonsAnalysis/EventAnalysis/python to tarball
DEBUG 2025-09-01 20:48:48.252 UTC: 	 Adding directory /eos/home-b/bibehera/OO_Simfit/CMSSW_15_0_6_patch1/src/HeavyIonsAnalysis/JetAnalysis/interface to tarball
DEBUG 2025-09-01 20:48:48.265 UTC: 	 Adding directory /eos/home-b/bibehera/OO_Simfit/CMSSW_15_0_6_patch1/src/HeavyIonsAnalysis/JetAnalysis/python to tarball
DEBUG 2025-09-01 20:48:48.349 UTC: 	 Adding directory /eos/home-b/bibehera/OO_Simfit/CMSSW_15_0_6_patch1/src/HeavyIonsAnalysis/MuonAnalysis/interface to tarball
DEBUG 2025-09-01 20:48:48.364 UTC: 	 Adding directory /eos/home-b/bibehera/OO_Simfit/CMSSW_15_0_6_patch1/src/HeavyIonsAnalysis/MuonAnalysis/python to tarball
DEBUG 2025-09-01 20:48:48.388 UTC: 	 Adding directory /eos/home-b/bibehera/OO_Simfit/CMSSW_15_0_6_patch1/src/HeavyIonsAnalysis/TrackAnalysis/interface to tarball
DEBUG 2025-09-01 20:48:48.395 UTC: 	 Adding directory /eos/home-b/bibehera/OO_Simfit/CMSSW_15_0_6_patch1/src/HeavyIonsAnalysis/TrackAnalysis/python to tarball
DEBUG 2025-09-01 20:48:48.477 UTC: 	 Adding directory /eos/home-b/bibehera/OO_Simfit/CMSSW_15_0_6_patch1/src/HeavyIonsAnalysis/VertexAnalysis/python to tarball
DEBUG 2025-09-01 20:48:48.496 UTC: 	 Adding directory /eos/home-b/bibehera/OO_Simfit/CMSSW_15_0_6_patch1/src/HeavyIonsAnalysis/ZDCAnalysis/python to tarball
DEBUG 2025-09-01 20:48:48.617 UTC: 	 Uploading archive /eos/home-b/bibehera/OO_Simfit/CMSSW_15_0_6_patch1/src/Analyzer/RaghuV0Ana/cfg/OO_Data_MINIAOD/crab_2pc_OO_V0_inv_mass_IP54/inputs/3c59319b-8b5f-421f-bb25-416b22c947e2default.tgz (3.180664.1 MB) to the CRAB cache. Using URI https://cmsweb.cern.ch/S3/crabcache_prod
DEBUG 2025-09-01 20:48:49.560 UTC: 	 Encoded data for curl request: subresource=upload&objecttype=sandbox&tarballname=b897b1752ca3d16f97190589f9e4fb596e8d19e2b873b8636317f3dc21fdb079.tar.gz
DEBUG 2025-09-01 20:48:49.651 UTC: 	 sandbox b897b1752ca3d16f97190589f9e4fb596e8d19e2b873b8636317f3dc21fdb079.tar.gz is already in the S3 store, will not upload again
DEBUG 2025-09-01 20:48:49.652 UTC: 	 Loading required information from the environment
DEBUG 2025-09-01 20:48:49.652 UTC: 	 Found CMSSW_15_0_6_patch1 for el9_amd64_gcc12 with base /eos/home-b/bibehera/OO_Simfit/CMSSW_15_0_6_patch1
DEBUG 2025-09-01 20:48:49.652 UTC: 	 Making tarball in /eos/home-b/bibehera/OO_Simfit/CMSSW_15_0_6_patch1/src/Analyzer/RaghuV0Ana/cfg/OO_Data_MINIAOD/crab_2pc_OO_V0_inv_mass_IP54/inputs/debugFiles.tgz
DEBUG 2025-09-01 20:48:49.663 UTC: 	 Uploading archive /eos/home-b/bibehera/OO_Simfit/CMSSW_15_0_6_patch1/src/Analyzer/RaghuV0Ana/cfg/OO_Data_MINIAOD/crab_2pc_OO_V0_inv_mass_IP54/inputs/debugFiles.tgz (3 KB) to the CRAB cache. Using URI https://cmsweb.cern.ch/S3/crabcache_prod
DEBUG 2025-09-01 20:48:49.669 UTC: 	 Encoded data for curl request: subresource=upload&objecttype=sandbox&tarballname=a19a0159c516de8c88bff885cbfd3a793f3e8a8faa7623de4d47a6d7dbc6fe4b.tar.gz
DEBUG 2025-09-01 20:48:49.727 UTC: 	 Will execute:
curl -f -v -X POST  -H "User-Agent: CRAB" -F "key=bibehera/sandboxes/a19a0159c516de8c88bff885cbfd3a793f3e8a8faa7623de4d47a6d7dbc6fe4b.tar.gz" -F "AWSAccessKeyId=715203df6482458ba839e73e6dab634b" -F "policy=eyJleHBpcmF0aW9uIjogIjIwMjUtMDktMDFUMjE6NDg6NDlaIiwgImNvbmRpdGlvbnMiOiBbeyJidWNrZXQiOiAiY3JhYmNhY2hlX3Byb2QifSwgeyJrZXkiOiAiYmliZWhlcmEvc2FuZGJveGVzL2ExOWEwMTU5YzUxNmRlOGM4OGJmZjg4NWNiZmQzYTc5M2YzZThhOGZhYTc2MjNkZTRkNDdhNmQ3ZGJjNmZlNGIudGFyLmd6In1dfQ==" -F "signature=Vl6wlYSt6EmiPypWnb/Z0oPW8MM=" -F "file=@/eos/home-b/bibehera/OO_Simfit/CMSSW_15_0_6_patch1/src/Analyzer/RaghuV0Ana/cfg/OO_Data_MINIAOD/crab_2pc_OO_V0_inv_mass_IP54/inputs/debugFiles.tgz" "https://s3.cern.ch/crabcache_prod"
DEBUG 2025-09-01 20:48:49.783 UTC: 	 exitcode: 0
stdout: b''
DEBUG 2025-09-01 20:48:49.783 UTC: 	 upload to S3 of sandbox /eos/home-b/bibehera/OO_Simfit/CMSSW_15_0_6_patch1/src/Analyzer/RaghuV0Ana/cfg/OO_Data_MINIAOD/crab_2pc_OO_V0_inv_mass_IP54/inputs/debugFiles.tgz completed
DEBUG 2025-09-01 20:48:49.783 UTC: 	 make sure that object is ready for retrieve
DEBUG 2025-09-01 20:48:50.784 UTC: 	 Encoded data for curl request: subresource=download&objecttype=sandbox&tarballname=a19a0159c516de8c88bff885cbfd3a793f3e8a8faa7623de4d47a6d7dbc6fe4b.tar.gz&clientmethod=head_object
DEBUG 2025-09-01 20:48:50.831 UTC: 	 PreSignedUrl to download sandbox received OK
DEBUG 2025-09-01 20:48:50.835 UTC: 	 Will execute:
 curl -v -s -f -o /dev/null --head  "https://s3.cern.ch/crabcache_prod/bibehera/sandboxes/a19a0159c516de8c88bff885cbfd3a793f3e8a8faa7623de4d47a6d7dbc6fe4b.tar.gz?AWSAccessKeyId=715203df6482458ba839e73e6dab634b&Signature=%2F8EVMwkVKVWtBJbDZfo%2Bpvtv5tU%3D&Expires=1756763330"
DEBUG 2025-09-01 20:48:50.875 UTC: 	 exitcode: 0
stdout: b''
DEBUG 2025-09-01 20:48:50.875 UTC: 	 sandbox /eos/home-b/bibehera/OO_Simfit/CMSSW_15_0_6_patch1/src/Analyzer/RaghuV0Ana/cfg/OO_Data_MINIAOD/crab_2pc_OO_V0_inv_mass_IP54/inputs/debugFiles.tgz successfully uploaded to S3
DEBUG 2025-09-01 20:48:50.875 UTC: 	 Result uploading input files: b897b1752ca3d16f97190589f9e4fb596e8d19e2b873b8636317f3dc21fdb079.tar.gz 
DEBUG 2025-09-01 20:48:50.875 UTC: 	 Attaching lumi mask generated_json.json to the request
DEBUG 2025-09-01 20:48:50.875 UTC: 	 Reading lumi-mask from generated_json.json
DEBUG 2025-09-01 20:48:50.877 UTC: 	 submit() - self.configuration from WMCore.Configuration import Configuration
config = Configuration()
config.section_('General')
config.General.requestName = '2pc_OO_V0_inv_mass_IP54'
config.General.workArea = 'OO_Data_MINIAOD'
config.General.transferOutputs = True
config.General.transferLogs = True
config.section_('JobType')
config.JobType.pluginName = 'Analysis'
config.JobType.psetName = 'PbPb_2018_cfg.py'
config.section_('Data')
config.Data.totalUnits = -1
config.Data.outputDatasetTag = '2pc_OO_V0_IP0'
config.Data.unitsPerJob = 3
config.Data.secondaryInputDataset = '/IonPhysics54/OORun2025-PromptReco-v1/MINIAOD'
config.Data.inputDataset = '/IonPhysics54/bibehera-2pc_OO_V0_IP0-6b0f3ea44d7735a15be74aa96b0380e8/USER'
config.Data.splitting = 'LumiBased'
config.Data.lumiMask = 'generated_json.json'
config.Data.publication = False
config.Data.outLFNDirBase = '/store/user/bibehera/'
config.Data.inputDBS = 'phys03'
config.section_('Site')
config.Site.storageSite = 'T3_CH_CERNBOX'
config.section_('User')
config.section_('Debug')

DEBUG 2025-09-01 20:48:50.877 UTC: 	 submit() - self.configreq {'dryrun': 0, 'workflow': 'crab_2pc_OO_V0_inv_mass_IP54', 'saveoutput': 1, 'savelogsflag': 1, 'inputdata': '/IonPhysics54/bibehera-2pc_OO_V0_IP0-6b0f3ea44d7735a15be74aa96b0380e8/USER', 'nonvaliddata': 0, 'userfiles': [], 'dbsurl': 'https://cmsweb.cern.ch/dbs/prod/phys03/DBSReader', 'useparent': 0, 'secondarydata': '/IonPhysics54/OORun2025-PromptReco-v1/MINIAOD', 'ignorelocality': 0, 'splitalgo': 'LumiBased', 'algoargs': 3, 'totalunits': -1, 'lfn': '/store/user/bibehera/', 'publication': 0, 'publishdbsurl': 'https://cmsweb.cern.ch/dbs/prod/phys03/DBSWriter', 'publishname2': '2pc_OO_V0_IP0', 'jobtype': 'Analysis', 'generator': 'pythia', 'addoutputfiles': [], 'maxjobruntime': 1250, 'numcores': 1, 'maxmemory': 2000, 'priority': 10, 'nonprodsw': 0, 'asyncdest': 'T3_CH_CERNBOX', 'requireaccelerator': 0, 'oneEventMode': 0, 'extrajdl': [], 'ignoreglobalblacklist': 0, 'partialdataset': 0, 'inputblocks': []}
DEBUG 2025-09-01 20:48:50.877 UTC: 	 submit() - jobconfig {'addoutputfiles': [], 'tfileoutfiles': ['V0_test_pt_invariantmass.root'], 'edmoutfiles': [], 'jobarch': 'el9_amd64_gcc12', 'jobminuarch': 'x86-64-v3', 'jobsw': 'CMSSW_15_0_6_patch1', 'inputdata': '/IonPhysics54/bibehera-2pc_OO_V0_IP0-6b0f3ea44d7735a15be74aa96b0380e8/USER', 'cacheurl': 'https://cmsweb.cern.ch/S3/crabcache_prod', 'cachefilename': 'b897b1752ca3d16f97190589f9e4fb596e8d19e2b873b8636317f3dc21fdb079.tar.gz', 'debugfilename': 'a19a0159c516de8c88bff885cbfd3a793f3e8a8faa7623de4d47a6d7dbc6fe4b.tar.gz', 'runs': ['394153', '394154', '394169', '394175', '394183', '394184', '394185', '394186', '394187', '394188', '394189', '394204', '394209', '394217'], 'lumis': ['40,169', '1,886', '39,997', '47,988', '15,239', '1,667', '1,3', '1,15', '1,1', '1,107', '1,72', '38,932', '23,1209', '41,838'], 'jobtype': 'Analysis'}
INFO 2025-09-01 20:48:50.877 UTC: 	 Sending the request to the server at cmsweb.cern.ch
DEBUG 2025-09-01 20:48:50.877 UTC: 	 Submitting {'dryrun': 0, 'workflow': 'crab_2pc_OO_V0_inv_mass_IP54', 'saveoutput': 1, 'savelogsflag': 1, 'inputdata': '/IonPhysics54/bibehera-2pc_OO_V0_IP0-6b0f3ea44d7735a15be74aa96b0380e8/USER', 'nonvaliddata': 0, 'userfiles': [], 'dbsurl': 'https://cmsweb.cern.ch/dbs/prod/phys03/DBSReader', 'useparent': 0, 'secondarydata': '/IonPhysics54/OORun2025-PromptReco-v1/MINIAOD', 'ignorelocality': 0, 'splitalgo': 'LumiBased', 'algoargs': 3, 'totalunits': -1, 'lfn': '/store/user/bibehera/', 'publication': 0, 'publishdbsurl': 'https://cmsweb.cern.ch/dbs/prod/phys03/DBSWriter', 'publishname2': '2pc_OO_V0_IP0', 'jobtype': 'Analysis', 'generator': 'pythia', 'addoutputfiles': [], 'maxjobruntime': 1250, 'numcores': 1, 'maxmemory': 2000, 'priority': 10, 'nonprodsw': 0, 'asyncdest': 'T3_CH_CERNBOX', 'requireaccelerator': 0, 'oneEventMode': 0, 'extrajdl': [], 'ignoreglobalblacklist': 0, 'partialdataset': 0, 'inputblocks': [], 'tfileoutfiles': ['V0_test_pt_invariantmass.root'], 'edmoutfiles': [], 'jobarch': 'el9_amd64_gcc12', 'jobminuarch': 'x86-64-v3', 'jobsw': 'CMSSW_15_0_6_patch1', 'cacheurl': 'https://cmsweb.cern.ch/S3/crabcache_prod', 'cachefilename': 'b897b1752ca3d16f97190589f9e4fb596e8d19e2b873b8636317f3dc21fdb079.tar.gz', 'debugfilename': 'a19a0159c516de8c88bff885cbfd3a793f3e8a8faa7623de4d47a6d7dbc6fe4b.tar.gz', 'runs': ['394153', '394154', '394169', '394175', '394183', '394184', '394185', '394186', '394187', '394188', '394189', '394204', '394209', '394217'], 'lumis': ['40,169', '1,886', '39,997', '47,988', '15,239', '1,667', '1,3', '1,15', '1,1', '1,107', '1,72', '38,932', '23,1209', '41,838']} 
DEBUG 2025-09-01 20:48:50.878 UTC: 	 Encoded data for curl request: dryrun=0&workflow=crab_2pc_OO_V0_inv_mass_IP54&saveoutput=1&savelogsflag=1&inputdata=%2FIonPhysics54%2Fbibehera-2pc_OO_V0_IP0-6b0f3ea44d7735a15be74aa96b0380e8%2FUSER&nonvaliddata=0&dbsurl=https%3A%2F%2Fcmsweb.cern.ch%2Fdbs%2Fprod%2Fphys03%2FDBSReader&useparent=0&secondarydata=%2FIonPhysics54%2FOORun2025-PromptReco-v1%2FMINIAOD&ignorelocality=0&splitalgo=LumiBased&algoargs=3&totalunits=-1&lfn=%2Fstore%2Fuser%2Fbibehera%2F&publication=0&publishdbsurl=https%3A%2F%2Fcmsweb.cern.ch%2Fdbs%2Fprod%2Fphys03%2FDBSWriter&publishname2=2pc_OO_V0_IP0&jobtype=Analysis&generator=pythia&maxjobruntime=1250&numcores=1&maxmemory=2000&priority=10&nonprodsw=0&asyncdest=T3_CH_CERNBOX&requireaccelerator=0&oneEventMode=0&ignoreglobalblacklist=0&partialdataset=0&jobarch=el9_amd64_gcc12&jobminuarch=x86-64-v3&jobsw=CMSSW_15_0_6_patch1&cacheurl=https%3A%2F%2Fcmsweb.cern.ch%2FS3%2Fcrabcache_prod&cachefilename=b897b1752ca3d16f97190589f9e4fb596e8d19e2b873b8636317f3dc21fdb079.tar.gz&debugfilename=a19a0159c516de8c88bff885cbfd3a793f3e8a8faa7623de4d47a6d7dbc6fe4b.tar.gz&tfileoutfiles=V0_test_pt_invariantmass.root&runs=394153&runs=394154&runs=394169&runs=394175&runs=394183&runs=394184&runs=394185&runs=394186&runs=394187&runs=394188&runs=394189&runs=394204&runs=394209&runs=394217&lumis=40%2C169&lumis=1%2C886&lumis=39%2C997&lumis=47%2C988&lumis=15%2C239&lumis=1%2C667&lumis=1%2C3&lumis=1%2C15&lumis=1%2C1&lumis=1%2C107&lumis=1%2C72&lumis=38%2C932&lumis=23%2C1209&lumis=41%2C838
DEBUG 2025-09-01 20:48:51.216 UTC: 	 Result: {'result': [{'RequestName': '250901_204851:bibehera_crab_2pc_OO_V0_inv_mass_IP54'}]}
INFO 2025-09-01 20:48:51.226 UTC: 	 Success: Your task has been delivered to the prod CRAB3 server.
INFO 2025-09-01 20:48:51.226 UTC: 	 Task name: 250901_204851:bibehera_crab_2pc_OO_V0_inv_mass_IP54
INFO 2025-09-01 20:48:51.226 UTC: 	 Project dir: OO_Data_MINIAOD/crab_2pc_OO_V0_inv_mass_IP54
INFO 2025-09-01 20:48:51.226 UTC: 	 Please use ' crab status -d OO_Data_MINIAOD/crab_2pc_OO_V0_inv_mass_IP54 ' to check how the submission process proceeds.
DEBUG 2025-09-01 20:48:51.227 UTC: 	 About to return
INFO 2025-09-01 20:48:51.251 UTC: 	 Log file is /eos/home-b/bibehera/OO_Simfit/CMSSW_15_0_6_patch1/src/Analyzer/RaghuV0Ana/cfg/OO_Data_MINIAOD/crab_2pc_OO_V0_inv_mass_IP54/crab.log
DEBUG 2025-09-01 21:04:42.805 UTC: 	 CRAB Client version: v3.250522
DEBUG 2025-09-01 21:04:42.805 UTC: 	 Running on: Linux lxplus965.cern.ch 5.14.0-570.28.1.el9_6.x86_64 #1 SMP PREEMPT_DYNAMIC Wed Jul 16 02:51:06 EDT 2025 x86_64 x86_64 x86_64 GNU/Linux
DEBUG 2025-09-01 21:04:42.805 UTC: 	 Not using Singularity
DEBUG 2025-09-01 21:04:42.805 UTC: 	 Operating System: Red Hat Enterprise Linux 9.6 (Plow)
DEBUG 2025-09-01 21:04:42.805 UTC: 	 Executing command: 'kill'
DEBUG 2025-09-01 21:04:42.806 UTC: 	 Found CRAB cache file /afs/cern.ch/user/b/bibehera/.crab3
DEBUG 2025-09-01 21:04:42.839 UTC: 	 Checking credentials
DEBUG 2025-09-01 21:04:42.839 UTC: 	 Found proxy file /tmp/x509up_u177753
DEBUG 2025-09-01 21:04:42.839 UTC: 	 Making sure it has proper VOMS extension
DEBUG 2025-09-01 21:04:42.839 UTC: 	 Executing command :
 voms-proxy-info --vo --file /tmp/x509up_u177753
DEBUG 2025-09-01 21:04:42.871 UTC: 	 output : cms

 error: 
 retcode : 0
DEBUG 2025-09-01 21:04:42.871 UTC: 	 Getting proxy life time left
DEBUG 2025-09-01 21:04:42.871 UTC: 	 Executing command :
 voms-proxy-info --actimeleft --timeleft --file /tmp/x509up_u177753
DEBUG 2025-09-01 21:04:42.913 UTC: 	 output : 28218
28218

 error: 
 retcode : 0
DEBUG 2025-09-01 21:04:42.913 UTC: 	 Proxy valid for 07:50:18 hours
DEBUG 2025-09-01 21:04:42.913 UTC: 	 Encoded data for curl request: subresource=delegatedn
DEBUG 2025-09-01 21:04:42.973 UTC: 	 Registering user credentials on myproxy for /DC=ch/DC=cern/OU=computers/CN=crab-(preprod|prod)-tw(01|02).cern.ch|/DC=ch/DC=cern/OU=computers/CN=crab-dev-tw(01|02|03|04).cern.ch|/DC=ch/DC=cern/OU=Organic Units/OU=Users/CN=cmscrab/CN=(817881|373708)/CN=Robot: cms crab|/DC=ch/DC=cern/OU=Organic Units/OU=Users/CN=crabint1/CN=373708/CN=Robot: CMS CRAB Integration 1
DEBUG 2025-09-01 21:04:42.974 UTC: 	 Executing command :
 voms-proxy-info --identity --file /tmp/x509up_u177753
DEBUG 2025-09-01 21:04:43.017 UTC: 	 output : /DC=ch/DC=cern/OU=Organic Units/OU=Users/CN=bibehera/CN=882295/CN=Bismita Behera

 error: 
 retcode : 0
DEBUG 2025-09-01 21:04:43.017 UTC: 	 Getting myproxy life time left for bfbdf12a5670e45fdd055ff115afbb0f25b8a072
DEBUG 2025-09-01 21:04:43.018 UTC: 	 Executing command :
 myproxy-info -s myproxy.cern.ch -l bfbdf12a5670e45fdd055ff115afbb0f25b8a072
DEBUG 2025-09-01 21:04:43.304 UTC: 	 output : username: bfbdf12a5670e45fdd055ff115afbb0f25b8a072
owner: /DC=ch/DC=cern/OU=Organic Units/OU=Users/CN=bibehera/CN=882295/CN=Bismita Behera
  renewal policy: /DC=ch/DC=cern/OU=computers/CN=crab-(preprod|prod)-tw(01|02).cern.ch|/DC=ch/DC=cern/OU=computers/CN=crab-dev-tw(01|02|03|04).cern.ch|/DC=ch/DC=cern/OU=Organic Units/OU=Users/CN=cmscrab/CN=(817881|373708)/CN=Robot: cms crab|/DC=ch/DC=cern/OU=Organic Units/OU=Users/CN=crabint1/CN=373708/CN=Robot: CMS CRAB Integration 1
  trusted retrieval policy: /DC=ch/DC=cern/OU=computers/CN=crab-(preprod|prod)-tw(01|02).cern.ch|/DC=ch/DC=cern/OU=computers/CN=crab-dev-tw(01|02|03|04).cern.ch|/DC=ch/DC=cern/OU=Organic Units/OU=Users/CN=cmscrab/CN=(817881|373708)/CN=Robot: cms crab|/DC=ch/DC=cern/OU=Organic Units/OU=Users/CN=crabint1/CN=373708/CN=Robot: CMS CRAB Integration 1
  timeleft: 575:16:24  (24.0 days)

 error: 
 retcode : 0
DEBUG 2025-09-01 21:04:43.304 UTC: 	 Myproxy is valid: 2070960
DEBUG 2025-09-01 21:04:43.304 UTC: 	 Result of myproxy credential check:
  Credential exists on myproxy: username: bfbdf12a5670e45fdd055ff115afbb0f25b8a072  - validity: 23 days, 23:16:00
DEBUG 2025-09-01 21:04:43.308 UTC: 	 Command use: kill
DEBUG 2025-09-01 21:04:43.308 UTC: 	 Options use: ['-d', 'OO_Data_MINIAOD/crab_2pc_OO_V0_inv_mass_IP54']
DEBUG 2025-09-01 21:04:43.308 UTC: 	 Encoded data for curl request: subresource=version
DEBUG 2025-09-01 21:04:43.369 UTC: 	 CRABClient version: v3.250522
DEBUG 2025-09-01 21:04:43.369 UTC: 	 Instance is prod
DEBUG 2025-09-01 21:04:43.369 UTC: 	 Server base url is cmsweb.cern.ch
DEBUG 2025-09-01 21:04:43.369 UTC: 	 Command api workflow
DEBUG 2025-09-01 21:04:43.369 UTC: 	 Killing task 250901_204851:bibehera_crab_2pc_OO_V0_inv_mass_IP54
DEBUG 2025-09-01 21:04:43.369 UTC: 	 Encoded data for curl request: workflow=250901_204851%3Abibehera_crab_2pc_OO_V0_inv_mass_IP54
DEBUG 2025-09-01 21:04:43.421 UTC: 	 Result: {'desc': {'columns': ['tm_taskname', 'tm_task_status', 'tm_task_command', 'tm_user_role', 'tm_user_group', 'tm_task_failure', 'tm_split_algo', 'tm_split_args', 'tm_save_logs', 'tm_username', 'tm_user_dn', 'tm_arguments', 'tm_input_dataset', 'tm_dbs_url', 'tm_task_warnings', 'tm_publication', 'tm_user_webdir', 'tm_output_dataset', 'tm_collector', 'tm_schedd', 'tm_dry_run', 'clusterid', 'tm_start_time', 'tw_name', 'tm_dagman_status', 'tm_num_jobs', 'tm_uploaded']}, 'result': [{'result': 'ok'}]}
INFO 2025-09-01 21:04:43.421 UTC: 	 Kill request successfully sent
INFO 2025-09-01 21:04:43.433 UTC: 	 Log file is /eos/home-b/bibehera/OO_Simfit/CMSSW_15_0_6_patch1/src/Analyzer/RaghuV0Ana/cfg/OO_Data_MINIAOD/crab_2pc_OO_V0_inv_mass_IP54/crab.log
