DEBUG 2026-03-19 13:21:12.611 UTC: 	 CRAB Client version: v3.251020
DEBUG 2026-03-19 13:21:12.611 UTC: 	 Running on: Linux lxplus810.cern.ch 4.18.0-553.107.1.el8_10.x86_64 #1 SMP Tue Feb 17 05:52:05 EST 2026 x86_64 x86_64 x86_64 GNU/Linux
DEBUG 2026-03-19 13:21:12.611 UTC: 	 Not using Singularity
DEBUG 2026-03-19 13:21:12.611 UTC: 	 Operating System: Red Hat Enterprise Linux 8.10 (Ootpa)
DEBUG 2026-03-19 13:21:12.611 UTC: 	 Executing command: 'submit'
DEBUG 2026-03-19 13:21:12.611 UTC: 	 Found CRAB cache file /afs/cern.ch/user/b/bibehera/.crab3
INFO 2026-03-19 13:21:12.612 UTC: 	 Will use CRAB configuration file crab_config2.py
DEBUG 2026-03-19 13:21:12.613 UTC: 	 Loading CRAB configuration file.
DEBUG 2026-03-19 13:21:12.622 UTC: 	 Overriden parameter General.requestName with '2pc_OO_SM_V0_corr_v1_IP23'
DEBUG 2026-03-19 13:21:12.622 UTC: 	 Overriden parameter Data.inputDataset with '/IonPhysics23/bibehera-2pc_OO_V0_IP23-ca42279dfc2dce710b3991c24f27a617/USER'
DEBUG 2026-03-19 13:21:12.622 UTC: 	 Overriden parameter Data.secondaryInputDataset with '/IonPhysics23/OORun2025-PromptReco-v1/MINIAOD'
DEBUG 2026-03-19 13:21:12.622 UTC: 	 Overriden parameter Data.outputDatasetTag with '2pc_OO_SM_V0_corr_v1_IP23'
DEBUG 2026-03-19 13:21:12.622 UTC: 	 Will use CRAB plugin ANALYSIS (i.e. will run an analysis job type).
DEBUG 2026-03-19 13:21:14.739 UTC: 	 Checking credentials
DEBUG 2026-03-19 13:21:14.740 UTC: 	 Found proxy file /tmp/x509up_u177753
DEBUG 2026-03-19 13:21:14.740 UTC: 	 Making sure it has proper VOMS extension
DEBUG 2026-03-19 13:21:14.740 UTC: 	 Executing command :
 voms-proxy-info --vo --file /tmp/x509up_u177753
DEBUG 2026-03-19 13:21:14.771 UTC: 	 output : cms

 error: 
 retcode : 0
DEBUG 2026-03-19 13:21:14.772 UTC: 	 Getting proxy life time left
DEBUG 2026-03-19 13:21:14.772 UTC: 	 Executing command :
 voms-proxy-info --actimeleft --timeleft --file /tmp/x509up_u177753
DEBUG 2026-03-19 13:21:14.816 UTC: 	 output : 43125
43125

 error: 
 retcode : 0
DEBUG 2026-03-19 13:21:14.816 UTC: 	 Proxy valid for 11:58:45 hours
DEBUG 2026-03-19 13:21:14.817 UTC: 	 Encoded data for curl request: subresource=delegatedn
DEBUG 2026-03-19 13:21:14.865 UTC: 	 Registering user credentials on myproxy for /DC=ch/DC=cern/OU=Organic Units/OU=Users/CN=cmscrab/CN=(817881|373708)/CN=Robot: cms crab|/DC=ch/DC=cern/OU=Organic Units/OU=Users/CN=crabint1/CN=373708/CN=Robot: CMS CRAB Integration 1
DEBUG 2026-03-19 13:21:14.865 UTC: 	 Executing command :
 voms-proxy-info --identity --file /tmp/x509up_u177753
DEBUG 2026-03-19 13:21:14.898 UTC: 	 output : /DC=ch/DC=cern/OU=Organic Units/OU=Users/CN=bibehera/CN=882295/CN=Bismita Behera

 error: 
 retcode : 0
DEBUG 2026-03-19 13:21:14.898 UTC: 	 Getting myproxy life time left for bfbdf12a5670e45fdd055ff115afbb0f25b8a072
DEBUG 2026-03-19 13:21:14.898 UTC: 	 Executing command :
 myproxy-info -s myproxy.cern.ch -l bfbdf12a5670e45fdd055ff115afbb0f25b8a072
DEBUG 2026-03-19 13:21:15.204 UTC: 	 output : username: bfbdf12a5670e45fdd055ff115afbb0f25b8a072
owner: /DC=ch/DC=cern/OU=Organic Units/OU=Users/CN=bibehera/CN=882295/CN=Bismita Behera
  renewal policy: /DC=ch/DC=cern/OU=Organic Units/OU=Users/CN=cmscrab/CN=(817881|373708)/CN=Robot: cms crab|/DC=ch/DC=cern/OU=Organic Units/OU=Users/CN=crabint1/CN=373708/CN=Robot: CMS CRAB Integration 1
  trusted retrieval policy: /DC=ch/DC=cern/OU=Organic Units/OU=Users/CN=cmscrab/CN=(817881|373708)/CN=Robot: cms crab|/DC=ch/DC=cern/OU=Organic Units/OU=Users/CN=crabint1/CN=373708/CN=Robot: CMS CRAB Integration 1
  timeleft: 689:59:51  (28.7 days)

 error: 
 retcode : 0
DEBUG 2026-03-19 13:21:15.204 UTC: 	 Myproxy is valid: 2483940
DEBUG 2026-03-19 13:21:15.204 UTC: 	 Result of myproxy credential check:
  Credential exists on myproxy: username: bfbdf12a5670e45fdd055ff115afbb0f25b8a072  - validity: 28 days, 17:59:00
DEBUG 2026-03-19 13:21:15.205 UTC: 	 Command use: submit
DEBUG 2026-03-19 13:21:15.205 UTC: 	 Options use: ['-c', 'crab_config2.py', 'General.requestName=2pc_OO_SM_V0_corr_v1_IP23', 'Data.inputDataset=/IonPhysics23/bibehera-2pc_OO_V0_IP23-ca42279dfc2dce710b3991c24f27a617/USER', 'Data.secondaryInputDataset=/IonPhysics23/OORun2025-PromptReco-v1/MINIAOD', 'Data.outputDatasetTag=2pc_OO_SM_V0_corr_v1_IP23']
DEBUG 2026-03-19 13:21:15.205 UTC: 	 Encoded data for curl request: subresource=version
DEBUG 2026-03-19 13:21:15.253 UTC: 	 CRABClient version: v3.251020
DEBUG 2026-03-19 13:21:15.253 UTC: 	 Instance is prod
DEBUG 2026-03-19 13:21:15.253 UTC: 	 Server base url is cmsweb.cern.ch
DEBUG 2026-03-19 13:21:15.253 UTC: 	 Command api workflow
DEBUG 2026-03-19 13:21:15.253 UTC: 	 Started submission
DEBUG 2026-03-19 13:21:15.253 UTC: 	 Working on /eos/home-b/bibehera/OO_Simfit_eff/CMSSW_15_0_6_patch1/src/Analyzer/RaghuV0Ana/cfg/OO_Data_MINIAOD/crab_2pc_OO_SM_V0_corr_v1_IP23
DEBUG 2026-03-19 13:21:15.288 UTC: 	 Loading required information from the environment
DEBUG 2026-03-19 13:21:15.288 UTC: 	 Found CMSSW_15_0_6_patch1 for el8_amd64_gcc12 with base /eos/home-b/bibehera/OO_Simfit_eff/CMSSW_15_0_6_patch1
DEBUG 2026-03-19 13:21:15.288 UTC: 	 Loading required information from the environment
DEBUG 2026-03-19 13:21:15.288 UTC: 	 Found CMSSW_15_0_6_patch1 for el8_amd64_gcc12 with base /eos/home-b/bibehera/OO_Simfit_eff/CMSSW_15_0_6_patch1
DEBUG 2026-03-19 13:21:15.288 UTC: 	 UNIQUE NAME: tarUUID 4e6d0203-9778-4bfc-9096-a923fb8f8567 
DEBUG 2026-03-19 13:21:15.288 UTC: 	 self.config: from WMCore.Configuration import Configuration
config = Configuration()
config.section_('General')
config.General.transferLogs = True
config.General.workArea = 'OO_Data_MINIAOD'
config.General.transferOutputs = True
config.General.requestName = '2pc_OO_SM_V0_corr_v1_IP23'
config.section_('JobType')
config.JobType.psetName = 'PbPb_2018_cfg.py'
config.JobType.pluginName = 'Analysis'
config.section_('Data')
config.Data.secondaryInputDataset = '/IonPhysics23/OORun2025-PromptReco-v1/MINIAOD'
config.Data.publication = False
config.Data.totalUnits = -1
config.Data.unitsPerJob = 3
config.Data.inputDBS = 'phys03'
config.Data.splitting = 'LumiBased'
config.Data.outputDatasetTag = '2pc_OO_SM_V0_corr_v1_IP23'
config.Data.outLFNDirBase = '/store/user/bibehera/'
config.Data.inputDataset = '/IonPhysics23/bibehera-2pc_OO_V0_IP23-ca42279dfc2dce710b3991c24f27a617/USER'
config.Data.lumiMask = 'generated_json.json'
config.section_('Site')
config.Site.storageSite = 'T3_CH_CERNBOX'
config.section_('User')
config.section_('Debug')

DEBUG 2026-03-19 13:21:15.288 UTC: 	 self.config.JobType.psetName: PbPb_2018_cfg.py
INFO 2026-03-19 13:21:15.288 UTC: 	 Importing CMSSW configuration PbPb_2018_cfg.py
INFO 2026-03-19 13:21:16.438 UTC: 	 Finished importing CMSSW configuration PbPb_2018_cfg.py
DEBUG 2026-03-19 13:21:16.438 UTC: 	 Writing CMSSW configuration to /eos/home-b/bibehera/OO_Simfit_eff/CMSSW_15_0_6_patch1/src/Analyzer/RaghuV0Ana/cfg/OO_Data_MINIAOD/crab_2pc_OO_SM_V0_corr_v1_IP23/inputs/PSet.py
DEBUG 2026-03-19 13:21:16.490 UTC: 	 The following EDM output files will be collected: []
DEBUG 2026-03-19 13:21:16.490 UTC: 	 The following TFile output files will be collected: ['V0_test_IM_newpT.root']
DEBUG 2026-03-19 13:21:16.490 UTC: 	 The following user output files (not listed as PoolOuputModule or TFileService in the CMSSW PSet) will be collected: 
DEBUG 2026-03-19 13:21:16.490 UTC: 	 Loading required information from the environment
DEBUG 2026-03-19 13:21:16.490 UTC: 	 Found CMSSW_15_0_6_patch1 for el8_amd64_gcc12 with base /eos/home-b/bibehera/OO_Simfit_eff/CMSSW_15_0_6_patch1
DEBUG 2026-03-19 13:21:16.490 UTC: 	 Making tarball in /eos/home-b/bibehera/OO_Simfit_eff/CMSSW_15_0_6_patch1/src/Analyzer/RaghuV0Ana/cfg/OO_Data_MINIAOD/crab_2pc_OO_SM_V0_corr_v1_IP23/inputs/4e6d0203-9778-4bfc-9096-a923fb8f8567default.tgz
DEBUG 2026-03-19 13:21:16.493 UTC: 	 Checking directory /eos/home-b/bibehera/OO_Simfit_eff/CMSSW_15_0_6_patch1/bin
DEBUG 2026-03-19 13:21:16.493 UTC: 	 Adding directory /eos/home-b/bibehera/OO_Simfit_eff/CMSSW_15_0_6_patch1/bin to tarball
DEBUG 2026-03-19 13:21:16.498 UTC: 	 Checking directory /eos/home-b/bibehera/OO_Simfit_eff/CMSSW_15_0_6_patch1/python
DEBUG 2026-03-19 13:21:16.498 UTC: 	 Adding directory /eos/home-b/bibehera/OO_Simfit_eff/CMSSW_15_0_6_patch1/python to tarball
DEBUG 2026-03-19 13:21:16.557 UTC: 	 Checking directory /eos/home-b/bibehera/OO_Simfit_eff/CMSSW_15_0_6_patch1/cfipython
DEBUG 2026-03-19 13:21:16.557 UTC: 	 Adding directory /eos/home-b/bibehera/OO_Simfit_eff/CMSSW_15_0_6_patch1/cfipython to tarball
DEBUG 2026-03-19 13:21:16.695 UTC: 	 Checking directory /eos/home-b/bibehera/OO_Simfit_eff/CMSSW_15_0_6_patch1/lib
DEBUG 2026-03-19 13:21:16.696 UTC: 	 Adding directory /eos/home-b/bibehera/OO_Simfit_eff/CMSSW_15_0_6_patch1/lib to tarball
DEBUG 2026-03-19 13:21:16.898 UTC: 	 Checking directory /eos/home-b/bibehera/OO_Simfit_eff/CMSSW_15_0_6_patch1/biglib
DEBUG 2026-03-19 13:21:16.899 UTC: 	 Adding directory /eos/home-b/bibehera/OO_Simfit_eff/CMSSW_15_0_6_patch1/biglib to tarball
DEBUG 2026-03-19 13:21:16.901 UTC: 	 Checking directory /eos/home-b/bibehera/OO_Simfit_eff/CMSSW_15_0_6_patch1/module
DEBUG 2026-03-19 13:21:16.901 UTC: 	 Checking directory /eos/home-b/bibehera/OO_Simfit_eff/CMSSW_15_0_6_patch1/config/SCRAM/hooks
DEBUG 2026-03-19 13:21:16.902 UTC: 	 Adding directory /eos/home-b/bibehera/OO_Simfit_eff/CMSSW_15_0_6_patch1/config/SCRAM/hooks to tarball
DEBUG 2026-03-19 13:21:17.550 UTC: 	 Adding directory /eos/home-b/bibehera/OO_Simfit_eff/CMSSW_15_0_6_patch1/src/Analyzer/RaghuV0Ana/data to tarball
DEBUG 2026-03-19 13:21:18.118 UTC: 	 Adding directory /eos/home-b/bibehera/OO_Simfit_eff/CMSSW_15_0_6_patch1/src/Analyzer/RaghuV0Ana/interface to tarball
DEBUG 2026-03-19 13:21:18.125 UTC: 	 Adding directory /eos/home-b/bibehera/OO_Simfit_eff/CMSSW_15_0_6_patch1/src/Analyzer/RaghuV0Ana/python to tarball
DEBUG 2026-03-19 13:21:18.136 UTC: 	 Adding directory /eos/home-b/bibehera/OO_Simfit_eff/CMSSW_15_0_6_patch1/src/HeavyIonsAnalysis/Configuration/data to tarball
DEBUG 2026-03-19 13:21:18.479 UTC: 	 Adding directory /eos/home-b/bibehera/OO_Simfit_eff/CMSSW_15_0_6_patch1/src/HeavyIonsAnalysis/Configuration/python to tarball
DEBUG 2026-03-19 13:21:18.512 UTC: 	 Adding directory /eos/home-b/bibehera/OO_Simfit_eff/CMSSW_15_0_6_patch1/src/HeavyIonsAnalysis/EGMAnalysis/data to tarball
DEBUG 2026-03-19 13:21:18.517 UTC: 	 Adding directory /eos/home-b/bibehera/OO_Simfit_eff/CMSSW_15_0_6_patch1/src/HeavyIonsAnalysis/EGMAnalysis/interface to tarball
DEBUG 2026-03-19 13:21:18.522 UTC: 	 Adding directory /eos/home-b/bibehera/OO_Simfit_eff/CMSSW_15_0_6_patch1/src/HeavyIonsAnalysis/EGMAnalysis/python to tarball
DEBUG 2026-03-19 13:21:18.533 UTC: 	 Adding directory /eos/home-b/bibehera/OO_Simfit_eff/CMSSW_15_0_6_patch1/src/HeavyIonsAnalysis/EventAnalysis/python to tarball
DEBUG 2026-03-19 13:21:18.624 UTC: 	 Adding directory /eos/home-b/bibehera/OO_Simfit_eff/CMSSW_15_0_6_patch1/src/HeavyIonsAnalysis/JetAnalysis/interface to tarball
DEBUG 2026-03-19 13:21:18.630 UTC: 	 Adding directory /eos/home-b/bibehera/OO_Simfit_eff/CMSSW_15_0_6_patch1/src/HeavyIonsAnalysis/JetAnalysis/python to tarball
DEBUG 2026-03-19 13:21:18.670 UTC: 	 Adding directory /eos/home-b/bibehera/OO_Simfit_eff/CMSSW_15_0_6_patch1/src/HeavyIonsAnalysis/MuonAnalysis/interface to tarball
DEBUG 2026-03-19 13:21:18.676 UTC: 	 Adding directory /eos/home-b/bibehera/OO_Simfit_eff/CMSSW_15_0_6_patch1/src/HeavyIonsAnalysis/MuonAnalysis/python to tarball
DEBUG 2026-03-19 13:21:18.686 UTC: 	 Adding directory /eos/home-b/bibehera/OO_Simfit_eff/CMSSW_15_0_6_patch1/src/HeavyIonsAnalysis/TrackAnalysis/interface to tarball
DEBUG 2026-03-19 13:21:18.690 UTC: 	 Adding directory /eos/home-b/bibehera/OO_Simfit_eff/CMSSW_15_0_6_patch1/src/HeavyIonsAnalysis/TrackAnalysis/python to tarball
DEBUG 2026-03-19 13:21:18.709 UTC: 	 Adding directory /eos/home-b/bibehera/OO_Simfit_eff/CMSSW_15_0_6_patch1/src/HeavyIonsAnalysis/VertexAnalysis/python to tarball
DEBUG 2026-03-19 13:21:18.716 UTC: 	 Adding directory /eos/home-b/bibehera/OO_Simfit_eff/CMSSW_15_0_6_patch1/src/HeavyIonsAnalysis/ZDCAnalysis/python to tarball
DEBUG 2026-03-19 13:21:18.790 UTC: 	 Uploading archive /eos/home-b/bibehera/OO_Simfit_eff/CMSSW_15_0_6_patch1/src/Analyzer/RaghuV0Ana/cfg/OO_Data_MINIAOD/crab_2pc_OO_SM_V0_corr_v1_IP23/inputs/4e6d0203-9778-4bfc-9096-a923fb8f8567default.tgz (4.679688.1 MB) to the CRAB cache.
DEBUG 2026-03-19 13:21:19.810 UTC: 	 Encoded data for curl request: subresource=upload&objecttype=sandbox&tarballname=cb8cd1bbf41ef4937c1904a959575160618e9e0369ec3c27fb8600dbd0e62e25.tar.gz
DEBUG 2026-03-19 13:21:19.874 UTC: 	 sandbox cb8cd1bbf41ef4937c1904a959575160618e9e0369ec3c27fb8600dbd0e62e25.tar.gz is already in the S3 store, will not upload again
DEBUG 2026-03-19 13:21:19.875 UTC: 	 Loading required information from the environment
DEBUG 2026-03-19 13:21:19.875 UTC: 	 Found CMSSW_15_0_6_patch1 for el8_amd64_gcc12 with base /eos/home-b/bibehera/OO_Simfit_eff/CMSSW_15_0_6_patch1
DEBUG 2026-03-19 13:21:19.875 UTC: 	 Making tarball in /eos/home-b/bibehera/OO_Simfit_eff/CMSSW_15_0_6_patch1/src/Analyzer/RaghuV0Ana/cfg/OO_Data_MINIAOD/crab_2pc_OO_SM_V0_corr_v1_IP23/inputs/debugFiles.tgz
DEBUG 2026-03-19 13:21:19.899 UTC: 	 Uploading archive /eos/home-b/bibehera/OO_Simfit_eff/CMSSW_15_0_6_patch1/src/Analyzer/RaghuV0Ana/cfg/OO_Data_MINIAOD/crab_2pc_OO_SM_V0_corr_v1_IP23/inputs/debugFiles.tgz (3 KB) to the CRAB cache.
DEBUG 2026-03-19 13:21:19.905 UTC: 	 Encoded data for curl request: subresource=upload&objecttype=sandbox&tarballname=e5d54198ea0b6a89dc15811afb1494d7c61eea1984b27456770e44cfb2f1f5cb.tar.gz
DEBUG 2026-03-19 13:21:19.960 UTC: 	 Will execute:
curl -f -v -X POST  -H "User-Agent: CRAB" -F "key=bibehera/sandboxes/e5d54198ea0b6a89dc15811afb1494d7c61eea1984b27456770e44cfb2f1f5cb.tar.gz" -F "AWSAccessKeyId=715203df6482458ba839e73e6dab634b" -F "policy=eyJleHBpcmF0aW9uIjogIjIwMjYtMDMtMTlUMTQ6MjE6MTlaIiwgImNvbmRpdGlvbnMiOiBbeyJidWNrZXQiOiAiY3JhYmNhY2hlX3Byb2QifSwgeyJrZXkiOiAiYmliZWhlcmEvc2FuZGJveGVzL2U1ZDU0MTk4ZWEwYjZhODlkYzE1ODExYWZiMTQ5NGQ3YzYxZWVhMTk4NGIyNzQ1Njc3MGU0NGNmYjJmMWY1Y2IudGFyLmd6In1dfQ==" -F "signature=Z3Jpb2NH4/sNTFL/OnOOXDBXJys=" -F "file=@/eos/home-b/bibehera/OO_Simfit_eff/CMSSW_15_0_6_patch1/src/Analyzer/RaghuV0Ana/cfg/OO_Data_MINIAOD/crab_2pc_OO_SM_V0_corr_v1_IP23/inputs/debugFiles.tgz" "https://s3.cern.ch/crabcache_prod"
DEBUG 2026-03-19 13:21:20.001 UTC: 	 exitcode: 0
stdout: b''
DEBUG 2026-03-19 13:21:20.002 UTC: 	 upload to S3 of sandbox /eos/home-b/bibehera/OO_Simfit_eff/CMSSW_15_0_6_patch1/src/Analyzer/RaghuV0Ana/cfg/OO_Data_MINIAOD/crab_2pc_OO_SM_V0_corr_v1_IP23/inputs/debugFiles.tgz completed
DEBUG 2026-03-19 13:21:20.002 UTC: 	 make sure that object is ready for retrieve
DEBUG 2026-03-19 13:21:21.003 UTC: 	 Encoded data for curl request: subresource=download&objecttype=sandbox&tarballname=e5d54198ea0b6a89dc15811afb1494d7c61eea1984b27456770e44cfb2f1f5cb.tar.gz&clientmethod=head_object
DEBUG 2026-03-19 13:21:21.061 UTC: 	 PreSignedUrl to download sandbox received OK
DEBUG 2026-03-19 13:21:21.063 UTC: 	 Will execute:
 curl -v -s -f -o /dev/null --head  "https://s3.cern.ch/crabcache_prod/bibehera/sandboxes/e5d54198ea0b6a89dc15811afb1494d7c61eea1984b27456770e44cfb2f1f5cb.tar.gz?AWSAccessKeyId=715203df6482458ba839e73e6dab634b&Signature=gblcriuOAnl7HWpJD8wSPjTL2Yo%3D&Expires=1773930081"
DEBUG 2026-03-19 13:21:21.093 UTC: 	 exitcode: 0
stdout: b''
DEBUG 2026-03-19 13:21:21.093 UTC: 	 sandbox /eos/home-b/bibehera/OO_Simfit_eff/CMSSW_15_0_6_patch1/src/Analyzer/RaghuV0Ana/cfg/OO_Data_MINIAOD/crab_2pc_OO_SM_V0_corr_v1_IP23/inputs/debugFiles.tgz successfully uploaded to S3
DEBUG 2026-03-19 13:21:21.093 UTC: 	 Result uploading input files: cb8cd1bbf41ef4937c1904a959575160618e9e0369ec3c27fb8600dbd0e62e25.tar.gz 
DEBUG 2026-03-19 13:21:21.093 UTC: 	 Attaching lumi mask generated_json.json to the request
DEBUG 2026-03-19 13:21:21.093 UTC: 	 Reading lumi-mask from generated_json.json
DEBUG 2026-03-19 13:21:21.095 UTC: 	 submit() - self.configuration from WMCore.Configuration import Configuration
config = Configuration()
config.section_('General')
config.General.transferLogs = True
config.General.workArea = 'OO_Data_MINIAOD'
config.General.transferOutputs = True
config.General.requestName = '2pc_OO_SM_V0_corr_v1_IP23'
config.section_('JobType')
config.JobType.psetName = 'PbPb_2018_cfg.py'
config.JobType.pluginName = 'Analysis'
config.section_('Data')
config.Data.secondaryInputDataset = '/IonPhysics23/OORun2025-PromptReco-v1/MINIAOD'
config.Data.publication = False
config.Data.totalUnits = -1
config.Data.unitsPerJob = 3
config.Data.inputDBS = 'phys03'
config.Data.splitting = 'LumiBased'
config.Data.outputDatasetTag = '2pc_OO_SM_V0_corr_v1_IP23'
config.Data.outLFNDirBase = '/store/user/bibehera/'
config.Data.inputDataset = '/IonPhysics23/bibehera-2pc_OO_V0_IP23-ca42279dfc2dce710b3991c24f27a617/USER'
config.Data.lumiMask = 'generated_json.json'
config.section_('Site')
config.Site.storageSite = 'T3_CH_CERNBOX'
config.section_('User')
config.section_('Debug')

DEBUG 2026-03-19 13:21:21.095 UTC: 	 submit() - self.configreq {'dryrun': 0, 'workflow': 'crab_2pc_OO_SM_V0_corr_v1_IP23', 'saveoutput': 1, 'savelogsflag': 1, 'inputdata': '/IonPhysics23/bibehera-2pc_OO_V0_IP23-ca42279dfc2dce710b3991c24f27a617/USER', 'nonvaliddata': 0, 'userfiles': [], 'dbsurl': 'https://cmsweb.cern.ch/dbs/prod/phys03/DBSReader', 'useparent': 0, 'secondarydata': '/IonPhysics23/OORun2025-PromptReco-v1/MINIAOD', 'ignorelocality': 0, 'splitalgo': 'LumiBased', 'algoargs': 3, 'totalunits': -1, 'lfn': '/store/user/bibehera/', 'publication': 0, 'publishdbsurl': 'https://cmsweb.cern.ch/dbs/prod/phys03/DBSWriter', 'publishname2': '2pc_OO_SM_V0_corr_v1_IP23', 'jobtype': 'Analysis', 'generator': 'pythia', 'addoutputfiles': [], 'maxjobruntime': 1250, 'numcores': 1, 'maxmemory': 2000, 'priority': 10, 'nonprodsw': 0, 'asyncdest': 'T3_CH_CERNBOX', 'requireaccelerator': 0, 'oneEventMode': 0, 'extrajdl': [], 'ignoreglobalblacklist': 0, 'partialdataset': 0, 'inputblocks': []}
DEBUG 2026-03-19 13:21:21.096 UTC: 	 submit() - jobconfig {'addoutputfiles': [], 'tfileoutfiles': ['V0_test_IM_newpT.root'], 'edmoutfiles': [], 'jobarch': 'el8_amd64_gcc12', 'jobminuarch': 'x86-64-v3', 'jobsw': 'CMSSW_15_0_6_patch1', 'inputdata': '/IonPhysics23/bibehera-2pc_OO_V0_IP23-ca42279dfc2dce710b3991c24f27a617/USER', 'cachefilename': 'cb8cd1bbf41ef4937c1904a959575160618e9e0369ec3c27fb8600dbd0e62e25.tar.gz', 'debugfilename': 'e5d54198ea0b6a89dc15811afb1494d7c61eea1984b27456770e44cfb2f1f5cb.tar.gz', 'runs': ['394153', '394154', '394169', '394175', '394183', '394184', '394185', '394186', '394187', '394188', '394189', '394204', '394209', '394217'], 'lumis': ['40,169', '1,886', '39,997', '47,988', '15,239', '1,667', '1,3', '1,15', '1,1', '1,107', '1,72', '38,932', '23,1209', '41,838'], 'jobtype': 'Analysis'}
INFO 2026-03-19 13:21:21.096 UTC: 	 Sending the request to the server at cmsweb.cern.ch
DEBUG 2026-03-19 13:21:21.096 UTC: 	 Submitting {'dryrun': 0, 'workflow': 'crab_2pc_OO_SM_V0_corr_v1_IP23', 'saveoutput': 1, 'savelogsflag': 1, 'inputdata': '/IonPhysics23/bibehera-2pc_OO_V0_IP23-ca42279dfc2dce710b3991c24f27a617/USER', 'nonvaliddata': 0, 'userfiles': [], 'dbsurl': 'https://cmsweb.cern.ch/dbs/prod/phys03/DBSReader', 'useparent': 0, 'secondarydata': '/IonPhysics23/OORun2025-PromptReco-v1/MINIAOD', 'ignorelocality': 0, 'splitalgo': 'LumiBased', 'algoargs': 3, 'totalunits': -1, 'lfn': '/store/user/bibehera/', 'publication': 0, 'publishdbsurl': 'https://cmsweb.cern.ch/dbs/prod/phys03/DBSWriter', 'publishname2': '2pc_OO_SM_V0_corr_v1_IP23', 'jobtype': 'Analysis', 'generator': 'pythia', 'addoutputfiles': [], 'maxjobruntime': 1250, 'numcores': 1, 'maxmemory': 2000, 'priority': 10, 'nonprodsw': 0, 'asyncdest': 'T3_CH_CERNBOX', 'requireaccelerator': 0, 'oneEventMode': 0, 'extrajdl': [], 'ignoreglobalblacklist': 0, 'partialdataset': 0, 'inputblocks': [], 'tfileoutfiles': ['V0_test_IM_newpT.root'], 'edmoutfiles': [], 'jobarch': 'el8_amd64_gcc12', 'jobminuarch': 'x86-64-v3', 'jobsw': 'CMSSW_15_0_6_patch1', 'cachefilename': 'cb8cd1bbf41ef4937c1904a959575160618e9e0369ec3c27fb8600dbd0e62e25.tar.gz', 'debugfilename': 'e5d54198ea0b6a89dc15811afb1494d7c61eea1984b27456770e44cfb2f1f5cb.tar.gz', 'runs': ['394153', '394154', '394169', '394175', '394183', '394184', '394185', '394186', '394187', '394188', '394189', '394204', '394209', '394217'], 'lumis': ['40,169', '1,886', '39,997', '47,988', '15,239', '1,667', '1,3', '1,15', '1,1', '1,107', '1,72', '38,932', '23,1209', '41,838']} 
DEBUG 2026-03-19 13:21:21.097 UTC: 	 Encoded data for curl request: dryrun=0&workflow=crab_2pc_OO_SM_V0_corr_v1_IP23&saveoutput=1&savelogsflag=1&inputdata=%2FIonPhysics23%2Fbibehera-2pc_OO_V0_IP23-ca42279dfc2dce710b3991c24f27a617%2FUSER&nonvaliddata=0&dbsurl=https%3A%2F%2Fcmsweb.cern.ch%2Fdbs%2Fprod%2Fphys03%2FDBSReader&useparent=0&secondarydata=%2FIonPhysics23%2FOORun2025-PromptReco-v1%2FMINIAOD&ignorelocality=0&splitalgo=LumiBased&algoargs=3&totalunits=-1&lfn=%2Fstore%2Fuser%2Fbibehera%2F&publication=0&publishdbsurl=https%3A%2F%2Fcmsweb.cern.ch%2Fdbs%2Fprod%2Fphys03%2FDBSWriter&publishname2=2pc_OO_SM_V0_corr_v1_IP23&jobtype=Analysis&generator=pythia&maxjobruntime=1250&numcores=1&maxmemory=2000&priority=10&nonprodsw=0&asyncdest=T3_CH_CERNBOX&requireaccelerator=0&oneEventMode=0&ignoreglobalblacklist=0&partialdataset=0&jobarch=el8_amd64_gcc12&jobminuarch=x86-64-v3&jobsw=CMSSW_15_0_6_patch1&cachefilename=cb8cd1bbf41ef4937c1904a959575160618e9e0369ec3c27fb8600dbd0e62e25.tar.gz&debugfilename=e5d54198ea0b6a89dc15811afb1494d7c61eea1984b27456770e44cfb2f1f5cb.tar.gz&tfileoutfiles=V0_test_IM_newpT.root&runs=394153&runs=394154&runs=394169&runs=394175&runs=394183&runs=394184&runs=394185&runs=394186&runs=394187&runs=394188&runs=394189&runs=394204&runs=394209&runs=394217&lumis=40%2C169&lumis=1%2C886&lumis=39%2C997&lumis=47%2C988&lumis=15%2C239&lumis=1%2C667&lumis=1%2C3&lumis=1%2C15&lumis=1%2C1&lumis=1%2C107&lumis=1%2C72&lumis=38%2C932&lumis=23%2C1209&lumis=41%2C838
DEBUG 2026-03-19 13:21:21.255 UTC: 	 Result: {'result': [{'RequestName': '260319_132121:bibehera_crab_2pc_OO_SM_V0_corr_v1_IP23'}]}
INFO 2026-03-19 13:21:21.269 UTC: 	 Success: Your task has been delivered to the prod CRAB3 server.
INFO 2026-03-19 13:21:21.269 UTC: 	 Task name: 260319_132121:bibehera_crab_2pc_OO_SM_V0_corr_v1_IP23
INFO 2026-03-19 13:21:21.270 UTC: 	 Project dir: OO_Data_MINIAOD/crab_2pc_OO_SM_V0_corr_v1_IP23
INFO 2026-03-19 13:21:21.270 UTC: 	 Please use ' crab status -d OO_Data_MINIAOD/crab_2pc_OO_SM_V0_corr_v1_IP23 ' to check how the submission process proceeds.
DEBUG 2026-03-19 13:21:21.271 UTC: 	 About to return
INFO 2026-03-19 13:21:21.303 UTC: 	 Log file is /eos/home-b/bibehera/OO_Simfit_eff/CMSSW_15_0_6_patch1/src/Analyzer/RaghuV0Ana/cfg/OO_Data_MINIAOD/crab_2pc_OO_SM_V0_corr_v1_IP23/crab.log
