DEBUG 2025-09-23 19:33:17.837 UTC: 	 CRAB Client version: v3.250820
DEBUG 2025-09-23 19:33:17.837 UTC: 	 Running on: Linux lxplus802.cern.ch 4.18.0-553.70.1.el8_10.x86_64 #1 SMP Tue Aug 12 13:09:16 EDT 2025 x86_64 x86_64 x86_64 GNU/Linux
DEBUG 2025-09-23 19:33:17.837 UTC: 	 Not using Singularity
DEBUG 2025-09-23 19:33:17.837 UTC: 	 Operating System: Red Hat Enterprise Linux 8.10 (Ootpa)
DEBUG 2025-09-23 19:33:17.837 UTC: 	 Executing command: 'submit'
DEBUG 2025-09-23 19:33:17.837 UTC: 	 Found CRAB cache file /afs/cern.ch/user/b/bibehera/.crab3
INFO 2025-09-23 19:33:17.838 UTC: 	 Will use CRAB configuration file crab_config2.py
DEBUG 2025-09-23 19:33:17.839 UTC: 	 Loading CRAB configuration file.
DEBUG 2025-09-23 19:33:17.846 UTC: 	 Overriden parameter General.requestName with '2pc_OO_V0_IM_eff_corr_IP18'
DEBUG 2025-09-23 19:33:17.847 UTC: 	 Overriden parameter Data.inputDataset with '/IonPhysics18/bibehera-2pc_OO_V0_IP18-ca42279dfc2dce710b3991c24f27a617/USER'
DEBUG 2025-09-23 19:33:17.847 UTC: 	 Overriden parameter Data.secondaryInputDataset with '/IonPhysics18/OORun2025-PromptReco-v1/MINIAOD'
DEBUG 2025-09-23 19:33:17.847 UTC: 	 Overriden parameter Data.outputDatasetTag with '2pc_OO_V0_IM_eff_corr_IP18'
DEBUG 2025-09-23 19:33:17.847 UTC: 	 Will use CRAB plugin ANALYSIS (i.e. will run an analysis job type).
DEBUG 2025-09-23 19:33:17.932 UTC: 	 Checking credentials
DEBUG 2025-09-23 19:33:17.932 UTC: 	 Found proxy file /tmp/x509up_u177753
DEBUG 2025-09-23 19:33:17.932 UTC: 	 Making sure it has proper VOMS extension
DEBUG 2025-09-23 19:33:17.932 UTC: 	 Executing command :
 voms-proxy-info --vo --file /tmp/x509up_u177753
DEBUG 2025-09-23 19:33:17.955 UTC: 	 output : cms

 error: 
 retcode : 0
DEBUG 2025-09-23 19:33:17.955 UTC: 	 Getting proxy life time left
DEBUG 2025-09-23 19:33:17.955 UTC: 	 Executing command :
 voms-proxy-info --actimeleft --timeleft --file /tmp/x509up_u177753
DEBUG 2025-09-23 19:33:17.978 UTC: 	 output : 41151
41151

 error: 
 retcode : 0
DEBUG 2025-09-23 19:33:17.978 UTC: 	 Proxy valid for 11:25:51 hours
DEBUG 2025-09-23 19:33:17.978 UTC: 	 Encoded data for curl request: subresource=delegatedn
DEBUG 2025-09-23 19:33:18.017 UTC: 	 Registering user credentials on myproxy for /DC=ch/DC=cern/OU=computers/CN=crab-(preprod|prod)-tw(01|02).cern.ch|/DC=ch/DC=cern/OU=computers/CN=crab-dev-tw(01|02|03|04).cern.ch|/DC=ch/DC=cern/OU=Organic Units/OU=Users/CN=cmscrab/CN=(817881|373708)/CN=Robot: cms crab|/DC=ch/DC=cern/OU=Organic Units/OU=Users/CN=crabint1/CN=373708/CN=Robot: CMS CRAB Integration 1
DEBUG 2025-09-23 19:33:18.017 UTC: 	 Executing command :
 voms-proxy-info --identity --file /tmp/x509up_u177753
DEBUG 2025-09-23 19:33:18.039 UTC: 	 output : /DC=ch/DC=cern/OU=Organic Units/OU=Users/CN=bibehera/CN=882295/CN=Bismita Behera

 error: 
 retcode : 0
DEBUG 2025-09-23 19:33:18.039 UTC: 	 Getting myproxy life time left for bfbdf12a5670e45fdd055ff115afbb0f25b8a072
DEBUG 2025-09-23 19:33:18.039 UTC: 	 Executing command :
 myproxy-info -s myproxy.cern.ch -l bfbdf12a5670e45fdd055ff115afbb0f25b8a072
DEBUG 2025-09-23 19:33:18.305 UTC: 	 output : username: bfbdf12a5670e45fdd055ff115afbb0f25b8a072
owner: /DC=ch/DC=cern/OU=Organic Units/OU=Users/CN=bibehera/CN=882295/CN=Bismita Behera
  renewal policy: /DC=ch/DC=cern/OU=computers/CN=crab-(preprod|prod)-tw(01|02).cern.ch|/DC=ch/DC=cern/OU=computers/CN=crab-dev-tw(01|02|03|04).cern.ch|/DC=ch/DC=cern/OU=Organic Units/OU=Users/CN=cmscrab/CN=(817881|373708)/CN=Robot: cms crab|/DC=ch/DC=cern/OU=Organic Units/OU=Users/CN=crabint1/CN=373708/CN=Robot: CMS CRAB Integration 1
  trusted retrieval policy: /DC=ch/DC=cern/OU=computers/CN=crab-(preprod|prod)-tw(01|02).cern.ch|/DC=ch/DC=cern/OU=computers/CN=crab-dev-tw(01|02|03|04).cern.ch|/DC=ch/DC=cern/OU=Organic Units/OU=Users/CN=cmscrab/CN=(817881|373708)/CN=Robot: cms crab|/DC=ch/DC=cern/OU=Organic Units/OU=Users/CN=crabint1/CN=373708/CN=Robot: CMS CRAB Integration 1
  timeleft: 433:25:35  (18.1 days)

 error: 
 retcode : 0
DEBUG 2025-09-23 19:33:18.305 UTC: 	 Myproxy is valid: 1560300
DEBUG 2025-09-23 19:33:18.306 UTC: 	 Result of myproxy credential check:
  Credential exists on myproxy: username: bfbdf12a5670e45fdd055ff115afbb0f25b8a072  - validity: 18 days, 1:25:00
DEBUG 2025-09-23 19:33:18.306 UTC: 	 Command use: submit
DEBUG 2025-09-23 19:33:18.306 UTC: 	 Options use: ['-c', 'crab_config2.py', 'General.requestName=2pc_OO_V0_IM_eff_corr_IP18', 'Data.inputDataset=/IonPhysics18/bibehera-2pc_OO_V0_IP18-ca42279dfc2dce710b3991c24f27a617/USER', 'Data.secondaryInputDataset=/IonPhysics18/OORun2025-PromptReco-v1/MINIAOD', 'Data.outputDatasetTag=2pc_OO_V0_IM_eff_corr_IP18']
DEBUG 2025-09-23 19:33:18.306 UTC: 	 Encoded data for curl request: subresource=version
DEBUG 2025-09-23 19:33:18.345 UTC: 	 CRABClient version: v3.250820
DEBUG 2025-09-23 19:33:18.345 UTC: 	 Instance is prod
DEBUG 2025-09-23 19:33:18.345 UTC: 	 Server base url is cmsweb.cern.ch
DEBUG 2025-09-23 19:33:18.345 UTC: 	 Command api workflow
DEBUG 2025-09-23 19:33:18.345 UTC: 	 Started submission
DEBUG 2025-09-23 19:33:18.345 UTC: 	 Working on /eos/home-b/bibehera/OO_Simfit_eff/CMSSW_15_0_6_patch1/src/Analyzer/RaghuV0Ana/cfg/OO_Data_MINIAOD/crab_2pc_OO_V0_IM_eff_corr_IP18
DEBUG 2025-09-23 19:33:18.345 UTC: 	 Encoded data for curl request: subresource=backendurls
DEBUG 2025-09-23 19:33:18.411 UTC: 	 Loading required information from the environment
DEBUG 2025-09-23 19:33:18.411 UTC: 	 Found CMSSW_15_0_6_patch1 for el8_amd64_gcc12 with base /eos/home-b/bibehera/OO_Simfit_eff/CMSSW_15_0_6_patch1
DEBUG 2025-09-23 19:33:18.411 UTC: 	 Loading required information from the environment
DEBUG 2025-09-23 19:33:18.411 UTC: 	 Found CMSSW_15_0_6_patch1 for el8_amd64_gcc12 with base /eos/home-b/bibehera/OO_Simfit_eff/CMSSW_15_0_6_patch1
DEBUG 2025-09-23 19:33:18.411 UTC: 	 UNIQUE NAME: tarUUID f14e43c5-ba1b-46b9-93f8-f9ce63b55b3a 
DEBUG 2025-09-23 19:33:18.411 UTC: 	 self.config: from WMCore.Configuration import Configuration
config = Configuration()
config.section_('General')
config.General.workArea = 'OO_Data_MINIAOD'
config.General.requestName = '2pc_OO_V0_IM_eff_corr_IP18'
config.General.transferLogs = True
config.General.transferOutputs = True
config.section_('JobType')
config.JobType.pluginName = 'Analysis'
config.JobType.psetName = 'PbPb_2018_cfg.py'
config.section_('Data')
config.Data.totalUnits = -1
config.Data.outLFNDirBase = '/store/user/bibehera/'
config.Data.inputDataset = '/IonPhysics18/bibehera-2pc_OO_V0_IP18-ca42279dfc2dce710b3991c24f27a617/USER'
config.Data.lumiMask = 'generated_json.json'
config.Data.publication = False
config.Data.splitting = 'LumiBased'
config.Data.inputDBS = 'phys03'
config.Data.unitsPerJob = 3
config.Data.outputDatasetTag = '2pc_OO_V0_IM_eff_corr_IP18'
config.Data.secondaryInputDataset = '/IonPhysics18/OORun2025-PromptReco-v1/MINIAOD'
config.section_('Site')
config.Site.storageSite = 'T3_CH_CERNBOX'
config.section_('User')
config.section_('Debug')

DEBUG 2025-09-23 19:33:18.411 UTC: 	 self.config.JobType.psetName: PbPb_2018_cfg.py
INFO 2025-09-23 19:33:18.412 UTC: 	 Importing CMSSW configuration PbPb_2018_cfg.py
INFO 2025-09-23 19:33:19.371 UTC: 	 Finished importing CMSSW configuration PbPb_2018_cfg.py
DEBUG 2025-09-23 19:33:19.371 UTC: 	 Writing CMSSW configuration to /eos/home-b/bibehera/OO_Simfit_eff/CMSSW_15_0_6_patch1/src/Analyzer/RaghuV0Ana/cfg/OO_Data_MINIAOD/crab_2pc_OO_V0_IM_eff_corr_IP18/inputs/PSet.py
DEBUG 2025-09-23 19:33:19.425 UTC: 	 The following EDM output files will be collected: []
DEBUG 2025-09-23 19:33:19.425 UTC: 	 The following TFile output files will be collected: ['V0_test_IM.root']
DEBUG 2025-09-23 19:33:19.425 UTC: 	 The following user output files (not listed as PoolOuputModule or TFileService in the CMSSW PSet) will be collected: 
DEBUG 2025-09-23 19:33:19.425 UTC: 	 Loading required information from the environment
DEBUG 2025-09-23 19:33:19.425 UTC: 	 Found CMSSW_15_0_6_patch1 for el8_amd64_gcc12 with base /eos/home-b/bibehera/OO_Simfit_eff/CMSSW_15_0_6_patch1
DEBUG 2025-09-23 19:33:19.425 UTC: 	 Making tarball in /eos/home-b/bibehera/OO_Simfit_eff/CMSSW_15_0_6_patch1/src/Analyzer/RaghuV0Ana/cfg/OO_Data_MINIAOD/crab_2pc_OO_V0_IM_eff_corr_IP18/inputs/f14e43c5-ba1b-46b9-93f8-f9ce63b55b3adefault.tgz
DEBUG 2025-09-23 19:33:19.428 UTC: 	 Checking directory /eos/home-b/bibehera/OO_Simfit_eff/CMSSW_15_0_6_patch1/bin
DEBUG 2025-09-23 19:33:19.428 UTC: 	 Adding directory /eos/home-b/bibehera/OO_Simfit_eff/CMSSW_15_0_6_patch1/bin to tarball
DEBUG 2025-09-23 19:33:19.432 UTC: 	 Checking directory /eos/home-b/bibehera/OO_Simfit_eff/CMSSW_15_0_6_patch1/python
DEBUG 2025-09-23 19:33:19.432 UTC: 	 Adding directory /eos/home-b/bibehera/OO_Simfit_eff/CMSSW_15_0_6_patch1/python to tarball
DEBUG 2025-09-23 19:33:19.486 UTC: 	 Checking directory /eos/home-b/bibehera/OO_Simfit_eff/CMSSW_15_0_6_patch1/cfipython
DEBUG 2025-09-23 19:33:19.487 UTC: 	 Adding directory /eos/home-b/bibehera/OO_Simfit_eff/CMSSW_15_0_6_patch1/cfipython to tarball
DEBUG 2025-09-23 19:33:19.621 UTC: 	 Checking directory /eos/home-b/bibehera/OO_Simfit_eff/CMSSW_15_0_6_patch1/lib
DEBUG 2025-09-23 19:33:19.621 UTC: 	 Adding directory /eos/home-b/bibehera/OO_Simfit_eff/CMSSW_15_0_6_patch1/lib to tarball
DEBUG 2025-09-23 19:33:19.816 UTC: 	 Checking directory /eos/home-b/bibehera/OO_Simfit_eff/CMSSW_15_0_6_patch1/biglib
DEBUG 2025-09-23 19:33:19.816 UTC: 	 Adding directory /eos/home-b/bibehera/OO_Simfit_eff/CMSSW_15_0_6_patch1/biglib to tarball
DEBUG 2025-09-23 19:33:19.818 UTC: 	 Checking directory /eos/home-b/bibehera/OO_Simfit_eff/CMSSW_15_0_6_patch1/module
DEBUG 2025-09-23 19:33:19.818 UTC: 	 Checking directory /eos/home-b/bibehera/OO_Simfit_eff/CMSSW_15_0_6_patch1/config/SCRAM/hooks
DEBUG 2025-09-23 19:33:19.819 UTC: 	 Adding directory /eos/home-b/bibehera/OO_Simfit_eff/CMSSW_15_0_6_patch1/config/SCRAM/hooks to tarball
DEBUG 2025-09-23 19:33:20.054 UTC: 	 Adding directory /eos/home-b/bibehera/OO_Simfit_eff/CMSSW_15_0_6_patch1/src/Analyzer/RaghuV0Ana/data to tarball
DEBUG 2025-09-23 19:33:20.501 UTC: 	 Adding directory /eos/home-b/bibehera/OO_Simfit_eff/CMSSW_15_0_6_patch1/src/Analyzer/RaghuV0Ana/interface to tarball
DEBUG 2025-09-23 19:33:20.508 UTC: 	 Adding directory /eos/home-b/bibehera/OO_Simfit_eff/CMSSW_15_0_6_patch1/src/Analyzer/RaghuV0Ana/python to tarball
DEBUG 2025-09-23 19:33:20.516 UTC: 	 Adding directory /eos/home-b/bibehera/OO_Simfit_eff/CMSSW_15_0_6_patch1/src/HeavyIonsAnalysis/Configuration/data to tarball
DEBUG 2025-09-23 19:33:20.831 UTC: 	 Adding directory /eos/home-b/bibehera/OO_Simfit_eff/CMSSW_15_0_6_patch1/src/HeavyIonsAnalysis/Configuration/python to tarball
DEBUG 2025-09-23 19:33:20.858 UTC: 	 Adding directory /eos/home-b/bibehera/OO_Simfit_eff/CMSSW_15_0_6_patch1/src/HeavyIonsAnalysis/EGMAnalysis/data to tarball
DEBUG 2025-09-23 19:33:20.863 UTC: 	 Adding directory /eos/home-b/bibehera/OO_Simfit_eff/CMSSW_15_0_6_patch1/src/HeavyIonsAnalysis/EGMAnalysis/interface to tarball
DEBUG 2025-09-23 19:33:20.868 UTC: 	 Adding directory /eos/home-b/bibehera/OO_Simfit_eff/CMSSW_15_0_6_patch1/src/HeavyIonsAnalysis/EGMAnalysis/python to tarball
DEBUG 2025-09-23 19:33:20.877 UTC: 	 Adding directory /eos/home-b/bibehera/OO_Simfit_eff/CMSSW_15_0_6_patch1/src/HeavyIonsAnalysis/EventAnalysis/python to tarball
DEBUG 2025-09-23 19:33:20.953 UTC: 	 Adding directory /eos/home-b/bibehera/OO_Simfit_eff/CMSSW_15_0_6_patch1/src/HeavyIonsAnalysis/JetAnalysis/interface to tarball
DEBUG 2025-09-23 19:33:20.958 UTC: 	 Adding directory /eos/home-b/bibehera/OO_Simfit_eff/CMSSW_15_0_6_patch1/src/HeavyIonsAnalysis/JetAnalysis/python to tarball
DEBUG 2025-09-23 19:33:20.993 UTC: 	 Adding directory /eos/home-b/bibehera/OO_Simfit_eff/CMSSW_15_0_6_patch1/src/HeavyIonsAnalysis/MuonAnalysis/interface to tarball
DEBUG 2025-09-23 19:33:20.998 UTC: 	 Adding directory /eos/home-b/bibehera/OO_Simfit_eff/CMSSW_15_0_6_patch1/src/HeavyIonsAnalysis/MuonAnalysis/python to tarball
DEBUG 2025-09-23 19:33:21.006 UTC: 	 Adding directory /eos/home-b/bibehera/OO_Simfit_eff/CMSSW_15_0_6_patch1/src/HeavyIonsAnalysis/TrackAnalysis/interface to tarball
DEBUG 2025-09-23 19:33:21.009 UTC: 	 Adding directory /eos/home-b/bibehera/OO_Simfit_eff/CMSSW_15_0_6_patch1/src/HeavyIonsAnalysis/TrackAnalysis/python to tarball
DEBUG 2025-09-23 19:33:21.024 UTC: 	 Adding directory /eos/home-b/bibehera/OO_Simfit_eff/CMSSW_15_0_6_patch1/src/HeavyIonsAnalysis/VertexAnalysis/python to tarball
DEBUG 2025-09-23 19:33:21.030 UTC: 	 Adding directory /eos/home-b/bibehera/OO_Simfit_eff/CMSSW_15_0_6_patch1/src/HeavyIonsAnalysis/ZDCAnalysis/python to tarball
DEBUG 2025-09-23 19:33:21.090 UTC: 	 Uploading archive /eos/home-b/bibehera/OO_Simfit_eff/CMSSW_15_0_6_patch1/src/Analyzer/RaghuV0Ana/cfg/OO_Data_MINIAOD/crab_2pc_OO_V0_IM_eff_corr_IP18/inputs/f14e43c5-ba1b-46b9-93f8-f9ce63b55b3adefault.tgz (3.925781.1 MB) to the CRAB cache. Using URI https://cmsweb.cern.ch/S3/crabcache_prod
DEBUG 2025-09-23 19:33:21.937 UTC: 	 Encoded data for curl request: subresource=upload&objecttype=sandbox&tarballname=7ada19f9d3eb0a4750b0ee007522d3ea81741e56a82b8f3196efabd4389421c4.tar.gz
DEBUG 2025-09-23 19:33:21.987 UTC: 	 sandbox 7ada19f9d3eb0a4750b0ee007522d3ea81741e56a82b8f3196efabd4389421c4.tar.gz is already in the S3 store, will not upload again
DEBUG 2025-09-23 19:33:21.987 UTC: 	 Loading required information from the environment
DEBUG 2025-09-23 19:33:21.987 UTC: 	 Found CMSSW_15_0_6_patch1 for el8_amd64_gcc12 with base /eos/home-b/bibehera/OO_Simfit_eff/CMSSW_15_0_6_patch1
DEBUG 2025-09-23 19:33:21.987 UTC: 	 Making tarball in /eos/home-b/bibehera/OO_Simfit_eff/CMSSW_15_0_6_patch1/src/Analyzer/RaghuV0Ana/cfg/OO_Data_MINIAOD/crab_2pc_OO_V0_IM_eff_corr_IP18/inputs/debugFiles.tgz
DEBUG 2025-09-23 19:33:21.998 UTC: 	 Uploading archive /eos/home-b/bibehera/OO_Simfit_eff/CMSSW_15_0_6_patch1/src/Analyzer/RaghuV0Ana/cfg/OO_Data_MINIAOD/crab_2pc_OO_V0_IM_eff_corr_IP18/inputs/debugFiles.tgz (3 KB) to the CRAB cache. Using URI https://cmsweb.cern.ch/S3/crabcache_prod
DEBUG 2025-09-23 19:33:22.013 UTC: 	 Encoded data for curl request: subresource=upload&objecttype=sandbox&tarballname=f1ed042e373ebb664e082d7f82e8cd43c95709a769e98cde3d38d8dccf27be3a.tar.gz
DEBUG 2025-09-23 19:33:22.053 UTC: 	 Will execute:
curl -f -v -X POST  -H "User-Agent: CRAB" -F "key=bibehera/sandboxes/f1ed042e373ebb664e082d7f82e8cd43c95709a769e98cde3d38d8dccf27be3a.tar.gz" -F "AWSAccessKeyId=715203df6482458ba839e73e6dab634b" -F "policy=eyJleHBpcmF0aW9uIjogIjIwMjUtMDktMjNUMjA6MzM6MjJaIiwgImNvbmRpdGlvbnMiOiBbeyJidWNrZXQiOiAiY3JhYmNhY2hlX3Byb2QifSwgeyJrZXkiOiAiYmliZWhlcmEvc2FuZGJveGVzL2YxZWQwNDJlMzczZWJiNjY0ZTA4MmQ3ZjgyZThjZDQzYzk1NzA5YTc2OWU5OGNkZTNkMzhkOGRjY2YyN2JlM2EudGFyLmd6In1dfQ==" -F "signature=o6PetG5SCmBsdAjYgKXG1vmxPpE=" -F "file=@/eos/home-b/bibehera/OO_Simfit_eff/CMSSW_15_0_6_patch1/src/Analyzer/RaghuV0Ana/cfg/OO_Data_MINIAOD/crab_2pc_OO_V0_IM_eff_corr_IP18/inputs/debugFiles.tgz" "https://s3.cern.ch/crabcache_prod"
DEBUG 2025-09-23 19:33:22.280 UTC: 	 exitcode: 0
stdout: b''
DEBUG 2025-09-23 19:33:22.280 UTC: 	 upload to S3 of sandbox /eos/home-b/bibehera/OO_Simfit_eff/CMSSW_15_0_6_patch1/src/Analyzer/RaghuV0Ana/cfg/OO_Data_MINIAOD/crab_2pc_OO_V0_IM_eff_corr_IP18/inputs/debugFiles.tgz completed
DEBUG 2025-09-23 19:33:22.280 UTC: 	 make sure that object is ready for retrieve
DEBUG 2025-09-23 19:33:23.281 UTC: 	 Encoded data for curl request: subresource=download&objecttype=sandbox&tarballname=f1ed042e373ebb664e082d7f82e8cd43c95709a769e98cde3d38d8dccf27be3a.tar.gz&clientmethod=head_object
DEBUG 2025-09-23 19:33:23.323 UTC: 	 PreSignedUrl to download sandbox received OK
DEBUG 2025-09-23 19:33:23.326 UTC: 	 Will execute:
 curl -v -s -f -o /dev/null --head  "https://s3.cern.ch/crabcache_prod/bibehera/sandboxes/f1ed042e373ebb664e082d7f82e8cd43c95709a769e98cde3d38d8dccf27be3a.tar.gz?AWSAccessKeyId=715203df6482458ba839e73e6dab634b&Signature=wm8RdIwAKjMcO0UR2RNs8X%2BuMZ0%3D&Expires=1758659603"
DEBUG 2025-09-23 19:33:23.351 UTC: 	 exitcode: 0
stdout: b''
DEBUG 2025-09-23 19:33:23.351 UTC: 	 sandbox /eos/home-b/bibehera/OO_Simfit_eff/CMSSW_15_0_6_patch1/src/Analyzer/RaghuV0Ana/cfg/OO_Data_MINIAOD/crab_2pc_OO_V0_IM_eff_corr_IP18/inputs/debugFiles.tgz successfully uploaded to S3
DEBUG 2025-09-23 19:33:23.352 UTC: 	 Result uploading input files: 7ada19f9d3eb0a4750b0ee007522d3ea81741e56a82b8f3196efabd4389421c4.tar.gz 
DEBUG 2025-09-23 19:33:23.352 UTC: 	 Attaching lumi mask generated_json.json to the request
DEBUG 2025-09-23 19:33:23.352 UTC: 	 Reading lumi-mask from generated_json.json
DEBUG 2025-09-23 19:33:23.354 UTC: 	 submit() - self.configuration from WMCore.Configuration import Configuration
config = Configuration()
config.section_('General')
config.General.workArea = 'OO_Data_MINIAOD'
config.General.requestName = '2pc_OO_V0_IM_eff_corr_IP18'
config.General.transferLogs = True
config.General.transferOutputs = True
config.section_('JobType')
config.JobType.pluginName = 'Analysis'
config.JobType.psetName = 'PbPb_2018_cfg.py'
config.section_('Data')
config.Data.totalUnits = -1
config.Data.outLFNDirBase = '/store/user/bibehera/'
config.Data.inputDataset = '/IonPhysics18/bibehera-2pc_OO_V0_IP18-ca42279dfc2dce710b3991c24f27a617/USER'
config.Data.lumiMask = 'generated_json.json'
config.Data.publication = False
config.Data.splitting = 'LumiBased'
config.Data.inputDBS = 'phys03'
config.Data.unitsPerJob = 3
config.Data.outputDatasetTag = '2pc_OO_V0_IM_eff_corr_IP18'
config.Data.secondaryInputDataset = '/IonPhysics18/OORun2025-PromptReco-v1/MINIAOD'
config.section_('Site')
config.Site.storageSite = 'T3_CH_CERNBOX'
config.section_('User')
config.section_('Debug')

DEBUG 2025-09-23 19:33:23.354 UTC: 	 submit() - self.configreq {'dryrun': 0, 'workflow': 'crab_2pc_OO_V0_IM_eff_corr_IP18', 'saveoutput': 1, 'savelogsflag': 1, 'inputdata': '/IonPhysics18/bibehera-2pc_OO_V0_IP18-ca42279dfc2dce710b3991c24f27a617/USER', 'nonvaliddata': 0, 'userfiles': [], 'dbsurl': 'https://cmsweb.cern.ch/dbs/prod/phys03/DBSReader', 'useparent': 0, 'secondarydata': '/IonPhysics18/OORun2025-PromptReco-v1/MINIAOD', 'ignorelocality': 0, 'splitalgo': 'LumiBased', 'algoargs': 3, 'totalunits': -1, 'lfn': '/store/user/bibehera/', 'publication': 0, 'publishdbsurl': 'https://cmsweb.cern.ch/dbs/prod/phys03/DBSWriter', 'publishname2': '2pc_OO_V0_IM_eff_corr_IP18', 'jobtype': 'Analysis', 'generator': 'pythia', 'addoutputfiles': [], 'maxjobruntime': 1250, 'numcores': 1, 'maxmemory': 2000, 'priority': 10, 'nonprodsw': 0, 'asyncdest': 'T3_CH_CERNBOX', 'requireaccelerator': 0, 'oneEventMode': 0, 'extrajdl': [], 'ignoreglobalblacklist': 0, 'partialdataset': 0, 'inputblocks': []}
DEBUG 2025-09-23 19:33:23.354 UTC: 	 submit() - jobconfig {'addoutputfiles': [], 'tfileoutfiles': ['V0_test_IM.root'], 'edmoutfiles': [], 'jobarch': 'el8_amd64_gcc12', 'jobminuarch': 'x86-64-v3', 'jobsw': 'CMSSW_15_0_6_patch1', 'inputdata': '/IonPhysics18/bibehera-2pc_OO_V0_IP18-ca42279dfc2dce710b3991c24f27a617/USER', 'cacheurl': 'https://cmsweb.cern.ch/S3/crabcache_prod', 'cachefilename': '7ada19f9d3eb0a4750b0ee007522d3ea81741e56a82b8f3196efabd4389421c4.tar.gz', 'debugfilename': 'f1ed042e373ebb664e082d7f82e8cd43c95709a769e98cde3d38d8dccf27be3a.tar.gz', 'runs': ['394153', '394154', '394169', '394175', '394183', '394184', '394185', '394186', '394187', '394188', '394189', '394204', '394209', '394217'], 'lumis': ['40,169', '1,886', '39,997', '47,988', '15,239', '1,667', '1,3', '1,15', '1,1', '1,107', '1,72', '38,932', '23,1209', '41,838'], 'jobtype': 'Analysis'}
INFO 2025-09-23 19:33:23.354 UTC: 	 Sending the request to the server at cmsweb.cern.ch
DEBUG 2025-09-23 19:33:23.354 UTC: 	 Submitting {'dryrun': 0, 'workflow': 'crab_2pc_OO_V0_IM_eff_corr_IP18', 'saveoutput': 1, 'savelogsflag': 1, 'inputdata': '/IonPhysics18/bibehera-2pc_OO_V0_IP18-ca42279dfc2dce710b3991c24f27a617/USER', 'nonvaliddata': 0, 'userfiles': [], 'dbsurl': 'https://cmsweb.cern.ch/dbs/prod/phys03/DBSReader', 'useparent': 0, 'secondarydata': '/IonPhysics18/OORun2025-PromptReco-v1/MINIAOD', 'ignorelocality': 0, 'splitalgo': 'LumiBased', 'algoargs': 3, 'totalunits': -1, 'lfn': '/store/user/bibehera/', 'publication': 0, 'publishdbsurl': 'https://cmsweb.cern.ch/dbs/prod/phys03/DBSWriter', 'publishname2': '2pc_OO_V0_IM_eff_corr_IP18', 'jobtype': 'Analysis', 'generator': 'pythia', 'addoutputfiles': [], 'maxjobruntime': 1250, 'numcores': 1, 'maxmemory': 2000, 'priority': 10, 'nonprodsw': 0, 'asyncdest': 'T3_CH_CERNBOX', 'requireaccelerator': 0, 'oneEventMode': 0, 'extrajdl': [], 'ignoreglobalblacklist': 0, 'partialdataset': 0, 'inputblocks': [], 'tfileoutfiles': ['V0_test_IM.root'], 'edmoutfiles': [], 'jobarch': 'el8_amd64_gcc12', 'jobminuarch': 'x86-64-v3', 'jobsw': 'CMSSW_15_0_6_patch1', 'cacheurl': 'https://cmsweb.cern.ch/S3/crabcache_prod', 'cachefilename': '7ada19f9d3eb0a4750b0ee007522d3ea81741e56a82b8f3196efabd4389421c4.tar.gz', 'debugfilename': 'f1ed042e373ebb664e082d7f82e8cd43c95709a769e98cde3d38d8dccf27be3a.tar.gz', 'runs': ['394153', '394154', '394169', '394175', '394183', '394184', '394185', '394186', '394187', '394188', '394189', '394204', '394209', '394217'], 'lumis': ['40,169', '1,886', '39,997', '47,988', '15,239', '1,667', '1,3', '1,15', '1,1', '1,107', '1,72', '38,932', '23,1209', '41,838']} 
DEBUG 2025-09-23 19:33:23.355 UTC: 	 Encoded data for curl request: dryrun=0&workflow=crab_2pc_OO_V0_IM_eff_corr_IP18&saveoutput=1&savelogsflag=1&inputdata=%2FIonPhysics18%2Fbibehera-2pc_OO_V0_IP18-ca42279dfc2dce710b3991c24f27a617%2FUSER&nonvaliddata=0&dbsurl=https%3A%2F%2Fcmsweb.cern.ch%2Fdbs%2Fprod%2Fphys03%2FDBSReader&useparent=0&secondarydata=%2FIonPhysics18%2FOORun2025-PromptReco-v1%2FMINIAOD&ignorelocality=0&splitalgo=LumiBased&algoargs=3&totalunits=-1&lfn=%2Fstore%2Fuser%2Fbibehera%2F&publication=0&publishdbsurl=https%3A%2F%2Fcmsweb.cern.ch%2Fdbs%2Fprod%2Fphys03%2FDBSWriter&publishname2=2pc_OO_V0_IM_eff_corr_IP18&jobtype=Analysis&generator=pythia&maxjobruntime=1250&numcores=1&maxmemory=2000&priority=10&nonprodsw=0&asyncdest=T3_CH_CERNBOX&requireaccelerator=0&oneEventMode=0&ignoreglobalblacklist=0&partialdataset=0&jobarch=el8_amd64_gcc12&jobminuarch=x86-64-v3&jobsw=CMSSW_15_0_6_patch1&cacheurl=https%3A%2F%2Fcmsweb.cern.ch%2FS3%2Fcrabcache_prod&cachefilename=7ada19f9d3eb0a4750b0ee007522d3ea81741e56a82b8f3196efabd4389421c4.tar.gz&debugfilename=f1ed042e373ebb664e082d7f82e8cd43c95709a769e98cde3d38d8dccf27be3a.tar.gz&tfileoutfiles=V0_test_IM.root&runs=394153&runs=394154&runs=394169&runs=394175&runs=394183&runs=394184&runs=394185&runs=394186&runs=394187&runs=394188&runs=394189&runs=394204&runs=394209&runs=394217&lumis=40%2C169&lumis=1%2C886&lumis=39%2C997&lumis=47%2C988&lumis=15%2C239&lumis=1%2C667&lumis=1%2C3&lumis=1%2C15&lumis=1%2C1&lumis=1%2C107&lumis=1%2C72&lumis=38%2C932&lumis=23%2C1209&lumis=41%2C838
DEBUG 2025-09-23 19:33:23.882 UTC: 	 Result: {'result': [{'RequestName': '250923_193323:bibehera_crab_2pc_OO_V0_IM_eff_corr_IP18'}]}
INFO 2025-09-23 19:33:23.896 UTC: 	 Success: Your task has been delivered to the prod CRAB3 server.
INFO 2025-09-23 19:33:23.896 UTC: 	 Task name: 250923_193323:bibehera_crab_2pc_OO_V0_IM_eff_corr_IP18
INFO 2025-09-23 19:33:23.896 UTC: 	 Project dir: OO_Data_MINIAOD/crab_2pc_OO_V0_IM_eff_corr_IP18
INFO 2025-09-23 19:33:23.897 UTC: 	 Please use ' crab status -d OO_Data_MINIAOD/crab_2pc_OO_V0_IM_eff_corr_IP18 ' to check how the submission process proceeds.
DEBUG 2025-09-23 19:33:23.897 UTC: 	 About to return
INFO 2025-09-23 19:33:23.923 UTC: 	 Log file is /eos/home-b/bibehera/OO_Simfit_eff/CMSSW_15_0_6_patch1/src/Analyzer/RaghuV0Ana/cfg/OO_Data_MINIAOD/crab_2pc_OO_V0_IM_eff_corr_IP18/crab.log
DEBUG 2025-09-25 19:41:26.564 UTC: 	 CRAB Client version: v3.250820
DEBUG 2025-09-25 19:41:26.564 UTC: 	 Running on: Linux lxplus809.cern.ch 4.18.0-553.76.1.el8_10.x86_64 #1 SMP Mon Sep 15 14:04:30 EDT 2025 x86_64 x86_64 x86_64 GNU/Linux
DEBUG 2025-09-25 19:41:26.564 UTC: 	 Not using Singularity
DEBUG 2025-09-25 19:41:26.564 UTC: 	 Operating System: Red Hat Enterprise Linux 8.10 (Ootpa)
DEBUG 2025-09-25 19:41:26.564 UTC: 	 Executing command: 'kill'
DEBUG 2025-09-25 19:41:26.564 UTC: 	 Found CRAB cache file /afs/cern.ch/user/b/bibehera/.crab3
DEBUG 2025-09-25 19:41:26.691 UTC: 	 Checking credentials
DEBUG 2025-09-25 19:41:26.691 UTC: 	 Found proxy file /tmp/x509up_u177753
DEBUG 2025-09-25 19:41:26.691 UTC: 	 Making sure it has proper VOMS extension
DEBUG 2025-09-25 19:41:26.691 UTC: 	 Executing command :
 voms-proxy-info --vo --file /tmp/x509up_u177753
DEBUG 2025-09-25 19:41:26.710 UTC: 	 output : cms

 error: 
 retcode : 0
DEBUG 2025-09-25 19:41:26.710 UTC: 	 Getting proxy life time left
DEBUG 2025-09-25 19:41:26.710 UTC: 	 Executing command :
 voms-proxy-info --actimeleft --timeleft --file /tmp/x509up_u177753
DEBUG 2025-09-25 19:41:26.733 UTC: 	 output : 43097
43097

 error: 
 retcode : 0
DEBUG 2025-09-25 19:41:26.733 UTC: 	 Proxy valid for 11:58:17 hours
DEBUG 2025-09-25 19:41:26.733 UTC: 	 Encoded data for curl request: subresource=delegatedn
DEBUG 2025-09-25 19:41:26.769 UTC: 	 Registering user credentials on myproxy for /DC=ch/DC=cern/OU=computers/CN=crab-(preprod|prod)-tw(01|02).cern.ch|/DC=ch/DC=cern/OU=computers/CN=crab-dev-tw(01|02|03|04).cern.ch|/DC=ch/DC=cern/OU=Organic Units/OU=Users/CN=cmscrab/CN=(817881|373708)/CN=Robot: cms crab|/DC=ch/DC=cern/OU=Organic Units/OU=Users/CN=crabint1/CN=373708/CN=Robot: CMS CRAB Integration 1
DEBUG 2025-09-25 19:41:26.769 UTC: 	 Executing command :
 voms-proxy-info --identity --file /tmp/x509up_u177753
DEBUG 2025-09-25 19:41:26.787 UTC: 	 output : /DC=ch/DC=cern/OU=Organic Units/OU=Users/CN=bibehera/CN=882295/CN=Bismita Behera

 error: 
 retcode : 0
DEBUG 2025-09-25 19:41:26.787 UTC: 	 Getting myproxy life time left for bfbdf12a5670e45fdd055ff115afbb0f25b8a072
DEBUG 2025-09-25 19:41:26.787 UTC: 	 Executing command :
 myproxy-info -s myproxy.cern.ch -l bfbdf12a5670e45fdd055ff115afbb0f25b8a072
DEBUG 2025-09-25 19:41:27.065 UTC: 	 output : username: bfbdf12a5670e45fdd055ff115afbb0f25b8a072
owner: /DC=ch/DC=cern/OU=Organic Units/OU=Users/CN=bibehera/CN=882295/CN=Bismita Behera
  renewal policy: /DC=ch/DC=cern/OU=computers/CN=crab-(preprod|prod)-tw(01|02).cern.ch|/DC=ch/DC=cern/OU=computers/CN=crab-dev-tw(01|02|03|04).cern.ch|/DC=ch/DC=cern/OU=Organic Units/OU=Users/CN=cmscrab/CN=(817881|373708)/CN=Robot: cms crab|/DC=ch/DC=cern/OU=Organic Units/OU=Users/CN=crabint1/CN=373708/CN=Robot: CMS CRAB Integration 1
  trusted retrieval policy: /DC=ch/DC=cern/OU=computers/CN=crab-(preprod|prod)-tw(01|02).cern.ch|/DC=ch/DC=cern/OU=computers/CN=crab-dev-tw(01|02|03|04).cern.ch|/DC=ch/DC=cern/OU=Organic Units/OU=Users/CN=cmscrab/CN=(817881|373708)/CN=Robot: cms crab|/DC=ch/DC=cern/OU=Organic Units/OU=Users/CN=crabint1/CN=373708/CN=Robot: CMS CRAB Integration 1
  timeleft: 385:17:26  (16.1 days)

 error: 
 retcode : 0
DEBUG 2025-09-25 19:41:27.065 UTC: 	 Myproxy is valid: 1387020
DEBUG 2025-09-25 19:41:27.066 UTC: 	 Result of myproxy credential check:
  Credential exists on myproxy: username: bfbdf12a5670e45fdd055ff115afbb0f25b8a072  - validity: 16 days, 1:17:00
DEBUG 2025-09-25 19:41:27.067 UTC: 	 Command use: kill
DEBUG 2025-09-25 19:41:27.067 UTC: 	 Options use: ['-d', 'OO_Data_MINIAOD/crab_2pc_OO_V0_IM_eff_corr_IP18']
DEBUG 2025-09-25 19:41:27.067 UTC: 	 Encoded data for curl request: subresource=version
DEBUG 2025-09-25 19:41:27.098 UTC: 	 CRABClient version: v3.250820
DEBUG 2025-09-25 19:41:27.098 UTC: 	 Instance is prod
DEBUG 2025-09-25 19:41:27.098 UTC: 	 Server base url is cmsweb.cern.ch
DEBUG 2025-09-25 19:41:27.098 UTC: 	 Command api workflow
DEBUG 2025-09-25 19:41:27.098 UTC: 	 Killing task 250923_193323:bibehera_crab_2pc_OO_V0_IM_eff_corr_IP18
DEBUG 2025-09-25 19:41:27.098 UTC: 	 Encoded data for curl request: workflow=250923_193323%3Abibehera_crab_2pc_OO_V0_IM_eff_corr_IP18
DEBUG 2025-09-25 19:41:27.134 UTC: 	 Result: {'desc': {'columns': ['tm_taskname', 'tm_task_status', 'tm_task_command', 'tm_user_role', 'tm_user_group', 'tm_task_failure', 'tm_split_algo', 'tm_split_args', 'tm_save_logs', 'tm_username', 'tm_user_dn', 'tm_arguments', 'tm_input_dataset', 'tm_dbs_url', 'tm_task_warnings', 'tm_publication', 'tm_user_webdir', 'tm_output_dataset', 'tm_collector', 'tm_schedd', 'tm_dry_run', 'clusterid', 'tm_start_time', 'tw_name', 'tm_dagman_status', 'tm_num_jobs', 'tm_uploaded']}, 'result': [{'result': 'ok'}]}
INFO 2025-09-25 19:41:27.134 UTC: 	 Kill request successfully sent
INFO 2025-09-25 19:41:27.139 UTC: 	 Log file is /eos/home-b/bibehera/OO_Simfit_eff/CMSSW_15_0_6_patch1/src/Analyzer/RaghuV0Ana/cfg/OO_Data_MINIAOD/crab_2pc_OO_V0_IM_eff_corr_IP18/crab.log
