DEBUG 2025-09-23 19:33:33.398 UTC: 	 CRAB Client version: v3.250820
DEBUG 2025-09-23 19:33:33.399 UTC: 	 Running on: Linux lxplus802.cern.ch 4.18.0-553.70.1.el8_10.x86_64 #1 SMP Tue Aug 12 13:09:16 EDT 2025 x86_64 x86_64 x86_64 GNU/Linux
DEBUG 2025-09-23 19:33:33.399 UTC: 	 Not using Singularity
DEBUG 2025-09-23 19:33:33.399 UTC: 	 Operating System: Red Hat Enterprise Linux 8.10 (Ootpa)
DEBUG 2025-09-23 19:33:33.399 UTC: 	 Executing command: 'submit'
DEBUG 2025-09-23 19:33:33.399 UTC: 	 Found CRAB cache file /afs/cern.ch/user/b/bibehera/.crab3
INFO 2025-09-23 19:33:33.399 UTC: 	 Will use CRAB configuration file crab_config2.py
DEBUG 2025-09-23 19:33:33.400 UTC: 	 Loading CRAB configuration file.
DEBUG 2025-09-23 19:33:33.406 UTC: 	 Overriden parameter General.requestName with '2pc_OO_V0_IM_eff_corr_IP20'
DEBUG 2025-09-23 19:33:33.406 UTC: 	 Overriden parameter Data.inputDataset with '/IonPhysics20/bibehera-2pc_OO_V0_IP20-ca42279dfc2dce710b3991c24f27a617/USER'
DEBUG 2025-09-23 19:33:33.406 UTC: 	 Overriden parameter Data.secondaryInputDataset with '/IonPhysics20/OORun2025-PromptReco-v1/MINIAOD'
DEBUG 2025-09-23 19:33:33.407 UTC: 	 Overriden parameter Data.outputDatasetTag with '2pc_OO_V0_IM_eff_corr_IP20'
DEBUG 2025-09-23 19:33:33.407 UTC: 	 Will use CRAB plugin ANALYSIS (i.e. will run an analysis job type).
DEBUG 2025-09-23 19:33:33.424 UTC: 	 Checking credentials
DEBUG 2025-09-23 19:33:33.424 UTC: 	 Found proxy file /tmp/x509up_u177753
DEBUG 2025-09-23 19:33:33.424 UTC: 	 Making sure it has proper VOMS extension
DEBUG 2025-09-23 19:33:33.424 UTC: 	 Executing command :
 voms-proxy-info --vo --file /tmp/x509up_u177753
DEBUG 2025-09-23 19:33:33.448 UTC: 	 output : cms

 error: 
 retcode : 0
DEBUG 2025-09-23 19:33:33.448 UTC: 	 Getting proxy life time left
DEBUG 2025-09-23 19:33:33.448 UTC: 	 Executing command :
 voms-proxy-info --actimeleft --timeleft --file /tmp/x509up_u177753
DEBUG 2025-09-23 19:33:33.477 UTC: 	 output : 41135
41135

 error: 
 retcode : 0
DEBUG 2025-09-23 19:33:33.477 UTC: 	 Proxy valid for 11:25:35 hours
DEBUG 2025-09-23 19:33:33.477 UTC: 	 Encoded data for curl request: subresource=delegatedn
DEBUG 2025-09-23 19:33:33.517 UTC: 	 Registering user credentials on myproxy for /DC=ch/DC=cern/OU=computers/CN=crab-(preprod|prod)-tw(01|02).cern.ch|/DC=ch/DC=cern/OU=computers/CN=crab-dev-tw(01|02|03|04).cern.ch|/DC=ch/DC=cern/OU=Organic Units/OU=Users/CN=cmscrab/CN=(817881|373708)/CN=Robot: cms crab|/DC=ch/DC=cern/OU=Organic Units/OU=Users/CN=crabint1/CN=373708/CN=Robot: CMS CRAB Integration 1
DEBUG 2025-09-23 19:33:33.517 UTC: 	 Executing command :
 voms-proxy-info --identity --file /tmp/x509up_u177753
DEBUG 2025-09-23 19:33:33.546 UTC: 	 output : /DC=ch/DC=cern/OU=Organic Units/OU=Users/CN=bibehera/CN=882295/CN=Bismita Behera

 error: 
 retcode : 0
DEBUG 2025-09-23 19:33:33.546 UTC: 	 Getting myproxy life time left for bfbdf12a5670e45fdd055ff115afbb0f25b8a072
DEBUG 2025-09-23 19:33:33.546 UTC: 	 Executing command :
 myproxy-info -s myproxy.cern.ch -l bfbdf12a5670e45fdd055ff115afbb0f25b8a072
DEBUG 2025-09-23 19:33:33.947 UTC: 	 output : username: bfbdf12a5670e45fdd055ff115afbb0f25b8a072
owner: /DC=ch/DC=cern/OU=Organic Units/OU=Users/CN=bibehera/CN=882295/CN=Bismita Behera
  renewal policy: /DC=ch/DC=cern/OU=computers/CN=crab-(preprod|prod)-tw(01|02).cern.ch|/DC=ch/DC=cern/OU=computers/CN=crab-dev-tw(01|02|03|04).cern.ch|/DC=ch/DC=cern/OU=Organic Units/OU=Users/CN=cmscrab/CN=(817881|373708)/CN=Robot: cms crab|/DC=ch/DC=cern/OU=Organic Units/OU=Users/CN=crabint1/CN=373708/CN=Robot: CMS CRAB Integration 1
  trusted retrieval policy: /DC=ch/DC=cern/OU=computers/CN=crab-(preprod|prod)-tw(01|02).cern.ch|/DC=ch/DC=cern/OU=computers/CN=crab-dev-tw(01|02|03|04).cern.ch|/DC=ch/DC=cern/OU=Organic Units/OU=Users/CN=cmscrab/CN=(817881|373708)/CN=Robot: cms crab|/DC=ch/DC=cern/OU=Organic Units/OU=Users/CN=crabint1/CN=373708/CN=Robot: CMS CRAB Integration 1
  timeleft: 433:25:20  (18.1 days)

 error: 
 retcode : 0
DEBUG 2025-09-23 19:33:33.947 UTC: 	 Myproxy is valid: 1560300
DEBUG 2025-09-23 19:33:33.947 UTC: 	 Result of myproxy credential check:
  Credential exists on myproxy: username: bfbdf12a5670e45fdd055ff115afbb0f25b8a072  - validity: 18 days, 1:25:00
DEBUG 2025-09-23 19:33:33.947 UTC: 	 Command use: submit
DEBUG 2025-09-23 19:33:33.947 UTC: 	 Options use: ['-c', 'crab_config2.py', 'General.requestName=2pc_OO_V0_IM_eff_corr_IP20', 'Data.inputDataset=/IonPhysics20/bibehera-2pc_OO_V0_IP20-ca42279dfc2dce710b3991c24f27a617/USER', 'Data.secondaryInputDataset=/IonPhysics20/OORun2025-PromptReco-v1/MINIAOD', 'Data.outputDatasetTag=2pc_OO_V0_IM_eff_corr_IP20']
DEBUG 2025-09-23 19:33:33.947 UTC: 	 Encoded data for curl request: subresource=version
DEBUG 2025-09-23 19:33:33.986 UTC: 	 CRABClient version: v3.250820
DEBUG 2025-09-23 19:33:33.986 UTC: 	 Instance is prod
DEBUG 2025-09-23 19:33:33.986 UTC: 	 Server base url is cmsweb.cern.ch
DEBUG 2025-09-23 19:33:33.986 UTC: 	 Command api workflow
DEBUG 2025-09-23 19:33:33.986 UTC: 	 Started submission
DEBUG 2025-09-23 19:33:33.986 UTC: 	 Working on /eos/home-b/bibehera/OO_Simfit_eff/CMSSW_15_0_6_patch1/src/Analyzer/RaghuV0Ana/cfg/OO_Data_MINIAOD/crab_2pc_OO_V0_IM_eff_corr_IP20
DEBUG 2025-09-23 19:33:33.986 UTC: 	 Encoded data for curl request: subresource=backendurls
DEBUG 2025-09-23 19:33:34.052 UTC: 	 Loading required information from the environment
DEBUG 2025-09-23 19:33:34.052 UTC: 	 Found CMSSW_15_0_6_patch1 for el8_amd64_gcc12 with base /eos/home-b/bibehera/OO_Simfit_eff/CMSSW_15_0_6_patch1
DEBUG 2025-09-23 19:33:34.052 UTC: 	 Loading required information from the environment
DEBUG 2025-09-23 19:33:34.052 UTC: 	 Found CMSSW_15_0_6_patch1 for el8_amd64_gcc12 with base /eos/home-b/bibehera/OO_Simfit_eff/CMSSW_15_0_6_patch1
DEBUG 2025-09-23 19:33:34.052 UTC: 	 UNIQUE NAME: tarUUID 581462ea-8578-41d4-9683-1708fe99a72f 
DEBUG 2025-09-23 19:33:34.053 UTC: 	 self.config: from WMCore.Configuration import Configuration
config = Configuration()
config.section_('General')
config.General.workArea = 'OO_Data_MINIAOD'
config.General.transferOutputs = True
config.General.requestName = '2pc_OO_V0_IM_eff_corr_IP20'
config.General.transferLogs = True
config.section_('JobType')
config.JobType.psetName = 'PbPb_2018_cfg.py'
config.JobType.pluginName = 'Analysis'
config.section_('Data')
config.Data.publication = False
config.Data.outLFNDirBase = '/store/user/bibehera/'
config.Data.outputDatasetTag = '2pc_OO_V0_IM_eff_corr_IP20'
config.Data.splitting = 'LumiBased'
config.Data.unitsPerJob = 3
config.Data.inputDBS = 'phys03'
config.Data.inputDataset = '/IonPhysics20/bibehera-2pc_OO_V0_IP20-ca42279dfc2dce710b3991c24f27a617/USER'
config.Data.secondaryInputDataset = '/IonPhysics20/OORun2025-PromptReco-v1/MINIAOD'
config.Data.totalUnits = -1
config.Data.lumiMask = 'generated_json.json'
config.section_('Site')
config.Site.storageSite = 'T3_CH_CERNBOX'
config.section_('User')
config.section_('Debug')

DEBUG 2025-09-23 19:33:34.053 UTC: 	 self.config.JobType.psetName: PbPb_2018_cfg.py
INFO 2025-09-23 19:33:34.053 UTC: 	 Importing CMSSW configuration PbPb_2018_cfg.py
INFO 2025-09-23 19:33:35.006 UTC: 	 Finished importing CMSSW configuration PbPb_2018_cfg.py
DEBUG 2025-09-23 19:33:35.006 UTC: 	 Writing CMSSW configuration to /eos/home-b/bibehera/OO_Simfit_eff/CMSSW_15_0_6_patch1/src/Analyzer/RaghuV0Ana/cfg/OO_Data_MINIAOD/crab_2pc_OO_V0_IM_eff_corr_IP20/inputs/PSet.py
DEBUG 2025-09-23 19:33:35.055 UTC: 	 The following EDM output files will be collected: []
DEBUG 2025-09-23 19:33:35.055 UTC: 	 The following TFile output files will be collected: ['V0_test_IM.root']
DEBUG 2025-09-23 19:33:35.055 UTC: 	 The following user output files (not listed as PoolOuputModule or TFileService in the CMSSW PSet) will be collected: 
DEBUG 2025-09-23 19:33:35.055 UTC: 	 Loading required information from the environment
DEBUG 2025-09-23 19:33:35.055 UTC: 	 Found CMSSW_15_0_6_patch1 for el8_amd64_gcc12 with base /eos/home-b/bibehera/OO_Simfit_eff/CMSSW_15_0_6_patch1
DEBUG 2025-09-23 19:33:35.055 UTC: 	 Making tarball in /eos/home-b/bibehera/OO_Simfit_eff/CMSSW_15_0_6_patch1/src/Analyzer/RaghuV0Ana/cfg/OO_Data_MINIAOD/crab_2pc_OO_V0_IM_eff_corr_IP20/inputs/581462ea-8578-41d4-9683-1708fe99a72fdefault.tgz
DEBUG 2025-09-23 19:33:35.058 UTC: 	 Checking directory /eos/home-b/bibehera/OO_Simfit_eff/CMSSW_15_0_6_patch1/bin
DEBUG 2025-09-23 19:33:35.058 UTC: 	 Adding directory /eos/home-b/bibehera/OO_Simfit_eff/CMSSW_15_0_6_patch1/bin to tarball
DEBUG 2025-09-23 19:33:35.062 UTC: 	 Checking directory /eos/home-b/bibehera/OO_Simfit_eff/CMSSW_15_0_6_patch1/python
DEBUG 2025-09-23 19:33:35.062 UTC: 	 Adding directory /eos/home-b/bibehera/OO_Simfit_eff/CMSSW_15_0_6_patch1/python to tarball
DEBUG 2025-09-23 19:33:35.104 UTC: 	 Checking directory /eos/home-b/bibehera/OO_Simfit_eff/CMSSW_15_0_6_patch1/cfipython
DEBUG 2025-09-23 19:33:35.104 UTC: 	 Adding directory /eos/home-b/bibehera/OO_Simfit_eff/CMSSW_15_0_6_patch1/cfipython to tarball
DEBUG 2025-09-23 19:33:35.208 UTC: 	 Checking directory /eos/home-b/bibehera/OO_Simfit_eff/CMSSW_15_0_6_patch1/lib
DEBUG 2025-09-23 19:33:35.208 UTC: 	 Adding directory /eos/home-b/bibehera/OO_Simfit_eff/CMSSW_15_0_6_patch1/lib to tarball
DEBUG 2025-09-23 19:33:35.396 UTC: 	 Checking directory /eos/home-b/bibehera/OO_Simfit_eff/CMSSW_15_0_6_patch1/biglib
DEBUG 2025-09-23 19:33:35.397 UTC: 	 Adding directory /eos/home-b/bibehera/OO_Simfit_eff/CMSSW_15_0_6_patch1/biglib to tarball
DEBUG 2025-09-23 19:33:35.398 UTC: 	 Checking directory /eos/home-b/bibehera/OO_Simfit_eff/CMSSW_15_0_6_patch1/module
DEBUG 2025-09-23 19:33:35.398 UTC: 	 Checking directory /eos/home-b/bibehera/OO_Simfit_eff/CMSSW_15_0_6_patch1/config/SCRAM/hooks
DEBUG 2025-09-23 19:33:35.399 UTC: 	 Adding directory /eos/home-b/bibehera/OO_Simfit_eff/CMSSW_15_0_6_patch1/config/SCRAM/hooks to tarball
DEBUG 2025-09-23 19:33:35.617 UTC: 	 Adding directory /eos/home-b/bibehera/OO_Simfit_eff/CMSSW_15_0_6_patch1/src/Analyzer/RaghuV0Ana/data to tarball
DEBUG 2025-09-23 19:33:36.086 UTC: 	 Adding directory /eos/home-b/bibehera/OO_Simfit_eff/CMSSW_15_0_6_patch1/src/Analyzer/RaghuV0Ana/interface to tarball
DEBUG 2025-09-23 19:33:36.093 UTC: 	 Adding directory /eos/home-b/bibehera/OO_Simfit_eff/CMSSW_15_0_6_patch1/src/Analyzer/RaghuV0Ana/python to tarball
DEBUG 2025-09-23 19:33:36.102 UTC: 	 Adding directory /eos/home-b/bibehera/OO_Simfit_eff/CMSSW_15_0_6_patch1/src/HeavyIonsAnalysis/Configuration/data to tarball
DEBUG 2025-09-23 19:33:36.424 UTC: 	 Adding directory /eos/home-b/bibehera/OO_Simfit_eff/CMSSW_15_0_6_patch1/src/HeavyIonsAnalysis/Configuration/python to tarball
DEBUG 2025-09-23 19:33:36.447 UTC: 	 Adding directory /eos/home-b/bibehera/OO_Simfit_eff/CMSSW_15_0_6_patch1/src/HeavyIonsAnalysis/EGMAnalysis/data to tarball
DEBUG 2025-09-23 19:33:36.452 UTC: 	 Adding directory /eos/home-b/bibehera/OO_Simfit_eff/CMSSW_15_0_6_patch1/src/HeavyIonsAnalysis/EGMAnalysis/interface to tarball
DEBUG 2025-09-23 19:33:36.457 UTC: 	 Adding directory /eos/home-b/bibehera/OO_Simfit_eff/CMSSW_15_0_6_patch1/src/HeavyIonsAnalysis/EGMAnalysis/python to tarball
DEBUG 2025-09-23 19:33:36.466 UTC: 	 Adding directory /eos/home-b/bibehera/OO_Simfit_eff/CMSSW_15_0_6_patch1/src/HeavyIonsAnalysis/EventAnalysis/python to tarball
DEBUG 2025-09-23 19:33:36.545 UTC: 	 Adding directory /eos/home-b/bibehera/OO_Simfit_eff/CMSSW_15_0_6_patch1/src/HeavyIonsAnalysis/JetAnalysis/interface to tarball
DEBUG 2025-09-23 19:33:36.550 UTC: 	 Adding directory /eos/home-b/bibehera/OO_Simfit_eff/CMSSW_15_0_6_patch1/src/HeavyIonsAnalysis/JetAnalysis/python to tarball
DEBUG 2025-09-23 19:33:36.589 UTC: 	 Adding directory /eos/home-b/bibehera/OO_Simfit_eff/CMSSW_15_0_6_patch1/src/HeavyIonsAnalysis/MuonAnalysis/interface to tarball
DEBUG 2025-09-23 19:33:36.593 UTC: 	 Adding directory /eos/home-b/bibehera/OO_Simfit_eff/CMSSW_15_0_6_patch1/src/HeavyIonsAnalysis/MuonAnalysis/python to tarball
DEBUG 2025-09-23 19:33:36.602 UTC: 	 Adding directory /eos/home-b/bibehera/OO_Simfit_eff/CMSSW_15_0_6_patch1/src/HeavyIonsAnalysis/TrackAnalysis/interface to tarball
DEBUG 2025-09-23 19:33:36.605 UTC: 	 Adding directory /eos/home-b/bibehera/OO_Simfit_eff/CMSSW_15_0_6_patch1/src/HeavyIonsAnalysis/TrackAnalysis/python to tarball
DEBUG 2025-09-23 19:33:36.624 UTC: 	 Adding directory /eos/home-b/bibehera/OO_Simfit_eff/CMSSW_15_0_6_patch1/src/HeavyIonsAnalysis/VertexAnalysis/python to tarball
DEBUG 2025-09-23 19:33:36.630 UTC: 	 Adding directory /eos/home-b/bibehera/OO_Simfit_eff/CMSSW_15_0_6_patch1/src/HeavyIonsAnalysis/ZDCAnalysis/python to tarball
DEBUG 2025-09-23 19:33:36.691 UTC: 	 Uploading archive /eos/home-b/bibehera/OO_Simfit_eff/CMSSW_15_0_6_patch1/src/Analyzer/RaghuV0Ana/cfg/OO_Data_MINIAOD/crab_2pc_OO_V0_IM_eff_corr_IP20/inputs/581462ea-8578-41d4-9683-1708fe99a72fdefault.tgz (3.925781.1 MB) to the CRAB cache. Using URI https://cmsweb.cern.ch/S3/crabcache_prod
DEBUG 2025-09-23 19:33:37.559 UTC: 	 Encoded data for curl request: subresource=upload&objecttype=sandbox&tarballname=7ada19f9d3eb0a4750b0ee007522d3ea81741e56a82b8f3196efabd4389421c4.tar.gz
DEBUG 2025-09-23 19:33:37.632 UTC: 	 sandbox 7ada19f9d3eb0a4750b0ee007522d3ea81741e56a82b8f3196efabd4389421c4.tar.gz is already in the S3 store, will not upload again
DEBUG 2025-09-23 19:33:37.632 UTC: 	 Loading required information from the environment
DEBUG 2025-09-23 19:33:37.632 UTC: 	 Found CMSSW_15_0_6_patch1 for el8_amd64_gcc12 with base /eos/home-b/bibehera/OO_Simfit_eff/CMSSW_15_0_6_patch1
DEBUG 2025-09-23 19:33:37.632 UTC: 	 Making tarball in /eos/home-b/bibehera/OO_Simfit_eff/CMSSW_15_0_6_patch1/src/Analyzer/RaghuV0Ana/cfg/OO_Data_MINIAOD/crab_2pc_OO_V0_IM_eff_corr_IP20/inputs/debugFiles.tgz
DEBUG 2025-09-23 19:33:37.641 UTC: 	 Uploading archive /eos/home-b/bibehera/OO_Simfit_eff/CMSSW_15_0_6_patch1/src/Analyzer/RaghuV0Ana/cfg/OO_Data_MINIAOD/crab_2pc_OO_V0_IM_eff_corr_IP20/inputs/debugFiles.tgz (3 KB) to the CRAB cache. Using URI https://cmsweb.cern.ch/S3/crabcache_prod
DEBUG 2025-09-23 19:33:37.645 UTC: 	 Encoded data for curl request: subresource=upload&objecttype=sandbox&tarballname=ad741f64f2545102254731cc4a6f671aaca1c40bc1ebeec913bdf890ee0b8a4f.tar.gz
DEBUG 2025-09-23 19:33:37.690 UTC: 	 Will execute:
curl -f -v -X POST  -H "User-Agent: CRAB" -F "key=bibehera/sandboxes/ad741f64f2545102254731cc4a6f671aaca1c40bc1ebeec913bdf890ee0b8a4f.tar.gz" -F "AWSAccessKeyId=715203df6482458ba839e73e6dab634b" -F "policy=eyJleHBpcmF0aW9uIjogIjIwMjUtMDktMjNUMjA6MzM6MzdaIiwgImNvbmRpdGlvbnMiOiBbeyJidWNrZXQiOiAiY3JhYmNhY2hlX3Byb2QifSwgeyJrZXkiOiAiYmliZWhlcmEvc2FuZGJveGVzL2FkNzQxZjY0ZjI1NDUxMDIyNTQ3MzFjYzRhNmY2NzFhYWNhMWM0MGJjMWViZWVjOTEzYmRmODkwZWUwYjhhNGYudGFyLmd6In1dfQ==" -F "signature=MQ/acXc6I4mf8TurazkscDZVFeE=" -F "file=@/eos/home-b/bibehera/OO_Simfit_eff/CMSSW_15_0_6_patch1/src/Analyzer/RaghuV0Ana/cfg/OO_Data_MINIAOD/crab_2pc_OO_V0_IM_eff_corr_IP20/inputs/debugFiles.tgz" "https://s3.cern.ch/crabcache_prod"
DEBUG 2025-09-23 19:33:37.733 UTC: 	 exitcode: 0
stdout: b''
DEBUG 2025-09-23 19:33:37.733 UTC: 	 upload to S3 of sandbox /eos/home-b/bibehera/OO_Simfit_eff/CMSSW_15_0_6_patch1/src/Analyzer/RaghuV0Ana/cfg/OO_Data_MINIAOD/crab_2pc_OO_V0_IM_eff_corr_IP20/inputs/debugFiles.tgz completed
DEBUG 2025-09-23 19:33:37.733 UTC: 	 make sure that object is ready for retrieve
DEBUG 2025-09-23 19:33:38.735 UTC: 	 Encoded data for curl request: subresource=download&objecttype=sandbox&tarballname=ad741f64f2545102254731cc4a6f671aaca1c40bc1ebeec913bdf890ee0b8a4f.tar.gz&clientmethod=head_object
DEBUG 2025-09-23 19:33:38.776 UTC: 	 PreSignedUrl to download sandbox received OK
DEBUG 2025-09-23 19:33:38.778 UTC: 	 Will execute:
 curl -v -s -f -o /dev/null --head  "https://s3.cern.ch/crabcache_prod/bibehera/sandboxes/ad741f64f2545102254731cc4a6f671aaca1c40bc1ebeec913bdf890ee0b8a4f.tar.gz?AWSAccessKeyId=715203df6482458ba839e73e6dab634b&Signature=xQCw9niF6VV6peDIzcJK25eUm4I%3D&Expires=1758659618"
DEBUG 2025-09-23 19:33:38.802 UTC: 	 exitcode: 0
stdout: b''
DEBUG 2025-09-23 19:33:38.802 UTC: 	 sandbox /eos/home-b/bibehera/OO_Simfit_eff/CMSSW_15_0_6_patch1/src/Analyzer/RaghuV0Ana/cfg/OO_Data_MINIAOD/crab_2pc_OO_V0_IM_eff_corr_IP20/inputs/debugFiles.tgz successfully uploaded to S3
DEBUG 2025-09-23 19:33:38.802 UTC: 	 Result uploading input files: 7ada19f9d3eb0a4750b0ee007522d3ea81741e56a82b8f3196efabd4389421c4.tar.gz 
DEBUG 2025-09-23 19:33:38.802 UTC: 	 Attaching lumi mask generated_json.json to the request
DEBUG 2025-09-23 19:33:38.802 UTC: 	 Reading lumi-mask from generated_json.json
DEBUG 2025-09-23 19:33:38.803 UTC: 	 submit() - self.configuration from WMCore.Configuration import Configuration
config = Configuration()
config.section_('General')
config.General.workArea = 'OO_Data_MINIAOD'
config.General.transferOutputs = True
config.General.requestName = '2pc_OO_V0_IM_eff_corr_IP20'
config.General.transferLogs = True
config.section_('JobType')
config.JobType.psetName = 'PbPb_2018_cfg.py'
config.JobType.pluginName = 'Analysis'
config.section_('Data')
config.Data.publication = False
config.Data.outLFNDirBase = '/store/user/bibehera/'
config.Data.outputDatasetTag = '2pc_OO_V0_IM_eff_corr_IP20'
config.Data.splitting = 'LumiBased'
config.Data.unitsPerJob = 3
config.Data.inputDBS = 'phys03'
config.Data.inputDataset = '/IonPhysics20/bibehera-2pc_OO_V0_IP20-ca42279dfc2dce710b3991c24f27a617/USER'
config.Data.secondaryInputDataset = '/IonPhysics20/OORun2025-PromptReco-v1/MINIAOD'
config.Data.totalUnits = -1
config.Data.lumiMask = 'generated_json.json'
config.section_('Site')
config.Site.storageSite = 'T3_CH_CERNBOX'
config.section_('User')
config.section_('Debug')

DEBUG 2025-09-23 19:33:38.803 UTC: 	 submit() - self.configreq {'dryrun': 0, 'workflow': 'crab_2pc_OO_V0_IM_eff_corr_IP20', 'saveoutput': 1, 'savelogsflag': 1, 'inputdata': '/IonPhysics20/bibehera-2pc_OO_V0_IP20-ca42279dfc2dce710b3991c24f27a617/USER', 'nonvaliddata': 0, 'userfiles': [], 'dbsurl': 'https://cmsweb.cern.ch/dbs/prod/phys03/DBSReader', 'useparent': 0, 'secondarydata': '/IonPhysics20/OORun2025-PromptReco-v1/MINIAOD', 'ignorelocality': 0, 'splitalgo': 'LumiBased', 'algoargs': 3, 'totalunits': -1, 'lfn': '/store/user/bibehera/', 'publication': 0, 'publishdbsurl': 'https://cmsweb.cern.ch/dbs/prod/phys03/DBSWriter', 'publishname2': '2pc_OO_V0_IM_eff_corr_IP20', 'jobtype': 'Analysis', 'generator': 'pythia', 'addoutputfiles': [], 'maxjobruntime': 1250, 'numcores': 1, 'maxmemory': 2000, 'priority': 10, 'nonprodsw': 0, 'asyncdest': 'T3_CH_CERNBOX', 'requireaccelerator': 0, 'oneEventMode': 0, 'extrajdl': [], 'ignoreglobalblacklist': 0, 'partialdataset': 0, 'inputblocks': []}
DEBUG 2025-09-23 19:33:38.803 UTC: 	 submit() - jobconfig {'addoutputfiles': [], 'tfileoutfiles': ['V0_test_IM.root'], 'edmoutfiles': [], 'jobarch': 'el8_amd64_gcc12', 'jobminuarch': 'x86-64-v3', 'jobsw': 'CMSSW_15_0_6_patch1', 'inputdata': '/IonPhysics20/bibehera-2pc_OO_V0_IP20-ca42279dfc2dce710b3991c24f27a617/USER', 'cacheurl': 'https://cmsweb.cern.ch/S3/crabcache_prod', 'cachefilename': '7ada19f9d3eb0a4750b0ee007522d3ea81741e56a82b8f3196efabd4389421c4.tar.gz', 'debugfilename': 'ad741f64f2545102254731cc4a6f671aaca1c40bc1ebeec913bdf890ee0b8a4f.tar.gz', 'runs': ['394153', '394154', '394169', '394175', '394183', '394184', '394185', '394186', '394187', '394188', '394189', '394204', '394209', '394217'], 'lumis': ['40,169', '1,886', '39,997', '47,988', '15,239', '1,667', '1,3', '1,15', '1,1', '1,107', '1,72', '38,932', '23,1209', '41,838'], 'jobtype': 'Analysis'}
INFO 2025-09-23 19:33:38.803 UTC: 	 Sending the request to the server at cmsweb.cern.ch
DEBUG 2025-09-23 19:33:38.804 UTC: 	 Submitting {'dryrun': 0, 'workflow': 'crab_2pc_OO_V0_IM_eff_corr_IP20', 'saveoutput': 1, 'savelogsflag': 1, 'inputdata': '/IonPhysics20/bibehera-2pc_OO_V0_IP20-ca42279dfc2dce710b3991c24f27a617/USER', 'nonvaliddata': 0, 'userfiles': [], 'dbsurl': 'https://cmsweb.cern.ch/dbs/prod/phys03/DBSReader', 'useparent': 0, 'secondarydata': '/IonPhysics20/OORun2025-PromptReco-v1/MINIAOD', 'ignorelocality': 0, 'splitalgo': 'LumiBased', 'algoargs': 3, 'totalunits': -1, 'lfn': '/store/user/bibehera/', 'publication': 0, 'publishdbsurl': 'https://cmsweb.cern.ch/dbs/prod/phys03/DBSWriter', 'publishname2': '2pc_OO_V0_IM_eff_corr_IP20', 'jobtype': 'Analysis', 'generator': 'pythia', 'addoutputfiles': [], 'maxjobruntime': 1250, 'numcores': 1, 'maxmemory': 2000, 'priority': 10, 'nonprodsw': 0, 'asyncdest': 'T3_CH_CERNBOX', 'requireaccelerator': 0, 'oneEventMode': 0, 'extrajdl': [], 'ignoreglobalblacklist': 0, 'partialdataset': 0, 'inputblocks': [], 'tfileoutfiles': ['V0_test_IM.root'], 'edmoutfiles': [], 'jobarch': 'el8_amd64_gcc12', 'jobminuarch': 'x86-64-v3', 'jobsw': 'CMSSW_15_0_6_patch1', 'cacheurl': 'https://cmsweb.cern.ch/S3/crabcache_prod', 'cachefilename': '7ada19f9d3eb0a4750b0ee007522d3ea81741e56a82b8f3196efabd4389421c4.tar.gz', 'debugfilename': 'ad741f64f2545102254731cc4a6f671aaca1c40bc1ebeec913bdf890ee0b8a4f.tar.gz', 'runs': ['394153', '394154', '394169', '394175', '394183', '394184', '394185', '394186', '394187', '394188', '394189', '394204', '394209', '394217'], 'lumis': ['40,169', '1,886', '39,997', '47,988', '15,239', '1,667', '1,3', '1,15', '1,1', '1,107', '1,72', '38,932', '23,1209', '41,838']} 
DEBUG 2025-09-23 19:33:38.804 UTC: 	 Encoded data for curl request: dryrun=0&workflow=crab_2pc_OO_V0_IM_eff_corr_IP20&saveoutput=1&savelogsflag=1&inputdata=%2FIonPhysics20%2Fbibehera-2pc_OO_V0_IP20-ca42279dfc2dce710b3991c24f27a617%2FUSER&nonvaliddata=0&dbsurl=https%3A%2F%2Fcmsweb.cern.ch%2Fdbs%2Fprod%2Fphys03%2FDBSReader&useparent=0&secondarydata=%2FIonPhysics20%2FOORun2025-PromptReco-v1%2FMINIAOD&ignorelocality=0&splitalgo=LumiBased&algoargs=3&totalunits=-1&lfn=%2Fstore%2Fuser%2Fbibehera%2F&publication=0&publishdbsurl=https%3A%2F%2Fcmsweb.cern.ch%2Fdbs%2Fprod%2Fphys03%2FDBSWriter&publishname2=2pc_OO_V0_IM_eff_corr_IP20&jobtype=Analysis&generator=pythia&maxjobruntime=1250&numcores=1&maxmemory=2000&priority=10&nonprodsw=0&asyncdest=T3_CH_CERNBOX&requireaccelerator=0&oneEventMode=0&ignoreglobalblacklist=0&partialdataset=0&jobarch=el8_amd64_gcc12&jobminuarch=x86-64-v3&jobsw=CMSSW_15_0_6_patch1&cacheurl=https%3A%2F%2Fcmsweb.cern.ch%2FS3%2Fcrabcache_prod&cachefilename=7ada19f9d3eb0a4750b0ee007522d3ea81741e56a82b8f3196efabd4389421c4.tar.gz&debugfilename=ad741f64f2545102254731cc4a6f671aaca1c40bc1ebeec913bdf890ee0b8a4f.tar.gz&tfileoutfiles=V0_test_IM.root&runs=394153&runs=394154&runs=394169&runs=394175&runs=394183&runs=394184&runs=394185&runs=394186&runs=394187&runs=394188&runs=394189&runs=394204&runs=394209&runs=394217&lumis=40%2C169&lumis=1%2C886&lumis=39%2C997&lumis=47%2C988&lumis=15%2C239&lumis=1%2C667&lumis=1%2C3&lumis=1%2C15&lumis=1%2C1&lumis=1%2C107&lumis=1%2C72&lumis=38%2C932&lumis=23%2C1209&lumis=41%2C838
DEBUG 2025-09-23 19:33:38.939 UTC: 	 Result: {'result': [{'RequestName': '250923_193338:bibehera_crab_2pc_OO_V0_IM_eff_corr_IP20'}]}
INFO 2025-09-23 19:33:38.947 UTC: 	 Success: Your task has been delivered to the prod CRAB3 server.
INFO 2025-09-23 19:33:38.947 UTC: 	 Task name: 250923_193338:bibehera_crab_2pc_OO_V0_IM_eff_corr_IP20
INFO 2025-09-23 19:33:38.947 UTC: 	 Project dir: OO_Data_MINIAOD/crab_2pc_OO_V0_IM_eff_corr_IP20
INFO 2025-09-23 19:33:38.947 UTC: 	 Please use ' crab status -d OO_Data_MINIAOD/crab_2pc_OO_V0_IM_eff_corr_IP20 ' to check how the submission process proceeds.
DEBUG 2025-09-23 19:33:38.948 UTC: 	 About to return
INFO 2025-09-23 19:33:38.971 UTC: 	 Log file is /eos/home-b/bibehera/OO_Simfit_eff/CMSSW_15_0_6_patch1/src/Analyzer/RaghuV0Ana/cfg/OO_Data_MINIAOD/crab_2pc_OO_V0_IM_eff_corr_IP20/crab.log
DEBUG 2025-09-25 19:41:30.615 UTC: 	 CRAB Client version: v3.250820
DEBUG 2025-09-25 19:41:30.615 UTC: 	 Running on: Linux lxplus809.cern.ch 4.18.0-553.76.1.el8_10.x86_64 #1 SMP Mon Sep 15 14:04:30 EDT 2025 x86_64 x86_64 x86_64 GNU/Linux
DEBUG 2025-09-25 19:41:30.615 UTC: 	 Not using Singularity
DEBUG 2025-09-25 19:41:30.615 UTC: 	 Operating System: Red Hat Enterprise Linux 8.10 (Ootpa)
DEBUG 2025-09-25 19:41:30.615 UTC: 	 Executing command: 'kill'
DEBUG 2025-09-25 19:41:30.615 UTC: 	 Found CRAB cache file /afs/cern.ch/user/b/bibehera/.crab3
DEBUG 2025-09-25 19:41:30.779 UTC: 	 Checking credentials
DEBUG 2025-09-25 19:41:30.779 UTC: 	 Found proxy file /tmp/x509up_u177753
DEBUG 2025-09-25 19:41:30.779 UTC: 	 Making sure it has proper VOMS extension
DEBUG 2025-09-25 19:41:30.779 UTC: 	 Executing command :
 voms-proxy-info --vo --file /tmp/x509up_u177753
DEBUG 2025-09-25 19:41:30.798 UTC: 	 output : cms

 error: 
 retcode : 0
DEBUG 2025-09-25 19:41:30.798 UTC: 	 Getting proxy life time left
DEBUG 2025-09-25 19:41:30.798 UTC: 	 Executing command :
 voms-proxy-info --actimeleft --timeleft --file /tmp/x509up_u177753
DEBUG 2025-09-25 19:41:30.827 UTC: 	 output : 43093
43093

 error: 
 retcode : 0
DEBUG 2025-09-25 19:41:30.827 UTC: 	 Proxy valid for 11:58:13 hours
DEBUG 2025-09-25 19:41:30.827 UTC: 	 Encoded data for curl request: subresource=delegatedn
DEBUG 2025-09-25 19:41:30.858 UTC: 	 Registering user credentials on myproxy for /DC=ch/DC=cern/OU=computers/CN=crab-(preprod|prod)-tw(01|02).cern.ch|/DC=ch/DC=cern/OU=computers/CN=crab-dev-tw(01|02|03|04).cern.ch|/DC=ch/DC=cern/OU=Organic Units/OU=Users/CN=cmscrab/CN=(817881|373708)/CN=Robot: cms crab|/DC=ch/DC=cern/OU=Organic Units/OU=Users/CN=crabint1/CN=373708/CN=Robot: CMS CRAB Integration 1
DEBUG 2025-09-25 19:41:30.858 UTC: 	 Executing command :
 voms-proxy-info --identity --file /tmp/x509up_u177753
DEBUG 2025-09-25 19:41:30.887 UTC: 	 output : /DC=ch/DC=cern/OU=Organic Units/OU=Users/CN=bibehera/CN=882295/CN=Bismita Behera

 error: 
 retcode : 0
DEBUG 2025-09-25 19:41:30.887 UTC: 	 Getting myproxy life time left for bfbdf12a5670e45fdd055ff115afbb0f25b8a072
DEBUG 2025-09-25 19:41:30.887 UTC: 	 Executing command :
 myproxy-info -s myproxy.cern.ch -l bfbdf12a5670e45fdd055ff115afbb0f25b8a072
DEBUG 2025-09-25 19:41:31.231 UTC: 	 output : username: bfbdf12a5670e45fdd055ff115afbb0f25b8a072
owner: /DC=ch/DC=cern/OU=Organic Units/OU=Users/CN=bibehera/CN=882295/CN=Bismita Behera
  renewal policy: /DC=ch/DC=cern/OU=computers/CN=crab-(preprod|prod)-tw(01|02).cern.ch|/DC=ch/DC=cern/OU=computers/CN=crab-dev-tw(01|02|03|04).cern.ch|/DC=ch/DC=cern/OU=Organic Units/OU=Users/CN=cmscrab/CN=(817881|373708)/CN=Robot: cms crab|/DC=ch/DC=cern/OU=Organic Units/OU=Users/CN=crabint1/CN=373708/CN=Robot: CMS CRAB Integration 1
  trusted retrieval policy: /DC=ch/DC=cern/OU=computers/CN=crab-(preprod|prod)-tw(01|02).cern.ch|/DC=ch/DC=cern/OU=computers/CN=crab-dev-tw(01|02|03|04).cern.ch|/DC=ch/DC=cern/OU=Organic Units/OU=Users/CN=cmscrab/CN=(817881|373708)/CN=Robot: cms crab|/DC=ch/DC=cern/OU=Organic Units/OU=Users/CN=crabint1/CN=373708/CN=Robot: CMS CRAB Integration 1
  timeleft: 385:17:22  (16.1 days)

 error: 
 retcode : 0
DEBUG 2025-09-25 19:41:31.231 UTC: 	 Myproxy is valid: 1387020
DEBUG 2025-09-25 19:41:31.231 UTC: 	 Result of myproxy credential check:
  Credential exists on myproxy: username: bfbdf12a5670e45fdd055ff115afbb0f25b8a072  - validity: 16 days, 1:17:00
DEBUG 2025-09-25 19:41:31.232 UTC: 	 Command use: kill
DEBUG 2025-09-25 19:41:31.232 UTC: 	 Options use: ['-d', 'OO_Data_MINIAOD/crab_2pc_OO_V0_IM_eff_corr_IP20']
DEBUG 2025-09-25 19:41:31.233 UTC: 	 Encoded data for curl request: subresource=version
DEBUG 2025-09-25 19:41:31.270 UTC: 	 CRABClient version: v3.250820
DEBUG 2025-09-25 19:41:31.270 UTC: 	 Instance is prod
DEBUG 2025-09-25 19:41:31.270 UTC: 	 Server base url is cmsweb.cern.ch
DEBUG 2025-09-25 19:41:31.270 UTC: 	 Command api workflow
DEBUG 2025-09-25 19:41:31.270 UTC: 	 Killing task 250923_193338:bibehera_crab_2pc_OO_V0_IM_eff_corr_IP20
DEBUG 2025-09-25 19:41:31.270 UTC: 	 Encoded data for curl request: workflow=250923_193338%3Abibehera_crab_2pc_OO_V0_IM_eff_corr_IP20
DEBUG 2025-09-25 19:41:31.461 UTC: 	 Result: {'desc': {'columns': ['tm_taskname', 'tm_task_status', 'tm_task_command', 'tm_user_role', 'tm_user_group', 'tm_task_failure', 'tm_split_algo', 'tm_split_args', 'tm_save_logs', 'tm_username', 'tm_user_dn', 'tm_arguments', 'tm_input_dataset', 'tm_dbs_url', 'tm_task_warnings', 'tm_publication', 'tm_user_webdir', 'tm_output_dataset', 'tm_collector', 'tm_schedd', 'tm_dry_run', 'clusterid', 'tm_start_time', 'tw_name', 'tm_dagman_status', 'tm_num_jobs', 'tm_uploaded']}, 'result': [{'result': 'ok'}]}
INFO 2025-09-25 19:41:31.461 UTC: 	 Kill request successfully sent
INFO 2025-09-25 19:41:31.467 UTC: 	 Log file is /eos/home-b/bibehera/OO_Simfit_eff/CMSSW_15_0_6_patch1/src/Analyzer/RaghuV0Ana/cfg/OO_Data_MINIAOD/crab_2pc_OO_V0_IM_eff_corr_IP20/crab.log
