DEBUG 2025-10-30 19:20:00.740 UTC: 	 CRAB Client version: v3.251020
DEBUG 2025-10-30 19:20:00.741 UTC: 	 Running on: Linux lxplus810.cern.ch 4.18.0-553.79.1.el8_10.x86_64 #1 SMP Fri Oct 3 10:58:12 EDT 2025 x86_64 x86_64 x86_64 GNU/Linux
DEBUG 2025-10-30 19:20:00.741 UTC: 	 Not using Singularity
DEBUG 2025-10-30 19:20:00.741 UTC: 	 Operating System: Red Hat Enterprise Linux 8.10 (Ootpa)
DEBUG 2025-10-30 19:20:00.741 UTC: 	 Executing command: 'submit'
DEBUG 2025-10-30 19:20:00.757 UTC: 	 Found CRAB cache file /afs/cern.ch/user/b/bibehera/.crab3
INFO 2025-10-30 19:20:00.902 UTC: 	 Will use CRAB configuration file crab_config2.py
DEBUG 2025-10-30 19:20:00.902 UTC: 	 Loading CRAB configuration file.
DEBUG 2025-10-30 19:20:00.943 UTC: 	 Overriden parameter General.requestName with '2pc_OO_V0_IM_effcorr_cent0to50_lowpT_IP21'
DEBUG 2025-10-30 19:20:00.943 UTC: 	 Overriden parameter Data.inputDataset with '/IonPhysics21/bibehera-2pc_OO_V0_IP21-ca42279dfc2dce710b3991c24f27a617/USER'
DEBUG 2025-10-30 19:20:00.943 UTC: 	 Overriden parameter Data.secondaryInputDataset with '/IonPhysics21/OORun2025-PromptReco-v1/MINIAOD'
DEBUG 2025-10-30 19:20:00.943 UTC: 	 Overriden parameter Data.outputDatasetTag with '2pc_OO_V0_IM_effcorr_cent0to50_lowpT_IP21'
DEBUG 2025-10-30 19:20:00.943 UTC: 	 Will use CRAB plugin ANALYSIS (i.e. will run an analysis job type).
DEBUG 2025-10-30 19:20:00.977 UTC: 	 Checking credentials
DEBUG 2025-10-30 19:20:00.978 UTC: 	 Found proxy file /tmp/x509up_u177753
DEBUG 2025-10-30 19:20:00.978 UTC: 	 Making sure it has proper VOMS extension
DEBUG 2025-10-30 19:20:00.978 UTC: 	 Executing command :
 voms-proxy-info --vo --file /tmp/x509up_u177753
DEBUG 2025-10-30 19:20:00.999 UTC: 	 output : cms

 error: 
 retcode : 0
DEBUG 2025-10-30 19:20:00.999 UTC: 	 Getting proxy life time left
DEBUG 2025-10-30 19:20:00.999 UTC: 	 Executing command :
 voms-proxy-info --actimeleft --timeleft --file /tmp/x509up_u177753
DEBUG 2025-10-30 19:20:01.019 UTC: 	 output : 43130
43130

 error: 
 retcode : 0
DEBUG 2025-10-30 19:20:01.020 UTC: 	 Proxy valid for 11:58:50 hours
DEBUG 2025-10-30 19:20:01.020 UTC: 	 Encoded data for curl request: subresource=delegatedn
DEBUG 2025-10-30 19:20:01.068 UTC: 	 Registering user credentials on myproxy for /DC=ch/DC=cern/OU=Organic Units/OU=Users/CN=cmscrab/CN=(817881|373708)/CN=Robot: cms crab|/DC=ch/DC=cern/OU=Organic Units/OU=Users/CN=crabint1/CN=373708/CN=Robot: CMS CRAB Integration 1
DEBUG 2025-10-30 19:20:01.068 UTC: 	 Executing command :
 voms-proxy-info --identity --file /tmp/x509up_u177753
DEBUG 2025-10-30 19:20:01.089 UTC: 	 output : /DC=ch/DC=cern/OU=Organic Units/OU=Users/CN=bibehera/CN=882295/CN=Bismita Behera

 error: 
 retcode : 0
DEBUG 2025-10-30 19:20:01.089 UTC: 	 Getting myproxy life time left for bfbdf12a5670e45fdd055ff115afbb0f25b8a072
DEBUG 2025-10-30 19:20:01.089 UTC: 	 Executing command :
 myproxy-info -s myproxy.cern.ch -l bfbdf12a5670e45fdd055ff115afbb0f25b8a072
DEBUG 2025-10-30 19:20:01.377 UTC: 	 output : username: bfbdf12a5670e45fdd055ff115afbb0f25b8a072
owner: /DC=ch/DC=cern/OU=Organic Units/OU=Users/CN=bibehera/CN=882295/CN=Bismita Behera
  renewal policy: /DC=ch/DC=cern/OU=Organic Units/OU=Users/CN=cmscrab/CN=(817881|373708)/CN=Robot: cms crab|/DC=ch/DC=cern/OU=Organic Units/OU=Users/CN=crabint1/CN=373708/CN=Robot: CMS CRAB Integration 1
  trusted retrieval policy: /DC=ch/DC=cern/OU=Organic Units/OU=Users/CN=cmscrab/CN=(817881|373708)/CN=Robot: cms crab|/DC=ch/DC=cern/OU=Organic Units/OU=Users/CN=crabint1/CN=373708/CN=Robot: CMS CRAB Integration 1
  timeleft: 337:08:22  (14.0 days)

 error: 
 retcode : 0
DEBUG 2025-10-30 19:20:01.377 UTC: 	 Myproxy is valid: 1213680
DEBUG 2025-10-30 19:20:01.377 UTC: 	 Executing command :
 openssl x509 -noout -dates -in ~/.globus/usercert.pem
DEBUG 2025-10-30 19:20:01.395 UTC: 	 output : notBefore=Nov 27 05:14:54 2024 GMT
notAfter=Jan  1 05:14:54 2026 GMT

 error: 
 retcode : 0
DEBUG 2025-10-30 19:20:01.402 UTC: 	 Delegating a myproxy for 720:00 hours
DEBUG 2025-10-30 19:20:01.402 UTC: 	 Executing command :
 export GT_PROXY_MODE=rfc ; myproxy-init -d -n -s myproxy.cern.ch -C ~/.globus/usercert.pem -y ~/.globus/userkey.pem -x -R '/DC=ch/DC=cern/OU=Organic Units/OU=Users/CN=cmscrab/CN=(817881|373708)/CN=Robot: cms crab|/DC=ch/DC=cern/OU=Organic Units/OU=Users/CN=crabint1/CN=373708/CN=Robot: CMS CRAB Integration 1' -x -Z '/DC=ch/DC=cern/OU=Organic Units/OU=Users/CN=cmscrab/CN=(817881|373708)/CN=Robot: cms crab|/DC=ch/DC=cern/OU=Organic Units/OU=Users/CN=crabint1/CN=373708/CN=Robot: CMS CRAB Integration 1' -l bfbdf12a5670e45fdd055ff115afbb0f25b8a072 -t 168 -c 720:00
DEBUG 2025-10-30 19:20:07.773 UTC: 	 output : Your identity: /DC=ch/DC=cern/OU=Organic Units/OU=Users/CN=bibehera/CN=882295/CN=Bismita Behera
Creating proxy .......................................... Done
Proxy Verify OK
Your proxy is valid until: Sat Nov 29 20:20:07 2025
A proxy valid for 720 hours (30.0 days) for user bfbdf12a5670e45fdd055ff115afbb0f25b8a072 now exists on myproxy.cern.ch.

 error: 
 retcode : 0
DEBUG 2025-10-30 19:20:07.774 UTC: 	 Executing command :
 myproxy-info -s myproxy.cern.ch -l bfbdf12a5670e45fdd055ff115afbb0f25b8a072
DEBUG 2025-10-30 19:20:08.045 UTC: 	 output : username: bfbdf12a5670e45fdd055ff115afbb0f25b8a072
owner: /DC=ch/DC=cern/OU=Organic Units/OU=Users/CN=bibehera/CN=882295/CN=Bismita Behera
  renewal policy: /DC=ch/DC=cern/OU=Organic Units/OU=Users/CN=cmscrab/CN=(817881|373708)/CN=Robot: cms crab|/DC=ch/DC=cern/OU=Organic Units/OU=Users/CN=crabint1/CN=373708/CN=Robot: CMS CRAB Integration 1
  trusted retrieval policy: /DC=ch/DC=cern/OU=Organic Units/OU=Users/CN=cmscrab/CN=(817881|373708)/CN=Robot: cms crab|/DC=ch/DC=cern/OU=Organic Units/OU=Users/CN=crabint1/CN=373708/CN=Robot: CMS CRAB Integration 1
  timeleft: 719:59:59  (30.0 days)

 error: 
 retcode : 0
DEBUG 2025-10-30 19:20:08.045 UTC: 	 My-proxy delegated.
DEBUG 2025-10-30 19:20:08.045 UTC: 	 Result of myproxy credential check:
  Credential exists on myproxy: username: bfbdf12a5670e45fdd055ff115afbb0f25b8a072  - validity: 29 days, 23:59:00
DEBUG 2025-10-30 19:20:08.045 UTC: 	 Command use: submit
DEBUG 2025-10-30 19:20:08.045 UTC: 	 Options use: ['-c', 'crab_config2.py', 'General.requestName=2pc_OO_V0_IM_effcorr_cent0to50_lowpT_IP21', 'Data.inputDataset=/IonPhysics21/bibehera-2pc_OO_V0_IP21-ca42279dfc2dce710b3991c24f27a617/USER', 'Data.secondaryInputDataset=/IonPhysics21/OORun2025-PromptReco-v1/MINIAOD', 'Data.outputDatasetTag=2pc_OO_V0_IM_effcorr_cent0to50_lowpT_IP21']
DEBUG 2025-10-30 19:20:08.045 UTC: 	 Encoded data for curl request: subresource=version
DEBUG 2025-10-30 19:20:08.077 UTC: 	 CRABClient version: v3.251020
DEBUG 2025-10-30 19:20:08.077 UTC: 	 Instance is prod
DEBUG 2025-10-30 19:20:08.077 UTC: 	 Server base url is cmsweb.cern.ch
DEBUG 2025-10-30 19:20:08.077 UTC: 	 Command api workflow
DEBUG 2025-10-30 19:20:08.077 UTC: 	 Started submission
DEBUG 2025-10-30 19:20:08.077 UTC: 	 Working on /eos/home-b/bibehera/OO_Simfit_eff/CMSSW_15_0_6_patch1/src/Analyzer/RaghuV0Ana/cfg/OO_Data_MINIAOD/crab_2pc_OO_V0_IM_effcorr_cent0to50_lowpT_IP21
DEBUG 2025-10-30 19:20:08.104 UTC: 	 Loading required information from the environment
DEBUG 2025-10-30 19:20:08.104 UTC: 	 Found CMSSW_15_0_6_patch1 for el8_amd64_gcc12 with base /eos/home-b/bibehera/OO_Simfit_eff/CMSSW_15_0_6_patch1
DEBUG 2025-10-30 19:20:08.104 UTC: 	 Loading required information from the environment
DEBUG 2025-10-30 19:20:08.104 UTC: 	 Found CMSSW_15_0_6_patch1 for el8_amd64_gcc12 with base /eos/home-b/bibehera/OO_Simfit_eff/CMSSW_15_0_6_patch1
DEBUG 2025-10-30 19:20:08.104 UTC: 	 UNIQUE NAME: tarUUID bb3e2a8b-348e-41ad-b72f-7a19b2eddfe6 
DEBUG 2025-10-30 19:20:08.104 UTC: 	 self.config: from WMCore.Configuration import Configuration
config = Configuration()
config.section_('General')
config.General.requestName = '2pc_OO_V0_IM_effcorr_cent0to50_lowpT_IP21'
config.General.workArea = 'OO_Data_MINIAOD'
config.General.transferLogs = True
config.General.transferOutputs = True
config.section_('JobType')
config.JobType.psetName = 'PbPb_2018_cfg.py'
config.JobType.pluginName = 'Analysis'
config.section_('Data')
config.Data.inputDataset = '/IonPhysics21/bibehera-2pc_OO_V0_IP21-ca42279dfc2dce710b3991c24f27a617/USER'
config.Data.totalUnits = -1
config.Data.outLFNDirBase = '/store/user/bibehera/'
config.Data.inputDBS = 'phys03'
config.Data.publication = False
config.Data.splitting = 'LumiBased'
config.Data.outputDatasetTag = '2pc_OO_V0_IM_effcorr_cent0to50_lowpT_IP21'
config.Data.lumiMask = 'generated_json.json'
config.Data.secondaryInputDataset = '/IonPhysics21/OORun2025-PromptReco-v1/MINIAOD'
config.Data.unitsPerJob = 3
config.section_('Site')
config.Site.storageSite = 'T3_CH_CERNBOX'
config.section_('User')
config.section_('Debug')

DEBUG 2025-10-30 19:20:08.104 UTC: 	 self.config.JobType.psetName: PbPb_2018_cfg.py
INFO 2025-10-30 19:20:08.104 UTC: 	 Importing CMSSW configuration PbPb_2018_cfg.py
INFO 2025-10-30 19:20:09.109 UTC: 	 Finished importing CMSSW configuration PbPb_2018_cfg.py
DEBUG 2025-10-30 19:20:09.109 UTC: 	 Writing CMSSW configuration to /eos/home-b/bibehera/OO_Simfit_eff/CMSSW_15_0_6_patch1/src/Analyzer/RaghuV0Ana/cfg/OO_Data_MINIAOD/crab_2pc_OO_V0_IM_effcorr_cent0to50_lowpT_IP21/inputs/PSet.py
DEBUG 2025-10-30 19:20:09.140 UTC: 	 The following EDM output files will be collected: []
DEBUG 2025-10-30 19:20:09.140 UTC: 	 The following TFile output files will be collected: ['V0_test_IM_lowpT.root']
DEBUG 2025-10-30 19:20:09.140 UTC: 	 The following user output files (not listed as PoolOuputModule or TFileService in the CMSSW PSet) will be collected: 
DEBUG 2025-10-30 19:20:09.140 UTC: 	 Loading required information from the environment
DEBUG 2025-10-30 19:20:09.140 UTC: 	 Found CMSSW_15_0_6_patch1 for el8_amd64_gcc12 with base /eos/home-b/bibehera/OO_Simfit_eff/CMSSW_15_0_6_patch1
DEBUG 2025-10-30 19:20:09.140 UTC: 	 Making tarball in /eos/home-b/bibehera/OO_Simfit_eff/CMSSW_15_0_6_patch1/src/Analyzer/RaghuV0Ana/cfg/OO_Data_MINIAOD/crab_2pc_OO_V0_IM_effcorr_cent0to50_lowpT_IP21/inputs/bb3e2a8b-348e-41ad-b72f-7a19b2eddfe6default.tgz
DEBUG 2025-10-30 19:20:09.142 UTC: 	 Checking directory /eos/home-b/bibehera/OO_Simfit_eff/CMSSW_15_0_6_patch1/bin
DEBUG 2025-10-30 19:20:09.142 UTC: 	 Adding directory /eos/home-b/bibehera/OO_Simfit_eff/CMSSW_15_0_6_patch1/bin to tarball
DEBUG 2025-10-30 19:20:09.148 UTC: 	 Checking directory /eos/home-b/bibehera/OO_Simfit_eff/CMSSW_15_0_6_patch1/python
DEBUG 2025-10-30 19:20:09.148 UTC: 	 Adding directory /eos/home-b/bibehera/OO_Simfit_eff/CMSSW_15_0_6_patch1/python to tarball
DEBUG 2025-10-30 19:20:09.210 UTC: 	 Checking directory /eos/home-b/bibehera/OO_Simfit_eff/CMSSW_15_0_6_patch1/cfipython
DEBUG 2025-10-30 19:20:09.210 UTC: 	 Adding directory /eos/home-b/bibehera/OO_Simfit_eff/CMSSW_15_0_6_patch1/cfipython to tarball
DEBUG 2025-10-30 19:20:09.373 UTC: 	 Checking directory /eos/home-b/bibehera/OO_Simfit_eff/CMSSW_15_0_6_patch1/lib
DEBUG 2025-10-30 19:20:09.373 UTC: 	 Adding directory /eos/home-b/bibehera/OO_Simfit_eff/CMSSW_15_0_6_patch1/lib to tarball
DEBUG 2025-10-30 19:20:09.625 UTC: 	 Checking directory /eos/home-b/bibehera/OO_Simfit_eff/CMSSW_15_0_6_patch1/biglib
DEBUG 2025-10-30 19:20:09.625 UTC: 	 Adding directory /eos/home-b/bibehera/OO_Simfit_eff/CMSSW_15_0_6_patch1/biglib to tarball
DEBUG 2025-10-30 19:20:09.628 UTC: 	 Checking directory /eos/home-b/bibehera/OO_Simfit_eff/CMSSW_15_0_6_patch1/module
DEBUG 2025-10-30 19:20:09.628 UTC: 	 Checking directory /eos/home-b/bibehera/OO_Simfit_eff/CMSSW_15_0_6_patch1/config/SCRAM/hooks
DEBUG 2025-10-30 19:20:09.632 UTC: 	 Adding directory /eos/home-b/bibehera/OO_Simfit_eff/CMSSW_15_0_6_patch1/config/SCRAM/hooks to tarball
DEBUG 2025-10-30 19:20:10.202 UTC: 	 Adding directory /eos/home-b/bibehera/OO_Simfit_eff/CMSSW_15_0_6_patch1/src/Analyzer/RaghuV0Ana/data to tarball
DEBUG 2025-10-30 19:20:11.552 UTC: 	 Adding directory /eos/home-b/bibehera/OO_Simfit_eff/CMSSW_15_0_6_patch1/src/Analyzer/RaghuV0Ana/interface to tarball
DEBUG 2025-10-30 19:20:11.623 UTC: 	 Adding directory /eos/home-b/bibehera/OO_Simfit_eff/CMSSW_15_0_6_patch1/src/Analyzer/RaghuV0Ana/python to tarball
DEBUG 2025-10-30 19:20:11.666 UTC: 	 Adding directory /eos/home-b/bibehera/OO_Simfit_eff/CMSSW_15_0_6_patch1/src/HeavyIonsAnalysis/Configuration/data to tarball
DEBUG 2025-10-30 19:20:12.346 UTC: 	 Adding directory /eos/home-b/bibehera/OO_Simfit_eff/CMSSW_15_0_6_patch1/src/HeavyIonsAnalysis/Configuration/python to tarball
DEBUG 2025-10-30 19:20:12.370 UTC: 	 Adding directory /eos/home-b/bibehera/OO_Simfit_eff/CMSSW_15_0_6_patch1/src/HeavyIonsAnalysis/EGMAnalysis/data to tarball
DEBUG 2025-10-30 19:20:12.440 UTC: 	 Adding directory /eos/home-b/bibehera/OO_Simfit_eff/CMSSW_15_0_6_patch1/src/HeavyIonsAnalysis/EGMAnalysis/interface to tarball
DEBUG 2025-10-30 19:20:12.458 UTC: 	 Adding directory /eos/home-b/bibehera/OO_Simfit_eff/CMSSW_15_0_6_patch1/src/HeavyIonsAnalysis/EGMAnalysis/python to tarball
DEBUG 2025-10-30 19:20:12.473 UTC: 	 Adding directory /eos/home-b/bibehera/OO_Simfit_eff/CMSSW_15_0_6_patch1/src/HeavyIonsAnalysis/EventAnalysis/python to tarball
DEBUG 2025-10-30 19:20:12.548 UTC: 	 Adding directory /eos/home-b/bibehera/OO_Simfit_eff/CMSSW_15_0_6_patch1/src/HeavyIonsAnalysis/JetAnalysis/interface to tarball
DEBUG 2025-10-30 19:20:12.556 UTC: 	 Adding directory /eos/home-b/bibehera/OO_Simfit_eff/CMSSW_15_0_6_patch1/src/HeavyIonsAnalysis/JetAnalysis/python to tarball
DEBUG 2025-10-30 19:20:12.593 UTC: 	 Adding directory /eos/home-b/bibehera/OO_Simfit_eff/CMSSW_15_0_6_patch1/src/HeavyIonsAnalysis/MuonAnalysis/interface to tarball
DEBUG 2025-10-30 19:20:12.603 UTC: 	 Adding directory /eos/home-b/bibehera/OO_Simfit_eff/CMSSW_15_0_6_patch1/src/HeavyIonsAnalysis/MuonAnalysis/python to tarball
DEBUG 2025-10-30 19:20:12.614 UTC: 	 Adding directory /eos/home-b/bibehera/OO_Simfit_eff/CMSSW_15_0_6_patch1/src/HeavyIonsAnalysis/TrackAnalysis/interface to tarball
DEBUG 2025-10-30 19:20:12.622 UTC: 	 Adding directory /eos/home-b/bibehera/OO_Simfit_eff/CMSSW_15_0_6_patch1/src/HeavyIonsAnalysis/TrackAnalysis/python to tarball
DEBUG 2025-10-30 19:20:12.643 UTC: 	 Adding directory /eos/home-b/bibehera/OO_Simfit_eff/CMSSW_15_0_6_patch1/src/HeavyIonsAnalysis/VertexAnalysis/python to tarball
DEBUG 2025-10-30 19:20:12.653 UTC: 	 Adding directory /eos/home-b/bibehera/OO_Simfit_eff/CMSSW_15_0_6_patch1/src/HeavyIonsAnalysis/ZDCAnalysis/python to tarball
DEBUG 2025-10-30 19:20:12.719 UTC: 	 Uploading archive /eos/home-b/bibehera/OO_Simfit_eff/CMSSW_15_0_6_patch1/src/Analyzer/RaghuV0Ana/cfg/OO_Data_MINIAOD/crab_2pc_OO_V0_IM_effcorr_cent0to50_lowpT_IP21/inputs/bb3e2a8b-348e-41ad-b72f-7a19b2eddfe6default.tgz (4.677734.1 MB) to the CRAB cache.
DEBUG 2025-10-30 19:20:13.575 UTC: 	 Encoded data for curl request: subresource=upload&objecttype=sandbox&tarballname=52e5a0a4e876140586003f5f3a7fc5911406a2d3c15795a324e34805b87aadb4.tar.gz
DEBUG 2025-10-30 19:20:13.631 UTC: 	 Will execute:
curl -f -v -X POST  -H "User-Agent: CRAB" -F "key=bibehera/sandboxes/52e5a0a4e876140586003f5f3a7fc5911406a2d3c15795a324e34805b87aadb4.tar.gz" -F "AWSAccessKeyId=715203df6482458ba839e73e6dab634b" -F "policy=eyJleHBpcmF0aW9uIjogIjIwMjUtMTAtMzBUMjA6MjA6MTNaIiwgImNvbmRpdGlvbnMiOiBbeyJidWNrZXQiOiAiY3JhYmNhY2hlX3Byb2QifSwgeyJrZXkiOiAiYmliZWhlcmEvc2FuZGJveGVzLzUyZTVhMGE0ZTg3NjE0MDU4NjAwM2Y1ZjNhN2ZjNTkxMTQwNmEyZDNjMTU3OTVhMzI0ZTM0ODA1Yjg3YWFkYjQudGFyLmd6In1dfQ==" -F "signature=frrFNe7bEWPGqYV5IDMF149giZY=" -F "file=@/eos/home-b/bibehera/OO_Simfit_eff/CMSSW_15_0_6_patch1/src/Analyzer/RaghuV0Ana/cfg/OO_Data_MINIAOD/crab_2pc_OO_V0_IM_effcorr_cent0to50_lowpT_IP21/inputs/bb3e2a8b-348e-41ad-b72f-7a19b2eddfe6default.tgz" "https://s3.cern.ch/crabcache_prod"
DEBUG 2025-10-30 19:20:14.798 UTC: 	 exitcode: 0
stdout: b''
DEBUG 2025-10-30 19:20:14.799 UTC: 	 upload to S3 of sandbox /eos/home-b/bibehera/OO_Simfit_eff/CMSSW_15_0_6_patch1/src/Analyzer/RaghuV0Ana/cfg/OO_Data_MINIAOD/crab_2pc_OO_V0_IM_effcorr_cent0to50_lowpT_IP21/inputs/bb3e2a8b-348e-41ad-b72f-7a19b2eddfe6default.tgz completed
DEBUG 2025-10-30 19:20:14.799 UTC: 	 make sure that object is ready for retrieve
DEBUG 2025-10-30 19:20:15.800 UTC: 	 Encoded data for curl request: subresource=download&objecttype=sandbox&tarballname=52e5a0a4e876140586003f5f3a7fc5911406a2d3c15795a324e34805b87aadb4.tar.gz&clientmethod=head_object
DEBUG 2025-10-30 19:20:15.838 UTC: 	 PreSignedUrl to download sandbox received OK
DEBUG 2025-10-30 19:20:15.841 UTC: 	 Will execute:
 curl -v -s -f -o /dev/null --head  "https://s3.cern.ch/crabcache_prod/bibehera/sandboxes/52e5a0a4e876140586003f5f3a7fc5911406a2d3c15795a324e34805b87aadb4.tar.gz?AWSAccessKeyId=715203df6482458ba839e73e6dab634b&Signature=pX4EEcguZ9LdH1q0m6RBqRldSB4%3D&Expires=1761855615"
DEBUG 2025-10-30 19:20:15.875 UTC: 	 exitcode: 0
stdout: b''
DEBUG 2025-10-30 19:20:15.875 UTC: 	 sandbox /eos/home-b/bibehera/OO_Simfit_eff/CMSSW_15_0_6_patch1/src/Analyzer/RaghuV0Ana/cfg/OO_Data_MINIAOD/crab_2pc_OO_V0_IM_effcorr_cent0to50_lowpT_IP21/inputs/bb3e2a8b-348e-41ad-b72f-7a19b2eddfe6default.tgz successfully uploaded to S3
DEBUG 2025-10-30 19:20:15.875 UTC: 	 Loading required information from the environment
DEBUG 2025-10-30 19:20:15.876 UTC: 	 Found CMSSW_15_0_6_patch1 for el8_amd64_gcc12 with base /eos/home-b/bibehera/OO_Simfit_eff/CMSSW_15_0_6_patch1
DEBUG 2025-10-30 19:20:15.876 UTC: 	 Making tarball in /eos/home-b/bibehera/OO_Simfit_eff/CMSSW_15_0_6_patch1/src/Analyzer/RaghuV0Ana/cfg/OO_Data_MINIAOD/crab_2pc_OO_V0_IM_effcorr_cent0to50_lowpT_IP21/inputs/debugFiles.tgz
DEBUG 2025-10-30 19:20:15.888 UTC: 	 Uploading archive /eos/home-b/bibehera/OO_Simfit_eff/CMSSW_15_0_6_patch1/src/Analyzer/RaghuV0Ana/cfg/OO_Data_MINIAOD/crab_2pc_OO_V0_IM_effcorr_cent0to50_lowpT_IP21/inputs/debugFiles.tgz (3 KB) to the CRAB cache.
DEBUG 2025-10-30 19:20:15.892 UTC: 	 Encoded data for curl request: subresource=upload&objecttype=sandbox&tarballname=3f4c88c30332d36c19b59b3168532312794c8423ccfb2fc8ba47a018b94b58de.tar.gz
DEBUG 2025-10-30 19:20:15.942 UTC: 	 Will execute:
curl -f -v -X POST  -H "User-Agent: CRAB" -F "key=bibehera/sandboxes/3f4c88c30332d36c19b59b3168532312794c8423ccfb2fc8ba47a018b94b58de.tar.gz" -F "AWSAccessKeyId=715203df6482458ba839e73e6dab634b" -F "policy=eyJleHBpcmF0aW9uIjogIjIwMjUtMTAtMzBUMjA6MjA6MTVaIiwgImNvbmRpdGlvbnMiOiBbeyJidWNrZXQiOiAiY3JhYmNhY2hlX3Byb2QifSwgeyJrZXkiOiAiYmliZWhlcmEvc2FuZGJveGVzLzNmNGM4OGMzMDMzMmQzNmMxOWI1OWIzMTY4NTMyMzEyNzk0Yzg0MjNjY2ZiMmZjOGJhNDdhMDE4Yjk0YjU4ZGUudGFyLmd6In1dfQ==" -F "signature=WrfYSZv6mQ5aVV8jGEmL7CVeLTQ=" -F "file=@/eos/home-b/bibehera/OO_Simfit_eff/CMSSW_15_0_6_patch1/src/Analyzer/RaghuV0Ana/cfg/OO_Data_MINIAOD/crab_2pc_OO_V0_IM_effcorr_cent0to50_lowpT_IP21/inputs/debugFiles.tgz" "https://s3.cern.ch/crabcache_prod"
DEBUG 2025-10-30 19:20:15.973 UTC: 	 exitcode: 0
stdout: b''
DEBUG 2025-10-30 19:20:15.973 UTC: 	 upload to S3 of sandbox /eos/home-b/bibehera/OO_Simfit_eff/CMSSW_15_0_6_patch1/src/Analyzer/RaghuV0Ana/cfg/OO_Data_MINIAOD/crab_2pc_OO_V0_IM_effcorr_cent0to50_lowpT_IP21/inputs/debugFiles.tgz completed
DEBUG 2025-10-30 19:20:15.973 UTC: 	 make sure that object is ready for retrieve
DEBUG 2025-10-30 19:20:16.974 UTC: 	 Encoded data for curl request: subresource=download&objecttype=sandbox&tarballname=3f4c88c30332d36c19b59b3168532312794c8423ccfb2fc8ba47a018b94b58de.tar.gz&clientmethod=head_object
DEBUG 2025-10-30 19:20:17.012 UTC: 	 PreSignedUrl to download sandbox received OK
DEBUG 2025-10-30 19:20:17.014 UTC: 	 Will execute:
 curl -v -s -f -o /dev/null --head  "https://s3.cern.ch/crabcache_prod/bibehera/sandboxes/3f4c88c30332d36c19b59b3168532312794c8423ccfb2fc8ba47a018b94b58de.tar.gz?AWSAccessKeyId=715203df6482458ba839e73e6dab634b&Signature=TfB7rKaGFUoXFtL498Pta%2FN0pUk%3D&Expires=1761855617"
DEBUG 2025-10-30 19:20:17.038 UTC: 	 exitcode: 0
stdout: b''
DEBUG 2025-10-30 19:20:17.038 UTC: 	 sandbox /eos/home-b/bibehera/OO_Simfit_eff/CMSSW_15_0_6_patch1/src/Analyzer/RaghuV0Ana/cfg/OO_Data_MINIAOD/crab_2pc_OO_V0_IM_effcorr_cent0to50_lowpT_IP21/inputs/debugFiles.tgz successfully uploaded to S3
DEBUG 2025-10-30 19:20:17.038 UTC: 	 Result uploading input files: 52e5a0a4e876140586003f5f3a7fc5911406a2d3c15795a324e34805b87aadb4.tar.gz 
DEBUG 2025-10-30 19:20:17.038 UTC: 	 Attaching lumi mask generated_json.json to the request
DEBUG 2025-10-30 19:20:17.038 UTC: 	 Reading lumi-mask from generated_json.json
DEBUG 2025-10-30 19:20:17.051 UTC: 	 submit() - self.configuration from WMCore.Configuration import Configuration
config = Configuration()
config.section_('General')
config.General.requestName = '2pc_OO_V0_IM_effcorr_cent0to50_lowpT_IP21'
config.General.workArea = 'OO_Data_MINIAOD'
config.General.transferLogs = True
config.General.transferOutputs = True
config.section_('JobType')
config.JobType.psetName = 'PbPb_2018_cfg.py'
config.JobType.pluginName = 'Analysis'
config.section_('Data')
config.Data.inputDataset = '/IonPhysics21/bibehera-2pc_OO_V0_IP21-ca42279dfc2dce710b3991c24f27a617/USER'
config.Data.totalUnits = -1
config.Data.outLFNDirBase = '/store/user/bibehera/'
config.Data.inputDBS = 'phys03'
config.Data.publication = False
config.Data.splitting = 'LumiBased'
config.Data.outputDatasetTag = '2pc_OO_V0_IM_effcorr_cent0to50_lowpT_IP21'
config.Data.lumiMask = 'generated_json.json'
config.Data.secondaryInputDataset = '/IonPhysics21/OORun2025-PromptReco-v1/MINIAOD'
config.Data.unitsPerJob = 3
config.section_('Site')
config.Site.storageSite = 'T3_CH_CERNBOX'
config.section_('User')
config.section_('Debug')

DEBUG 2025-10-30 19:20:17.051 UTC: 	 submit() - self.configreq {'dryrun': 0, 'workflow': 'crab_2pc_OO_V0_IM_effcorr_cent0to50_lowpT_IP21', 'saveoutput': 1, 'savelogsflag': 1, 'inputdata': '/IonPhysics21/bibehera-2pc_OO_V0_IP21-ca42279dfc2dce710b3991c24f27a617/USER', 'nonvaliddata': 0, 'userfiles': [], 'dbsurl': 'https://cmsweb.cern.ch/dbs/prod/phys03/DBSReader', 'useparent': 0, 'secondarydata': '/IonPhysics21/OORun2025-PromptReco-v1/MINIAOD', 'ignorelocality': 0, 'splitalgo': 'LumiBased', 'algoargs': 3, 'totalunits': -1, 'lfn': '/store/user/bibehera/', 'publication': 0, 'publishdbsurl': 'https://cmsweb.cern.ch/dbs/prod/phys03/DBSWriter', 'publishname2': '2pc_OO_V0_IM_effcorr_cent0to50_lowpT_IP21', 'jobtype': 'Analysis', 'generator': 'pythia', 'addoutputfiles': [], 'maxjobruntime': 1250, 'numcores': 1, 'maxmemory': 2000, 'priority': 10, 'nonprodsw': 0, 'asyncdest': 'T3_CH_CERNBOX', 'requireaccelerator': 0, 'oneEventMode': 0, 'extrajdl': [], 'ignoreglobalblacklist': 0, 'partialdataset': 0, 'inputblocks': []}
DEBUG 2025-10-30 19:20:17.051 UTC: 	 submit() - jobconfig {'addoutputfiles': [], 'tfileoutfiles': ['V0_test_IM_lowpT.root'], 'edmoutfiles': [], 'jobarch': 'el8_amd64_gcc12', 'jobminuarch': 'x86-64-v3', 'jobsw': 'CMSSW_15_0_6_patch1', 'inputdata': '/IonPhysics21/bibehera-2pc_OO_V0_IP21-ca42279dfc2dce710b3991c24f27a617/USER', 'cachefilename': '52e5a0a4e876140586003f5f3a7fc5911406a2d3c15795a324e34805b87aadb4.tar.gz', 'debugfilename': '3f4c88c30332d36c19b59b3168532312794c8423ccfb2fc8ba47a018b94b58de.tar.gz', 'runs': ['394153', '394154', '394169', '394175', '394183', '394184', '394185', '394186', '394187', '394188', '394189', '394204', '394209', '394217'], 'lumis': ['40,169', '1,886', '39,997', '47,988', '15,239', '1,667', '1,3', '1,15', '1,1', '1,107', '1,72', '38,932', '23,1209', '41,838'], 'jobtype': 'Analysis'}
INFO 2025-10-30 19:20:17.051 UTC: 	 Sending the request to the server at cmsweb.cern.ch
DEBUG 2025-10-30 19:20:17.052 UTC: 	 Submitting {'dryrun': 0, 'workflow': 'crab_2pc_OO_V0_IM_effcorr_cent0to50_lowpT_IP21', 'saveoutput': 1, 'savelogsflag': 1, 'inputdata': '/IonPhysics21/bibehera-2pc_OO_V0_IP21-ca42279dfc2dce710b3991c24f27a617/USER', 'nonvaliddata': 0, 'userfiles': [], 'dbsurl': 'https://cmsweb.cern.ch/dbs/prod/phys03/DBSReader', 'useparent': 0, 'secondarydata': '/IonPhysics21/OORun2025-PromptReco-v1/MINIAOD', 'ignorelocality': 0, 'splitalgo': 'LumiBased', 'algoargs': 3, 'totalunits': -1, 'lfn': '/store/user/bibehera/', 'publication': 0, 'publishdbsurl': 'https://cmsweb.cern.ch/dbs/prod/phys03/DBSWriter', 'publishname2': '2pc_OO_V0_IM_effcorr_cent0to50_lowpT_IP21', 'jobtype': 'Analysis', 'generator': 'pythia', 'addoutputfiles': [], 'maxjobruntime': 1250, 'numcores': 1, 'maxmemory': 2000, 'priority': 10, 'nonprodsw': 0, 'asyncdest': 'T3_CH_CERNBOX', 'requireaccelerator': 0, 'oneEventMode': 0, 'extrajdl': [], 'ignoreglobalblacklist': 0, 'partialdataset': 0, 'inputblocks': [], 'tfileoutfiles': ['V0_test_IM_lowpT.root'], 'edmoutfiles': [], 'jobarch': 'el8_amd64_gcc12', 'jobminuarch': 'x86-64-v3', 'jobsw': 'CMSSW_15_0_6_patch1', 'cachefilename': '52e5a0a4e876140586003f5f3a7fc5911406a2d3c15795a324e34805b87aadb4.tar.gz', 'debugfilename': '3f4c88c30332d36c19b59b3168532312794c8423ccfb2fc8ba47a018b94b58de.tar.gz', 'runs': ['394153', '394154', '394169', '394175', '394183', '394184', '394185', '394186', '394187', '394188', '394189', '394204', '394209', '394217'], 'lumis': ['40,169', '1,886', '39,997', '47,988', '15,239', '1,667', '1,3', '1,15', '1,1', '1,107', '1,72', '38,932', '23,1209', '41,838']} 
DEBUG 2025-10-30 19:20:17.052 UTC: 	 Encoded data for curl request: dryrun=0&workflow=crab_2pc_OO_V0_IM_effcorr_cent0to50_lowpT_IP21&saveoutput=1&savelogsflag=1&inputdata=%2FIonPhysics21%2Fbibehera-2pc_OO_V0_IP21-ca42279dfc2dce710b3991c24f27a617%2FUSER&nonvaliddata=0&dbsurl=https%3A%2F%2Fcmsweb.cern.ch%2Fdbs%2Fprod%2Fphys03%2FDBSReader&useparent=0&secondarydata=%2FIonPhysics21%2FOORun2025-PromptReco-v1%2FMINIAOD&ignorelocality=0&splitalgo=LumiBased&algoargs=3&totalunits=-1&lfn=%2Fstore%2Fuser%2Fbibehera%2F&publication=0&publishdbsurl=https%3A%2F%2Fcmsweb.cern.ch%2Fdbs%2Fprod%2Fphys03%2FDBSWriter&publishname2=2pc_OO_V0_IM_effcorr_cent0to50_lowpT_IP21&jobtype=Analysis&generator=pythia&maxjobruntime=1250&numcores=1&maxmemory=2000&priority=10&nonprodsw=0&asyncdest=T3_CH_CERNBOX&requireaccelerator=0&oneEventMode=0&ignoreglobalblacklist=0&partialdataset=0&jobarch=el8_amd64_gcc12&jobminuarch=x86-64-v3&jobsw=CMSSW_15_0_6_patch1&cachefilename=52e5a0a4e876140586003f5f3a7fc5911406a2d3c15795a324e34805b87aadb4.tar.gz&debugfilename=3f4c88c30332d36c19b59b3168532312794c8423ccfb2fc8ba47a018b94b58de.tar.gz&tfileoutfiles=V0_test_IM_lowpT.root&runs=394153&runs=394154&runs=394169&runs=394175&runs=394183&runs=394184&runs=394185&runs=394186&runs=394187&runs=394188&runs=394189&runs=394204&runs=394209&runs=394217&lumis=40%2C169&lumis=1%2C886&lumis=39%2C997&lumis=47%2C988&lumis=15%2C239&lumis=1%2C667&lumis=1%2C3&lumis=1%2C15&lumis=1%2C1&lumis=1%2C107&lumis=1%2C72&lumis=38%2C932&lumis=23%2C1209&lumis=41%2C838
DEBUG 2025-10-30 19:20:17.112 UTC: 	 Result: {'result': [{'RequestName': '251030_192017:bibehera_crab_2pc_OO_V0_IM_effcorr_cent0to50_lowpT_IP21'}]}
INFO 2025-10-30 19:20:17.120 UTC: 	 Success: Your task has been delivered to the prod CRAB3 server.
INFO 2025-10-30 19:20:17.120 UTC: 	 Task name: 251030_192017:bibehera_crab_2pc_OO_V0_IM_effcorr_cent0to50_lowpT_IP21
INFO 2025-10-30 19:20:17.120 UTC: 	 Project dir: OO_Data_MINIAOD/crab_2pc_OO_V0_IM_effcorr_cent0to50_lowpT_IP21
INFO 2025-10-30 19:20:17.120 UTC: 	 Please use ' crab status -d OO_Data_MINIAOD/crab_2pc_OO_V0_IM_effcorr_cent0to50_lowpT_IP21 ' to check how the submission process proceeds.
DEBUG 2025-10-30 19:20:17.120 UTC: 	 About to return
INFO 2025-10-30 19:20:17.166 UTC: 	 Log file is /eos/home-b/bibehera/OO_Simfit_eff/CMSSW_15_0_6_patch1/src/Analyzer/RaghuV0Ana/cfg/OO_Data_MINIAOD/crab_2pc_OO_V0_IM_effcorr_cent0to50_lowpT_IP21/crab.log
