DEBUG 2025-09-23 19:25:27.132 UTC: 	 CRAB Client version: v3.250820
DEBUG 2025-09-23 19:25:27.133 UTC: 	 Running on: Linux lxplus802.cern.ch 4.18.0-553.70.1.el8_10.x86_64 #1 SMP Tue Aug 12 13:09:16 EDT 2025 x86_64 x86_64 x86_64 GNU/Linux
DEBUG 2025-09-23 19:25:27.133 UTC: 	 Not using Singularity
DEBUG 2025-09-23 19:25:27.133 UTC: 	 Operating System: Red Hat Enterprise Linux 8.10 (Ootpa)
DEBUG 2025-09-23 19:25:27.133 UTC: 	 Executing command: 'submit'
DEBUG 2025-09-23 19:25:27.133 UTC: 	 Found CRAB cache file /afs/cern.ch/user/b/bibehera/.crab3
INFO 2025-09-23 19:25:27.133 UTC: 	 Will use CRAB configuration file crab_config2.py
DEBUG 2025-09-23 19:25:27.134 UTC: 	 Loading CRAB configuration file.
DEBUG 2025-09-23 19:25:27.142 UTC: 	 Overriden parameter General.requestName with '2pc_OO_V0_SpecEff1_IP19'
DEBUG 2025-09-23 19:25:27.142 UTC: 	 Overriden parameter Data.inputDataset with '/IonPhysics19/bibehera-2pc_OO_V0_IP19-ca42279dfc2dce710b3991c24f27a617/USER'
DEBUG 2025-09-23 19:25:27.142 UTC: 	 Overriden parameter Data.secondaryInputDataset with '/IonPhysics19/OORun2025-PromptReco-v1/MINIAOD'
DEBUG 2025-09-23 19:25:27.142 UTC: 	 Overriden parameter Data.outputDatasetTag with '2pc_OO_V0_SpecEff1_IP19'
DEBUG 2025-09-23 19:25:27.142 UTC: 	 Will use CRAB plugin ANALYSIS (i.e. will run an analysis job type).
DEBUG 2025-09-23 19:25:27.153 UTC: 	 Checking credentials
DEBUG 2025-09-23 19:25:27.153 UTC: 	 Found proxy file /tmp/x509up_u177753
DEBUG 2025-09-23 19:25:27.153 UTC: 	 Making sure it has proper VOMS extension
DEBUG 2025-09-23 19:25:27.153 UTC: 	 Executing command :
 voms-proxy-info --vo --file /tmp/x509up_u177753
DEBUG 2025-09-23 19:25:27.175 UTC: 	 output : cms

 error: 
 retcode : 0
DEBUG 2025-09-23 19:25:27.176 UTC: 	 Getting proxy life time left
DEBUG 2025-09-23 19:25:27.176 UTC: 	 Executing command :
 voms-proxy-info --actimeleft --timeleft --file /tmp/x509up_u177753
DEBUG 2025-09-23 19:25:27.197 UTC: 	 output : 41621
41621

 error: 
 retcode : 0
DEBUG 2025-09-23 19:25:27.197 UTC: 	 Proxy valid for 11:33:41 hours
DEBUG 2025-09-23 19:25:27.197 UTC: 	 Encoded data for curl request: subresource=delegatedn
DEBUG 2025-09-23 19:25:27.233 UTC: 	 Registering user credentials on myproxy for /DC=ch/DC=cern/OU=computers/CN=crab-(preprod|prod)-tw(01|02).cern.ch|/DC=ch/DC=cern/OU=computers/CN=crab-dev-tw(01|02|03|04).cern.ch|/DC=ch/DC=cern/OU=Organic Units/OU=Users/CN=cmscrab/CN=(817881|373708)/CN=Robot: cms crab|/DC=ch/DC=cern/OU=Organic Units/OU=Users/CN=crabint1/CN=373708/CN=Robot: CMS CRAB Integration 1
DEBUG 2025-09-23 19:25:27.233 UTC: 	 Executing command :
 voms-proxy-info --identity --file /tmp/x509up_u177753
DEBUG 2025-09-23 19:25:27.254 UTC: 	 output : /DC=ch/DC=cern/OU=Organic Units/OU=Users/CN=bibehera/CN=882295/CN=Bismita Behera

 error: 
 retcode : 0
DEBUG 2025-09-23 19:25:27.255 UTC: 	 Getting myproxy life time left for bfbdf12a5670e45fdd055ff115afbb0f25b8a072
DEBUG 2025-09-23 19:25:27.255 UTC: 	 Executing command :
 myproxy-info -s myproxy.cern.ch -l bfbdf12a5670e45fdd055ff115afbb0f25b8a072
DEBUG 2025-09-23 19:25:27.520 UTC: 	 output : username: bfbdf12a5670e45fdd055ff115afbb0f25b8a072
owner: /DC=ch/DC=cern/OU=Organic Units/OU=Users/CN=bibehera/CN=882295/CN=Bismita Behera
  renewal policy: /DC=ch/DC=cern/OU=computers/CN=crab-(preprod|prod)-tw(01|02).cern.ch|/DC=ch/DC=cern/OU=computers/CN=crab-dev-tw(01|02|03|04).cern.ch|/DC=ch/DC=cern/OU=Organic Units/OU=Users/CN=cmscrab/CN=(817881|373708)/CN=Robot: cms crab|/DC=ch/DC=cern/OU=Organic Units/OU=Users/CN=crabint1/CN=373708/CN=Robot: CMS CRAB Integration 1
  trusted retrieval policy: /DC=ch/DC=cern/OU=computers/CN=crab-(preprod|prod)-tw(01|02).cern.ch|/DC=ch/DC=cern/OU=computers/CN=crab-dev-tw(01|02|03|04).cern.ch|/DC=ch/DC=cern/OU=Organic Units/OU=Users/CN=cmscrab/CN=(817881|373708)/CN=Robot: cms crab|/DC=ch/DC=cern/OU=Organic Units/OU=Users/CN=crabint1/CN=373708/CN=Robot: CMS CRAB Integration 1
  timeleft: 433:33:26  (18.1 days)

 error: 
 retcode : 0
DEBUG 2025-09-23 19:25:27.520 UTC: 	 Myproxy is valid: 1560780
DEBUG 2025-09-23 19:25:27.521 UTC: 	 Result of myproxy credential check:
  Credential exists on myproxy: username: bfbdf12a5670e45fdd055ff115afbb0f25b8a072  - validity: 18 days, 1:33:00
DEBUG 2025-09-23 19:25:27.521 UTC: 	 Command use: submit
DEBUG 2025-09-23 19:25:27.521 UTC: 	 Options use: ['-c', 'crab_config2.py', 'General.requestName=2pc_OO_V0_SpecEff1_IP19', 'Data.inputDataset=/IonPhysics19/bibehera-2pc_OO_V0_IP19-ca42279dfc2dce710b3991c24f27a617/USER', 'Data.secondaryInputDataset=/IonPhysics19/OORun2025-PromptReco-v1/MINIAOD', 'Data.outputDatasetTag=2pc_OO_V0_SpecEff1_IP19']
DEBUG 2025-09-23 19:25:27.521 UTC: 	 Encoded data for curl request: subresource=version
DEBUG 2025-09-23 19:25:27.558 UTC: 	 CRABClient version: v3.250820
DEBUG 2025-09-23 19:25:27.558 UTC: 	 Instance is prod
DEBUG 2025-09-23 19:25:27.558 UTC: 	 Server base url is cmsweb.cern.ch
DEBUG 2025-09-23 19:25:27.558 UTC: 	 Command api workflow
DEBUG 2025-09-23 19:25:27.558 UTC: 	 Started submission
DEBUG 2025-09-23 19:25:27.558 UTC: 	 Working on /eos/home-b/bibehera/OO_Simfit_eff/CMSSW_15_0_6_patch1/src/Analyzer/RaghuV0Ana/cfg/OO_Data_MINIAOD/crab_2pc_OO_V0_SpecEff1_IP19
DEBUG 2025-09-23 19:25:27.558 UTC: 	 Encoded data for curl request: subresource=backendurls
DEBUG 2025-09-23 19:25:27.619 UTC: 	 Loading required information from the environment
DEBUG 2025-09-23 19:25:27.619 UTC: 	 Found CMSSW_15_0_6_patch1 for el8_amd64_gcc12 with base /eos/home-b/bibehera/OO_Simfit_eff/CMSSW_15_0_6_patch1
DEBUG 2025-09-23 19:25:27.619 UTC: 	 Loading required information from the environment
DEBUG 2025-09-23 19:25:27.619 UTC: 	 Found CMSSW_15_0_6_patch1 for el8_amd64_gcc12 with base /eos/home-b/bibehera/OO_Simfit_eff/CMSSW_15_0_6_patch1
DEBUG 2025-09-23 19:25:27.619 UTC: 	 UNIQUE NAME: tarUUID 47617ce2-8398-45ac-a2e4-e89a9c98fa7c 
DEBUG 2025-09-23 19:25:27.619 UTC: 	 self.config: from WMCore.Configuration import Configuration
config = Configuration()
config.section_('General')
config.General.requestName = '2pc_OO_V0_SpecEff1_IP19'
config.General.transferOutputs = True
config.General.workArea = 'OO_Data_MINIAOD'
config.General.transferLogs = True
config.section_('JobType')
config.JobType.psetName = 'PbPb_2018_cfg.py'
config.JobType.pluginName = 'Analysis'
config.section_('Data')
config.Data.totalUnits = -1
config.Data.publication = False
config.Data.outputDatasetTag = '2pc_OO_V0_SpecEff1_IP19'
config.Data.splitting = 'LumiBased'
config.Data.lumiMask = 'generated_json.json'
config.Data.inputDataset = '/IonPhysics19/bibehera-2pc_OO_V0_IP19-ca42279dfc2dce710b3991c24f27a617/USER'
config.Data.inputDBS = 'phys03'
config.Data.secondaryInputDataset = '/IonPhysics19/OORun2025-PromptReco-v1/MINIAOD'
config.Data.outLFNDirBase = '/store/user/bibehera/'
config.Data.unitsPerJob = 3
config.section_('Site')
config.Site.storageSite = 'T3_CH_CERNBOX'
config.section_('User')
config.section_('Debug')

DEBUG 2025-09-23 19:25:27.619 UTC: 	 self.config.JobType.psetName: PbPb_2018_cfg.py
INFO 2025-09-23 19:25:27.620 UTC: 	 Importing CMSSW configuration PbPb_2018_cfg.py
INFO 2025-09-23 19:25:28.638 UTC: 	 Finished importing CMSSW configuration PbPb_2018_cfg.py
DEBUG 2025-09-23 19:25:28.639 UTC: 	 Writing CMSSW configuration to /eos/home-b/bibehera/OO_Simfit_eff/CMSSW_15_0_6_patch1/src/Analyzer/RaghuV0Ana/cfg/OO_Data_MINIAOD/crab_2pc_OO_V0_SpecEff1_IP19/inputs/PSet.py
DEBUG 2025-09-23 19:25:28.779 UTC: 	 The following EDM output files will be collected: []
DEBUG 2025-09-23 19:25:28.780 UTC: 	 The following TFile output files will be collected: ['V0_test_IM.root']
DEBUG 2025-09-23 19:25:28.780 UTC: 	 The following user output files (not listed as PoolOuputModule or TFileService in the CMSSW PSet) will be collected: 
DEBUG 2025-09-23 19:25:28.780 UTC: 	 Loading required information from the environment
DEBUG 2025-09-23 19:25:28.780 UTC: 	 Found CMSSW_15_0_6_patch1 for el8_amd64_gcc12 with base /eos/home-b/bibehera/OO_Simfit_eff/CMSSW_15_0_6_patch1
DEBUG 2025-09-23 19:25:28.780 UTC: 	 Making tarball in /eos/home-b/bibehera/OO_Simfit_eff/CMSSW_15_0_6_patch1/src/Analyzer/RaghuV0Ana/cfg/OO_Data_MINIAOD/crab_2pc_OO_V0_SpecEff1_IP19/inputs/47617ce2-8398-45ac-a2e4-e89a9c98fa7cdefault.tgz
DEBUG 2025-09-23 19:25:28.790 UTC: 	 Checking directory /eos/home-b/bibehera/OO_Simfit_eff/CMSSW_15_0_6_patch1/bin
DEBUG 2025-09-23 19:25:28.790 UTC: 	 Adding directory /eos/home-b/bibehera/OO_Simfit_eff/CMSSW_15_0_6_patch1/bin to tarball
DEBUG 2025-09-23 19:25:28.794 UTC: 	 Checking directory /eos/home-b/bibehera/OO_Simfit_eff/CMSSW_15_0_6_patch1/python
DEBUG 2025-09-23 19:25:28.794 UTC: 	 Adding directory /eos/home-b/bibehera/OO_Simfit_eff/CMSSW_15_0_6_patch1/python to tarball
DEBUG 2025-09-23 19:25:28.839 UTC: 	 Checking directory /eos/home-b/bibehera/OO_Simfit_eff/CMSSW_15_0_6_patch1/cfipython
DEBUG 2025-09-23 19:25:28.839 UTC: 	 Adding directory /eos/home-b/bibehera/OO_Simfit_eff/CMSSW_15_0_6_patch1/cfipython to tarball
DEBUG 2025-09-23 19:25:28.950 UTC: 	 Checking directory /eos/home-b/bibehera/OO_Simfit_eff/CMSSW_15_0_6_patch1/lib
DEBUG 2025-09-23 19:25:28.950 UTC: 	 Adding directory /eos/home-b/bibehera/OO_Simfit_eff/CMSSW_15_0_6_patch1/lib to tarball
DEBUG 2025-09-23 19:25:29.138 UTC: 	 Checking directory /eos/home-b/bibehera/OO_Simfit_eff/CMSSW_15_0_6_patch1/biglib
DEBUG 2025-09-23 19:25:29.138 UTC: 	 Adding directory /eos/home-b/bibehera/OO_Simfit_eff/CMSSW_15_0_6_patch1/biglib to tarball
DEBUG 2025-09-23 19:25:29.140 UTC: 	 Checking directory /eos/home-b/bibehera/OO_Simfit_eff/CMSSW_15_0_6_patch1/module
DEBUG 2025-09-23 19:25:29.140 UTC: 	 Checking directory /eos/home-b/bibehera/OO_Simfit_eff/CMSSW_15_0_6_patch1/config/SCRAM/hooks
DEBUG 2025-09-23 19:25:29.141 UTC: 	 Adding directory /eos/home-b/bibehera/OO_Simfit_eff/CMSSW_15_0_6_patch1/config/SCRAM/hooks to tarball
DEBUG 2025-09-23 19:25:29.331 UTC: 	 Adding directory /eos/home-b/bibehera/OO_Simfit_eff/CMSSW_15_0_6_patch1/src/Analyzer/RaghuV0Ana/data to tarball
DEBUG 2025-09-23 19:25:29.782 UTC: 	 Adding directory /eos/home-b/bibehera/OO_Simfit_eff/CMSSW_15_0_6_patch1/src/Analyzer/RaghuV0Ana/interface to tarball
DEBUG 2025-09-23 19:25:29.788 UTC: 	 Adding directory /eos/home-b/bibehera/OO_Simfit_eff/CMSSW_15_0_6_patch1/src/Analyzer/RaghuV0Ana/python to tarball
DEBUG 2025-09-23 19:25:29.797 UTC: 	 Adding directory /eos/home-b/bibehera/OO_Simfit_eff/CMSSW_15_0_6_patch1/src/HeavyIonsAnalysis/Configuration/data to tarball
DEBUG 2025-09-23 19:25:30.115 UTC: 	 Adding directory /eos/home-b/bibehera/OO_Simfit_eff/CMSSW_15_0_6_patch1/src/HeavyIonsAnalysis/Configuration/python to tarball
DEBUG 2025-09-23 19:25:30.144 UTC: 	 Adding directory /eos/home-b/bibehera/OO_Simfit_eff/CMSSW_15_0_6_patch1/src/HeavyIonsAnalysis/EGMAnalysis/data to tarball
DEBUG 2025-09-23 19:25:30.149 UTC: 	 Adding directory /eos/home-b/bibehera/OO_Simfit_eff/CMSSW_15_0_6_patch1/src/HeavyIonsAnalysis/EGMAnalysis/interface to tarball
DEBUG 2025-09-23 19:25:30.153 UTC: 	 Adding directory /eos/home-b/bibehera/OO_Simfit_eff/CMSSW_15_0_6_patch1/src/HeavyIonsAnalysis/EGMAnalysis/python to tarball
DEBUG 2025-09-23 19:25:30.162 UTC: 	 Adding directory /eos/home-b/bibehera/OO_Simfit_eff/CMSSW_15_0_6_patch1/src/HeavyIonsAnalysis/EventAnalysis/python to tarball
DEBUG 2025-09-23 19:25:30.240 UTC: 	 Adding directory /eos/home-b/bibehera/OO_Simfit_eff/CMSSW_15_0_6_patch1/src/HeavyIonsAnalysis/JetAnalysis/interface to tarball
DEBUG 2025-09-23 19:25:30.245 UTC: 	 Adding directory /eos/home-b/bibehera/OO_Simfit_eff/CMSSW_15_0_6_patch1/src/HeavyIonsAnalysis/JetAnalysis/python to tarball
DEBUG 2025-09-23 19:25:30.278 UTC: 	 Adding directory /eos/home-b/bibehera/OO_Simfit_eff/CMSSW_15_0_6_patch1/src/HeavyIonsAnalysis/MuonAnalysis/interface to tarball
DEBUG 2025-09-23 19:25:30.282 UTC: 	 Adding directory /eos/home-b/bibehera/OO_Simfit_eff/CMSSW_15_0_6_patch1/src/HeavyIonsAnalysis/MuonAnalysis/python to tarball
DEBUG 2025-09-23 19:25:30.290 UTC: 	 Adding directory /eos/home-b/bibehera/OO_Simfit_eff/CMSSW_15_0_6_patch1/src/HeavyIonsAnalysis/TrackAnalysis/interface to tarball
DEBUG 2025-09-23 19:25:30.293 UTC: 	 Adding directory /eos/home-b/bibehera/OO_Simfit_eff/CMSSW_15_0_6_patch1/src/HeavyIonsAnalysis/TrackAnalysis/python to tarball
DEBUG 2025-09-23 19:25:30.313 UTC: 	 Adding directory /eos/home-b/bibehera/OO_Simfit_eff/CMSSW_15_0_6_patch1/src/HeavyIonsAnalysis/VertexAnalysis/python to tarball
DEBUG 2025-09-23 19:25:30.319 UTC: 	 Adding directory /eos/home-b/bibehera/OO_Simfit_eff/CMSSW_15_0_6_patch1/src/HeavyIonsAnalysis/ZDCAnalysis/python to tarball
DEBUG 2025-09-23 19:25:30.379 UTC: 	 Uploading archive /eos/home-b/bibehera/OO_Simfit_eff/CMSSW_15_0_6_patch1/src/Analyzer/RaghuV0Ana/cfg/OO_Data_MINIAOD/crab_2pc_OO_V0_SpecEff1_IP19/inputs/47617ce2-8398-45ac-a2e4-e89a9c98fa7cdefault.tgz (3.925781.1 MB) to the CRAB cache. Using URI https://cmsweb.cern.ch/S3/crabcache_prod
DEBUG 2025-09-23 19:25:31.242 UTC: 	 Encoded data for curl request: subresource=upload&objecttype=sandbox&tarballname=7ada19f9d3eb0a4750b0ee007522d3ea81741e56a82b8f3196efabd4389421c4.tar.gz
DEBUG 2025-09-23 19:25:31.296 UTC: 	 sandbox 7ada19f9d3eb0a4750b0ee007522d3ea81741e56a82b8f3196efabd4389421c4.tar.gz is already in the S3 store, will not upload again
DEBUG 2025-09-23 19:25:31.296 UTC: 	 Loading required information from the environment
DEBUG 2025-09-23 19:25:31.296 UTC: 	 Found CMSSW_15_0_6_patch1 for el8_amd64_gcc12 with base /eos/home-b/bibehera/OO_Simfit_eff/CMSSW_15_0_6_patch1
DEBUG 2025-09-23 19:25:31.296 UTC: 	 Making tarball in /eos/home-b/bibehera/OO_Simfit_eff/CMSSW_15_0_6_patch1/src/Analyzer/RaghuV0Ana/cfg/OO_Data_MINIAOD/crab_2pc_OO_V0_SpecEff1_IP19/inputs/debugFiles.tgz
DEBUG 2025-09-23 19:25:31.357 UTC: 	 Uploading archive /eos/home-b/bibehera/OO_Simfit_eff/CMSSW_15_0_6_patch1/src/Analyzer/RaghuV0Ana/cfg/OO_Data_MINIAOD/crab_2pc_OO_V0_SpecEff1_IP19/inputs/debugFiles.tgz (3 KB) to the CRAB cache. Using URI https://cmsweb.cern.ch/S3/crabcache_prod
DEBUG 2025-09-23 19:25:31.362 UTC: 	 Encoded data for curl request: subresource=upload&objecttype=sandbox&tarballname=bf8b5bc6570e12cf8f59b162e5cdb32eeaf5d62ee11e60e1d19c45c6efca84ad.tar.gz
DEBUG 2025-09-23 19:25:31.410 UTC: 	 Will execute:
curl -f -v -X POST  -H "User-Agent: CRAB" -F "key=bibehera/sandboxes/bf8b5bc6570e12cf8f59b162e5cdb32eeaf5d62ee11e60e1d19c45c6efca84ad.tar.gz" -F "AWSAccessKeyId=715203df6482458ba839e73e6dab634b" -F "policy=eyJleHBpcmF0aW9uIjogIjIwMjUtMDktMjNUMjA6MjU6MzFaIiwgImNvbmRpdGlvbnMiOiBbeyJidWNrZXQiOiAiY3JhYmNhY2hlX3Byb2QifSwgeyJrZXkiOiAiYmliZWhlcmEvc2FuZGJveGVzL2JmOGI1YmM2NTcwZTEyY2Y4ZjU5YjE2MmU1Y2RiMzJlZWFmNWQ2MmVlMTFlNjBlMWQxOWM0NWM2ZWZjYTg0YWQudGFyLmd6In1dfQ==" -F "signature=JJEC+ihVJj43GC+O//N0bhQHFSc=" -F "file=@/eos/home-b/bibehera/OO_Simfit_eff/CMSSW_15_0_6_patch1/src/Analyzer/RaghuV0Ana/cfg/OO_Data_MINIAOD/crab_2pc_OO_V0_SpecEff1_IP19/inputs/debugFiles.tgz" "https://s3.cern.ch/crabcache_prod"
DEBUG 2025-09-23 19:25:31.443 UTC: 	 exitcode: 0
stdout: b''
DEBUG 2025-09-23 19:25:31.443 UTC: 	 upload to S3 of sandbox /eos/home-b/bibehera/OO_Simfit_eff/CMSSW_15_0_6_patch1/src/Analyzer/RaghuV0Ana/cfg/OO_Data_MINIAOD/crab_2pc_OO_V0_SpecEff1_IP19/inputs/debugFiles.tgz completed
DEBUG 2025-09-23 19:25:31.443 UTC: 	 make sure that object is ready for retrieve
DEBUG 2025-09-23 19:25:32.444 UTC: 	 Encoded data for curl request: subresource=download&objecttype=sandbox&tarballname=bf8b5bc6570e12cf8f59b162e5cdb32eeaf5d62ee11e60e1d19c45c6efca84ad.tar.gz&clientmethod=head_object
DEBUG 2025-09-23 19:25:32.483 UTC: 	 PreSignedUrl to download sandbox received OK
DEBUG 2025-09-23 19:25:32.486 UTC: 	 Will execute:
 curl -v -s -f -o /dev/null --head  "https://s3.cern.ch/crabcache_prod/bibehera/sandboxes/bf8b5bc6570e12cf8f59b162e5cdb32eeaf5d62ee11e60e1d19c45c6efca84ad.tar.gz?AWSAccessKeyId=715203df6482458ba839e73e6dab634b&Signature=26HO3qpigFTZDfRMts%2F131gSvWI%3D&Expires=1758659132"
DEBUG 2025-09-23 19:25:32.513 UTC: 	 exitcode: 0
stdout: b''
DEBUG 2025-09-23 19:25:32.513 UTC: 	 sandbox /eos/home-b/bibehera/OO_Simfit_eff/CMSSW_15_0_6_patch1/src/Analyzer/RaghuV0Ana/cfg/OO_Data_MINIAOD/crab_2pc_OO_V0_SpecEff1_IP19/inputs/debugFiles.tgz successfully uploaded to S3
DEBUG 2025-09-23 19:25:32.514 UTC: 	 Result uploading input files: 7ada19f9d3eb0a4750b0ee007522d3ea81741e56a82b8f3196efabd4389421c4.tar.gz 
DEBUG 2025-09-23 19:25:32.514 UTC: 	 Attaching lumi mask generated_json.json to the request
DEBUG 2025-09-23 19:25:32.514 UTC: 	 Reading lumi-mask from generated_json.json
DEBUG 2025-09-23 19:25:32.515 UTC: 	 submit() - self.configuration from WMCore.Configuration import Configuration
config = Configuration()
config.section_('General')
config.General.requestName = '2pc_OO_V0_SpecEff1_IP19'
config.General.transferOutputs = True
config.General.workArea = 'OO_Data_MINIAOD'
config.General.transferLogs = True
config.section_('JobType')
config.JobType.psetName = 'PbPb_2018_cfg.py'
config.JobType.pluginName = 'Analysis'
config.section_('Data')
config.Data.totalUnits = -1
config.Data.publication = False
config.Data.outputDatasetTag = '2pc_OO_V0_SpecEff1_IP19'
config.Data.splitting = 'LumiBased'
config.Data.lumiMask = 'generated_json.json'
config.Data.inputDataset = '/IonPhysics19/bibehera-2pc_OO_V0_IP19-ca42279dfc2dce710b3991c24f27a617/USER'
config.Data.inputDBS = 'phys03'
config.Data.secondaryInputDataset = '/IonPhysics19/OORun2025-PromptReco-v1/MINIAOD'
config.Data.outLFNDirBase = '/store/user/bibehera/'
config.Data.unitsPerJob = 3
config.section_('Site')
config.Site.storageSite = 'T3_CH_CERNBOX'
config.section_('User')
config.section_('Debug')

DEBUG 2025-09-23 19:25:32.516 UTC: 	 submit() - self.configreq {'dryrun': 0, 'workflow': 'crab_2pc_OO_V0_SpecEff1_IP19', 'saveoutput': 1, 'savelogsflag': 1, 'inputdata': '/IonPhysics19/bibehera-2pc_OO_V0_IP19-ca42279dfc2dce710b3991c24f27a617/USER', 'nonvaliddata': 0, 'userfiles': [], 'dbsurl': 'https://cmsweb.cern.ch/dbs/prod/phys03/DBSReader', 'useparent': 0, 'secondarydata': '/IonPhysics19/OORun2025-PromptReco-v1/MINIAOD', 'ignorelocality': 0, 'splitalgo': 'LumiBased', 'algoargs': 3, 'totalunits': -1, 'lfn': '/store/user/bibehera/', 'publication': 0, 'publishdbsurl': 'https://cmsweb.cern.ch/dbs/prod/phys03/DBSWriter', 'publishname2': '2pc_OO_V0_SpecEff1_IP19', 'jobtype': 'Analysis', 'generator': 'pythia', 'addoutputfiles': [], 'maxjobruntime': 1250, 'numcores': 1, 'maxmemory': 2000, 'priority': 10, 'nonprodsw': 0, 'asyncdest': 'T3_CH_CERNBOX', 'requireaccelerator': 0, 'oneEventMode': 0, 'extrajdl': [], 'ignoreglobalblacklist': 0, 'partialdataset': 0, 'inputblocks': []}
DEBUG 2025-09-23 19:25:32.516 UTC: 	 submit() - jobconfig {'addoutputfiles': [], 'tfileoutfiles': ['V0_test_IM.root'], 'edmoutfiles': [], 'jobarch': 'el8_amd64_gcc12', 'jobminuarch': 'x86-64-v3', 'jobsw': 'CMSSW_15_0_6_patch1', 'inputdata': '/IonPhysics19/bibehera-2pc_OO_V0_IP19-ca42279dfc2dce710b3991c24f27a617/USER', 'cacheurl': 'https://cmsweb.cern.ch/S3/crabcache_prod', 'cachefilename': '7ada19f9d3eb0a4750b0ee007522d3ea81741e56a82b8f3196efabd4389421c4.tar.gz', 'debugfilename': 'bf8b5bc6570e12cf8f59b162e5cdb32eeaf5d62ee11e60e1d19c45c6efca84ad.tar.gz', 'runs': ['394153', '394154', '394169', '394175', '394183', '394184', '394185', '394186', '394187', '394188', '394189', '394204', '394209', '394217'], 'lumis': ['40,169', '1,886', '39,997', '47,988', '15,239', '1,667', '1,3', '1,15', '1,1', '1,107', '1,72', '38,932', '23,1209', '41,838'], 'jobtype': 'Analysis'}
INFO 2025-09-23 19:25:32.516 UTC: 	 Sending the request to the server at cmsweb.cern.ch
DEBUG 2025-09-23 19:25:32.516 UTC: 	 Submitting {'dryrun': 0, 'workflow': 'crab_2pc_OO_V0_SpecEff1_IP19', 'saveoutput': 1, 'savelogsflag': 1, 'inputdata': '/IonPhysics19/bibehera-2pc_OO_V0_IP19-ca42279dfc2dce710b3991c24f27a617/USER', 'nonvaliddata': 0, 'userfiles': [], 'dbsurl': 'https://cmsweb.cern.ch/dbs/prod/phys03/DBSReader', 'useparent': 0, 'secondarydata': '/IonPhysics19/OORun2025-PromptReco-v1/MINIAOD', 'ignorelocality': 0, 'splitalgo': 'LumiBased', 'algoargs': 3, 'totalunits': -1, 'lfn': '/store/user/bibehera/', 'publication': 0, 'publishdbsurl': 'https://cmsweb.cern.ch/dbs/prod/phys03/DBSWriter', 'publishname2': '2pc_OO_V0_SpecEff1_IP19', 'jobtype': 'Analysis', 'generator': 'pythia', 'addoutputfiles': [], 'maxjobruntime': 1250, 'numcores': 1, 'maxmemory': 2000, 'priority': 10, 'nonprodsw': 0, 'asyncdest': 'T3_CH_CERNBOX', 'requireaccelerator': 0, 'oneEventMode': 0, 'extrajdl': [], 'ignoreglobalblacklist': 0, 'partialdataset': 0, 'inputblocks': [], 'tfileoutfiles': ['V0_test_IM.root'], 'edmoutfiles': [], 'jobarch': 'el8_amd64_gcc12', 'jobminuarch': 'x86-64-v3', 'jobsw': 'CMSSW_15_0_6_patch1', 'cacheurl': 'https://cmsweb.cern.ch/S3/crabcache_prod', 'cachefilename': '7ada19f9d3eb0a4750b0ee007522d3ea81741e56a82b8f3196efabd4389421c4.tar.gz', 'debugfilename': 'bf8b5bc6570e12cf8f59b162e5cdb32eeaf5d62ee11e60e1d19c45c6efca84ad.tar.gz', 'runs': ['394153', '394154', '394169', '394175', '394183', '394184', '394185', '394186', '394187', '394188', '394189', '394204', '394209', '394217'], 'lumis': ['40,169', '1,886', '39,997', '47,988', '15,239', '1,667', '1,3', '1,15', '1,1', '1,107', '1,72', '38,932', '23,1209', '41,838']} 
DEBUG 2025-09-23 19:25:32.517 UTC: 	 Encoded data for curl request: dryrun=0&workflow=crab_2pc_OO_V0_SpecEff1_IP19&saveoutput=1&savelogsflag=1&inputdata=%2FIonPhysics19%2Fbibehera-2pc_OO_V0_IP19-ca42279dfc2dce710b3991c24f27a617%2FUSER&nonvaliddata=0&dbsurl=https%3A%2F%2Fcmsweb.cern.ch%2Fdbs%2Fprod%2Fphys03%2FDBSReader&useparent=0&secondarydata=%2FIonPhysics19%2FOORun2025-PromptReco-v1%2FMINIAOD&ignorelocality=0&splitalgo=LumiBased&algoargs=3&totalunits=-1&lfn=%2Fstore%2Fuser%2Fbibehera%2F&publication=0&publishdbsurl=https%3A%2F%2Fcmsweb.cern.ch%2Fdbs%2Fprod%2Fphys03%2FDBSWriter&publishname2=2pc_OO_V0_SpecEff1_IP19&jobtype=Analysis&generator=pythia&maxjobruntime=1250&numcores=1&maxmemory=2000&priority=10&nonprodsw=0&asyncdest=T3_CH_CERNBOX&requireaccelerator=0&oneEventMode=0&ignoreglobalblacklist=0&partialdataset=0&jobarch=el8_amd64_gcc12&jobminuarch=x86-64-v3&jobsw=CMSSW_15_0_6_patch1&cacheurl=https%3A%2F%2Fcmsweb.cern.ch%2FS3%2Fcrabcache_prod&cachefilename=7ada19f9d3eb0a4750b0ee007522d3ea81741e56a82b8f3196efabd4389421c4.tar.gz&debugfilename=bf8b5bc6570e12cf8f59b162e5cdb32eeaf5d62ee11e60e1d19c45c6efca84ad.tar.gz&tfileoutfiles=V0_test_IM.root&runs=394153&runs=394154&runs=394169&runs=394175&runs=394183&runs=394184&runs=394185&runs=394186&runs=394187&runs=394188&runs=394189&runs=394204&runs=394209&runs=394217&lumis=40%2C169&lumis=1%2C886&lumis=39%2C997&lumis=47%2C988&lumis=15%2C239&lumis=1%2C667&lumis=1%2C3&lumis=1%2C15&lumis=1%2C1&lumis=1%2C107&lumis=1%2C72&lumis=38%2C932&lumis=23%2C1209&lumis=41%2C838
DEBUG 2025-09-23 19:25:32.569 UTC: 	 Result: {'result': [{'RequestName': '250923_192532:bibehera_crab_2pc_OO_V0_SpecEff1_IP19'}]}
INFO 2025-09-23 19:25:32.576 UTC: 	 Success: Your task has been delivered to the prod CRAB3 server.
INFO 2025-09-23 19:25:32.577 UTC: 	 Task name: 250923_192532:bibehera_crab_2pc_OO_V0_SpecEff1_IP19
INFO 2025-09-23 19:25:32.577 UTC: 	 Project dir: OO_Data_MINIAOD/crab_2pc_OO_V0_SpecEff1_IP19
INFO 2025-09-23 19:25:32.577 UTC: 	 Please use ' crab status -d OO_Data_MINIAOD/crab_2pc_OO_V0_SpecEff1_IP19 ' to check how the submission process proceeds.
DEBUG 2025-09-23 19:25:32.578 UTC: 	 About to return
INFO 2025-09-23 19:25:32.596 UTC: 	 Log file is /eos/home-b/bibehera/OO_Simfit_eff/CMSSW_15_0_6_patch1/src/Analyzer/RaghuV0Ana/cfg/OO_Data_MINIAOD/crab_2pc_OO_V0_SpecEff1_IP19/crab.log
DEBUG 2025-09-23 19:31:38.149 UTC: 	 CRAB Client version: v3.250820
DEBUG 2025-09-23 19:31:38.149 UTC: 	 Running on: Linux lxplus802.cern.ch 4.18.0-553.70.1.el8_10.x86_64 #1 SMP Tue Aug 12 13:09:16 EDT 2025 x86_64 x86_64 x86_64 GNU/Linux
DEBUG 2025-09-23 19:31:38.149 UTC: 	 Not using Singularity
DEBUG 2025-09-23 19:31:38.149 UTC: 	 Operating System: Red Hat Enterprise Linux 8.10 (Ootpa)
DEBUG 2025-09-23 19:31:38.149 UTC: 	 Executing command: 'kill'
DEBUG 2025-09-23 19:31:38.149 UTC: 	 Found CRAB cache file /afs/cern.ch/user/b/bibehera/.crab3
DEBUG 2025-09-23 19:31:38.172 UTC: 	 Checking credentials
DEBUG 2025-09-23 19:31:38.172 UTC: 	 Found proxy file /tmp/x509up_u177753
DEBUG 2025-09-23 19:31:38.172 UTC: 	 Making sure it has proper VOMS extension
DEBUG 2025-09-23 19:31:38.172 UTC: 	 Executing command :
 voms-proxy-info --vo --file /tmp/x509up_u177753
DEBUG 2025-09-23 19:31:38.193 UTC: 	 output : cms

 error: 
 retcode : 0
DEBUG 2025-09-23 19:31:38.193 UTC: 	 Getting proxy life time left
DEBUG 2025-09-23 19:31:38.193 UTC: 	 Executing command :
 voms-proxy-info --actimeleft --timeleft --file /tmp/x509up_u177753
DEBUG 2025-09-23 19:31:38.213 UTC: 	 output : 41250
41250

 error: 
 retcode : 0
DEBUG 2025-09-23 19:31:38.213 UTC: 	 Proxy valid for 11:27:30 hours
DEBUG 2025-09-23 19:31:38.214 UTC: 	 Encoded data for curl request: subresource=delegatedn
DEBUG 2025-09-23 19:31:38.249 UTC: 	 Registering user credentials on myproxy for /DC=ch/DC=cern/OU=computers/CN=crab-(preprod|prod)-tw(01|02).cern.ch|/DC=ch/DC=cern/OU=computers/CN=crab-dev-tw(01|02|03|04).cern.ch|/DC=ch/DC=cern/OU=Organic Units/OU=Users/CN=cmscrab/CN=(817881|373708)/CN=Robot: cms crab|/DC=ch/DC=cern/OU=Organic Units/OU=Users/CN=crabint1/CN=373708/CN=Robot: CMS CRAB Integration 1
DEBUG 2025-09-23 19:31:38.249 UTC: 	 Executing command :
 voms-proxy-info --identity --file /tmp/x509up_u177753
DEBUG 2025-09-23 19:31:38.269 UTC: 	 output : /DC=ch/DC=cern/OU=Organic Units/OU=Users/CN=bibehera/CN=882295/CN=Bismita Behera

 error: 
 retcode : 0
DEBUG 2025-09-23 19:31:38.269 UTC: 	 Getting myproxy life time left for bfbdf12a5670e45fdd055ff115afbb0f25b8a072
DEBUG 2025-09-23 19:31:38.269 UTC: 	 Executing command :
 myproxy-info -s myproxy.cern.ch -l bfbdf12a5670e45fdd055ff115afbb0f25b8a072
DEBUG 2025-09-23 19:31:38.617 UTC: 	 output : username: bfbdf12a5670e45fdd055ff115afbb0f25b8a072
owner: /DC=ch/DC=cern/OU=Organic Units/OU=Users/CN=bibehera/CN=882295/CN=Bismita Behera
  renewal policy: /DC=ch/DC=cern/OU=computers/CN=crab-(preprod|prod)-tw(01|02).cern.ch|/DC=ch/DC=cern/OU=computers/CN=crab-dev-tw(01|02|03|04).cern.ch|/DC=ch/DC=cern/OU=Organic Units/OU=Users/CN=cmscrab/CN=(817881|373708)/CN=Robot: cms crab|/DC=ch/DC=cern/OU=Organic Units/OU=Users/CN=crabint1/CN=373708/CN=Robot: CMS CRAB Integration 1
  trusted retrieval policy: /DC=ch/DC=cern/OU=computers/CN=crab-(preprod|prod)-tw(01|02).cern.ch|/DC=ch/DC=cern/OU=computers/CN=crab-dev-tw(01|02|03|04).cern.ch|/DC=ch/DC=cern/OU=Organic Units/OU=Users/CN=cmscrab/CN=(817881|373708)/CN=Robot: cms crab|/DC=ch/DC=cern/OU=Organic Units/OU=Users/CN=crabint1/CN=373708/CN=Robot: CMS CRAB Integration 1
  timeleft: 433:27:15  (18.1 days)

 error: 
 retcode : 0
DEBUG 2025-09-23 19:31:38.617 UTC: 	 Myproxy is valid: 1560420
DEBUG 2025-09-23 19:31:38.618 UTC: 	 Result of myproxy credential check:
  Credential exists on myproxy: username: bfbdf12a5670e45fdd055ff115afbb0f25b8a072  - validity: 18 days, 1:27:00
DEBUG 2025-09-23 19:31:38.620 UTC: 	 Command use: kill
DEBUG 2025-09-23 19:31:38.620 UTC: 	 Options use: ['-d', 'OO_Data_MINIAOD/crab_2pc_OO_V0_SpecEff1_IP19']
DEBUG 2025-09-23 19:31:38.620 UTC: 	 Encoded data for curl request: subresource=version
DEBUG 2025-09-23 19:31:38.658 UTC: 	 CRABClient version: v3.250820
DEBUG 2025-09-23 19:31:38.658 UTC: 	 Instance is prod
DEBUG 2025-09-23 19:31:38.658 UTC: 	 Server base url is cmsweb.cern.ch
DEBUG 2025-09-23 19:31:38.658 UTC: 	 Command api workflow
DEBUG 2025-09-23 19:31:38.658 UTC: 	 Killing task 250923_192532:bibehera_crab_2pc_OO_V0_SpecEff1_IP19
DEBUG 2025-09-23 19:31:38.658 UTC: 	 Encoded data for curl request: workflow=250923_192532%3Abibehera_crab_2pc_OO_V0_SpecEff1_IP19
DEBUG 2025-09-23 19:31:38.700 UTC: 	 Result: {'desc': {'columns': ['tm_taskname', 'tm_task_status', 'tm_task_command', 'tm_user_role', 'tm_user_group', 'tm_task_failure', 'tm_split_algo', 'tm_split_args', 'tm_save_logs', 'tm_username', 'tm_user_dn', 'tm_arguments', 'tm_input_dataset', 'tm_dbs_url', 'tm_task_warnings', 'tm_publication', 'tm_user_webdir', 'tm_output_dataset', 'tm_collector', 'tm_schedd', 'tm_dry_run', 'clusterid', 'tm_start_time', 'tw_name', 'tm_dagman_status', 'tm_num_jobs', 'tm_uploaded']}, 'result': [{'result': 'ok'}]}
INFO 2025-09-23 19:31:38.700 UTC: 	 Kill request successfully sent
INFO 2025-09-23 19:31:38.707 UTC: 	 Log file is /eos/home-b/bibehera/OO_Simfit_eff/CMSSW_15_0_6_patch1/src/Analyzer/RaghuV0Ana/cfg/OO_Data_MINIAOD/crab_2pc_OO_V0_SpecEff1_IP19/crab.log
