DEBUG 2025-09-23 10:52:25.810 UTC: 	 CRAB Client version: v3.250820
DEBUG 2025-09-23 10:52:25.810 UTC: 	 Running on: Linux lxplus947.cern.ch 5.14.0-570.39.1.el9_6.x86_64 #1 SMP PREEMPT_DYNAMIC Sat Aug 23 04:30:05 EDT 2025 x86_64 x86_64 x86_64 GNU/Linux
DEBUG 2025-09-23 10:52:25.810 UTC: 	 Not using Singularity
DEBUG 2025-09-23 10:52:25.810 UTC: 	 Operating System: Red Hat Enterprise Linux 9.6 (Plow)
DEBUG 2025-09-23 10:52:25.810 UTC: 	 Executing command: 'submit'
DEBUG 2025-09-23 10:52:25.810 UTC: 	 Found CRAB cache file /afs/cern.ch/user/b/bibehera/.crab3
INFO 2025-09-23 10:52:25.811 UTC: 	 Will use CRAB configuration file crab_config2.py
DEBUG 2025-09-23 10:52:25.812 UTC: 	 Loading CRAB configuration file.
DEBUG 2025-09-23 10:52:25.825 UTC: 	 Overriden parameter General.requestName with '2pc_OO_V0_uncorr_IP5'
DEBUG 2025-09-23 10:52:25.825 UTC: 	 Overriden parameter Data.inputDataset with '/IonPhysics5/bibehera-2pc_OO_V0_IP5-ca42279dfc2dce710b3991c24f27a617/USER'
DEBUG 2025-09-23 10:52:25.825 UTC: 	 Overriden parameter Data.secondaryInputDataset with '/IonPhysics5/OORun2025-PromptReco-v1/MINIAOD'
DEBUG 2025-09-23 10:52:25.825 UTC: 	 Overriden parameter Data.outputDatasetTag with '2pc_OO_V0_uncorr_IP5'
DEBUG 2025-09-23 10:52:25.825 UTC: 	 Will use CRAB plugin ANALYSIS (i.e. will run an analysis job type).
DEBUG 2025-09-23 10:52:25.868 UTC: 	 Checking credentials
DEBUG 2025-09-23 10:52:25.868 UTC: 	 Found proxy file /tmp/x509up_u177753
DEBUG 2025-09-23 10:52:25.868 UTC: 	 Making sure it has proper VOMS extension
DEBUG 2025-09-23 10:52:25.869 UTC: 	 Executing command :
 voms-proxy-info --vo --file /tmp/x509up_u177753
DEBUG 2025-09-23 10:52:25.912 UTC: 	 output : cms

 error: 
 retcode : 0
DEBUG 2025-09-23 10:52:25.912 UTC: 	 Getting proxy life time left
DEBUG 2025-09-23 10:52:25.912 UTC: 	 Executing command :
 voms-proxy-info --actimeleft --timeleft --file /tmp/x509up_u177753
DEBUG 2025-09-23 10:52:25.948 UTC: 	 output : 41245
41245

 error: 
 retcode : 0
DEBUG 2025-09-23 10:52:25.948 UTC: 	 Proxy valid for 11:27:25 hours
DEBUG 2025-09-23 10:52:25.948 UTC: 	 Encoded data for curl request: subresource=delegatedn
DEBUG 2025-09-23 10:52:26.021 UTC: 	 Registering user credentials on myproxy for /DC=ch/DC=cern/OU=computers/CN=crab-(preprod|prod)-tw(01|02).cern.ch|/DC=ch/DC=cern/OU=computers/CN=crab-dev-tw(01|02|03|04).cern.ch|/DC=ch/DC=cern/OU=Organic Units/OU=Users/CN=cmscrab/CN=(817881|373708)/CN=Robot: cms crab|/DC=ch/DC=cern/OU=Organic Units/OU=Users/CN=crabint1/CN=373708/CN=Robot: CMS CRAB Integration 1
DEBUG 2025-09-23 10:52:26.021 UTC: 	 Executing command :
 voms-proxy-info --identity --file /tmp/x509up_u177753
DEBUG 2025-09-23 10:52:26.054 UTC: 	 output : /DC=ch/DC=cern/OU=Organic Units/OU=Users/CN=bibehera/CN=882295/CN=Bismita Behera

 error: 
 retcode : 0
DEBUG 2025-09-23 10:52:26.055 UTC: 	 Getting myproxy life time left for bfbdf12a5670e45fdd055ff115afbb0f25b8a072
DEBUG 2025-09-23 10:52:26.055 UTC: 	 Executing command :
 myproxy-info -s myproxy.cern.ch -l bfbdf12a5670e45fdd055ff115afbb0f25b8a072
DEBUG 2025-09-23 10:52:26.614 UTC: 	 output : username: bfbdf12a5670e45fdd055ff115afbb0f25b8a072
owner: /DC=ch/DC=cern/OU=Organic Units/OU=Users/CN=bibehera/CN=882295/CN=Bismita Behera
  renewal policy: /DC=ch/DC=cern/OU=computers/CN=crab-(preprod|prod)-tw(01|02).cern.ch|/DC=ch/DC=cern/OU=computers/CN=crab-dev-tw(01|02|03|04).cern.ch|/DC=ch/DC=cern/OU=Organic Units/OU=Users/CN=cmscrab/CN=(817881|373708)/CN=Robot: cms crab|/DC=ch/DC=cern/OU=Organic Units/OU=Users/CN=crabint1/CN=373708/CN=Robot: CMS CRAB Integration 1
  trusted retrieval policy: /DC=ch/DC=cern/OU=computers/CN=crab-(preprod|prod)-tw(01|02).cern.ch|/DC=ch/DC=cern/OU=computers/CN=crab-dev-tw(01|02|03|04).cern.ch|/DC=ch/DC=cern/OU=Organic Units/OU=Users/CN=cmscrab/CN=(817881|373708)/CN=Robot: cms crab|/DC=ch/DC=cern/OU=Organic Units/OU=Users/CN=crabint1/CN=373708/CN=Robot: CMS CRAB Integration 1
  timeleft: 442:06:27  (18.4 days)

 error: 
 retcode : 0
DEBUG 2025-09-23 10:52:26.614 UTC: 	 Myproxy is valid: 1591560
DEBUG 2025-09-23 10:52:26.614 UTC: 	 Result of myproxy credential check:
  Credential exists on myproxy: username: bfbdf12a5670e45fdd055ff115afbb0f25b8a072  - validity: 18 days, 10:06:00
DEBUG 2025-09-23 10:52:26.614 UTC: 	 Command use: submit
DEBUG 2025-09-23 10:52:26.614 UTC: 	 Options use: ['-c', 'crab_config2.py', 'General.requestName=2pc_OO_V0_uncorr_IP5', 'Data.inputDataset=/IonPhysics5/bibehera-2pc_OO_V0_IP5-ca42279dfc2dce710b3991c24f27a617/USER', 'Data.secondaryInputDataset=/IonPhysics5/OORun2025-PromptReco-v1/MINIAOD', 'Data.outputDatasetTag=2pc_OO_V0_uncorr_IP5']
DEBUG 2025-09-23 10:52:26.614 UTC: 	 Encoded data for curl request: subresource=version
DEBUG 2025-09-23 10:52:26.666 UTC: 	 CRABClient version: v3.250820
DEBUG 2025-09-23 10:52:26.667 UTC: 	 Instance is prod
DEBUG 2025-09-23 10:52:26.667 UTC: 	 Server base url is cmsweb.cern.ch
DEBUG 2025-09-23 10:52:26.667 UTC: 	 Command api workflow
DEBUG 2025-09-23 10:52:26.667 UTC: 	 Started submission
DEBUG 2025-09-23 10:52:26.667 UTC: 	 Working on /eos/home-b/bibehera/OO_Simfit/CMSSW_15_0_6_patch1/src/Analyzer/RaghuV0Ana/cfg/OO_Data_MINIAOD/crab_2pc_OO_V0_uncorr_IP5
DEBUG 2025-09-23 10:52:26.667 UTC: 	 Encoded data for curl request: subresource=backendurls
DEBUG 2025-09-23 10:52:26.756 UTC: 	 Loading required information from the environment
DEBUG 2025-09-23 10:52:26.756 UTC: 	 Found CMSSW_15_0_6_patch1 for el9_amd64_gcc12 with base /eos/home-b/bibehera/OO_Simfit/CMSSW_15_0_6_patch1
DEBUG 2025-09-23 10:52:26.756 UTC: 	 Loading required information from the environment
DEBUG 2025-09-23 10:52:26.756 UTC: 	 Found CMSSW_15_0_6_patch1 for el9_amd64_gcc12 with base /eos/home-b/bibehera/OO_Simfit/CMSSW_15_0_6_patch1
DEBUG 2025-09-23 10:52:26.756 UTC: 	 UNIQUE NAME: tarUUID 6350f847-52e7-4bbf-80f4-192defa6f4eb 
DEBUG 2025-09-23 10:52:26.756 UTC: 	 self.config: from WMCore.Configuration import Configuration
config = Configuration()
config.section_('General')
config.General.transferLogs = True
config.General.workArea = 'OO_Data_MINIAOD'
config.General.transferOutputs = True
config.General.requestName = '2pc_OO_V0_uncorr_IP5'
config.section_('JobType')
config.JobType.pluginName = 'Analysis'
config.JobType.psetName = 'PbPb_2018_cfg.py'
config.section_('Data')
config.Data.inputDBS = 'phys03'
config.Data.outLFNDirBase = '/store/user/bibehera/'
config.Data.totalUnits = -1
config.Data.publication = False
config.Data.secondaryInputDataset = '/IonPhysics5/OORun2025-PromptReco-v1/MINIAOD'
config.Data.inputDataset = '/IonPhysics5/bibehera-2pc_OO_V0_IP5-ca42279dfc2dce710b3991c24f27a617/USER'
config.Data.lumiMask = 'generated_json.json'
config.Data.outputDatasetTag = '2pc_OO_V0_uncorr_IP5'
config.Data.splitting = 'LumiBased'
config.Data.unitsPerJob = 3
config.section_('Site')
config.Site.storageSite = 'T3_CH_CERNBOX'
config.section_('User')
config.section_('Debug')

DEBUG 2025-09-23 10:52:26.756 UTC: 	 self.config.JobType.psetName: PbPb_2018_cfg.py
INFO 2025-09-23 10:52:26.756 UTC: 	 Importing CMSSW configuration PbPb_2018_cfg.py
INFO 2025-09-23 10:52:28.030 UTC: 	 Finished importing CMSSW configuration PbPb_2018_cfg.py
DEBUG 2025-09-23 10:52:28.031 UTC: 	 Writing CMSSW configuration to /eos/home-b/bibehera/OO_Simfit/CMSSW_15_0_6_patch1/src/Analyzer/RaghuV0Ana/cfg/OO_Data_MINIAOD/crab_2pc_OO_V0_uncorr_IP5/inputs/PSet.py
DEBUG 2025-09-23 10:52:28.083 UTC: 	 The following EDM output files will be collected: []
DEBUG 2025-09-23 10:52:28.083 UTC: 	 The following TFile output files will be collected: ['V0_test_IM.root']
DEBUG 2025-09-23 10:52:28.083 UTC: 	 The following user output files (not listed as PoolOuputModule or TFileService in the CMSSW PSet) will be collected: 
DEBUG 2025-09-23 10:52:28.083 UTC: 	 Loading required information from the environment
DEBUG 2025-09-23 10:52:28.083 UTC: 	 Found CMSSW_15_0_6_patch1 for el9_amd64_gcc12 with base /eos/home-b/bibehera/OO_Simfit/CMSSW_15_0_6_patch1
DEBUG 2025-09-23 10:52:28.083 UTC: 	 Making tarball in /eos/home-b/bibehera/OO_Simfit/CMSSW_15_0_6_patch1/src/Analyzer/RaghuV0Ana/cfg/OO_Data_MINIAOD/crab_2pc_OO_V0_uncorr_IP5/inputs/6350f847-52e7-4bbf-80f4-192defa6f4ebdefault.tgz
DEBUG 2025-09-23 10:52:28.087 UTC: 	 Checking directory /eos/home-b/bibehera/OO_Simfit/CMSSW_15_0_6_patch1/bin
DEBUG 2025-09-23 10:52:28.087 UTC: 	 Adding directory /eos/home-b/bibehera/OO_Simfit/CMSSW_15_0_6_patch1/bin to tarball
DEBUG 2025-09-23 10:52:28.097 UTC: 	 Checking directory /eos/home-b/bibehera/OO_Simfit/CMSSW_15_0_6_patch1/python
DEBUG 2025-09-23 10:52:28.097 UTC: 	 Adding directory /eos/home-b/bibehera/OO_Simfit/CMSSW_15_0_6_patch1/python to tarball
DEBUG 2025-09-23 10:52:28.252 UTC: 	 Checking directory /eos/home-b/bibehera/OO_Simfit/CMSSW_15_0_6_patch1/cfipython
DEBUG 2025-09-23 10:52:28.252 UTC: 	 Adding directory /eos/home-b/bibehera/OO_Simfit/CMSSW_15_0_6_patch1/cfipython to tarball
DEBUG 2025-09-23 10:52:28.555 UTC: 	 Checking directory /eos/home-b/bibehera/OO_Simfit/CMSSW_15_0_6_patch1/lib
DEBUG 2025-09-23 10:52:28.556 UTC: 	 Adding directory /eos/home-b/bibehera/OO_Simfit/CMSSW_15_0_6_patch1/lib to tarball
DEBUG 2025-09-23 10:52:28.816 UTC: 	 Checking directory /eos/home-b/bibehera/OO_Simfit/CMSSW_15_0_6_patch1/biglib
DEBUG 2025-09-23 10:52:28.817 UTC: 	 Adding directory /eos/home-b/bibehera/OO_Simfit/CMSSW_15_0_6_patch1/biglib to tarball
DEBUG 2025-09-23 10:52:28.824 UTC: 	 Checking directory /eos/home-b/bibehera/OO_Simfit/CMSSW_15_0_6_patch1/module
DEBUG 2025-09-23 10:52:28.824 UTC: 	 Checking directory /eos/home-b/bibehera/OO_Simfit/CMSSW_15_0_6_patch1/config/SCRAM/hooks
DEBUG 2025-09-23 10:52:28.824 UTC: 	 Adding directory /eos/home-b/bibehera/OO_Simfit/CMSSW_15_0_6_patch1/config/SCRAM/hooks to tarball
DEBUG 2025-09-23 10:52:29.113 UTC: 	 Adding directory /eos/home-b/bibehera/OO_Simfit/CMSSW_15_0_6_patch1/src/Analyzer/RaghuV0Ana/data to tarball
DEBUG 2025-09-23 10:52:29.547 UTC: 	 Adding directory /eos/home-b/bibehera/OO_Simfit/CMSSW_15_0_6_patch1/src/Analyzer/RaghuV0Ana/interface to tarball
DEBUG 2025-09-23 10:52:29.560 UTC: 	 Adding directory /eos/home-b/bibehera/OO_Simfit/CMSSW_15_0_6_patch1/src/Analyzer/RaghuV0Ana/python to tarball
DEBUG 2025-09-23 10:52:29.575 UTC: 	 Adding directory /eos/home-b/bibehera/OO_Simfit/CMSSW_15_0_6_patch1/src/HeavyIonsAnalysis/Configuration/data to tarball
DEBUG 2025-09-23 10:52:29.945 UTC: 	 Adding directory /eos/home-b/bibehera/OO_Simfit/CMSSW_15_0_6_patch1/src/HeavyIonsAnalysis/Configuration/python to tarball
DEBUG 2025-09-23 10:52:30.005 UTC: 	 Adding directory /eos/home-b/bibehera/OO_Simfit/CMSSW_15_0_6_patch1/src/HeavyIonsAnalysis/EGMAnalysis/data to tarball
DEBUG 2025-09-23 10:52:30.015 UTC: 	 Adding directory /eos/home-b/bibehera/OO_Simfit/CMSSW_15_0_6_patch1/src/HeavyIonsAnalysis/EGMAnalysis/interface to tarball
DEBUG 2025-09-23 10:52:30.023 UTC: 	 Adding directory /eos/home-b/bibehera/OO_Simfit/CMSSW_15_0_6_patch1/src/HeavyIonsAnalysis/EGMAnalysis/python to tarball
DEBUG 2025-09-23 10:52:30.046 UTC: 	 Adding directory /eos/home-b/bibehera/OO_Simfit/CMSSW_15_0_6_patch1/src/HeavyIonsAnalysis/EventAnalysis/python to tarball
DEBUG 2025-09-23 10:52:30.178 UTC: 	 Adding directory /eos/home-b/bibehera/OO_Simfit/CMSSW_15_0_6_patch1/src/HeavyIonsAnalysis/JetAnalysis/interface to tarball
DEBUG 2025-09-23 10:52:30.190 UTC: 	 Adding directory /eos/home-b/bibehera/OO_Simfit/CMSSW_15_0_6_patch1/src/HeavyIonsAnalysis/JetAnalysis/python to tarball
DEBUG 2025-09-23 10:52:30.287 UTC: 	 Adding directory /eos/home-b/bibehera/OO_Simfit/CMSSW_15_0_6_patch1/src/HeavyIonsAnalysis/MuonAnalysis/interface to tarball
DEBUG 2025-09-23 10:52:30.298 UTC: 	 Adding directory /eos/home-b/bibehera/OO_Simfit/CMSSW_15_0_6_patch1/src/HeavyIonsAnalysis/MuonAnalysis/python to tarball
DEBUG 2025-09-23 10:52:30.319 UTC: 	 Adding directory /eos/home-b/bibehera/OO_Simfit/CMSSW_15_0_6_patch1/src/HeavyIonsAnalysis/TrackAnalysis/interface to tarball
DEBUG 2025-09-23 10:52:30.326 UTC: 	 Adding directory /eos/home-b/bibehera/OO_Simfit/CMSSW_15_0_6_patch1/src/HeavyIonsAnalysis/TrackAnalysis/python to tarball
DEBUG 2025-09-23 10:52:30.351 UTC: 	 Adding directory /eos/home-b/bibehera/OO_Simfit/CMSSW_15_0_6_patch1/src/HeavyIonsAnalysis/VertexAnalysis/python to tarball
DEBUG 2025-09-23 10:52:30.365 UTC: 	 Adding directory /eos/home-b/bibehera/OO_Simfit/CMSSW_15_0_6_patch1/src/HeavyIonsAnalysis/ZDCAnalysis/python to tarball
DEBUG 2025-09-23 10:52:30.523 UTC: 	 Uploading archive /eos/home-b/bibehera/OO_Simfit/CMSSW_15_0_6_patch1/src/Analyzer/RaghuV0Ana/cfg/OO_Data_MINIAOD/crab_2pc_OO_V0_uncorr_IP5/inputs/6350f847-52e7-4bbf-80f4-192defa6f4ebdefault.tgz (3.181641.1 MB) to the CRAB cache. Using URI https://cmsweb.cern.ch/S3/crabcache_prod
DEBUG 2025-09-23 10:52:31.384 UTC: 	 Encoded data for curl request: subresource=upload&objecttype=sandbox&tarballname=37d5bb9ded59ab0e79632fda2c1c467890aef3e1690e7e295465bdee745c47c8.tar.gz
DEBUG 2025-09-23 10:52:31.461 UTC: 	 sandbox 37d5bb9ded59ab0e79632fda2c1c467890aef3e1690e7e295465bdee745c47c8.tar.gz is already in the S3 store, will not upload again
DEBUG 2025-09-23 10:52:31.462 UTC: 	 Loading required information from the environment
DEBUG 2025-09-23 10:52:31.462 UTC: 	 Found CMSSW_15_0_6_patch1 for el9_amd64_gcc12 with base /eos/home-b/bibehera/OO_Simfit/CMSSW_15_0_6_patch1
DEBUG 2025-09-23 10:52:31.462 UTC: 	 Making tarball in /eos/home-b/bibehera/OO_Simfit/CMSSW_15_0_6_patch1/src/Analyzer/RaghuV0Ana/cfg/OO_Data_MINIAOD/crab_2pc_OO_V0_uncorr_IP5/inputs/debugFiles.tgz
DEBUG 2025-09-23 10:52:31.472 UTC: 	 Uploading archive /eos/home-b/bibehera/OO_Simfit/CMSSW_15_0_6_patch1/src/Analyzer/RaghuV0Ana/cfg/OO_Data_MINIAOD/crab_2pc_OO_V0_uncorr_IP5/inputs/debugFiles.tgz (3 KB) to the CRAB cache. Using URI https://cmsweb.cern.ch/S3/crabcache_prod
DEBUG 2025-09-23 10:52:31.477 UTC: 	 Encoded data for curl request: subresource=upload&objecttype=sandbox&tarballname=1599b767a5294addc149ff2092594ad2c3c90b80070d3977d8a42466ec35203e.tar.gz
DEBUG 2025-09-23 10:52:31.549 UTC: 	 Will execute:
curl -f -v -X POST  -H "User-Agent: CRAB" -F "key=bibehera/sandboxes/1599b767a5294addc149ff2092594ad2c3c90b80070d3977d8a42466ec35203e.tar.gz" -F "AWSAccessKeyId=715203df6482458ba839e73e6dab634b" -F "policy=eyJleHBpcmF0aW9uIjogIjIwMjUtMDktMjNUMTE6NTI6MzFaIiwgImNvbmRpdGlvbnMiOiBbeyJidWNrZXQiOiAiY3JhYmNhY2hlX3Byb2QifSwgeyJrZXkiOiAiYmliZWhlcmEvc2FuZGJveGVzLzE1OTliNzY3YTUyOTRhZGRjMTQ5ZmYyMDkyNTk0YWQyYzNjOTBiODAwNzBkMzk3N2Q4YTQyNDY2ZWMzNTIwM2UudGFyLmd6In1dfQ==" -F "signature=LuE6ItKIKJB1luqnAAVFCSeKWgA=" -F "file=@/eos/home-b/bibehera/OO_Simfit/CMSSW_15_0_6_patch1/src/Analyzer/RaghuV0Ana/cfg/OO_Data_MINIAOD/crab_2pc_OO_V0_uncorr_IP5/inputs/debugFiles.tgz" "https://s3.cern.ch/crabcache_prod"
DEBUG 2025-09-23 10:52:31.605 UTC: 	 exitcode: 0
stdout: b''
DEBUG 2025-09-23 10:52:31.605 UTC: 	 upload to S3 of sandbox /eos/home-b/bibehera/OO_Simfit/CMSSW_15_0_6_patch1/src/Analyzer/RaghuV0Ana/cfg/OO_Data_MINIAOD/crab_2pc_OO_V0_uncorr_IP5/inputs/debugFiles.tgz completed
DEBUG 2025-09-23 10:52:31.605 UTC: 	 make sure that object is ready for retrieve
DEBUG 2025-09-23 10:52:32.606 UTC: 	 Encoded data for curl request: subresource=download&objecttype=sandbox&tarballname=1599b767a5294addc149ff2092594ad2c3c90b80070d3977d8a42466ec35203e.tar.gz&clientmethod=head_object
DEBUG 2025-09-23 10:52:32.701 UTC: 	 PreSignedUrl to download sandbox received OK
DEBUG 2025-09-23 10:52:32.704 UTC: 	 Will execute:
 curl -v -s -f -o /dev/null --head  "https://s3.cern.ch/crabcache_prod/bibehera/sandboxes/1599b767a5294addc149ff2092594ad2c3c90b80070d3977d8a42466ec35203e.tar.gz?AWSAccessKeyId=715203df6482458ba839e73e6dab634b&Signature=91P2u7sWsJEfQ25BbxZwPxSlInM%3D&Expires=1758628352"
DEBUG 2025-09-23 10:52:32.744 UTC: 	 exitcode: 0
stdout: b''
DEBUG 2025-09-23 10:52:32.744 UTC: 	 sandbox /eos/home-b/bibehera/OO_Simfit/CMSSW_15_0_6_patch1/src/Analyzer/RaghuV0Ana/cfg/OO_Data_MINIAOD/crab_2pc_OO_V0_uncorr_IP5/inputs/debugFiles.tgz successfully uploaded to S3
DEBUG 2025-09-23 10:52:32.744 UTC: 	 Result uploading input files: 37d5bb9ded59ab0e79632fda2c1c467890aef3e1690e7e295465bdee745c47c8.tar.gz 
DEBUG 2025-09-23 10:52:32.744 UTC: 	 Attaching lumi mask generated_json.json to the request
DEBUG 2025-09-23 10:52:32.744 UTC: 	 Reading lumi-mask from generated_json.json
DEBUG 2025-09-23 10:52:32.746 UTC: 	 submit() - self.configuration from WMCore.Configuration import Configuration
config = Configuration()
config.section_('General')
config.General.transferLogs = True
config.General.workArea = 'OO_Data_MINIAOD'
config.General.transferOutputs = True
config.General.requestName = '2pc_OO_V0_uncorr_IP5'
config.section_('JobType')
config.JobType.pluginName = 'Analysis'
config.JobType.psetName = 'PbPb_2018_cfg.py'
config.section_('Data')
config.Data.inputDBS = 'phys03'
config.Data.outLFNDirBase = '/store/user/bibehera/'
config.Data.totalUnits = -1
config.Data.publication = False
config.Data.secondaryInputDataset = '/IonPhysics5/OORun2025-PromptReco-v1/MINIAOD'
config.Data.inputDataset = '/IonPhysics5/bibehera-2pc_OO_V0_IP5-ca42279dfc2dce710b3991c24f27a617/USER'
config.Data.lumiMask = 'generated_json.json'
config.Data.outputDatasetTag = '2pc_OO_V0_uncorr_IP5'
config.Data.splitting = 'LumiBased'
config.Data.unitsPerJob = 3
config.section_('Site')
config.Site.storageSite = 'T3_CH_CERNBOX'
config.section_('User')
config.section_('Debug')

DEBUG 2025-09-23 10:52:32.746 UTC: 	 submit() - self.configreq {'dryrun': 0, 'workflow': 'crab_2pc_OO_V0_uncorr_IP5', 'saveoutput': 1, 'savelogsflag': 1, 'inputdata': '/IonPhysics5/bibehera-2pc_OO_V0_IP5-ca42279dfc2dce710b3991c24f27a617/USER', 'nonvaliddata': 0, 'userfiles': [], 'dbsurl': 'https://cmsweb.cern.ch/dbs/prod/phys03/DBSReader', 'useparent': 0, 'secondarydata': '/IonPhysics5/OORun2025-PromptReco-v1/MINIAOD', 'ignorelocality': 0, 'splitalgo': 'LumiBased', 'algoargs': 3, 'totalunits': -1, 'lfn': '/store/user/bibehera/', 'publication': 0, 'publishdbsurl': 'https://cmsweb.cern.ch/dbs/prod/phys03/DBSWriter', 'publishname2': '2pc_OO_V0_uncorr_IP5', 'jobtype': 'Analysis', 'generator': 'pythia', 'addoutputfiles': [], 'maxjobruntime': 1250, 'numcores': 1, 'maxmemory': 2000, 'priority': 10, 'nonprodsw': 0, 'asyncdest': 'T3_CH_CERNBOX', 'requireaccelerator': 0, 'oneEventMode': 0, 'extrajdl': [], 'ignoreglobalblacklist': 0, 'partialdataset': 0, 'inputblocks': []}
DEBUG 2025-09-23 10:52:32.746 UTC: 	 submit() - jobconfig {'addoutputfiles': [], 'tfileoutfiles': ['V0_test_IM.root'], 'edmoutfiles': [], 'jobarch': 'el9_amd64_gcc12', 'jobminuarch': 'x86-64-v3', 'jobsw': 'CMSSW_15_0_6_patch1', 'inputdata': '/IonPhysics5/bibehera-2pc_OO_V0_IP5-ca42279dfc2dce710b3991c24f27a617/USER', 'cacheurl': 'https://cmsweb.cern.ch/S3/crabcache_prod', 'cachefilename': '37d5bb9ded59ab0e79632fda2c1c467890aef3e1690e7e295465bdee745c47c8.tar.gz', 'debugfilename': '1599b767a5294addc149ff2092594ad2c3c90b80070d3977d8a42466ec35203e.tar.gz', 'runs': ['394153', '394154', '394169', '394175', '394183', '394184', '394185', '394186', '394187', '394188', '394189', '394204', '394209', '394217'], 'lumis': ['40,169', '1,886', '39,997', '47,988', '15,239', '1,667', '1,3', '1,15', '1,1', '1,107', '1,72', '38,932', '23,1209', '41,838'], 'jobtype': 'Analysis'}
INFO 2025-09-23 10:52:32.746 UTC: 	 Sending the request to the server at cmsweb.cern.ch
DEBUG 2025-09-23 10:52:32.747 UTC: 	 Submitting {'dryrun': 0, 'workflow': 'crab_2pc_OO_V0_uncorr_IP5', 'saveoutput': 1, 'savelogsflag': 1, 'inputdata': '/IonPhysics5/bibehera-2pc_OO_V0_IP5-ca42279dfc2dce710b3991c24f27a617/USER', 'nonvaliddata': 0, 'userfiles': [], 'dbsurl': 'https://cmsweb.cern.ch/dbs/prod/phys03/DBSReader', 'useparent': 0, 'secondarydata': '/IonPhysics5/OORun2025-PromptReco-v1/MINIAOD', 'ignorelocality': 0, 'splitalgo': 'LumiBased', 'algoargs': 3, 'totalunits': -1, 'lfn': '/store/user/bibehera/', 'publication': 0, 'publishdbsurl': 'https://cmsweb.cern.ch/dbs/prod/phys03/DBSWriter', 'publishname2': '2pc_OO_V0_uncorr_IP5', 'jobtype': 'Analysis', 'generator': 'pythia', 'addoutputfiles': [], 'maxjobruntime': 1250, 'numcores': 1, 'maxmemory': 2000, 'priority': 10, 'nonprodsw': 0, 'asyncdest': 'T3_CH_CERNBOX', 'requireaccelerator': 0, 'oneEventMode': 0, 'extrajdl': [], 'ignoreglobalblacklist': 0, 'partialdataset': 0, 'inputblocks': [], 'tfileoutfiles': ['V0_test_IM.root'], 'edmoutfiles': [], 'jobarch': 'el9_amd64_gcc12', 'jobminuarch': 'x86-64-v3', 'jobsw': 'CMSSW_15_0_6_patch1', 'cacheurl': 'https://cmsweb.cern.ch/S3/crabcache_prod', 'cachefilename': '37d5bb9ded59ab0e79632fda2c1c467890aef3e1690e7e295465bdee745c47c8.tar.gz', 'debugfilename': '1599b767a5294addc149ff2092594ad2c3c90b80070d3977d8a42466ec35203e.tar.gz', 'runs': ['394153', '394154', '394169', '394175', '394183', '394184', '394185', '394186', '394187', '394188', '394189', '394204', '394209', '394217'], 'lumis': ['40,169', '1,886', '39,997', '47,988', '15,239', '1,667', '1,3', '1,15', '1,1', '1,107', '1,72', '38,932', '23,1209', '41,838']} 
DEBUG 2025-09-23 10:52:32.747 UTC: 	 Encoded data for curl request: dryrun=0&workflow=crab_2pc_OO_V0_uncorr_IP5&saveoutput=1&savelogsflag=1&inputdata=%2FIonPhysics5%2Fbibehera-2pc_OO_V0_IP5-ca42279dfc2dce710b3991c24f27a617%2FUSER&nonvaliddata=0&dbsurl=https%3A%2F%2Fcmsweb.cern.ch%2Fdbs%2Fprod%2Fphys03%2FDBSReader&useparent=0&secondarydata=%2FIonPhysics5%2FOORun2025-PromptReco-v1%2FMINIAOD&ignorelocality=0&splitalgo=LumiBased&algoargs=3&totalunits=-1&lfn=%2Fstore%2Fuser%2Fbibehera%2F&publication=0&publishdbsurl=https%3A%2F%2Fcmsweb.cern.ch%2Fdbs%2Fprod%2Fphys03%2FDBSWriter&publishname2=2pc_OO_V0_uncorr_IP5&jobtype=Analysis&generator=pythia&maxjobruntime=1250&numcores=1&maxmemory=2000&priority=10&nonprodsw=0&asyncdest=T3_CH_CERNBOX&requireaccelerator=0&oneEventMode=0&ignoreglobalblacklist=0&partialdataset=0&jobarch=el9_amd64_gcc12&jobminuarch=x86-64-v3&jobsw=CMSSW_15_0_6_patch1&cacheurl=https%3A%2F%2Fcmsweb.cern.ch%2FS3%2Fcrabcache_prod&cachefilename=37d5bb9ded59ab0e79632fda2c1c467890aef3e1690e7e295465bdee745c47c8.tar.gz&debugfilename=1599b767a5294addc149ff2092594ad2c3c90b80070d3977d8a42466ec35203e.tar.gz&tfileoutfiles=V0_test_IM.root&runs=394153&runs=394154&runs=394169&runs=394175&runs=394183&runs=394184&runs=394185&runs=394186&runs=394187&runs=394188&runs=394189&runs=394204&runs=394209&runs=394217&lumis=40%2C169&lumis=1%2C886&lumis=39%2C997&lumis=47%2C988&lumis=15%2C239&lumis=1%2C667&lumis=1%2C3&lumis=1%2C15&lumis=1%2C1&lumis=1%2C107&lumis=1%2C72&lumis=38%2C932&lumis=23%2C1209&lumis=41%2C838
DEBUG 2025-09-23 10:52:32.931 UTC: 	 Result: {'result': [{'RequestName': '250923_105232:bibehera_crab_2pc_OO_V0_uncorr_IP5'}]}
INFO 2025-09-23 10:52:32.940 UTC: 	 Success: Your task has been delivered to the prod CRAB3 server.
INFO 2025-09-23 10:52:32.942 UTC: 	 Task name: 250923_105232:bibehera_crab_2pc_OO_V0_uncorr_IP5
INFO 2025-09-23 10:52:32.942 UTC: 	 Project dir: OO_Data_MINIAOD/crab_2pc_OO_V0_uncorr_IP5
INFO 2025-09-23 10:52:32.943 UTC: 	 Please use ' crab status -d OO_Data_MINIAOD/crab_2pc_OO_V0_uncorr_IP5 ' to check how the submission process proceeds.
DEBUG 2025-09-23 10:52:32.943 UTC: 	 About to return
INFO 2025-09-23 10:52:32.970 UTC: 	 Log file is /eos/home-b/bibehera/OO_Simfit/CMSSW_15_0_6_patch1/src/Analyzer/RaghuV0Ana/cfg/OO_Data_MINIAOD/crab_2pc_OO_V0_uncorr_IP5/crab.log
