DEBUG 2025-09-23 19:25:34.515 UTC: 	 CRAB Client version: v3.250820
DEBUG 2025-09-23 19:25:34.515 UTC: 	 Running on: Linux lxplus802.cern.ch 4.18.0-553.70.1.el8_10.x86_64 #1 SMP Tue Aug 12 13:09:16 EDT 2025 x86_64 x86_64 x86_64 GNU/Linux
DEBUG 2025-09-23 19:25:34.515 UTC: 	 Not using Singularity
DEBUG 2025-09-23 19:25:34.516 UTC: 	 Operating System: Red Hat Enterprise Linux 8.10 (Ootpa)
DEBUG 2025-09-23 19:25:34.516 UTC: 	 Executing command: 'submit'
DEBUG 2025-09-23 19:25:34.516 UTC: 	 Found CRAB cache file /afs/cern.ch/user/b/bibehera/.crab3
INFO 2025-09-23 19:25:34.516 UTC: 	 Will use CRAB configuration file crab_config2.py
DEBUG 2025-09-23 19:25:34.516 UTC: 	 Loading CRAB configuration file.
DEBUG 2025-09-23 19:25:34.524 UTC: 	 Overriden parameter General.requestName with '2pc_OO_V0_SpecEff1_IP20'
DEBUG 2025-09-23 19:25:34.524 UTC: 	 Overriden parameter Data.inputDataset with '/IonPhysics20/bibehera-2pc_OO_V0_IP20-ca42279dfc2dce710b3991c24f27a617/USER'
DEBUG 2025-09-23 19:25:34.524 UTC: 	 Overriden parameter Data.secondaryInputDataset with '/IonPhysics20/OORun2025-PromptReco-v1/MINIAOD'
DEBUG 2025-09-23 19:25:34.524 UTC: 	 Overriden parameter Data.outputDatasetTag with '2pc_OO_V0_SpecEff1_IP20'
DEBUG 2025-09-23 19:25:34.524 UTC: 	 Will use CRAB plugin ANALYSIS (i.e. will run an analysis job type).
DEBUG 2025-09-23 19:25:34.532 UTC: 	 Checking credentials
DEBUG 2025-09-23 19:25:34.532 UTC: 	 Found proxy file /tmp/x509up_u177753
DEBUG 2025-09-23 19:25:34.532 UTC: 	 Making sure it has proper VOMS extension
DEBUG 2025-09-23 19:25:34.532 UTC: 	 Executing command :
 voms-proxy-info --vo --file /tmp/x509up_u177753
DEBUG 2025-09-23 19:25:34.554 UTC: 	 output : cms

 error: 
 retcode : 0
DEBUG 2025-09-23 19:25:34.554 UTC: 	 Getting proxy life time left
DEBUG 2025-09-23 19:25:34.554 UTC: 	 Executing command :
 voms-proxy-info --actimeleft --timeleft --file /tmp/x509up_u177753
DEBUG 2025-09-23 19:25:34.572 UTC: 	 output : 41614
41614

 error: 
 retcode : 0
DEBUG 2025-09-23 19:25:34.573 UTC: 	 Proxy valid for 11:33:34 hours
DEBUG 2025-09-23 19:25:34.573 UTC: 	 Encoded data for curl request: subresource=delegatedn
DEBUG 2025-09-23 19:25:34.606 UTC: 	 Registering user credentials on myproxy for /DC=ch/DC=cern/OU=computers/CN=crab-(preprod|prod)-tw(01|02).cern.ch|/DC=ch/DC=cern/OU=computers/CN=crab-dev-tw(01|02|03|04).cern.ch|/DC=ch/DC=cern/OU=Organic Units/OU=Users/CN=cmscrab/CN=(817881|373708)/CN=Robot: cms crab|/DC=ch/DC=cern/OU=Organic Units/OU=Users/CN=crabint1/CN=373708/CN=Robot: CMS CRAB Integration 1
DEBUG 2025-09-23 19:25:34.606 UTC: 	 Executing command :
 voms-proxy-info --identity --file /tmp/x509up_u177753
DEBUG 2025-09-23 19:25:34.625 UTC: 	 output : /DC=ch/DC=cern/OU=Organic Units/OU=Users/CN=bibehera/CN=882295/CN=Bismita Behera

 error: 
 retcode : 0
DEBUG 2025-09-23 19:25:34.625 UTC: 	 Getting myproxy life time left for bfbdf12a5670e45fdd055ff115afbb0f25b8a072
DEBUG 2025-09-23 19:25:34.625 UTC: 	 Executing command :
 myproxy-info -s myproxy.cern.ch -l bfbdf12a5670e45fdd055ff115afbb0f25b8a072
DEBUG 2025-09-23 19:25:34.912 UTC: 	 output : username: bfbdf12a5670e45fdd055ff115afbb0f25b8a072
owner: /DC=ch/DC=cern/OU=Organic Units/OU=Users/CN=bibehera/CN=882295/CN=Bismita Behera
  renewal policy: /DC=ch/DC=cern/OU=computers/CN=crab-(preprod|prod)-tw(01|02).cern.ch|/DC=ch/DC=cern/OU=computers/CN=crab-dev-tw(01|02|03|04).cern.ch|/DC=ch/DC=cern/OU=Organic Units/OU=Users/CN=cmscrab/CN=(817881|373708)/CN=Robot: cms crab|/DC=ch/DC=cern/OU=Organic Units/OU=Users/CN=crabint1/CN=373708/CN=Robot: CMS CRAB Integration 1
  trusted retrieval policy: /DC=ch/DC=cern/OU=computers/CN=crab-(preprod|prod)-tw(01|02).cern.ch|/DC=ch/DC=cern/OU=computers/CN=crab-dev-tw(01|02|03|04).cern.ch|/DC=ch/DC=cern/OU=Organic Units/OU=Users/CN=cmscrab/CN=(817881|373708)/CN=Robot: cms crab|/DC=ch/DC=cern/OU=Organic Units/OU=Users/CN=crabint1/CN=373708/CN=Robot: CMS CRAB Integration 1
  timeleft: 433:33:19  (18.1 days)

 error: 
 retcode : 0
DEBUG 2025-09-23 19:25:34.912 UTC: 	 Myproxy is valid: 1560780
DEBUG 2025-09-23 19:25:34.912 UTC: 	 Result of myproxy credential check:
  Credential exists on myproxy: username: bfbdf12a5670e45fdd055ff115afbb0f25b8a072  - validity: 18 days, 1:33:00
DEBUG 2025-09-23 19:25:34.912 UTC: 	 Command use: submit
DEBUG 2025-09-23 19:25:34.912 UTC: 	 Options use: ['-c', 'crab_config2.py', 'General.requestName=2pc_OO_V0_SpecEff1_IP20', 'Data.inputDataset=/IonPhysics20/bibehera-2pc_OO_V0_IP20-ca42279dfc2dce710b3991c24f27a617/USER', 'Data.secondaryInputDataset=/IonPhysics20/OORun2025-PromptReco-v1/MINIAOD', 'Data.outputDatasetTag=2pc_OO_V0_SpecEff1_IP20']
DEBUG 2025-09-23 19:25:34.912 UTC: 	 Encoded data for curl request: subresource=version
DEBUG 2025-09-23 19:25:34.950 UTC: 	 CRABClient version: v3.250820
DEBUG 2025-09-23 19:25:34.950 UTC: 	 Instance is prod
DEBUG 2025-09-23 19:25:34.950 UTC: 	 Server base url is cmsweb.cern.ch
DEBUG 2025-09-23 19:25:34.950 UTC: 	 Command api workflow
DEBUG 2025-09-23 19:25:34.950 UTC: 	 Started submission
DEBUG 2025-09-23 19:25:34.950 UTC: 	 Working on /eos/home-b/bibehera/OO_Simfit_eff/CMSSW_15_0_6_patch1/src/Analyzer/RaghuV0Ana/cfg/OO_Data_MINIAOD/crab_2pc_OO_V0_SpecEff1_IP20
DEBUG 2025-09-23 19:25:34.950 UTC: 	 Encoded data for curl request: subresource=backendurls
DEBUG 2025-09-23 19:25:35.017 UTC: 	 Loading required information from the environment
DEBUG 2025-09-23 19:25:35.017 UTC: 	 Found CMSSW_15_0_6_patch1 for el8_amd64_gcc12 with base /eos/home-b/bibehera/OO_Simfit_eff/CMSSW_15_0_6_patch1
DEBUG 2025-09-23 19:25:35.017 UTC: 	 Loading required information from the environment
DEBUG 2025-09-23 19:25:35.017 UTC: 	 Found CMSSW_15_0_6_patch1 for el8_amd64_gcc12 with base /eos/home-b/bibehera/OO_Simfit_eff/CMSSW_15_0_6_patch1
DEBUG 2025-09-23 19:25:35.017 UTC: 	 UNIQUE NAME: tarUUID 1b326afa-d462-49cc-b474-c452d0b783ff 
DEBUG 2025-09-23 19:25:35.017 UTC: 	 self.config: from WMCore.Configuration import Configuration
config = Configuration()
config.section_('General')
config.General.transferLogs = True
config.General.requestName = '2pc_OO_V0_SpecEff1_IP20'
config.General.transferOutputs = True
config.General.workArea = 'OO_Data_MINIAOD'
config.section_('JobType')
config.JobType.psetName = 'PbPb_2018_cfg.py'
config.JobType.pluginName = 'Analysis'
config.section_('Data')
config.Data.secondaryInputDataset = '/IonPhysics20/OORun2025-PromptReco-v1/MINIAOD'
config.Data.unitsPerJob = 3
config.Data.outLFNDirBase = '/store/user/bibehera/'
config.Data.publication = False
config.Data.lumiMask = 'generated_json.json'
config.Data.inputDataset = '/IonPhysics20/bibehera-2pc_OO_V0_IP20-ca42279dfc2dce710b3991c24f27a617/USER'
config.Data.splitting = 'LumiBased'
config.Data.totalUnits = -1
config.Data.inputDBS = 'phys03'
config.Data.outputDatasetTag = '2pc_OO_V0_SpecEff1_IP20'
config.section_('Site')
config.Site.storageSite = 'T3_CH_CERNBOX'
config.section_('User')
config.section_('Debug')

DEBUG 2025-09-23 19:25:35.017 UTC: 	 self.config.JobType.psetName: PbPb_2018_cfg.py
INFO 2025-09-23 19:25:35.017 UTC: 	 Importing CMSSW configuration PbPb_2018_cfg.py
INFO 2025-09-23 19:25:36.053 UTC: 	 Finished importing CMSSW configuration PbPb_2018_cfg.py
DEBUG 2025-09-23 19:25:36.054 UTC: 	 Writing CMSSW configuration to /eos/home-b/bibehera/OO_Simfit_eff/CMSSW_15_0_6_patch1/src/Analyzer/RaghuV0Ana/cfg/OO_Data_MINIAOD/crab_2pc_OO_V0_SpecEff1_IP20/inputs/PSet.py
DEBUG 2025-09-23 19:25:36.173 UTC: 	 The following EDM output files will be collected: []
DEBUG 2025-09-23 19:25:36.173 UTC: 	 The following TFile output files will be collected: ['V0_test_IM.root']
DEBUG 2025-09-23 19:25:36.173 UTC: 	 The following user output files (not listed as PoolOuputModule or TFileService in the CMSSW PSet) will be collected: 
DEBUG 2025-09-23 19:25:36.173 UTC: 	 Loading required information from the environment
DEBUG 2025-09-23 19:25:36.173 UTC: 	 Found CMSSW_15_0_6_patch1 for el8_amd64_gcc12 with base /eos/home-b/bibehera/OO_Simfit_eff/CMSSW_15_0_6_patch1
DEBUG 2025-09-23 19:25:36.173 UTC: 	 Making tarball in /eos/home-b/bibehera/OO_Simfit_eff/CMSSW_15_0_6_patch1/src/Analyzer/RaghuV0Ana/cfg/OO_Data_MINIAOD/crab_2pc_OO_V0_SpecEff1_IP20/inputs/1b326afa-d462-49cc-b474-c452d0b783ffdefault.tgz
DEBUG 2025-09-23 19:25:36.175 UTC: 	 Checking directory /eos/home-b/bibehera/OO_Simfit_eff/CMSSW_15_0_6_patch1/bin
DEBUG 2025-09-23 19:25:36.176 UTC: 	 Adding directory /eos/home-b/bibehera/OO_Simfit_eff/CMSSW_15_0_6_patch1/bin to tarball
DEBUG 2025-09-23 19:25:36.179 UTC: 	 Checking directory /eos/home-b/bibehera/OO_Simfit_eff/CMSSW_15_0_6_patch1/python
DEBUG 2025-09-23 19:25:36.179 UTC: 	 Adding directory /eos/home-b/bibehera/OO_Simfit_eff/CMSSW_15_0_6_patch1/python to tarball
DEBUG 2025-09-23 19:25:36.228 UTC: 	 Checking directory /eos/home-b/bibehera/OO_Simfit_eff/CMSSW_15_0_6_patch1/cfipython
DEBUG 2025-09-23 19:25:36.228 UTC: 	 Adding directory /eos/home-b/bibehera/OO_Simfit_eff/CMSSW_15_0_6_patch1/cfipython to tarball
DEBUG 2025-09-23 19:25:36.345 UTC: 	 Checking directory /eos/home-b/bibehera/OO_Simfit_eff/CMSSW_15_0_6_patch1/lib
DEBUG 2025-09-23 19:25:36.345 UTC: 	 Adding directory /eos/home-b/bibehera/OO_Simfit_eff/CMSSW_15_0_6_patch1/lib to tarball
DEBUG 2025-09-23 19:25:36.547 UTC: 	 Checking directory /eos/home-b/bibehera/OO_Simfit_eff/CMSSW_15_0_6_patch1/biglib
DEBUG 2025-09-23 19:25:36.547 UTC: 	 Adding directory /eos/home-b/bibehera/OO_Simfit_eff/CMSSW_15_0_6_patch1/biglib to tarball
DEBUG 2025-09-23 19:25:36.549 UTC: 	 Checking directory /eos/home-b/bibehera/OO_Simfit_eff/CMSSW_15_0_6_patch1/module
DEBUG 2025-09-23 19:25:36.549 UTC: 	 Checking directory /eos/home-b/bibehera/OO_Simfit_eff/CMSSW_15_0_6_patch1/config/SCRAM/hooks
DEBUG 2025-09-23 19:25:36.549 UTC: 	 Adding directory /eos/home-b/bibehera/OO_Simfit_eff/CMSSW_15_0_6_patch1/config/SCRAM/hooks to tarball
DEBUG 2025-09-23 19:25:36.754 UTC: 	 Adding directory /eos/home-b/bibehera/OO_Simfit_eff/CMSSW_15_0_6_patch1/src/Analyzer/RaghuV0Ana/data to tarball
DEBUG 2025-09-23 19:25:37.220 UTC: 	 Adding directory /eos/home-b/bibehera/OO_Simfit_eff/CMSSW_15_0_6_patch1/src/Analyzer/RaghuV0Ana/interface to tarball
DEBUG 2025-09-23 19:25:37.225 UTC: 	 Adding directory /eos/home-b/bibehera/OO_Simfit_eff/CMSSW_15_0_6_patch1/src/Analyzer/RaghuV0Ana/python to tarball
DEBUG 2025-09-23 19:25:37.234 UTC: 	 Adding directory /eos/home-b/bibehera/OO_Simfit_eff/CMSSW_15_0_6_patch1/src/HeavyIonsAnalysis/Configuration/data to tarball
DEBUG 2025-09-23 19:25:37.567 UTC: 	 Adding directory /eos/home-b/bibehera/OO_Simfit_eff/CMSSW_15_0_6_patch1/src/HeavyIonsAnalysis/Configuration/python to tarball
DEBUG 2025-09-23 19:25:37.591 UTC: 	 Adding directory /eos/home-b/bibehera/OO_Simfit_eff/CMSSW_15_0_6_patch1/src/HeavyIonsAnalysis/EGMAnalysis/data to tarball
DEBUG 2025-09-23 19:25:37.596 UTC: 	 Adding directory /eos/home-b/bibehera/OO_Simfit_eff/CMSSW_15_0_6_patch1/src/HeavyIonsAnalysis/EGMAnalysis/interface to tarball
DEBUG 2025-09-23 19:25:37.601 UTC: 	 Adding directory /eos/home-b/bibehera/OO_Simfit_eff/CMSSW_15_0_6_patch1/src/HeavyIonsAnalysis/EGMAnalysis/python to tarball
DEBUG 2025-09-23 19:25:37.610 UTC: 	 Adding directory /eos/home-b/bibehera/OO_Simfit_eff/CMSSW_15_0_6_patch1/src/HeavyIonsAnalysis/EventAnalysis/python to tarball
DEBUG 2025-09-23 19:25:37.688 UTC: 	 Adding directory /eos/home-b/bibehera/OO_Simfit_eff/CMSSW_15_0_6_patch1/src/HeavyIonsAnalysis/JetAnalysis/interface to tarball
DEBUG 2025-09-23 19:25:37.692 UTC: 	 Adding directory /eos/home-b/bibehera/OO_Simfit_eff/CMSSW_15_0_6_patch1/src/HeavyIonsAnalysis/JetAnalysis/python to tarball
DEBUG 2025-09-23 19:25:37.724 UTC: 	 Adding directory /eos/home-b/bibehera/OO_Simfit_eff/CMSSW_15_0_6_patch1/src/HeavyIonsAnalysis/MuonAnalysis/interface to tarball
DEBUG 2025-09-23 19:25:37.729 UTC: 	 Adding directory /eos/home-b/bibehera/OO_Simfit_eff/CMSSW_15_0_6_patch1/src/HeavyIonsAnalysis/MuonAnalysis/python to tarball
DEBUG 2025-09-23 19:25:37.739 UTC: 	 Adding directory /eos/home-b/bibehera/OO_Simfit_eff/CMSSW_15_0_6_patch1/src/HeavyIonsAnalysis/TrackAnalysis/interface to tarball
DEBUG 2025-09-23 19:25:37.744 UTC: 	 Adding directory /eos/home-b/bibehera/OO_Simfit_eff/CMSSW_15_0_6_patch1/src/HeavyIonsAnalysis/TrackAnalysis/python to tarball
DEBUG 2025-09-23 19:25:37.764 UTC: 	 Adding directory /eos/home-b/bibehera/OO_Simfit_eff/CMSSW_15_0_6_patch1/src/HeavyIonsAnalysis/VertexAnalysis/python to tarball
DEBUG 2025-09-23 19:25:37.771 UTC: 	 Adding directory /eos/home-b/bibehera/OO_Simfit_eff/CMSSW_15_0_6_patch1/src/HeavyIonsAnalysis/ZDCAnalysis/python to tarball
DEBUG 2025-09-23 19:25:37.840 UTC: 	 Uploading archive /eos/home-b/bibehera/OO_Simfit_eff/CMSSW_15_0_6_patch1/src/Analyzer/RaghuV0Ana/cfg/OO_Data_MINIAOD/crab_2pc_OO_V0_SpecEff1_IP20/inputs/1b326afa-d462-49cc-b474-c452d0b783ffdefault.tgz (3.925781.1 MB) to the CRAB cache. Using URI https://cmsweb.cern.ch/S3/crabcache_prod
DEBUG 2025-09-23 19:25:38.712 UTC: 	 Encoded data for curl request: subresource=upload&objecttype=sandbox&tarballname=7ada19f9d3eb0a4750b0ee007522d3ea81741e56a82b8f3196efabd4389421c4.tar.gz
DEBUG 2025-09-23 19:25:38.768 UTC: 	 sandbox 7ada19f9d3eb0a4750b0ee007522d3ea81741e56a82b8f3196efabd4389421c4.tar.gz is already in the S3 store, will not upload again
DEBUG 2025-09-23 19:25:38.768 UTC: 	 Loading required information from the environment
DEBUG 2025-09-23 19:25:38.769 UTC: 	 Found CMSSW_15_0_6_patch1 for el8_amd64_gcc12 with base /eos/home-b/bibehera/OO_Simfit_eff/CMSSW_15_0_6_patch1
DEBUG 2025-09-23 19:25:38.769 UTC: 	 Making tarball in /eos/home-b/bibehera/OO_Simfit_eff/CMSSW_15_0_6_patch1/src/Analyzer/RaghuV0Ana/cfg/OO_Data_MINIAOD/crab_2pc_OO_V0_SpecEff1_IP20/inputs/debugFiles.tgz
DEBUG 2025-09-23 19:25:38.779 UTC: 	 Uploading archive /eos/home-b/bibehera/OO_Simfit_eff/CMSSW_15_0_6_patch1/src/Analyzer/RaghuV0Ana/cfg/OO_Data_MINIAOD/crab_2pc_OO_V0_SpecEff1_IP20/inputs/debugFiles.tgz (3 KB) to the CRAB cache. Using URI https://cmsweb.cern.ch/S3/crabcache_prod
DEBUG 2025-09-23 19:25:38.795 UTC: 	 Encoded data for curl request: subresource=upload&objecttype=sandbox&tarballname=0f4a8967147930f81dfe26b4ca895684c2c664c92de72580ce74a407f012ffb5.tar.gz
DEBUG 2025-09-23 19:25:38.837 UTC: 	 Will execute:
curl -f -v -X POST  -H "User-Agent: CRAB" -F "key=bibehera/sandboxes/0f4a8967147930f81dfe26b4ca895684c2c664c92de72580ce74a407f012ffb5.tar.gz" -F "AWSAccessKeyId=715203df6482458ba839e73e6dab634b" -F "policy=eyJleHBpcmF0aW9uIjogIjIwMjUtMDktMjNUMjA6MjU6MzhaIiwgImNvbmRpdGlvbnMiOiBbeyJidWNrZXQiOiAiY3JhYmNhY2hlX3Byb2QifSwgeyJrZXkiOiAiYmliZWhlcmEvc2FuZGJveGVzLzBmNGE4OTY3MTQ3OTMwZjgxZGZlMjZiNGNhODk1Njg0YzJjNjY0YzkyZGU3MjU4MGNlNzRhNDA3ZjAxMmZmYjUudGFyLmd6In1dfQ==" -F "signature=Bc+Ej2ZbSTlzDVo+XqmhJHogL0Y=" -F "file=@/eos/home-b/bibehera/OO_Simfit_eff/CMSSW_15_0_6_patch1/src/Analyzer/RaghuV0Ana/cfg/OO_Data_MINIAOD/crab_2pc_OO_V0_SpecEff1_IP20/inputs/debugFiles.tgz" "https://s3.cern.ch/crabcache_prod"
DEBUG 2025-09-23 19:25:38.928 UTC: 	 exitcode: 0
stdout: b''
DEBUG 2025-09-23 19:25:38.928 UTC: 	 upload to S3 of sandbox /eos/home-b/bibehera/OO_Simfit_eff/CMSSW_15_0_6_patch1/src/Analyzer/RaghuV0Ana/cfg/OO_Data_MINIAOD/crab_2pc_OO_V0_SpecEff1_IP20/inputs/debugFiles.tgz completed
DEBUG 2025-09-23 19:25:38.928 UTC: 	 make sure that object is ready for retrieve
DEBUG 2025-09-23 19:25:39.929 UTC: 	 Encoded data for curl request: subresource=download&objecttype=sandbox&tarballname=0f4a8967147930f81dfe26b4ca895684c2c664c92de72580ce74a407f012ffb5.tar.gz&clientmethod=head_object
DEBUG 2025-09-23 19:25:39.967 UTC: 	 PreSignedUrl to download sandbox received OK
DEBUG 2025-09-23 19:25:39.970 UTC: 	 Will execute:
 curl -v -s -f -o /dev/null --head  "https://s3.cern.ch/crabcache_prod/bibehera/sandboxes/0f4a8967147930f81dfe26b4ca895684c2c664c92de72580ce74a407f012ffb5.tar.gz?AWSAccessKeyId=715203df6482458ba839e73e6dab634b&Signature=DydNnz408%2Bun47nQf88Zk8el6R8%3D&Expires=1758659139"
DEBUG 2025-09-23 19:25:39.996 UTC: 	 exitcode: 0
stdout: b''
DEBUG 2025-09-23 19:25:39.996 UTC: 	 sandbox /eos/home-b/bibehera/OO_Simfit_eff/CMSSW_15_0_6_patch1/src/Analyzer/RaghuV0Ana/cfg/OO_Data_MINIAOD/crab_2pc_OO_V0_SpecEff1_IP20/inputs/debugFiles.tgz successfully uploaded to S3
DEBUG 2025-09-23 19:25:39.996 UTC: 	 Result uploading input files: 7ada19f9d3eb0a4750b0ee007522d3ea81741e56a82b8f3196efabd4389421c4.tar.gz 
DEBUG 2025-09-23 19:25:39.996 UTC: 	 Attaching lumi mask generated_json.json to the request
DEBUG 2025-09-23 19:25:39.996 UTC: 	 Reading lumi-mask from generated_json.json
DEBUG 2025-09-23 19:25:39.998 UTC: 	 submit() - self.configuration from WMCore.Configuration import Configuration
config = Configuration()
config.section_('General')
config.General.transferLogs = True
config.General.requestName = '2pc_OO_V0_SpecEff1_IP20'
config.General.transferOutputs = True
config.General.workArea = 'OO_Data_MINIAOD'
config.section_('JobType')
config.JobType.psetName = 'PbPb_2018_cfg.py'
config.JobType.pluginName = 'Analysis'
config.section_('Data')
config.Data.secondaryInputDataset = '/IonPhysics20/OORun2025-PromptReco-v1/MINIAOD'
config.Data.unitsPerJob = 3
config.Data.outLFNDirBase = '/store/user/bibehera/'
config.Data.publication = False
config.Data.lumiMask = 'generated_json.json'
config.Data.inputDataset = '/IonPhysics20/bibehera-2pc_OO_V0_IP20-ca42279dfc2dce710b3991c24f27a617/USER'
config.Data.splitting = 'LumiBased'
config.Data.totalUnits = -1
config.Data.inputDBS = 'phys03'
config.Data.outputDatasetTag = '2pc_OO_V0_SpecEff1_IP20'
config.section_('Site')
config.Site.storageSite = 'T3_CH_CERNBOX'
config.section_('User')
config.section_('Debug')

DEBUG 2025-09-23 19:25:39.998 UTC: 	 submit() - self.configreq {'dryrun': 0, 'workflow': 'crab_2pc_OO_V0_SpecEff1_IP20', 'saveoutput': 1, 'savelogsflag': 1, 'inputdata': '/IonPhysics20/bibehera-2pc_OO_V0_IP20-ca42279dfc2dce710b3991c24f27a617/USER', 'nonvaliddata': 0, 'userfiles': [], 'dbsurl': 'https://cmsweb.cern.ch/dbs/prod/phys03/DBSReader', 'useparent': 0, 'secondarydata': '/IonPhysics20/OORun2025-PromptReco-v1/MINIAOD', 'ignorelocality': 0, 'splitalgo': 'LumiBased', 'algoargs': 3, 'totalunits': -1, 'lfn': '/store/user/bibehera/', 'publication': 0, 'publishdbsurl': 'https://cmsweb.cern.ch/dbs/prod/phys03/DBSWriter', 'publishname2': '2pc_OO_V0_SpecEff1_IP20', 'jobtype': 'Analysis', 'generator': 'pythia', 'addoutputfiles': [], 'maxjobruntime': 1250, 'numcores': 1, 'maxmemory': 2000, 'priority': 10, 'nonprodsw': 0, 'asyncdest': 'T3_CH_CERNBOX', 'requireaccelerator': 0, 'oneEventMode': 0, 'extrajdl': [], 'ignoreglobalblacklist': 0, 'partialdataset': 0, 'inputblocks': []}
DEBUG 2025-09-23 19:25:39.998 UTC: 	 submit() - jobconfig {'addoutputfiles': [], 'tfileoutfiles': ['V0_test_IM.root'], 'edmoutfiles': [], 'jobarch': 'el8_amd64_gcc12', 'jobminuarch': 'x86-64-v3', 'jobsw': 'CMSSW_15_0_6_patch1', 'inputdata': '/IonPhysics20/bibehera-2pc_OO_V0_IP20-ca42279dfc2dce710b3991c24f27a617/USER', 'cacheurl': 'https://cmsweb.cern.ch/S3/crabcache_prod', 'cachefilename': '7ada19f9d3eb0a4750b0ee007522d3ea81741e56a82b8f3196efabd4389421c4.tar.gz', 'debugfilename': '0f4a8967147930f81dfe26b4ca895684c2c664c92de72580ce74a407f012ffb5.tar.gz', 'runs': ['394153', '394154', '394169', '394175', '394183', '394184', '394185', '394186', '394187', '394188', '394189', '394204', '394209', '394217'], 'lumis': ['40,169', '1,886', '39,997', '47,988', '15,239', '1,667', '1,3', '1,15', '1,1', '1,107', '1,72', '38,932', '23,1209', '41,838'], 'jobtype': 'Analysis'}
INFO 2025-09-23 19:25:39.998 UTC: 	 Sending the request to the server at cmsweb.cern.ch
DEBUG 2025-09-23 19:25:39.998 UTC: 	 Submitting {'dryrun': 0, 'workflow': 'crab_2pc_OO_V0_SpecEff1_IP20', 'saveoutput': 1, 'savelogsflag': 1, 'inputdata': '/IonPhysics20/bibehera-2pc_OO_V0_IP20-ca42279dfc2dce710b3991c24f27a617/USER', 'nonvaliddata': 0, 'userfiles': [], 'dbsurl': 'https://cmsweb.cern.ch/dbs/prod/phys03/DBSReader', 'useparent': 0, 'secondarydata': '/IonPhysics20/OORun2025-PromptReco-v1/MINIAOD', 'ignorelocality': 0, 'splitalgo': 'LumiBased', 'algoargs': 3, 'totalunits': -1, 'lfn': '/store/user/bibehera/', 'publication': 0, 'publishdbsurl': 'https://cmsweb.cern.ch/dbs/prod/phys03/DBSWriter', 'publishname2': '2pc_OO_V0_SpecEff1_IP20', 'jobtype': 'Analysis', 'generator': 'pythia', 'addoutputfiles': [], 'maxjobruntime': 1250, 'numcores': 1, 'maxmemory': 2000, 'priority': 10, 'nonprodsw': 0, 'asyncdest': 'T3_CH_CERNBOX', 'requireaccelerator': 0, 'oneEventMode': 0, 'extrajdl': [], 'ignoreglobalblacklist': 0, 'partialdataset': 0, 'inputblocks': [], 'tfileoutfiles': ['V0_test_IM.root'], 'edmoutfiles': [], 'jobarch': 'el8_amd64_gcc12', 'jobminuarch': 'x86-64-v3', 'jobsw': 'CMSSW_15_0_6_patch1', 'cacheurl': 'https://cmsweb.cern.ch/S3/crabcache_prod', 'cachefilename': '7ada19f9d3eb0a4750b0ee007522d3ea81741e56a82b8f3196efabd4389421c4.tar.gz', 'debugfilename': '0f4a8967147930f81dfe26b4ca895684c2c664c92de72580ce74a407f012ffb5.tar.gz', 'runs': ['394153', '394154', '394169', '394175', '394183', '394184', '394185', '394186', '394187', '394188', '394189', '394204', '394209', '394217'], 'lumis': ['40,169', '1,886', '39,997', '47,988', '15,239', '1,667', '1,3', '1,15', '1,1', '1,107', '1,72', '38,932', '23,1209', '41,838']} 
DEBUG 2025-09-23 19:25:39.999 UTC: 	 Encoded data for curl request: dryrun=0&workflow=crab_2pc_OO_V0_SpecEff1_IP20&saveoutput=1&savelogsflag=1&inputdata=%2FIonPhysics20%2Fbibehera-2pc_OO_V0_IP20-ca42279dfc2dce710b3991c24f27a617%2FUSER&nonvaliddata=0&dbsurl=https%3A%2F%2Fcmsweb.cern.ch%2Fdbs%2Fprod%2Fphys03%2FDBSReader&useparent=0&secondarydata=%2FIonPhysics20%2FOORun2025-PromptReco-v1%2FMINIAOD&ignorelocality=0&splitalgo=LumiBased&algoargs=3&totalunits=-1&lfn=%2Fstore%2Fuser%2Fbibehera%2F&publication=0&publishdbsurl=https%3A%2F%2Fcmsweb.cern.ch%2Fdbs%2Fprod%2Fphys03%2FDBSWriter&publishname2=2pc_OO_V0_SpecEff1_IP20&jobtype=Analysis&generator=pythia&maxjobruntime=1250&numcores=1&maxmemory=2000&priority=10&nonprodsw=0&asyncdest=T3_CH_CERNBOX&requireaccelerator=0&oneEventMode=0&ignoreglobalblacklist=0&partialdataset=0&jobarch=el8_amd64_gcc12&jobminuarch=x86-64-v3&jobsw=CMSSW_15_0_6_patch1&cacheurl=https%3A%2F%2Fcmsweb.cern.ch%2FS3%2Fcrabcache_prod&cachefilename=7ada19f9d3eb0a4750b0ee007522d3ea81741e56a82b8f3196efabd4389421c4.tar.gz&debugfilename=0f4a8967147930f81dfe26b4ca895684c2c664c92de72580ce74a407f012ffb5.tar.gz&tfileoutfiles=V0_test_IM.root&runs=394153&runs=394154&runs=394169&runs=394175&runs=394183&runs=394184&runs=394185&runs=394186&runs=394187&runs=394188&runs=394189&runs=394204&runs=394209&runs=394217&lumis=40%2C169&lumis=1%2C886&lumis=39%2C997&lumis=47%2C988&lumis=15%2C239&lumis=1%2C667&lumis=1%2C3&lumis=1%2C15&lumis=1%2C1&lumis=1%2C107&lumis=1%2C72&lumis=38%2C932&lumis=23%2C1209&lumis=41%2C838
DEBUG 2025-09-23 19:25:40.051 UTC: 	 Result: {'result': [{'RequestName': '250923_192540:bibehera_crab_2pc_OO_V0_SpecEff1_IP20'}]}
INFO 2025-09-23 19:25:40.183 UTC: 	 Success: Your task has been delivered to the prod CRAB3 server.
INFO 2025-09-23 19:25:40.183 UTC: 	 Task name: 250923_192540:bibehera_crab_2pc_OO_V0_SpecEff1_IP20
INFO 2025-09-23 19:25:40.183 UTC: 	 Project dir: OO_Data_MINIAOD/crab_2pc_OO_V0_SpecEff1_IP20
INFO 2025-09-23 19:25:40.183 UTC: 	 Please use ' crab status -d OO_Data_MINIAOD/crab_2pc_OO_V0_SpecEff1_IP20 ' to check how the submission process proceeds.
DEBUG 2025-09-23 19:25:40.184 UTC: 	 About to return
INFO 2025-09-23 19:25:40.203 UTC: 	 Log file is /eos/home-b/bibehera/OO_Simfit_eff/CMSSW_15_0_6_patch1/src/Analyzer/RaghuV0Ana/cfg/OO_Data_MINIAOD/crab_2pc_OO_V0_SpecEff1_IP20/crab.log
DEBUG 2025-09-23 19:31:44.771 UTC: 	 CRAB Client version: v3.250820
DEBUG 2025-09-23 19:31:44.771 UTC: 	 Running on: Linux lxplus802.cern.ch 4.18.0-553.70.1.el8_10.x86_64 #1 SMP Tue Aug 12 13:09:16 EDT 2025 x86_64 x86_64 x86_64 GNU/Linux
DEBUG 2025-09-23 19:31:44.771 UTC: 	 Not using Singularity
DEBUG 2025-09-23 19:31:44.771 UTC: 	 Operating System: Red Hat Enterprise Linux 8.10 (Ootpa)
DEBUG 2025-09-23 19:31:44.771 UTC: 	 Executing command: 'kill'
DEBUG 2025-09-23 19:31:44.771 UTC: 	 Found CRAB cache file /afs/cern.ch/user/b/bibehera/.crab3
DEBUG 2025-09-23 19:31:44.948 UTC: 	 Checking credentials
DEBUG 2025-09-23 19:31:44.948 UTC: 	 Found proxy file /tmp/x509up_u177753
DEBUG 2025-09-23 19:31:44.948 UTC: 	 Making sure it has proper VOMS extension
DEBUG 2025-09-23 19:31:44.948 UTC: 	 Executing command :
 voms-proxy-info --vo --file /tmp/x509up_u177753
DEBUG 2025-09-23 19:31:44.976 UTC: 	 output : cms

 error: 
 retcode : 0
DEBUG 2025-09-23 19:31:44.977 UTC: 	 Getting proxy life time left
DEBUG 2025-09-23 19:31:44.977 UTC: 	 Executing command :
 voms-proxy-info --actimeleft --timeleft --file /tmp/x509up_u177753
DEBUG 2025-09-23 19:31:45.008 UTC: 	 output : 41243
41243

 error: 
 retcode : 0
DEBUG 2025-09-23 19:31:45.008 UTC: 	 Proxy valid for 11:27:23 hours
DEBUG 2025-09-23 19:31:45.009 UTC: 	 Encoded data for curl request: subresource=delegatedn
DEBUG 2025-09-23 19:31:45.053 UTC: 	 Registering user credentials on myproxy for /DC=ch/DC=cern/OU=computers/CN=crab-(preprod|prod)-tw(01|02).cern.ch|/DC=ch/DC=cern/OU=computers/CN=crab-dev-tw(01|02|03|04).cern.ch|/DC=ch/DC=cern/OU=Organic Units/OU=Users/CN=cmscrab/CN=(817881|373708)/CN=Robot: cms crab|/DC=ch/DC=cern/OU=Organic Units/OU=Users/CN=crabint1/CN=373708/CN=Robot: CMS CRAB Integration 1
DEBUG 2025-09-23 19:31:45.053 UTC: 	 Executing command :
 voms-proxy-info --identity --file /tmp/x509up_u177753
DEBUG 2025-09-23 19:31:45.083 UTC: 	 output : /DC=ch/DC=cern/OU=Organic Units/OU=Users/CN=bibehera/CN=882295/CN=Bismita Behera

 error: 
 retcode : 0
DEBUG 2025-09-23 19:31:45.083 UTC: 	 Getting myproxy life time left for bfbdf12a5670e45fdd055ff115afbb0f25b8a072
DEBUG 2025-09-23 19:31:45.083 UTC: 	 Executing command :
 myproxy-info -s myproxy.cern.ch -l bfbdf12a5670e45fdd055ff115afbb0f25b8a072
DEBUG 2025-09-23 19:31:45.374 UTC: 	 output : username: bfbdf12a5670e45fdd055ff115afbb0f25b8a072
owner: /DC=ch/DC=cern/OU=Organic Units/OU=Users/CN=bibehera/CN=882295/CN=Bismita Behera
  renewal policy: /DC=ch/DC=cern/OU=computers/CN=crab-(preprod|prod)-tw(01|02).cern.ch|/DC=ch/DC=cern/OU=computers/CN=crab-dev-tw(01|02|03|04).cern.ch|/DC=ch/DC=cern/OU=Organic Units/OU=Users/CN=cmscrab/CN=(817881|373708)/CN=Robot: cms crab|/DC=ch/DC=cern/OU=Organic Units/OU=Users/CN=crabint1/CN=373708/CN=Robot: CMS CRAB Integration 1
  trusted retrieval policy: /DC=ch/DC=cern/OU=computers/CN=crab-(preprod|prod)-tw(01|02).cern.ch|/DC=ch/DC=cern/OU=computers/CN=crab-dev-tw(01|02|03|04).cern.ch|/DC=ch/DC=cern/OU=Organic Units/OU=Users/CN=cmscrab/CN=(817881|373708)/CN=Robot: cms crab|/DC=ch/DC=cern/OU=Organic Units/OU=Users/CN=crabint1/CN=373708/CN=Robot: CMS CRAB Integration 1
  timeleft: 433:27:08  (18.1 days)

 error: 
 retcode : 0
DEBUG 2025-09-23 19:31:45.374 UTC: 	 Myproxy is valid: 1560420
DEBUG 2025-09-23 19:31:45.374 UTC: 	 Result of myproxy credential check:
  Credential exists on myproxy: username: bfbdf12a5670e45fdd055ff115afbb0f25b8a072  - validity: 18 days, 1:27:00
DEBUG 2025-09-23 19:31:45.376 UTC: 	 Command use: kill
DEBUG 2025-09-23 19:31:45.376 UTC: 	 Options use: ['-d', 'OO_Data_MINIAOD/crab_2pc_OO_V0_SpecEff1_IP20']
DEBUG 2025-09-23 19:31:45.376 UTC: 	 Encoded data for curl request: subresource=version
DEBUG 2025-09-23 19:31:45.419 UTC: 	 CRABClient version: v3.250820
DEBUG 2025-09-23 19:31:45.419 UTC: 	 Instance is prod
DEBUG 2025-09-23 19:31:45.419 UTC: 	 Server base url is cmsweb.cern.ch
DEBUG 2025-09-23 19:31:45.419 UTC: 	 Command api workflow
DEBUG 2025-09-23 19:31:45.420 UTC: 	 Killing task 250923_192540:bibehera_crab_2pc_OO_V0_SpecEff1_IP20
DEBUG 2025-09-23 19:31:45.420 UTC: 	 Encoded data for curl request: workflow=250923_192540%3Abibehera_crab_2pc_OO_V0_SpecEff1_IP20
DEBUG 2025-09-23 19:31:45.468 UTC: 	 Result: {'desc': {'columns': ['tm_taskname', 'tm_task_status', 'tm_task_command', 'tm_user_role', 'tm_user_group', 'tm_task_failure', 'tm_split_algo', 'tm_split_args', 'tm_save_logs', 'tm_username', 'tm_user_dn', 'tm_arguments', 'tm_input_dataset', 'tm_dbs_url', 'tm_task_warnings', 'tm_publication', 'tm_user_webdir', 'tm_output_dataset', 'tm_collector', 'tm_schedd', 'tm_dry_run', 'clusterid', 'tm_start_time', 'tw_name', 'tm_dagman_status', 'tm_num_jobs', 'tm_uploaded']}, 'result': [{'result': 'ok'}]}
INFO 2025-09-23 19:31:45.468 UTC: 	 Kill request successfully sent
INFO 2025-09-23 19:31:45.477 UTC: 	 Log file is /eos/home-b/bibehera/OO_Simfit_eff/CMSSW_15_0_6_patch1/src/Analyzer/RaghuV0Ana/cfg/OO_Data_MINIAOD/crab_2pc_OO_V0_SpecEff1_IP20/crab.log
