DEBUG 2026-03-11 20:41:17.146 UTC: 	 CRAB Client version: v3.251020
DEBUG 2026-03-11 20:41:17.146 UTC: 	 Running on: Linux lxplus938.cern.ch 5.14.0-611.26.1.el9_7.x86_64 #1 SMP PREEMPT_DYNAMIC Sat Jan 17 05:14:35 EST 2026 x86_64 x86_64 x86_64 GNU/Linux
DEBUG 2026-03-11 20:41:17.146 UTC: 	 Using SINGULARITY image: el7:x86_64
DEBUG 2026-03-11 20:41:17.146 UTC: 	 Operating System: CentOS Linux 7 (Core)
DEBUG 2026-03-11 20:41:17.146 UTC: 	 Executing command: 'submit'
DEBUG 2026-03-11 20:41:17.169 UTC: 	 Found CRAB cache file /afs/cern.ch/user/s/singhm/.crab3
INFO 2026-03-11 20:41:17.239 UTC: 	 Will use CRAB configuration file crab_config_pPb.py
DEBUG 2026-03-11 20:41:17.240 UTC: 	 Loading CRAB configuration file.
ERROR 2026-03-11 20:41:17.241 UTC: 	 Error while loading CRAB configuration:
invalid syntax (crab_config_pPb.py, line 60)
Please refer to https://twiki.cern.ch/twiki/bin/view/CMSPublic/CRAB3FAQ
See the ./crab.log file for more details.
The documentation about the CRAB configuration file can be found in https://twiki.cern.ch/twiki/bin/view/CMSPublic/CRAB3ConfigurationFile
ERROR 2026-03-11 20:41:17.241 UTC: 	 Caught ClientException exception
Traceback (most recent call last):
  File "/cvmfs/cms.cern.ch/share/cms/crab-prod/v3.251020.00/bin/crab.py", line 157, in <module>
    client()
  File "/cvmfs/cms.cern.ch/share/cms/crab-prod/v3.251020.00/bin/crab.py", line 135, in __call__
    self.cmd = sub_cmd(self.logger, args[1:])  # the crab command to be executed
  File "/cvmfs/cms.cern.ch/share/cms/crab-prod/v3.251020.00/lib/CRABClient/Commands/submit.py", line 37, in __init__
    SubCommand.__init__(self, logger, cmdargs, disable_interspersed_args=True)
  File "/cvmfs/cms.cern.ch/share/cms/crab-prod/v3.251020.00/lib/CRABClient/Commands/SubCommand.py", line 326, in __init__
    self.loadConfig(self.options.config, self.args)
  File "/cvmfs/cms.cern.ch/share/cms/crab-prod/v3.251020.00/lib/CRABClient/Commands/SubCommand.py", line 90, in loadConfig
    raise ConfigurationException(configmsg)
ConfigurationException: Error while loading CRAB configuration:
invalid syntax (crab_config_pPb.py, line 60)
Please refer to https://twiki.cern.ch/twiki/bin/view/CMSPublic/CRAB3FAQ
See the ./crab.log file for more details.
The documentation about the CRAB configuration file can be found in https://twiki.cern.ch/twiki/bin/view/CMSPublic/CRAB3ConfigurationFile
INFO 2026-03-11 20:41:17.266 UTC: 	 Log file is /afs/cern.ch/user/s/singhm/CMSSW_8_0_24/src/Analyzer/RaghuV0Ana/cfg/crab.log
DEBUG 2026-03-11 20:42:54.417 UTC: 	 CRAB Client version: v3.251020
DEBUG 2026-03-11 20:42:54.417 UTC: 	 Running on: Linux lxplus938.cern.ch 5.14.0-611.26.1.el9_7.x86_64 #1 SMP PREEMPT_DYNAMIC Sat Jan 17 05:14:35 EST 2026 x86_64 x86_64 x86_64 GNU/Linux
DEBUG 2026-03-11 20:42:54.417 UTC: 	 Using SINGULARITY image: el7:x86_64
DEBUG 2026-03-11 20:42:54.417 UTC: 	 Operating System: CentOS Linux 7 (Core)
DEBUG 2026-03-11 20:42:54.417 UTC: 	 Executing command: 'submit'
DEBUG 2026-03-11 20:42:54.443 UTC: 	 Found CRAB cache file /afs/cern.ch/user/s/singhm/.crab3
INFO 2026-03-11 20:42:54.443 UTC: 	 Will use CRAB configuration file crab_config_pPb.py
DEBUG 2026-03-11 20:42:54.443 UTC: 	 Loading CRAB configuration file.
ERROR 2026-03-11 20:42:54.570 UTC: 	 Error while loading CRAB configuration:
No module named http.client
Please refer to https://twiki.cern.ch/twiki/bin/view/CMSPublic/CRAB3FAQ
See the ./crab.log file for more details.
The documentation about the CRAB configuration file can be found in https://twiki.cern.ch/twiki/bin/view/CMSPublic/CRAB3ConfigurationFile
ERROR 2026-03-11 20:42:54.570 UTC: 	 Caught ClientException exception
Traceback (most recent call last):
  File "/cvmfs/cms.cern.ch/share/cms/crab-prod/v3.251020.00/bin/crab.py", line 157, in <module>
    client()
  File "/cvmfs/cms.cern.ch/share/cms/crab-prod/v3.251020.00/bin/crab.py", line 135, in __call__
    self.cmd = sub_cmd(self.logger, args[1:])  # the crab command to be executed
  File "/cvmfs/cms.cern.ch/share/cms/crab-prod/v3.251020.00/lib/CRABClient/Commands/submit.py", line 37, in __init__
    SubCommand.__init__(self, logger, cmdargs, disable_interspersed_args=True)
  File "/cvmfs/cms.cern.ch/share/cms/crab-prod/v3.251020.00/lib/CRABClient/Commands/SubCommand.py", line 326, in __init__
    self.loadConfig(self.options.config, self.args)
  File "/cvmfs/cms.cern.ch/share/cms/crab-prod/v3.251020.00/lib/CRABClient/Commands/SubCommand.py", line 90, in loadConfig
    raise ConfigurationException(configmsg)
ConfigurationException: Error while loading CRAB configuration:
No module named http.client
Please refer to https://twiki.cern.ch/twiki/bin/view/CMSPublic/CRAB3FAQ
See the ./crab.log file for more details.
The documentation about the CRAB configuration file can be found in https://twiki.cern.ch/twiki/bin/view/CMSPublic/CRAB3ConfigurationFile
INFO 2026-03-11 20:42:54.604 UTC: 	 Log file is /afs/cern.ch/user/s/singhm/CMSSW_8_0_24/src/Analyzer/RaghuV0Ana/cfg/crab.log
DEBUG 2026-03-11 20:45:55.091 UTC: 	 CRAB Client version: v3.251020
DEBUG 2026-03-11 20:45:55.092 UTC: 	 Running on: Linux lxplus938.cern.ch 5.14.0-611.26.1.el9_7.x86_64 #1 SMP PREEMPT_DYNAMIC Sat Jan 17 05:14:35 EST 2026 x86_64 x86_64 x86_64 GNU/Linux
DEBUG 2026-03-11 20:45:55.092 UTC: 	 Using SINGULARITY image: el7:x86_64
DEBUG 2026-03-11 20:45:55.092 UTC: 	 Operating System: CentOS Linux 7 (Core)
DEBUG 2026-03-11 20:45:55.092 UTC: 	 Executing command: 'submit'
DEBUG 2026-03-11 20:45:55.092 UTC: 	 Found CRAB cache file /afs/cern.ch/user/s/singhm/.crab3
INFO 2026-03-11 20:45:55.092 UTC: 	 Will use CRAB configuration file crab_config_pPb2.py
DEBUG 2026-03-11 20:45:55.092 UTC: 	 Loading CRAB configuration file.
ERROR 2026-03-11 20:45:55.093 UTC: 	 Error while loading CRAB configuration:
invalid syntax (crab_config_pPb2.py, line 60)
Please refer to https://twiki.cern.ch/twiki/bin/view/CMSPublic/CRAB3FAQ
See the ./crab.log file for more details.
The documentation about the CRAB configuration file can be found in https://twiki.cern.ch/twiki/bin/view/CMSPublic/CRAB3ConfigurationFile
ERROR 2026-03-11 20:45:55.093 UTC: 	 Caught ClientException exception
Traceback (most recent call last):
  File "/cvmfs/cms.cern.ch/share/cms/crab-prod/v3.251020.00/bin/crab.py", line 157, in <module>
    client()
  File "/cvmfs/cms.cern.ch/share/cms/crab-prod/v3.251020.00/bin/crab.py", line 135, in __call__
    self.cmd = sub_cmd(self.logger, args[1:])  # the crab command to be executed
  File "/cvmfs/cms.cern.ch/share/cms/crab-prod/v3.251020.00/lib/CRABClient/Commands/submit.py", line 37, in __init__
    SubCommand.__init__(self, logger, cmdargs, disable_interspersed_args=True)
  File "/cvmfs/cms.cern.ch/share/cms/crab-prod/v3.251020.00/lib/CRABClient/Commands/SubCommand.py", line 326, in __init__
    self.loadConfig(self.options.config, self.args)
  File "/cvmfs/cms.cern.ch/share/cms/crab-prod/v3.251020.00/lib/CRABClient/Commands/SubCommand.py", line 90, in loadConfig
    raise ConfigurationException(configmsg)
ConfigurationException: Error while loading CRAB configuration:
invalid syntax (crab_config_pPb2.py, line 60)
Please refer to https://twiki.cern.ch/twiki/bin/view/CMSPublic/CRAB3FAQ
See the ./crab.log file for more details.
The documentation about the CRAB configuration file can be found in https://twiki.cern.ch/twiki/bin/view/CMSPublic/CRAB3ConfigurationFile
INFO 2026-03-11 20:45:55.095 UTC: 	 Log file is /afs/cern.ch/user/s/singhm/CMSSW_8_0_24/src/Analyzer/RaghuV0Ana/cfg/crab.log
DEBUG 2026-03-11 20:48:24.059 UTC: 	 CRAB Client version: v3.251020
DEBUG 2026-03-11 20:48:24.059 UTC: 	 Running on: Linux lxplus938.cern.ch 5.14.0-611.26.1.el9_7.x86_64 #1 SMP PREEMPT_DYNAMIC Sat Jan 17 05:14:35 EST 2026 x86_64 x86_64 x86_64 GNU/Linux
DEBUG 2026-03-11 20:48:24.059 UTC: 	 Using SINGULARITY image: el7:x86_64
DEBUG 2026-03-11 20:48:24.060 UTC: 	 Operating System: CentOS Linux 7 (Core)
DEBUG 2026-03-11 20:48:24.060 UTC: 	 Executing command: 'submit'
DEBUG 2026-03-11 20:48:24.095 UTC: 	 Found CRAB cache file /afs/cern.ch/user/s/singhm/.crab3
INFO 2026-03-11 20:48:24.137 UTC: 	 Will use CRAB configuration file crab_config_pPb3.py
DEBUG 2026-03-11 20:48:24.137 UTC: 	 Loading CRAB configuration file.
ERROR 2026-03-11 20:48:24.139 UTC: 	 Error while loading CRAB configuration:
invalid syntax (crab_config_pPb3.py, line 68)
Please refer to https://twiki.cern.ch/twiki/bin/view/CMSPublic/CRAB3FAQ
See the ./crab.log file for more details.
The documentation about the CRAB configuration file can be found in https://twiki.cern.ch/twiki/bin/view/CMSPublic/CRAB3ConfigurationFile
ERROR 2026-03-11 20:48:24.139 UTC: 	 Caught ClientException exception
Traceback (most recent call last):
  File "/cvmfs/cms.cern.ch/share/cms/crab-prod/v3.251020.00/bin/crab.py", line 157, in <module>
    client()
  File "/cvmfs/cms.cern.ch/share/cms/crab-prod/v3.251020.00/bin/crab.py", line 135, in __call__
    self.cmd = sub_cmd(self.logger, args[1:])  # the crab command to be executed
  File "/cvmfs/cms.cern.ch/share/cms/crab-prod/v3.251020.00/lib/CRABClient/Commands/submit.py", line 37, in __init__
    SubCommand.__init__(self, logger, cmdargs, disable_interspersed_args=True)
  File "/cvmfs/cms.cern.ch/share/cms/crab-prod/v3.251020.00/lib/CRABClient/Commands/SubCommand.py", line 326, in __init__
    self.loadConfig(self.options.config, self.args)
  File "/cvmfs/cms.cern.ch/share/cms/crab-prod/v3.251020.00/lib/CRABClient/Commands/SubCommand.py", line 90, in loadConfig
    raise ConfigurationException(configmsg)
ConfigurationException: Error while loading CRAB configuration:
invalid syntax (crab_config_pPb3.py, line 68)
Please refer to https://twiki.cern.ch/twiki/bin/view/CMSPublic/CRAB3FAQ
See the ./crab.log file for more details.
The documentation about the CRAB configuration file can be found in https://twiki.cern.ch/twiki/bin/view/CMSPublic/CRAB3ConfigurationFile
INFO 2026-03-11 20:48:24.178 UTC: 	 Log file is /afs/cern.ch/user/s/singhm/CMSSW_8_0_24/src/Analyzer/RaghuV0Ana/cfg/crab.log
DEBUG 2026-04-01 15:18:12.618 UTC: 	 CRAB Client version: v3.251020
DEBUG 2026-04-01 15:18:12.619 UTC: 	 Running on: Linux lxplus961.cern.ch 5.14.0-611.24.1.el9_7.x86_64 #1 SMP PREEMPT_DYNAMIC Sat Jan 10 05:12:47 EST 2026 x86_64 x86_64 x86_64 GNU/Linux
DEBUG 2026-04-01 15:18:12.619 UTC: 	 Using SINGULARITY image: el7:x86_64
DEBUG 2026-04-01 15:18:12.619 UTC: 	 Operating System: CentOS Linux 7 (Core)
DEBUG 2026-04-01 15:18:12.619 UTC: 	 Executing command: 'submit'
DEBUG 2026-04-01 15:18:12.634 UTC: 	 Found CRAB cache file /afs/cern.ch/user/s/singhm/.crab3
ERROR 2026-04-01 15:18:12.669 UTC: 	 CRAB configuration file crab_config_pPb3 not found.
ERROR 2026-04-01 15:18:12.669 UTC: 	 Caught ClientException exception
Traceback (most recent call last):
  File "/cvmfs/cms.cern.ch/share/cms/crab-prod/v3.251020.00/bin/crab.py", line 157, in <module>
    client()
  File "/cvmfs/cms.cern.ch/share/cms/crab-prod/v3.251020.00/bin/crab.py", line 135, in __call__
    self.cmd = sub_cmd(self.logger, args[1:])  # the crab command to be executed
  File "/cvmfs/cms.cern.ch/share/cms/crab-prod/v3.251020.00/lib/CRABClient/Commands/submit.py", line 37, in __init__
    SubCommand.__init__(self, logger, cmdargs, disable_interspersed_args=True)
  File "/cvmfs/cms.cern.ch/share/cms/crab-prod/v3.251020.00/lib/CRABClient/Commands/SubCommand.py", line 326, in __init__
    self.loadConfig(self.options.config, self.args)
  File "/cvmfs/cms.cern.ch/share/cms/crab-prod/v3.251020.00/lib/CRABClient/Commands/SubCommand.py", line 52, in loadConfig
    raise ConfigurationException("CRAB configuration file %s not found." % (configname))
ConfigurationException: CRAB configuration file crab_config_pPb3 not found.
INFO 2026-04-01 15:18:12.678 UTC: 	 Log file is /eos/home-s/singhm/OO_invM/CMSSW_8_0_24/src/Analyzer/RaghuV0Ana/cfg/crab.log
DEBUG 2026-04-01 17:20:59.948 UTC: 	 CRAB Client version: v3.251020
DEBUG 2026-04-01 17:20:59.948 UTC: 	 Running on: Linux lxplus961.cern.ch 5.14.0-611.24.1.el9_7.x86_64 #1 SMP PREEMPT_DYNAMIC Sat Jan 10 05:12:47 EST 2026 x86_64 x86_64 x86_64 GNU/Linux
DEBUG 2026-04-01 17:20:59.948 UTC: 	 Using SINGULARITY image: el7:x86_64
DEBUG 2026-04-01 17:20:59.948 UTC: 	 Operating System: CentOS Linux 7 (Core)
DEBUG 2026-04-01 17:20:59.948 UTC: 	 Executing command: 'submit'
DEBUG 2026-04-01 17:20:59.967 UTC: 	 Found CRAB cache file /afs/cern.ch/user/s/singhm/.crab3
INFO 2026-04-01 17:20:59.983 UTC: 	 Will use CRAB configuration file crab_config_pPb3.py
DEBUG 2026-04-01 17:20:59.984 UTC: 	 Loading CRAB configuration file.
ERROR 2026-04-01 17:21:00.096 UTC: 	 Error while loading CRAB configuration:
invalid syntax (crab_config_pPb3.py, line 33)
Please refer to https://twiki.cern.ch/twiki/bin/view/CMSPublic/CRAB3FAQ
See the ./crab.log file for more details.
The documentation about the CRAB configuration file can be found in https://twiki.cern.ch/twiki/bin/view/CMSPublic/CRAB3ConfigurationFile
ERROR 2026-04-01 17:21:00.096 UTC: 	 Caught ClientException exception
Traceback (most recent call last):
  File "/cvmfs/cms.cern.ch/share/cms/crab-prod/v3.251020.00/bin/crab.py", line 157, in <module>
    client()
  File "/cvmfs/cms.cern.ch/share/cms/crab-prod/v3.251020.00/bin/crab.py", line 135, in __call__
    self.cmd = sub_cmd(self.logger, args[1:])  # the crab command to be executed
  File "/cvmfs/cms.cern.ch/share/cms/crab-prod/v3.251020.00/lib/CRABClient/Commands/submit.py", line 37, in __init__
    SubCommand.__init__(self, logger, cmdargs, disable_interspersed_args=True)
  File "/cvmfs/cms.cern.ch/share/cms/crab-prod/v3.251020.00/lib/CRABClient/Commands/SubCommand.py", line 326, in __init__
    self.loadConfig(self.options.config, self.args)
  File "/cvmfs/cms.cern.ch/share/cms/crab-prod/v3.251020.00/lib/CRABClient/Commands/SubCommand.py", line 90, in loadConfig
    raise ConfigurationException(configmsg)
ConfigurationException: Error while loading CRAB configuration:
invalid syntax (crab_config_pPb3.py, line 33)
Please refer to https://twiki.cern.ch/twiki/bin/view/CMSPublic/CRAB3FAQ
See the ./crab.log file for more details.
The documentation about the CRAB configuration file can be found in https://twiki.cern.ch/twiki/bin/view/CMSPublic/CRAB3ConfigurationFile
INFO 2026-04-01 17:21:00.105 UTC: 	 Log file is /eos/home-s/singhm/OO_invM/CMSSW_8_0_24/src/Analyzer/RaghuV0Ana/cfg/crab.log
DEBUG 2026-04-01 17:25:10.984 UTC: 	 CRAB Client version: v3.251020
DEBUG 2026-04-01 17:25:10.984 UTC: 	 Running on: Linux lxplus961.cern.ch 5.14.0-611.24.1.el9_7.x86_64 #1 SMP PREEMPT_DYNAMIC Sat Jan 10 05:12:47 EST 2026 x86_64 x86_64 x86_64 GNU/Linux
DEBUG 2026-04-01 17:25:10.984 UTC: 	 Using SINGULARITY image: el7:x86_64
DEBUG 2026-04-01 17:25:10.984 UTC: 	 Operating System: CentOS Linux 7 (Core)
DEBUG 2026-04-01 17:25:10.984 UTC: 	 Executing command: 'submit'
DEBUG 2026-04-01 17:25:10.984 UTC: 	 Found CRAB cache file /afs/cern.ch/user/s/singhm/.crab3
INFO 2026-04-01 17:25:11.010 UTC: 	 Will use CRAB configuration file crab_config_pPb2.py
DEBUG 2026-04-01 17:25:11.010 UTC: 	 Loading CRAB configuration file.
ERROR 2026-04-01 17:25:11.538 UTC: 	 Error while loading CRAB configuration:
invalid syntax (crab_config_pPb2.py, line 60)
Please refer to https://twiki.cern.ch/twiki/bin/view/CMSPublic/CRAB3FAQ
See the ./crab.log file for more details.
The documentation about the CRAB configuration file can be found in https://twiki.cern.ch/twiki/bin/view/CMSPublic/CRAB3ConfigurationFile
ERROR 2026-04-01 17:25:11.538 UTC: 	 Caught ClientException exception
Traceback (most recent call last):
  File "/cvmfs/cms.cern.ch/share/cms/crab-prod/v3.251020.00/bin/crab.py", line 157, in <module>
    client()
  File "/cvmfs/cms.cern.ch/share/cms/crab-prod/v3.251020.00/bin/crab.py", line 135, in __call__
    self.cmd = sub_cmd(self.logger, args[1:])  # the crab command to be executed
  File "/cvmfs/cms.cern.ch/share/cms/crab-prod/v3.251020.00/lib/CRABClient/Commands/submit.py", line 37, in __init__
    SubCommand.__init__(self, logger, cmdargs, disable_interspersed_args=True)
  File "/cvmfs/cms.cern.ch/share/cms/crab-prod/v3.251020.00/lib/CRABClient/Commands/SubCommand.py", line 326, in __init__
    self.loadConfig(self.options.config, self.args)
  File "/cvmfs/cms.cern.ch/share/cms/crab-prod/v3.251020.00/lib/CRABClient/Commands/SubCommand.py", line 90, in loadConfig
    raise ConfigurationException(configmsg)
ConfigurationException: Error while loading CRAB configuration:
invalid syntax (crab_config_pPb2.py, line 60)
Please refer to https://twiki.cern.ch/twiki/bin/view/CMSPublic/CRAB3FAQ
See the ./crab.log file for more details.
The documentation about the CRAB configuration file can be found in https://twiki.cern.ch/twiki/bin/view/CMSPublic/CRAB3ConfigurationFile
INFO 2026-04-01 17:25:11.594 UTC: 	 Log file is /eos/home-s/singhm/OO_invM/CMSSW_8_0_24/src/Analyzer/RaghuV0Ana/cfg/crab.log
DEBUG 2026-04-01 17:38:53.195 UTC: 	 CRAB Client version: v3.251020
DEBUG 2026-04-01 17:38:53.195 UTC: 	 Running on: Linux lxplus961.cern.ch 5.14.0-611.24.1.el9_7.x86_64 #1 SMP PREEMPT_DYNAMIC Sat Jan 10 05:12:47 EST 2026 x86_64 x86_64 x86_64 GNU/Linux
DEBUG 2026-04-01 17:38:53.195 UTC: 	 Using SINGULARITY image: el7:x86_64
DEBUG 2026-04-01 17:38:53.195 UTC: 	 Operating System: CentOS Linux 7 (Core)
DEBUG 2026-04-01 17:38:53.195 UTC: 	 Executing command: 'submit'
DEBUG 2026-04-01 17:38:53.196 UTC: 	 Found CRAB cache file /afs/cern.ch/user/s/singhm/.crab3
INFO 2026-04-01 17:38:53.205 UTC: 	 Will use CRAB configuration file crab_config_pPb2.py
DEBUG 2026-04-01 17:38:53.205 UTC: 	 Loading CRAB configuration file.
ERROR 2026-04-01 17:38:53.475 UTC: 	 Error while loading CRAB configuration:
No module named http.client
Please refer to https://twiki.cern.ch/twiki/bin/view/CMSPublic/CRAB3FAQ
See the ./crab.log file for more details.
The documentation about the CRAB configuration file can be found in https://twiki.cern.ch/twiki/bin/view/CMSPublic/CRAB3ConfigurationFile
ERROR 2026-04-01 17:38:53.475 UTC: 	 Caught ClientException exception
Traceback (most recent call last):
  File "/cvmfs/cms.cern.ch/share/cms/crab-prod/v3.251020.00/bin/crab.py", line 157, in <module>
    client()
  File "/cvmfs/cms.cern.ch/share/cms/crab-prod/v3.251020.00/bin/crab.py", line 135, in __call__
    self.cmd = sub_cmd(self.logger, args[1:])  # the crab command to be executed
  File "/cvmfs/cms.cern.ch/share/cms/crab-prod/v3.251020.00/lib/CRABClient/Commands/submit.py", line 37, in __init__
    SubCommand.__init__(self, logger, cmdargs, disable_interspersed_args=True)
  File "/cvmfs/cms.cern.ch/share/cms/crab-prod/v3.251020.00/lib/CRABClient/Commands/SubCommand.py", line 326, in __init__
    self.loadConfig(self.options.config, self.args)
  File "/cvmfs/cms.cern.ch/share/cms/crab-prod/v3.251020.00/lib/CRABClient/Commands/SubCommand.py", line 90, in loadConfig
    raise ConfigurationException(configmsg)
ConfigurationException: Error while loading CRAB configuration:
No module named http.client
Please refer to https://twiki.cern.ch/twiki/bin/view/CMSPublic/CRAB3FAQ
See the ./crab.log file for more details.
The documentation about the CRAB configuration file can be found in https://twiki.cern.ch/twiki/bin/view/CMSPublic/CRAB3ConfigurationFile
INFO 2026-04-01 17:38:53.485 UTC: 	 Log file is /eos/home-s/singhm/OO_invM/CMSSW_8_0_24/src/Analyzer/RaghuV0Ana/cfg/crab.log
