DEBUG 2025-09-25 20:06:33.865 UTC: 	 CRAB Client version: v3.250820
DEBUG 2025-09-25 20:06:33.865 UTC: 	 Running on: Linux lxplus809.cern.ch 4.18.0-553.76.1.el8_10.x86_64 #1 SMP Mon Sep 15 14:04:30 EDT 2025 x86_64 x86_64 x86_64 GNU/Linux
DEBUG 2025-09-25 20:06:33.865 UTC: 	 Not using Singularity
DEBUG 2025-09-25 20:06:33.865 UTC: 	 Operating System: Red Hat Enterprise Linux 8.10 (Ootpa)
DEBUG 2025-09-25 20:06:33.865 UTC: 	 Executing command: 'submit'
DEBUG 2025-09-25 20:06:33.865 UTC: 	 Found CRAB cache file /afs/cern.ch/user/b/bibehera/.crab3
INFO 2025-09-25 20:06:33.866 UTC: 	 Will use CRAB configuration file crab_config2.py
DEBUG 2025-09-25 20:06:33.866 UTC: 	 Loading CRAB configuration file.
DEBUG 2025-09-25 20:06:33.871 UTC: 	 Overriden parameter General.requestName with '2pc_OO_V0_IM_effcorr_cent0to60_IP38'
DEBUG 2025-09-25 20:06:33.872 UTC: 	 Overriden parameter Data.inputDataset with '/IonPhysics38/bibehera-2pc_OO_V0_IP38-ca42279dfc2dce710b3991c24f27a617/USER'
DEBUG 2025-09-25 20:06:33.872 UTC: 	 Overriden parameter Data.secondaryInputDataset with '/IonPhysics38/OORun2025-PromptReco-v1/MINIAOD'
DEBUG 2025-09-25 20:06:33.872 UTC: 	 Overriden parameter Data.outputDatasetTag with '2pc_OO_V0_IM_effcorr_cent0to60_IP38'
DEBUG 2025-09-25 20:06:33.872 UTC: 	 Will use CRAB plugin ANALYSIS (i.e. will run an analysis job type).
DEBUG 2025-09-25 20:06:33.996 UTC: 	 Checking credentials
DEBUG 2025-09-25 20:06:33.996 UTC: 	 Found proxy file /tmp/x509up_u177753
DEBUG 2025-09-25 20:06:33.996 UTC: 	 Making sure it has proper VOMS extension
DEBUG 2025-09-25 20:06:33.996 UTC: 	 Executing command :
 voms-proxy-info --vo --file /tmp/x509up_u177753
DEBUG 2025-09-25 20:06:34.018 UTC: 	 output : cms

 error: 
 retcode : 0
DEBUG 2025-09-25 20:06:34.018 UTC: 	 Getting proxy life time left
DEBUG 2025-09-25 20:06:34.018 UTC: 	 Executing command :
 voms-proxy-info --actimeleft --timeleft --file /tmp/x509up_u177753
DEBUG 2025-09-25 20:06:34.038 UTC: 	 output : 41589
41589

 error: 
 retcode : 0
DEBUG 2025-09-25 20:06:34.038 UTC: 	 Proxy valid for 11:33:09 hours
DEBUG 2025-09-25 20:06:34.038 UTC: 	 Encoded data for curl request: subresource=delegatedn
DEBUG 2025-09-25 20:06:34.093 UTC: 	 Registering user credentials on myproxy for /DC=ch/DC=cern/OU=computers/CN=crab-(preprod|prod)-tw(01|02).cern.ch|/DC=ch/DC=cern/OU=computers/CN=crab-dev-tw(01|02|03|04).cern.ch|/DC=ch/DC=cern/OU=Organic Units/OU=Users/CN=cmscrab/CN=(817881|373708)/CN=Robot: cms crab|/DC=ch/DC=cern/OU=Organic Units/OU=Users/CN=crabint1/CN=373708/CN=Robot: CMS CRAB Integration 1
DEBUG 2025-09-25 20:06:34.093 UTC: 	 Executing command :
 voms-proxy-info --identity --file /tmp/x509up_u177753
DEBUG 2025-09-25 20:06:34.112 UTC: 	 output : /DC=ch/DC=cern/OU=Organic Units/OU=Users/CN=bibehera/CN=882295/CN=Bismita Behera

 error: 
 retcode : 0
DEBUG 2025-09-25 20:06:34.112 UTC: 	 Getting myproxy life time left for bfbdf12a5670e45fdd055ff115afbb0f25b8a072
DEBUG 2025-09-25 20:06:34.113 UTC: 	 Executing command :
 myproxy-info -s myproxy.cern.ch -l bfbdf12a5670e45fdd055ff115afbb0f25b8a072
DEBUG 2025-09-25 20:06:34.380 UTC: 	 output : username: bfbdf12a5670e45fdd055ff115afbb0f25b8a072
owner: /DC=ch/DC=cern/OU=Organic Units/OU=Users/CN=bibehera/CN=882295/CN=Bismita Behera
  renewal policy: /DC=ch/DC=cern/OU=computers/CN=crab-(preprod|prod)-tw(01|02).cern.ch|/DC=ch/DC=cern/OU=computers/CN=crab-dev-tw(01|02|03|04).cern.ch|/DC=ch/DC=cern/OU=Organic Units/OU=Users/CN=cmscrab/CN=(817881|373708)/CN=Robot: cms crab|/DC=ch/DC=cern/OU=Organic Units/OU=Users/CN=crabint1/CN=373708/CN=Robot: CMS CRAB Integration 1
  trusted retrieval policy: /DC=ch/DC=cern/OU=computers/CN=crab-(preprod|prod)-tw(01|02).cern.ch|/DC=ch/DC=cern/OU=computers/CN=crab-dev-tw(01|02|03|04).cern.ch|/DC=ch/DC=cern/OU=Organic Units/OU=Users/CN=cmscrab/CN=(817881|373708)/CN=Robot: cms crab|/DC=ch/DC=cern/OU=Organic Units/OU=Users/CN=crabint1/CN=373708/CN=Robot: CMS CRAB Integration 1
  timeleft: 384:52:19  (16.0 days)

 error: 
 retcode : 0
DEBUG 2025-09-25 20:06:34.380 UTC: 	 Myproxy is valid: 1385520
DEBUG 2025-09-25 20:06:34.380 UTC: 	 Result of myproxy credential check:
  Credential exists on myproxy: username: bfbdf12a5670e45fdd055ff115afbb0f25b8a072  - validity: 16 days, 0:52:00
DEBUG 2025-09-25 20:06:34.380 UTC: 	 Command use: submit
DEBUG 2025-09-25 20:06:34.380 UTC: 	 Options use: ['-c', 'crab_config2.py', 'General.requestName=2pc_OO_V0_IM_effcorr_cent0to60_IP38', 'Data.inputDataset=/IonPhysics38/bibehera-2pc_OO_V0_IP38-ca42279dfc2dce710b3991c24f27a617/USER', 'Data.secondaryInputDataset=/IonPhysics38/OORun2025-PromptReco-v1/MINIAOD', 'Data.outputDatasetTag=2pc_OO_V0_IM_effcorr_cent0to60_IP38']
DEBUG 2025-09-25 20:06:34.380 UTC: 	 Encoded data for curl request: subresource=version
DEBUG 2025-09-25 20:06:34.420 UTC: 	 CRABClient version: v3.250820
DEBUG 2025-09-25 20:06:34.421 UTC: 	 Instance is prod
DEBUG 2025-09-25 20:06:34.421 UTC: 	 Server base url is cmsweb.cern.ch
DEBUG 2025-09-25 20:06:34.421 UTC: 	 Command api workflow
DEBUG 2025-09-25 20:06:34.421 UTC: 	 Started submission
DEBUG 2025-09-25 20:06:34.421 UTC: 	 Working on /eos/home-b/bibehera/OO_Simfit_eff/CMSSW_15_0_6_patch1/src/Analyzer/RaghuV0Ana/cfg/OO_Data_MINIAOD/crab_2pc_OO_V0_IM_effcorr_cent0to60_IP38
DEBUG 2025-09-25 20:06:34.421 UTC: 	 Encoded data for curl request: subresource=backendurls
DEBUG 2025-09-25 20:06:34.478 UTC: 	 Loading required information from the environment
DEBUG 2025-09-25 20:06:34.478 UTC: 	 Found CMSSW_15_0_6_patch1 for el8_amd64_gcc12 with base /eos/home-b/bibehera/OO_Simfit_eff/CMSSW_15_0_6_patch1
DEBUG 2025-09-25 20:06:34.478 UTC: 	 Loading required information from the environment
DEBUG 2025-09-25 20:06:34.478 UTC: 	 Found CMSSW_15_0_6_patch1 for el8_amd64_gcc12 with base /eos/home-b/bibehera/OO_Simfit_eff/CMSSW_15_0_6_patch1
DEBUG 2025-09-25 20:06:34.478 UTC: 	 UNIQUE NAME: tarUUID 204b6e81-9b6e-49c2-92f2-e190b9f486b6 
DEBUG 2025-09-25 20:06:34.478 UTC: 	 self.config: from WMCore.Configuration import Configuration
config = Configuration()
config.section_('General')
config.General.requestName = '2pc_OO_V0_IM_effcorr_cent0to60_IP38'
config.General.workArea = 'OO_Data_MINIAOD'
config.General.transferOutputs = True
config.General.transferLogs = True
config.section_('JobType')
config.JobType.psetName = 'PbPb_2018_cfg.py'
config.JobType.pluginName = 'Analysis'
config.section_('Data')
config.Data.inputDBS = 'phys03'
config.Data.secondaryInputDataset = '/IonPhysics38/OORun2025-PromptReco-v1/MINIAOD'
config.Data.splitting = 'LumiBased'
config.Data.lumiMask = 'generated_json.json'
config.Data.outLFNDirBase = '/store/user/bibehera/'
config.Data.publication = False
config.Data.outputDatasetTag = '2pc_OO_V0_IM_effcorr_cent0to60_IP38'
config.Data.totalUnits = -1
config.Data.inputDataset = '/IonPhysics38/bibehera-2pc_OO_V0_IP38-ca42279dfc2dce710b3991c24f27a617/USER'
config.Data.unitsPerJob = 3
config.section_('Site')
config.Site.storageSite = 'T3_CH_CERNBOX'
config.section_('User')
config.section_('Debug')

DEBUG 2025-09-25 20:06:34.478 UTC: 	 self.config.JobType.psetName: PbPb_2018_cfg.py
INFO 2025-09-25 20:06:34.479 UTC: 	 Importing CMSSW configuration PbPb_2018_cfg.py
INFO 2025-09-25 20:06:35.183 UTC: 	 Finished importing CMSSW configuration PbPb_2018_cfg.py
DEBUG 2025-09-25 20:06:35.183 UTC: 	 Writing CMSSW configuration to /eos/home-b/bibehera/OO_Simfit_eff/CMSSW_15_0_6_patch1/src/Analyzer/RaghuV0Ana/cfg/OO_Data_MINIAOD/crab_2pc_OO_V0_IM_effcorr_cent0to60_IP38/inputs/PSet.py
DEBUG 2025-09-25 20:06:35.240 UTC: 	 The following EDM output files will be collected: []
DEBUG 2025-09-25 20:06:35.240 UTC: 	 The following TFile output files will be collected: ['V0_test_IM_wgt.root']
DEBUG 2025-09-25 20:06:35.240 UTC: 	 The following user output files (not listed as PoolOuputModule or TFileService in the CMSSW PSet) will be collected: 
DEBUG 2025-09-25 20:06:35.240 UTC: 	 Loading required information from the environment
DEBUG 2025-09-25 20:06:35.240 UTC: 	 Found CMSSW_15_0_6_patch1 for el8_amd64_gcc12 with base /eos/home-b/bibehera/OO_Simfit_eff/CMSSW_15_0_6_patch1
DEBUG 2025-09-25 20:06:35.240 UTC: 	 Making tarball in /eos/home-b/bibehera/OO_Simfit_eff/CMSSW_15_0_6_patch1/src/Analyzer/RaghuV0Ana/cfg/OO_Data_MINIAOD/crab_2pc_OO_V0_IM_effcorr_cent0to60_IP38/inputs/204b6e81-9b6e-49c2-92f2-e190b9f486b6default.tgz
DEBUG 2025-09-25 20:06:35.255 UTC: 	 Checking directory /eos/home-b/bibehera/OO_Simfit_eff/CMSSW_15_0_6_patch1/bin
DEBUG 2025-09-25 20:06:35.255 UTC: 	 Adding directory /eos/home-b/bibehera/OO_Simfit_eff/CMSSW_15_0_6_patch1/bin to tarball
DEBUG 2025-09-25 20:06:35.259 UTC: 	 Checking directory /eos/home-b/bibehera/OO_Simfit_eff/CMSSW_15_0_6_patch1/python
DEBUG 2025-09-25 20:06:35.259 UTC: 	 Adding directory /eos/home-b/bibehera/OO_Simfit_eff/CMSSW_15_0_6_patch1/python to tarball
DEBUG 2025-09-25 20:06:35.306 UTC: 	 Checking directory /eos/home-b/bibehera/OO_Simfit_eff/CMSSW_15_0_6_patch1/cfipython
DEBUG 2025-09-25 20:06:35.306 UTC: 	 Adding directory /eos/home-b/bibehera/OO_Simfit_eff/CMSSW_15_0_6_patch1/cfipython to tarball
DEBUG 2025-09-25 20:06:35.416 UTC: 	 Checking directory /eos/home-b/bibehera/OO_Simfit_eff/CMSSW_15_0_6_patch1/lib
DEBUG 2025-09-25 20:06:35.417 UTC: 	 Adding directory /eos/home-b/bibehera/OO_Simfit_eff/CMSSW_15_0_6_patch1/lib to tarball
DEBUG 2025-09-25 20:06:35.588 UTC: 	 Checking directory /eos/home-b/bibehera/OO_Simfit_eff/CMSSW_15_0_6_patch1/biglib
DEBUG 2025-09-25 20:06:35.588 UTC: 	 Adding directory /eos/home-b/bibehera/OO_Simfit_eff/CMSSW_15_0_6_patch1/biglib to tarball
DEBUG 2025-09-25 20:06:35.590 UTC: 	 Checking directory /eos/home-b/bibehera/OO_Simfit_eff/CMSSW_15_0_6_patch1/module
DEBUG 2025-09-25 20:06:35.590 UTC: 	 Checking directory /eos/home-b/bibehera/OO_Simfit_eff/CMSSW_15_0_6_patch1/config/SCRAM/hooks
DEBUG 2025-09-25 20:06:35.590 UTC: 	 Adding directory /eos/home-b/bibehera/OO_Simfit_eff/CMSSW_15_0_6_patch1/config/SCRAM/hooks to tarball
DEBUG 2025-09-25 20:06:35.785 UTC: 	 Adding directory /eos/home-b/bibehera/OO_Simfit_eff/CMSSW_15_0_6_patch1/src/Analyzer/RaghuV0Ana/data to tarball
DEBUG 2025-09-25 20:06:36.227 UTC: 	 Adding directory /eos/home-b/bibehera/OO_Simfit_eff/CMSSW_15_0_6_patch1/src/Analyzer/RaghuV0Ana/interface to tarball
DEBUG 2025-09-25 20:06:36.231 UTC: 	 Adding directory /eos/home-b/bibehera/OO_Simfit_eff/CMSSW_15_0_6_patch1/src/Analyzer/RaghuV0Ana/python to tarball
DEBUG 2025-09-25 20:06:36.237 UTC: 	 Adding directory /eos/home-b/bibehera/OO_Simfit_eff/CMSSW_15_0_6_patch1/src/HeavyIonsAnalysis/Configuration/data to tarball
DEBUG 2025-09-25 20:06:36.522 UTC: 	 Adding directory /eos/home-b/bibehera/OO_Simfit_eff/CMSSW_15_0_6_patch1/src/HeavyIonsAnalysis/Configuration/python to tarball
DEBUG 2025-09-25 20:06:36.540 UTC: 	 Adding directory /eos/home-b/bibehera/OO_Simfit_eff/CMSSW_15_0_6_patch1/src/HeavyIonsAnalysis/EGMAnalysis/data to tarball
DEBUG 2025-09-25 20:06:36.543 UTC: 	 Adding directory /eos/home-b/bibehera/OO_Simfit_eff/CMSSW_15_0_6_patch1/src/HeavyIonsAnalysis/EGMAnalysis/interface to tarball
DEBUG 2025-09-25 20:06:36.550 UTC: 	 Adding directory /eos/home-b/bibehera/OO_Simfit_eff/CMSSW_15_0_6_patch1/src/HeavyIonsAnalysis/EGMAnalysis/python to tarball
DEBUG 2025-09-25 20:06:36.557 UTC: 	 Adding directory /eos/home-b/bibehera/OO_Simfit_eff/CMSSW_15_0_6_patch1/src/HeavyIonsAnalysis/EventAnalysis/python to tarball
DEBUG 2025-09-25 20:06:36.624 UTC: 	 Adding directory /eos/home-b/bibehera/OO_Simfit_eff/CMSSW_15_0_6_patch1/src/HeavyIonsAnalysis/JetAnalysis/interface to tarball
DEBUG 2025-09-25 20:06:36.628 UTC: 	 Adding directory /eos/home-b/bibehera/OO_Simfit_eff/CMSSW_15_0_6_patch1/src/HeavyIonsAnalysis/JetAnalysis/python to tarball
DEBUG 2025-09-25 20:06:36.653 UTC: 	 Adding directory /eos/home-b/bibehera/OO_Simfit_eff/CMSSW_15_0_6_patch1/src/HeavyIonsAnalysis/MuonAnalysis/interface to tarball
DEBUG 2025-09-25 20:06:36.656 UTC: 	 Adding directory /eos/home-b/bibehera/OO_Simfit_eff/CMSSW_15_0_6_patch1/src/HeavyIonsAnalysis/MuonAnalysis/python to tarball
DEBUG 2025-09-25 20:06:36.663 UTC: 	 Adding directory /eos/home-b/bibehera/OO_Simfit_eff/CMSSW_15_0_6_patch1/src/HeavyIonsAnalysis/TrackAnalysis/interface to tarball
DEBUG 2025-09-25 20:06:36.665 UTC: 	 Adding directory /eos/home-b/bibehera/OO_Simfit_eff/CMSSW_15_0_6_patch1/src/HeavyIonsAnalysis/TrackAnalysis/python to tarball
DEBUG 2025-09-25 20:06:36.678 UTC: 	 Adding directory /eos/home-b/bibehera/OO_Simfit_eff/CMSSW_15_0_6_patch1/src/HeavyIonsAnalysis/VertexAnalysis/python to tarball
DEBUG 2025-09-25 20:06:36.682 UTC: 	 Adding directory /eos/home-b/bibehera/OO_Simfit_eff/CMSSW_15_0_6_patch1/src/HeavyIonsAnalysis/ZDCAnalysis/python to tarball
DEBUG 2025-09-25 20:06:36.734 UTC: 	 Uploading archive /eos/home-b/bibehera/OO_Simfit_eff/CMSSW_15_0_6_patch1/src/Analyzer/RaghuV0Ana/cfg/OO_Data_MINIAOD/crab_2pc_OO_V0_IM_effcorr_cent0to60_IP38/inputs/204b6e81-9b6e-49c2-92f2-e190b9f486b6default.tgz (3.924805.1 MB) to the CRAB cache. Using URI https://cmsweb.cern.ch/S3/crabcache_prod
DEBUG 2025-09-25 20:06:37.539 UTC: 	 Encoded data for curl request: subresource=upload&objecttype=sandbox&tarballname=b53588f34c59c94d562080ae16d45f446a7939917fc29026a3771735f7493144.tar.gz
DEBUG 2025-09-25 20:06:37.605 UTC: 	 sandbox b53588f34c59c94d562080ae16d45f446a7939917fc29026a3771735f7493144.tar.gz is already in the S3 store, will not upload again
DEBUG 2025-09-25 20:06:37.606 UTC: 	 Loading required information from the environment
DEBUG 2025-09-25 20:06:37.606 UTC: 	 Found CMSSW_15_0_6_patch1 for el8_amd64_gcc12 with base /eos/home-b/bibehera/OO_Simfit_eff/CMSSW_15_0_6_patch1
DEBUG 2025-09-25 20:06:37.606 UTC: 	 Making tarball in /eos/home-b/bibehera/OO_Simfit_eff/CMSSW_15_0_6_patch1/src/Analyzer/RaghuV0Ana/cfg/OO_Data_MINIAOD/crab_2pc_OO_V0_IM_effcorr_cent0to60_IP38/inputs/debugFiles.tgz
DEBUG 2025-09-25 20:06:37.642 UTC: 	 Uploading archive /eos/home-b/bibehera/OO_Simfit_eff/CMSSW_15_0_6_patch1/src/Analyzer/RaghuV0Ana/cfg/OO_Data_MINIAOD/crab_2pc_OO_V0_IM_effcorr_cent0to60_IP38/inputs/debugFiles.tgz (3 KB) to the CRAB cache. Using URI https://cmsweb.cern.ch/S3/crabcache_prod
DEBUG 2025-09-25 20:06:37.647 UTC: 	 Encoded data for curl request: subresource=upload&objecttype=sandbox&tarballname=4e700c91a59513f28ad4dff0095aeac7a4ae9e2488663317f4bab6357b90565c.tar.gz
DEBUG 2025-09-25 20:06:37.696 UTC: 	 Will execute:
curl -f -v -X POST  -H "User-Agent: CRAB" -F "key=bibehera/sandboxes/4e700c91a59513f28ad4dff0095aeac7a4ae9e2488663317f4bab6357b90565c.tar.gz" -F "AWSAccessKeyId=715203df6482458ba839e73e6dab634b" -F "policy=eyJleHBpcmF0aW9uIjogIjIwMjUtMDktMjVUMjE6MDY6MzdaIiwgImNvbmRpdGlvbnMiOiBbeyJidWNrZXQiOiAiY3JhYmNhY2hlX3Byb2QifSwgeyJrZXkiOiAiYmliZWhlcmEvc2FuZGJveGVzLzRlNzAwYzkxYTU5NTEzZjI4YWQ0ZGZmMDA5NWFlYWM3YTRhZTllMjQ4ODY2MzMxN2Y0YmFiNjM1N2I5MDU2NWMudGFyLmd6In1dfQ==" -F "signature=mfoP+AiKoVuWF2Cau3r0VaEtExc=" -F "file=@/eos/home-b/bibehera/OO_Simfit_eff/CMSSW_15_0_6_patch1/src/Analyzer/RaghuV0Ana/cfg/OO_Data_MINIAOD/crab_2pc_OO_V0_IM_effcorr_cent0to60_IP38/inputs/debugFiles.tgz" "https://s3.cern.ch/crabcache_prod"
DEBUG 2025-09-25 20:06:37.773 UTC: 	 exitcode: 0
stdout: b''
DEBUG 2025-09-25 20:06:37.773 UTC: 	 upload to S3 of sandbox /eos/home-b/bibehera/OO_Simfit_eff/CMSSW_15_0_6_patch1/src/Analyzer/RaghuV0Ana/cfg/OO_Data_MINIAOD/crab_2pc_OO_V0_IM_effcorr_cent0to60_IP38/inputs/debugFiles.tgz completed
DEBUG 2025-09-25 20:06:37.773 UTC: 	 make sure that object is ready for retrieve
DEBUG 2025-09-25 20:06:38.774 UTC: 	 Encoded data for curl request: subresource=download&objecttype=sandbox&tarballname=4e700c91a59513f28ad4dff0095aeac7a4ae9e2488663317f4bab6357b90565c.tar.gz&clientmethod=head_object
DEBUG 2025-09-25 20:06:38.813 UTC: 	 PreSignedUrl to download sandbox received OK
DEBUG 2025-09-25 20:06:38.815 UTC: 	 Will execute:
 curl -v -s -f -o /dev/null --head  "https://s3.cern.ch/crabcache_prod/bibehera/sandboxes/4e700c91a59513f28ad4dff0095aeac7a4ae9e2488663317f4bab6357b90565c.tar.gz?AWSAccessKeyId=715203df6482458ba839e73e6dab634b&Signature=526Q4sNTVgJpVtMBagmjmtP9AUE%3D&Expires=1758834398"
DEBUG 2025-09-25 20:06:38.861 UTC: 	 exitcode: 0
stdout: b''
DEBUG 2025-09-25 20:06:38.861 UTC: 	 sandbox /eos/home-b/bibehera/OO_Simfit_eff/CMSSW_15_0_6_patch1/src/Analyzer/RaghuV0Ana/cfg/OO_Data_MINIAOD/crab_2pc_OO_V0_IM_effcorr_cent0to60_IP38/inputs/debugFiles.tgz successfully uploaded to S3
DEBUG 2025-09-25 20:06:38.861 UTC: 	 Result uploading input files: b53588f34c59c94d562080ae16d45f446a7939917fc29026a3771735f7493144.tar.gz 
DEBUG 2025-09-25 20:06:38.861 UTC: 	 Attaching lumi mask generated_json.json to the request
DEBUG 2025-09-25 20:06:38.861 UTC: 	 Reading lumi-mask from generated_json.json
DEBUG 2025-09-25 20:06:38.862 UTC: 	 submit() - self.configuration from WMCore.Configuration import Configuration
config = Configuration()
config.section_('General')
config.General.requestName = '2pc_OO_V0_IM_effcorr_cent0to60_IP38'
config.General.workArea = 'OO_Data_MINIAOD'
config.General.transferOutputs = True
config.General.transferLogs = True
config.section_('JobType')
config.JobType.psetName = 'PbPb_2018_cfg.py'
config.JobType.pluginName = 'Analysis'
config.section_('Data')
config.Data.inputDBS = 'phys03'
config.Data.secondaryInputDataset = '/IonPhysics38/OORun2025-PromptReco-v1/MINIAOD'
config.Data.splitting = 'LumiBased'
config.Data.lumiMask = 'generated_json.json'
config.Data.outLFNDirBase = '/store/user/bibehera/'
config.Data.publication = False
config.Data.outputDatasetTag = '2pc_OO_V0_IM_effcorr_cent0to60_IP38'
config.Data.totalUnits = -1
config.Data.inputDataset = '/IonPhysics38/bibehera-2pc_OO_V0_IP38-ca42279dfc2dce710b3991c24f27a617/USER'
config.Data.unitsPerJob = 3
config.section_('Site')
config.Site.storageSite = 'T3_CH_CERNBOX'
config.section_('User')
config.section_('Debug')

DEBUG 2025-09-25 20:06:38.862 UTC: 	 submit() - self.configreq {'dryrun': 0, 'workflow': 'crab_2pc_OO_V0_IM_effcorr_cent0to60_IP38', 'saveoutput': 1, 'savelogsflag': 1, 'inputdata': '/IonPhysics38/bibehera-2pc_OO_V0_IP38-ca42279dfc2dce710b3991c24f27a617/USER', 'nonvaliddata': 0, 'userfiles': [], 'dbsurl': 'https://cmsweb.cern.ch/dbs/prod/phys03/DBSReader', 'useparent': 0, 'secondarydata': '/IonPhysics38/OORun2025-PromptReco-v1/MINIAOD', 'ignorelocality': 0, 'splitalgo': 'LumiBased', 'algoargs': 3, 'totalunits': -1, 'lfn': '/store/user/bibehera/', 'publication': 0, 'publishdbsurl': 'https://cmsweb.cern.ch/dbs/prod/phys03/DBSWriter', 'publishname2': '2pc_OO_V0_IM_effcorr_cent0to60_IP38', 'jobtype': 'Analysis', 'generator': 'pythia', 'addoutputfiles': [], 'maxjobruntime': 1250, 'numcores': 1, 'maxmemory': 2000, 'priority': 10, 'nonprodsw': 0, 'asyncdest': 'T3_CH_CERNBOX', 'requireaccelerator': 0, 'oneEventMode': 0, 'extrajdl': [], 'ignoreglobalblacklist': 0, 'partialdataset': 0, 'inputblocks': []}
DEBUG 2025-09-25 20:06:38.863 UTC: 	 submit() - jobconfig {'addoutputfiles': [], 'tfileoutfiles': ['V0_test_IM_wgt.root'], 'edmoutfiles': [], 'jobarch': 'el8_amd64_gcc12', 'jobminuarch': 'x86-64-v3', 'jobsw': 'CMSSW_15_0_6_patch1', 'inputdata': '/IonPhysics38/bibehera-2pc_OO_V0_IP38-ca42279dfc2dce710b3991c24f27a617/USER', 'cacheurl': 'https://cmsweb.cern.ch/S3/crabcache_prod', 'cachefilename': 'b53588f34c59c94d562080ae16d45f446a7939917fc29026a3771735f7493144.tar.gz', 'debugfilename': '4e700c91a59513f28ad4dff0095aeac7a4ae9e2488663317f4bab6357b90565c.tar.gz', 'runs': ['394153', '394154', '394169', '394175', '394183', '394184', '394185', '394186', '394187', '394188', '394189', '394204', '394209', '394217'], 'lumis': ['40,169', '1,886', '39,997', '47,988', '15,239', '1,667', '1,3', '1,15', '1,1', '1,107', '1,72', '38,932', '23,1209', '41,838'], 'jobtype': 'Analysis'}
INFO 2025-09-25 20:06:38.863 UTC: 	 Sending the request to the server at cmsweb.cern.ch
DEBUG 2025-09-25 20:06:38.863 UTC: 	 Submitting {'dryrun': 0, 'workflow': 'crab_2pc_OO_V0_IM_effcorr_cent0to60_IP38', 'saveoutput': 1, 'savelogsflag': 1, 'inputdata': '/IonPhysics38/bibehera-2pc_OO_V0_IP38-ca42279dfc2dce710b3991c24f27a617/USER', 'nonvaliddata': 0, 'userfiles': [], 'dbsurl': 'https://cmsweb.cern.ch/dbs/prod/phys03/DBSReader', 'useparent': 0, 'secondarydata': '/IonPhysics38/OORun2025-PromptReco-v1/MINIAOD', 'ignorelocality': 0, 'splitalgo': 'LumiBased', 'algoargs': 3, 'totalunits': -1, 'lfn': '/store/user/bibehera/', 'publication': 0, 'publishdbsurl': 'https://cmsweb.cern.ch/dbs/prod/phys03/DBSWriter', 'publishname2': '2pc_OO_V0_IM_effcorr_cent0to60_IP38', 'jobtype': 'Analysis', 'generator': 'pythia', 'addoutputfiles': [], 'maxjobruntime': 1250, 'numcores': 1, 'maxmemory': 2000, 'priority': 10, 'nonprodsw': 0, 'asyncdest': 'T3_CH_CERNBOX', 'requireaccelerator': 0, 'oneEventMode': 0, 'extrajdl': [], 'ignoreglobalblacklist': 0, 'partialdataset': 0, 'inputblocks': [], 'tfileoutfiles': ['V0_test_IM_wgt.root'], 'edmoutfiles': [], 'jobarch': 'el8_amd64_gcc12', 'jobminuarch': 'x86-64-v3', 'jobsw': 'CMSSW_15_0_6_patch1', 'cacheurl': 'https://cmsweb.cern.ch/S3/crabcache_prod', 'cachefilename': 'b53588f34c59c94d562080ae16d45f446a7939917fc29026a3771735f7493144.tar.gz', 'debugfilename': '4e700c91a59513f28ad4dff0095aeac7a4ae9e2488663317f4bab6357b90565c.tar.gz', 'runs': ['394153', '394154', '394169', '394175', '394183', '394184', '394185', '394186', '394187', '394188', '394189', '394204', '394209', '394217'], 'lumis': ['40,169', '1,886', '39,997', '47,988', '15,239', '1,667', '1,3', '1,15', '1,1', '1,107', '1,72', '38,932', '23,1209', '41,838']} 
DEBUG 2025-09-25 20:06:38.863 UTC: 	 Encoded data for curl request: dryrun=0&workflow=crab_2pc_OO_V0_IM_effcorr_cent0to60_IP38&saveoutput=1&savelogsflag=1&inputdata=%2FIonPhysics38%2Fbibehera-2pc_OO_V0_IP38-ca42279dfc2dce710b3991c24f27a617%2FUSER&nonvaliddata=0&dbsurl=https%3A%2F%2Fcmsweb.cern.ch%2Fdbs%2Fprod%2Fphys03%2FDBSReader&useparent=0&secondarydata=%2FIonPhysics38%2FOORun2025-PromptReco-v1%2FMINIAOD&ignorelocality=0&splitalgo=LumiBased&algoargs=3&totalunits=-1&lfn=%2Fstore%2Fuser%2Fbibehera%2F&publication=0&publishdbsurl=https%3A%2F%2Fcmsweb.cern.ch%2Fdbs%2Fprod%2Fphys03%2FDBSWriter&publishname2=2pc_OO_V0_IM_effcorr_cent0to60_IP38&jobtype=Analysis&generator=pythia&maxjobruntime=1250&numcores=1&maxmemory=2000&priority=10&nonprodsw=0&asyncdest=T3_CH_CERNBOX&requireaccelerator=0&oneEventMode=0&ignoreglobalblacklist=0&partialdataset=0&jobarch=el8_amd64_gcc12&jobminuarch=x86-64-v3&jobsw=CMSSW_15_0_6_patch1&cacheurl=https%3A%2F%2Fcmsweb.cern.ch%2FS3%2Fcrabcache_prod&cachefilename=b53588f34c59c94d562080ae16d45f446a7939917fc29026a3771735f7493144.tar.gz&debugfilename=4e700c91a59513f28ad4dff0095aeac7a4ae9e2488663317f4bab6357b90565c.tar.gz&tfileoutfiles=V0_test_IM_wgt.root&runs=394153&runs=394154&runs=394169&runs=394175&runs=394183&runs=394184&runs=394185&runs=394186&runs=394187&runs=394188&runs=394189&runs=394204&runs=394209&runs=394217&lumis=40%2C169&lumis=1%2C886&lumis=39%2C997&lumis=47%2C988&lumis=15%2C239&lumis=1%2C667&lumis=1%2C3&lumis=1%2C15&lumis=1%2C1&lumis=1%2C107&lumis=1%2C72&lumis=38%2C932&lumis=23%2C1209&lumis=41%2C838
DEBUG 2025-09-25 20:06:38.918 UTC: 	 Result: {'result': [{'RequestName': '250925_200638:bibehera_crab_2pc_OO_V0_IM_effcorr_cent0to60_IP38'}]}
INFO 2025-09-25 20:06:38.937 UTC: 	 Success: Your task has been delivered to the prod CRAB3 server.
INFO 2025-09-25 20:06:38.938 UTC: 	 Task name: 250925_200638:bibehera_crab_2pc_OO_V0_IM_effcorr_cent0to60_IP38
INFO 2025-09-25 20:06:38.938 UTC: 	 Project dir: OO_Data_MINIAOD/crab_2pc_OO_V0_IM_effcorr_cent0to60_IP38
INFO 2025-09-25 20:06:38.938 UTC: 	 Please use ' crab status -d OO_Data_MINIAOD/crab_2pc_OO_V0_IM_effcorr_cent0to60_IP38 ' to check how the submission process proceeds.
DEBUG 2025-09-25 20:06:38.938 UTC: 	 About to return
INFO 2025-09-25 20:06:38.951 UTC: 	 Log file is /eos/home-b/bibehera/OO_Simfit_eff/CMSSW_15_0_6_patch1/src/Analyzer/RaghuV0Ana/cfg/OO_Data_MINIAOD/crab_2pc_OO_V0_IM_effcorr_cent0to60_IP38/crab.log
DEBUG 2025-09-25 20:08:53.470 UTC: 	 CRAB Client version: v3.250820
DEBUG 2025-09-25 20:08:53.470 UTC: 	 Running on: Linux lxplus809.cern.ch 4.18.0-553.76.1.el8_10.x86_64 #1 SMP Mon Sep 15 14:04:30 EDT 2025 x86_64 x86_64 x86_64 GNU/Linux
DEBUG 2025-09-25 20:08:53.470 UTC: 	 Not using Singularity
DEBUG 2025-09-25 20:08:53.470 UTC: 	 Operating System: Red Hat Enterprise Linux 8.10 (Ootpa)
DEBUG 2025-09-25 20:08:53.470 UTC: 	 Executing command: 'kill'
DEBUG 2025-09-25 20:08:53.470 UTC: 	 Found CRAB cache file /afs/cern.ch/user/b/bibehera/.crab3
DEBUG 2025-09-25 20:08:53.672 UTC: 	 Checking credentials
DEBUG 2025-09-25 20:08:53.672 UTC: 	 Found proxy file /tmp/x509up_u177753
DEBUG 2025-09-25 20:08:53.672 UTC: 	 Making sure it has proper VOMS extension
DEBUG 2025-09-25 20:08:53.673 UTC: 	 Executing command :
 voms-proxy-info --vo --file /tmp/x509up_u177753
DEBUG 2025-09-25 20:08:53.691 UTC: 	 output : cms

 error: 
 retcode : 0
DEBUG 2025-09-25 20:08:53.691 UTC: 	 Getting proxy life time left
DEBUG 2025-09-25 20:08:53.691 UTC: 	 Executing command :
 voms-proxy-info --actimeleft --timeleft --file /tmp/x509up_u177753
DEBUG 2025-09-25 20:08:53.709 UTC: 	 output : 41450
41450

 error: 
 retcode : 0
DEBUG 2025-09-25 20:08:53.709 UTC: 	 Proxy valid for 11:30:50 hours
DEBUG 2025-09-25 20:08:53.709 UTC: 	 Encoded data for curl request: subresource=delegatedn
DEBUG 2025-09-25 20:08:53.748 UTC: 	 Registering user credentials on myproxy for /DC=ch/DC=cern/OU=computers/CN=crab-(preprod|prod)-tw(01|02).cern.ch|/DC=ch/DC=cern/OU=computers/CN=crab-dev-tw(01|02|03|04).cern.ch|/DC=ch/DC=cern/OU=Organic Units/OU=Users/CN=cmscrab/CN=(817881|373708)/CN=Robot: cms crab|/DC=ch/DC=cern/OU=Organic Units/OU=Users/CN=crabint1/CN=373708/CN=Robot: CMS CRAB Integration 1
DEBUG 2025-09-25 20:08:53.748 UTC: 	 Executing command :
 voms-proxy-info --identity --file /tmp/x509up_u177753
DEBUG 2025-09-25 20:08:53.769 UTC: 	 output : /DC=ch/DC=cern/OU=Organic Units/OU=Users/CN=bibehera/CN=882295/CN=Bismita Behera

 error: 
 retcode : 0
DEBUG 2025-09-25 20:08:53.770 UTC: 	 Getting myproxy life time left for bfbdf12a5670e45fdd055ff115afbb0f25b8a072
DEBUG 2025-09-25 20:08:53.770 UTC: 	 Executing command :
 myproxy-info -s myproxy.cern.ch -l bfbdf12a5670e45fdd055ff115afbb0f25b8a072
DEBUG 2025-09-25 20:08:54.036 UTC: 	 output : username: bfbdf12a5670e45fdd055ff115afbb0f25b8a072
owner: /DC=ch/DC=cern/OU=Organic Units/OU=Users/CN=bibehera/CN=882295/CN=Bismita Behera
  renewal policy: /DC=ch/DC=cern/OU=computers/CN=crab-(preprod|prod)-tw(01|02).cern.ch|/DC=ch/DC=cern/OU=computers/CN=crab-dev-tw(01|02|03|04).cern.ch|/DC=ch/DC=cern/OU=Organic Units/OU=Users/CN=cmscrab/CN=(817881|373708)/CN=Robot: cms crab|/DC=ch/DC=cern/OU=Organic Units/OU=Users/CN=crabint1/CN=373708/CN=Robot: CMS CRAB Integration 1
  trusted retrieval policy: /DC=ch/DC=cern/OU=computers/CN=crab-(preprod|prod)-tw(01|02).cern.ch|/DC=ch/DC=cern/OU=computers/CN=crab-dev-tw(01|02|03|04).cern.ch|/DC=ch/DC=cern/OU=Organic Units/OU=Users/CN=cmscrab/CN=(817881|373708)/CN=Robot: cms crab|/DC=ch/DC=cern/OU=Organic Units/OU=Users/CN=crabint1/CN=373708/CN=Robot: CMS CRAB Integration 1
  timeleft: 384:49:59  (16.0 days)

 error: 
 retcode : 0
DEBUG 2025-09-25 20:08:54.036 UTC: 	 Myproxy is valid: 1385340
DEBUG 2025-09-25 20:08:54.036 UTC: 	 Result of myproxy credential check:
  Credential exists on myproxy: username: bfbdf12a5670e45fdd055ff115afbb0f25b8a072  - validity: 16 days, 0:49:00
DEBUG 2025-09-25 20:08:54.038 UTC: 	 Command use: kill
DEBUG 2025-09-25 20:08:54.038 UTC: 	 Options use: ['-d', 'OO_Data_MINIAOD/crab_2pc_OO_V0_IM_effcorr_cent0to60_IP38']
DEBUG 2025-09-25 20:08:54.038 UTC: 	 Encoded data for curl request: subresource=version
DEBUG 2025-09-25 20:08:54.084 UTC: 	 CRABClient version: v3.250820
DEBUG 2025-09-25 20:08:54.084 UTC: 	 Instance is prod
DEBUG 2025-09-25 20:08:54.084 UTC: 	 Server base url is cmsweb.cern.ch
DEBUG 2025-09-25 20:08:54.084 UTC: 	 Command api workflow
DEBUG 2025-09-25 20:08:54.084 UTC: 	 Killing task 250925_200638:bibehera_crab_2pc_OO_V0_IM_effcorr_cent0to60_IP38
DEBUG 2025-09-25 20:08:54.084 UTC: 	 Encoded data for curl request: workflow=250925_200638%3Abibehera_crab_2pc_OO_V0_IM_effcorr_cent0to60_IP38
DEBUG 2025-09-25 20:08:54.124 UTC: 	 Result: {'desc': {'columns': ['tm_taskname', 'tm_task_status', 'tm_task_command', 'tm_user_role', 'tm_user_group', 'tm_task_failure', 'tm_split_algo', 'tm_split_args', 'tm_save_logs', 'tm_username', 'tm_user_dn', 'tm_arguments', 'tm_input_dataset', 'tm_dbs_url', 'tm_task_warnings', 'tm_publication', 'tm_user_webdir', 'tm_output_dataset', 'tm_collector', 'tm_schedd', 'tm_dry_run', 'clusterid', 'tm_start_time', 'tw_name', 'tm_dagman_status', 'tm_num_jobs', 'tm_uploaded']}, 'result': [{'result': 'ok'}]}
INFO 2025-09-25 20:08:54.124 UTC: 	 Kill request successfully sent
INFO 2025-09-25 20:08:54.128 UTC: 	 Log file is /eos/home-b/bibehera/OO_Simfit_eff/CMSSW_15_0_6_patch1/src/Analyzer/RaghuV0Ana/cfg/OO_Data_MINIAOD/crab_2pc_OO_V0_IM_effcorr_cent0to60_IP38/crab.log
