DEBUG 2025-09-23 19:24:37.561 UTC: 	 CRAB Client version: v3.250820
DEBUG 2025-09-23 19:24:37.562 UTC: 	 Running on: Linux lxplus802.cern.ch 4.18.0-553.70.1.el8_10.x86_64 #1 SMP Tue Aug 12 13:09:16 EDT 2025 x86_64 x86_64 x86_64 GNU/Linux
DEBUG 2025-09-23 19:24:37.562 UTC: 	 Not using Singularity
DEBUG 2025-09-23 19:24:37.562 UTC: 	 Operating System: Red Hat Enterprise Linux 8.10 (Ootpa)
DEBUG 2025-09-23 19:24:37.562 UTC: 	 Executing command: 'submit'
DEBUG 2025-09-23 19:24:37.562 UTC: 	 Found CRAB cache file /afs/cern.ch/user/b/bibehera/.crab3
INFO 2025-09-23 19:24:37.562 UTC: 	 Will use CRAB configuration file crab_config2.py
DEBUG 2025-09-23 19:24:37.563 UTC: 	 Loading CRAB configuration file.
DEBUG 2025-09-23 19:24:37.570 UTC: 	 Overriden parameter General.requestName with '2pc_OO_V0_SpecEff1_IP13'
DEBUG 2025-09-23 19:24:37.570 UTC: 	 Overriden parameter Data.inputDataset with '/IonPhysics13/bibehera-2pc_OO_V0_IP13-ca42279dfc2dce710b3991c24f27a617/USER'
DEBUG 2025-09-23 19:24:37.570 UTC: 	 Overriden parameter Data.secondaryInputDataset with '/IonPhysics13/OORun2025-PromptReco-v1/MINIAOD'
DEBUG 2025-09-23 19:24:37.570 UTC: 	 Overriden parameter Data.outputDatasetTag with '2pc_OO_V0_SpecEff1_IP13'
DEBUG 2025-09-23 19:24:37.570 UTC: 	 Will use CRAB plugin ANALYSIS (i.e. will run an analysis job type).
DEBUG 2025-09-23 19:24:37.820 UTC: 	 Checking credentials
DEBUG 2025-09-23 19:24:37.820 UTC: 	 Found proxy file /tmp/x509up_u177753
DEBUG 2025-09-23 19:24:37.820 UTC: 	 Making sure it has proper VOMS extension
DEBUG 2025-09-23 19:24:37.820 UTC: 	 Executing command :
 voms-proxy-info --vo --file /tmp/x509up_u177753
DEBUG 2025-09-23 19:24:37.844 UTC: 	 output : cms

 error: 
 retcode : 0
DEBUG 2025-09-23 19:24:37.844 UTC: 	 Getting proxy life time left
DEBUG 2025-09-23 19:24:37.844 UTC: 	 Executing command :
 voms-proxy-info --actimeleft --timeleft --file /tmp/x509up_u177753
DEBUG 2025-09-23 19:24:37.866 UTC: 	 output : 41671
41671

 error: 
 retcode : 0
DEBUG 2025-09-23 19:24:37.866 UTC: 	 Proxy valid for 11:34:31 hours
DEBUG 2025-09-23 19:24:37.867 UTC: 	 Encoded data for curl request: subresource=delegatedn
DEBUG 2025-09-23 19:24:37.902 UTC: 	 Registering user credentials on myproxy for /DC=ch/DC=cern/OU=computers/CN=crab-(preprod|prod)-tw(01|02).cern.ch|/DC=ch/DC=cern/OU=computers/CN=crab-dev-tw(01|02|03|04).cern.ch|/DC=ch/DC=cern/OU=Organic Units/OU=Users/CN=cmscrab/CN=(817881|373708)/CN=Robot: cms crab|/DC=ch/DC=cern/OU=Organic Units/OU=Users/CN=crabint1/CN=373708/CN=Robot: CMS CRAB Integration 1
DEBUG 2025-09-23 19:24:37.902 UTC: 	 Executing command :
 voms-proxy-info --identity --file /tmp/x509up_u177753
DEBUG 2025-09-23 19:24:37.922 UTC: 	 output : /DC=ch/DC=cern/OU=Organic Units/OU=Users/CN=bibehera/CN=882295/CN=Bismita Behera

 error: 
 retcode : 0
DEBUG 2025-09-23 19:24:37.922 UTC: 	 Getting myproxy life time left for bfbdf12a5670e45fdd055ff115afbb0f25b8a072
DEBUG 2025-09-23 19:24:37.922 UTC: 	 Executing command :
 myproxy-info -s myproxy.cern.ch -l bfbdf12a5670e45fdd055ff115afbb0f25b8a072
DEBUG 2025-09-23 19:24:38.183 UTC: 	 output : username: bfbdf12a5670e45fdd055ff115afbb0f25b8a072
owner: /DC=ch/DC=cern/OU=Organic Units/OU=Users/CN=bibehera/CN=882295/CN=Bismita Behera
  renewal policy: /DC=ch/DC=cern/OU=computers/CN=crab-(preprod|prod)-tw(01|02).cern.ch|/DC=ch/DC=cern/OU=computers/CN=crab-dev-tw(01|02|03|04).cern.ch|/DC=ch/DC=cern/OU=Organic Units/OU=Users/CN=cmscrab/CN=(817881|373708)/CN=Robot: cms crab|/DC=ch/DC=cern/OU=Organic Units/OU=Users/CN=crabint1/CN=373708/CN=Robot: CMS CRAB Integration 1
  trusted retrieval policy: /DC=ch/DC=cern/OU=computers/CN=crab-(preprod|prod)-tw(01|02).cern.ch|/DC=ch/DC=cern/OU=computers/CN=crab-dev-tw(01|02|03|04).cern.ch|/DC=ch/DC=cern/OU=Organic Units/OU=Users/CN=cmscrab/CN=(817881|373708)/CN=Robot: cms crab|/DC=ch/DC=cern/OU=Organic Units/OU=Users/CN=crabint1/CN=373708/CN=Robot: CMS CRAB Integration 1
  timeleft: 433:34:15  (18.1 days)

 error: 
 retcode : 0
DEBUG 2025-09-23 19:24:38.183 UTC: 	 Myproxy is valid: 1560840
DEBUG 2025-09-23 19:24:38.183 UTC: 	 Result of myproxy credential check:
  Credential exists on myproxy: username: bfbdf12a5670e45fdd055ff115afbb0f25b8a072  - validity: 18 days, 1:34:00
DEBUG 2025-09-23 19:24:38.183 UTC: 	 Command use: submit
DEBUG 2025-09-23 19:24:38.183 UTC: 	 Options use: ['-c', 'crab_config2.py', 'General.requestName=2pc_OO_V0_SpecEff1_IP13', 'Data.inputDataset=/IonPhysics13/bibehera-2pc_OO_V0_IP13-ca42279dfc2dce710b3991c24f27a617/USER', 'Data.secondaryInputDataset=/IonPhysics13/OORun2025-PromptReco-v1/MINIAOD', 'Data.outputDatasetTag=2pc_OO_V0_SpecEff1_IP13']
DEBUG 2025-09-23 19:24:38.184 UTC: 	 Encoded data for curl request: subresource=version
DEBUG 2025-09-23 19:24:38.218 UTC: 	 CRABClient version: v3.250820
DEBUG 2025-09-23 19:24:38.218 UTC: 	 Instance is prod
DEBUG 2025-09-23 19:24:38.218 UTC: 	 Server base url is cmsweb.cern.ch
DEBUG 2025-09-23 19:24:38.218 UTC: 	 Command api workflow
DEBUG 2025-09-23 19:24:38.218 UTC: 	 Started submission
DEBUG 2025-09-23 19:24:38.218 UTC: 	 Working on /eos/home-b/bibehera/OO_Simfit_eff/CMSSW_15_0_6_patch1/src/Analyzer/RaghuV0Ana/cfg/OO_Data_MINIAOD/crab_2pc_OO_V0_SpecEff1_IP13
DEBUG 2025-09-23 19:24:38.219 UTC: 	 Encoded data for curl request: subresource=backendurls
DEBUG 2025-09-23 19:24:38.281 UTC: 	 Loading required information from the environment
DEBUG 2025-09-23 19:24:38.281 UTC: 	 Found CMSSW_15_0_6_patch1 for el8_amd64_gcc12 with base /eos/home-b/bibehera/OO_Simfit_eff/CMSSW_15_0_6_patch1
DEBUG 2025-09-23 19:24:38.282 UTC: 	 Loading required information from the environment
DEBUG 2025-09-23 19:24:38.282 UTC: 	 Found CMSSW_15_0_6_patch1 for el8_amd64_gcc12 with base /eos/home-b/bibehera/OO_Simfit_eff/CMSSW_15_0_6_patch1
DEBUG 2025-09-23 19:24:38.282 UTC: 	 UNIQUE NAME: tarUUID 79bf073d-41a2-4bd8-95df-25b8e616d9fe 
DEBUG 2025-09-23 19:24:38.282 UTC: 	 self.config: from WMCore.Configuration import Configuration
config = Configuration()
config.section_('General')
config.General.requestName = '2pc_OO_V0_SpecEff1_IP13'
config.General.transferOutputs = True
config.General.transferLogs = True
config.General.workArea = 'OO_Data_MINIAOD'
config.section_('JobType')
config.JobType.pluginName = 'Analysis'
config.JobType.psetName = 'PbPb_2018_cfg.py'
config.section_('Data')
config.Data.publication = False
config.Data.outLFNDirBase = '/store/user/bibehera/'
config.Data.splitting = 'LumiBased'
config.Data.unitsPerJob = 3
config.Data.inputDBS = 'phys03'
config.Data.outputDatasetTag = '2pc_OO_V0_SpecEff1_IP13'
config.Data.inputDataset = '/IonPhysics13/bibehera-2pc_OO_V0_IP13-ca42279dfc2dce710b3991c24f27a617/USER'
config.Data.totalUnits = -1
config.Data.secondaryInputDataset = '/IonPhysics13/OORun2025-PromptReco-v1/MINIAOD'
config.Data.lumiMask = 'generated_json.json'
config.section_('Site')
config.Site.storageSite = 'T3_CH_CERNBOX'
config.section_('User')
config.section_('Debug')

DEBUG 2025-09-23 19:24:38.282 UTC: 	 self.config.JobType.psetName: PbPb_2018_cfg.py
INFO 2025-09-23 19:24:38.282 UTC: 	 Importing CMSSW configuration PbPb_2018_cfg.py
INFO 2025-09-23 19:24:39.171 UTC: 	 Finished importing CMSSW configuration PbPb_2018_cfg.py
DEBUG 2025-09-23 19:24:39.171 UTC: 	 Writing CMSSW configuration to /eos/home-b/bibehera/OO_Simfit_eff/CMSSW_15_0_6_patch1/src/Analyzer/RaghuV0Ana/cfg/OO_Data_MINIAOD/crab_2pc_OO_V0_SpecEff1_IP13/inputs/PSet.py
DEBUG 2025-09-23 19:24:39.264 UTC: 	 The following EDM output files will be collected: []
DEBUG 2025-09-23 19:24:39.264 UTC: 	 The following TFile output files will be collected: ['V0_test_IM.root']
DEBUG 2025-09-23 19:24:39.264 UTC: 	 The following user output files (not listed as PoolOuputModule or TFileService in the CMSSW PSet) will be collected: 
DEBUG 2025-09-23 19:24:39.264 UTC: 	 Loading required information from the environment
DEBUG 2025-09-23 19:24:39.264 UTC: 	 Found CMSSW_15_0_6_patch1 for el8_amd64_gcc12 with base /eos/home-b/bibehera/OO_Simfit_eff/CMSSW_15_0_6_patch1
DEBUG 2025-09-23 19:24:39.264 UTC: 	 Making tarball in /eos/home-b/bibehera/OO_Simfit_eff/CMSSW_15_0_6_patch1/src/Analyzer/RaghuV0Ana/cfg/OO_Data_MINIAOD/crab_2pc_OO_V0_SpecEff1_IP13/inputs/79bf073d-41a2-4bd8-95df-25b8e616d9fedefault.tgz
DEBUG 2025-09-23 19:24:39.267 UTC: 	 Checking directory /eos/home-b/bibehera/OO_Simfit_eff/CMSSW_15_0_6_patch1/bin
DEBUG 2025-09-23 19:24:39.267 UTC: 	 Adding directory /eos/home-b/bibehera/OO_Simfit_eff/CMSSW_15_0_6_patch1/bin to tarball
DEBUG 2025-09-23 19:24:39.271 UTC: 	 Checking directory /eos/home-b/bibehera/OO_Simfit_eff/CMSSW_15_0_6_patch1/python
DEBUG 2025-09-23 19:24:39.271 UTC: 	 Adding directory /eos/home-b/bibehera/OO_Simfit_eff/CMSSW_15_0_6_patch1/python to tarball
DEBUG 2025-09-23 19:24:39.315 UTC: 	 Checking directory /eos/home-b/bibehera/OO_Simfit_eff/CMSSW_15_0_6_patch1/cfipython
DEBUG 2025-09-23 19:24:39.315 UTC: 	 Adding directory /eos/home-b/bibehera/OO_Simfit_eff/CMSSW_15_0_6_patch1/cfipython to tarball
DEBUG 2025-09-23 19:24:39.432 UTC: 	 Checking directory /eos/home-b/bibehera/OO_Simfit_eff/CMSSW_15_0_6_patch1/lib
DEBUG 2025-09-23 19:24:39.432 UTC: 	 Adding directory /eos/home-b/bibehera/OO_Simfit_eff/CMSSW_15_0_6_patch1/lib to tarball
DEBUG 2025-09-23 19:24:39.617 UTC: 	 Checking directory /eos/home-b/bibehera/OO_Simfit_eff/CMSSW_15_0_6_patch1/biglib
DEBUG 2025-09-23 19:24:39.617 UTC: 	 Adding directory /eos/home-b/bibehera/OO_Simfit_eff/CMSSW_15_0_6_patch1/biglib to tarball
DEBUG 2025-09-23 19:24:39.619 UTC: 	 Checking directory /eos/home-b/bibehera/OO_Simfit_eff/CMSSW_15_0_6_patch1/module
DEBUG 2025-09-23 19:24:39.619 UTC: 	 Checking directory /eos/home-b/bibehera/OO_Simfit_eff/CMSSW_15_0_6_patch1/config/SCRAM/hooks
DEBUG 2025-09-23 19:24:39.619 UTC: 	 Adding directory /eos/home-b/bibehera/OO_Simfit_eff/CMSSW_15_0_6_patch1/config/SCRAM/hooks to tarball
DEBUG 2025-09-23 19:24:39.778 UTC: 	 Adding directory /eos/home-b/bibehera/OO_Simfit_eff/CMSSW_15_0_6_patch1/src/Analyzer/RaghuV0Ana/data to tarball
DEBUG 2025-09-23 19:24:40.213 UTC: 	 Adding directory /eos/home-b/bibehera/OO_Simfit_eff/CMSSW_15_0_6_patch1/src/Analyzer/RaghuV0Ana/interface to tarball
DEBUG 2025-09-23 19:24:40.218 UTC: 	 Adding directory /eos/home-b/bibehera/OO_Simfit_eff/CMSSW_15_0_6_patch1/src/Analyzer/RaghuV0Ana/python to tarball
DEBUG 2025-09-23 19:24:40.226 UTC: 	 Adding directory /eos/home-b/bibehera/OO_Simfit_eff/CMSSW_15_0_6_patch1/src/HeavyIonsAnalysis/Configuration/data to tarball
DEBUG 2025-09-23 19:24:40.531 UTC: 	 Adding directory /eos/home-b/bibehera/OO_Simfit_eff/CMSSW_15_0_6_patch1/src/HeavyIonsAnalysis/Configuration/python to tarball
DEBUG 2025-09-23 19:24:40.556 UTC: 	 Adding directory /eos/home-b/bibehera/OO_Simfit_eff/CMSSW_15_0_6_patch1/src/HeavyIonsAnalysis/EGMAnalysis/data to tarball
DEBUG 2025-09-23 19:24:40.561 UTC: 	 Adding directory /eos/home-b/bibehera/OO_Simfit_eff/CMSSW_15_0_6_patch1/src/HeavyIonsAnalysis/EGMAnalysis/interface to tarball
DEBUG 2025-09-23 19:24:40.565 UTC: 	 Adding directory /eos/home-b/bibehera/OO_Simfit_eff/CMSSW_15_0_6_patch1/src/HeavyIonsAnalysis/EGMAnalysis/python to tarball
DEBUG 2025-09-23 19:24:40.574 UTC: 	 Adding directory /eos/home-b/bibehera/OO_Simfit_eff/CMSSW_15_0_6_patch1/src/HeavyIonsAnalysis/EventAnalysis/python to tarball
DEBUG 2025-09-23 19:24:40.652 UTC: 	 Adding directory /eos/home-b/bibehera/OO_Simfit_eff/CMSSW_15_0_6_patch1/src/HeavyIonsAnalysis/JetAnalysis/interface to tarball
DEBUG 2025-09-23 19:24:40.656 UTC: 	 Adding directory /eos/home-b/bibehera/OO_Simfit_eff/CMSSW_15_0_6_patch1/src/HeavyIonsAnalysis/JetAnalysis/python to tarball
DEBUG 2025-09-23 19:24:40.690 UTC: 	 Adding directory /eos/home-b/bibehera/OO_Simfit_eff/CMSSW_15_0_6_patch1/src/HeavyIonsAnalysis/MuonAnalysis/interface to tarball
DEBUG 2025-09-23 19:24:40.694 UTC: 	 Adding directory /eos/home-b/bibehera/OO_Simfit_eff/CMSSW_15_0_6_patch1/src/HeavyIonsAnalysis/MuonAnalysis/python to tarball
DEBUG 2025-09-23 19:24:40.702 UTC: 	 Adding directory /eos/home-b/bibehera/OO_Simfit_eff/CMSSW_15_0_6_patch1/src/HeavyIonsAnalysis/TrackAnalysis/interface to tarball
DEBUG 2025-09-23 19:24:40.705 UTC: 	 Adding directory /eos/home-b/bibehera/OO_Simfit_eff/CMSSW_15_0_6_patch1/src/HeavyIonsAnalysis/TrackAnalysis/python to tarball
DEBUG 2025-09-23 19:24:40.720 UTC: 	 Adding directory /eos/home-b/bibehera/OO_Simfit_eff/CMSSW_15_0_6_patch1/src/HeavyIonsAnalysis/VertexAnalysis/python to tarball
DEBUG 2025-09-23 19:24:40.726 UTC: 	 Adding directory /eos/home-b/bibehera/OO_Simfit_eff/CMSSW_15_0_6_patch1/src/HeavyIonsAnalysis/ZDCAnalysis/python to tarball
DEBUG 2025-09-23 19:24:40.788 UTC: 	 Uploading archive /eos/home-b/bibehera/OO_Simfit_eff/CMSSW_15_0_6_patch1/src/Analyzer/RaghuV0Ana/cfg/OO_Data_MINIAOD/crab_2pc_OO_V0_SpecEff1_IP13/inputs/79bf073d-41a2-4bd8-95df-25b8e616d9fedefault.tgz (3.925781.1 MB) to the CRAB cache. Using URI https://cmsweb.cern.ch/S3/crabcache_prod
DEBUG 2025-09-23 19:24:41.613 UTC: 	 Encoded data for curl request: subresource=upload&objecttype=sandbox&tarballname=7ada19f9d3eb0a4750b0ee007522d3ea81741e56a82b8f3196efabd4389421c4.tar.gz
DEBUG 2025-09-23 19:24:41.659 UTC: 	 sandbox 7ada19f9d3eb0a4750b0ee007522d3ea81741e56a82b8f3196efabd4389421c4.tar.gz is already in the S3 store, will not upload again
DEBUG 2025-09-23 19:24:41.659 UTC: 	 Loading required information from the environment
DEBUG 2025-09-23 19:24:41.659 UTC: 	 Found CMSSW_15_0_6_patch1 for el8_amd64_gcc12 with base /eos/home-b/bibehera/OO_Simfit_eff/CMSSW_15_0_6_patch1
DEBUG 2025-09-23 19:24:41.659 UTC: 	 Making tarball in /eos/home-b/bibehera/OO_Simfit_eff/CMSSW_15_0_6_patch1/src/Analyzer/RaghuV0Ana/cfg/OO_Data_MINIAOD/crab_2pc_OO_V0_SpecEff1_IP13/inputs/debugFiles.tgz
DEBUG 2025-09-23 19:24:41.670 UTC: 	 Uploading archive /eos/home-b/bibehera/OO_Simfit_eff/CMSSW_15_0_6_patch1/src/Analyzer/RaghuV0Ana/cfg/OO_Data_MINIAOD/crab_2pc_OO_V0_SpecEff1_IP13/inputs/debugFiles.tgz (3 KB) to the CRAB cache. Using URI https://cmsweb.cern.ch/S3/crabcache_prod
DEBUG 2025-09-23 19:24:41.675 UTC: 	 Encoded data for curl request: subresource=upload&objecttype=sandbox&tarballname=e536ec5cda8487440f9086a5d1e4e12dcce34a4eca6bda77fb26254a31829b7b.tar.gz
DEBUG 2025-09-23 19:24:41.728 UTC: 	 Will execute:
curl -f -v -X POST  -H "User-Agent: CRAB" -F "key=bibehera/sandboxes/e536ec5cda8487440f9086a5d1e4e12dcce34a4eca6bda77fb26254a31829b7b.tar.gz" -F "AWSAccessKeyId=715203df6482458ba839e73e6dab634b" -F "policy=eyJleHBpcmF0aW9uIjogIjIwMjUtMDktMjNUMjA6MjQ6NDFaIiwgImNvbmRpdGlvbnMiOiBbeyJidWNrZXQiOiAiY3JhYmNhY2hlX3Byb2QifSwgeyJrZXkiOiAiYmliZWhlcmEvc2FuZGJveGVzL2U1MzZlYzVjZGE4NDg3NDQwZjkwODZhNWQxZTRlMTJkY2NlMzRhNGVjYTZiZGE3N2ZiMjYyNTRhMzE4MjliN2IudGFyLmd6In1dfQ==" -F "signature=YR+oimnE5+MMPLQqgsGJLj/HQ80=" -F "file=@/eos/home-b/bibehera/OO_Simfit_eff/CMSSW_15_0_6_patch1/src/Analyzer/RaghuV0Ana/cfg/OO_Data_MINIAOD/crab_2pc_OO_V0_SpecEff1_IP13/inputs/debugFiles.tgz" "https://s3.cern.ch/crabcache_prod"
DEBUG 2025-09-23 19:24:41.780 UTC: 	 exitcode: 0
stdout: b''
DEBUG 2025-09-23 19:24:41.780 UTC: 	 upload to S3 of sandbox /eos/home-b/bibehera/OO_Simfit_eff/CMSSW_15_0_6_patch1/src/Analyzer/RaghuV0Ana/cfg/OO_Data_MINIAOD/crab_2pc_OO_V0_SpecEff1_IP13/inputs/debugFiles.tgz completed
DEBUG 2025-09-23 19:24:41.780 UTC: 	 make sure that object is ready for retrieve
DEBUG 2025-09-23 19:24:42.781 UTC: 	 Encoded data for curl request: subresource=download&objecttype=sandbox&tarballname=e536ec5cda8487440f9086a5d1e4e12dcce34a4eca6bda77fb26254a31829b7b.tar.gz&clientmethod=head_object
DEBUG 2025-09-23 19:24:42.820 UTC: 	 PreSignedUrl to download sandbox received OK
DEBUG 2025-09-23 19:24:42.823 UTC: 	 Will execute:
 curl -v -s -f -o /dev/null --head  "https://s3.cern.ch/crabcache_prod/bibehera/sandboxes/e536ec5cda8487440f9086a5d1e4e12dcce34a4eca6bda77fb26254a31829b7b.tar.gz?AWSAccessKeyId=715203df6482458ba839e73e6dab634b&Signature=P8upz1wpJWLEV11Jrydl%2FtAaNns%3D&Expires=1758659082"
DEBUG 2025-09-23 19:24:42.849 UTC: 	 exitcode: 0
stdout: b''
DEBUG 2025-09-23 19:24:42.849 UTC: 	 sandbox /eos/home-b/bibehera/OO_Simfit_eff/CMSSW_15_0_6_patch1/src/Analyzer/RaghuV0Ana/cfg/OO_Data_MINIAOD/crab_2pc_OO_V0_SpecEff1_IP13/inputs/debugFiles.tgz successfully uploaded to S3
DEBUG 2025-09-23 19:24:42.849 UTC: 	 Result uploading input files: 7ada19f9d3eb0a4750b0ee007522d3ea81741e56a82b8f3196efabd4389421c4.tar.gz 
DEBUG 2025-09-23 19:24:42.849 UTC: 	 Attaching lumi mask generated_json.json to the request
DEBUG 2025-09-23 19:24:42.849 UTC: 	 Reading lumi-mask from generated_json.json
DEBUG 2025-09-23 19:24:42.851 UTC: 	 submit() - self.configuration from WMCore.Configuration import Configuration
config = Configuration()
config.section_('General')
config.General.requestName = '2pc_OO_V0_SpecEff1_IP13'
config.General.transferOutputs = True
config.General.transferLogs = True
config.General.workArea = 'OO_Data_MINIAOD'
config.section_('JobType')
config.JobType.pluginName = 'Analysis'
config.JobType.psetName = 'PbPb_2018_cfg.py'
config.section_('Data')
config.Data.publication = False
config.Data.outLFNDirBase = '/store/user/bibehera/'
config.Data.splitting = 'LumiBased'
config.Data.unitsPerJob = 3
config.Data.inputDBS = 'phys03'
config.Data.outputDatasetTag = '2pc_OO_V0_SpecEff1_IP13'
config.Data.inputDataset = '/IonPhysics13/bibehera-2pc_OO_V0_IP13-ca42279dfc2dce710b3991c24f27a617/USER'
config.Data.totalUnits = -1
config.Data.secondaryInputDataset = '/IonPhysics13/OORun2025-PromptReco-v1/MINIAOD'
config.Data.lumiMask = 'generated_json.json'
config.section_('Site')
config.Site.storageSite = 'T3_CH_CERNBOX'
config.section_('User')
config.section_('Debug')

DEBUG 2025-09-23 19:24:42.851 UTC: 	 submit() - self.configreq {'dryrun': 0, 'workflow': 'crab_2pc_OO_V0_SpecEff1_IP13', 'saveoutput': 1, 'savelogsflag': 1, 'inputdata': '/IonPhysics13/bibehera-2pc_OO_V0_IP13-ca42279dfc2dce710b3991c24f27a617/USER', 'nonvaliddata': 0, 'userfiles': [], 'dbsurl': 'https://cmsweb.cern.ch/dbs/prod/phys03/DBSReader', 'useparent': 0, 'secondarydata': '/IonPhysics13/OORun2025-PromptReco-v1/MINIAOD', 'ignorelocality': 0, 'splitalgo': 'LumiBased', 'algoargs': 3, 'totalunits': -1, 'lfn': '/store/user/bibehera/', 'publication': 0, 'publishdbsurl': 'https://cmsweb.cern.ch/dbs/prod/phys03/DBSWriter', 'publishname2': '2pc_OO_V0_SpecEff1_IP13', 'jobtype': 'Analysis', 'generator': 'pythia', 'addoutputfiles': [], 'maxjobruntime': 1250, 'numcores': 1, 'maxmemory': 2000, 'priority': 10, 'nonprodsw': 0, 'asyncdest': 'T3_CH_CERNBOX', 'requireaccelerator': 0, 'oneEventMode': 0, 'extrajdl': [], 'ignoreglobalblacklist': 0, 'partialdataset': 0, 'inputblocks': []}
DEBUG 2025-09-23 19:24:42.851 UTC: 	 submit() - jobconfig {'addoutputfiles': [], 'tfileoutfiles': ['V0_test_IM.root'], 'edmoutfiles': [], 'jobarch': 'el8_amd64_gcc12', 'jobminuarch': 'x86-64-v3', 'jobsw': 'CMSSW_15_0_6_patch1', 'inputdata': '/IonPhysics13/bibehera-2pc_OO_V0_IP13-ca42279dfc2dce710b3991c24f27a617/USER', 'cacheurl': 'https://cmsweb.cern.ch/S3/crabcache_prod', 'cachefilename': '7ada19f9d3eb0a4750b0ee007522d3ea81741e56a82b8f3196efabd4389421c4.tar.gz', 'debugfilename': 'e536ec5cda8487440f9086a5d1e4e12dcce34a4eca6bda77fb26254a31829b7b.tar.gz', 'runs': ['394153', '394154', '394169', '394175', '394183', '394184', '394185', '394186', '394187', '394188', '394189', '394204', '394209', '394217'], 'lumis': ['40,169', '1,886', '39,997', '47,988', '15,239', '1,667', '1,3', '1,15', '1,1', '1,107', '1,72', '38,932', '23,1209', '41,838'], 'jobtype': 'Analysis'}
INFO 2025-09-23 19:24:42.851 UTC: 	 Sending the request to the server at cmsweb.cern.ch
DEBUG 2025-09-23 19:24:42.851 UTC: 	 Submitting {'dryrun': 0, 'workflow': 'crab_2pc_OO_V0_SpecEff1_IP13', 'saveoutput': 1, 'savelogsflag': 1, 'inputdata': '/IonPhysics13/bibehera-2pc_OO_V0_IP13-ca42279dfc2dce710b3991c24f27a617/USER', 'nonvaliddata': 0, 'userfiles': [], 'dbsurl': 'https://cmsweb.cern.ch/dbs/prod/phys03/DBSReader', 'useparent': 0, 'secondarydata': '/IonPhysics13/OORun2025-PromptReco-v1/MINIAOD', 'ignorelocality': 0, 'splitalgo': 'LumiBased', 'algoargs': 3, 'totalunits': -1, 'lfn': '/store/user/bibehera/', 'publication': 0, 'publishdbsurl': 'https://cmsweb.cern.ch/dbs/prod/phys03/DBSWriter', 'publishname2': '2pc_OO_V0_SpecEff1_IP13', 'jobtype': 'Analysis', 'generator': 'pythia', 'addoutputfiles': [], 'maxjobruntime': 1250, 'numcores': 1, 'maxmemory': 2000, 'priority': 10, 'nonprodsw': 0, 'asyncdest': 'T3_CH_CERNBOX', 'requireaccelerator': 0, 'oneEventMode': 0, 'extrajdl': [], 'ignoreglobalblacklist': 0, 'partialdataset': 0, 'inputblocks': [], 'tfileoutfiles': ['V0_test_IM.root'], 'edmoutfiles': [], 'jobarch': 'el8_amd64_gcc12', 'jobminuarch': 'x86-64-v3', 'jobsw': 'CMSSW_15_0_6_patch1', 'cacheurl': 'https://cmsweb.cern.ch/S3/crabcache_prod', 'cachefilename': '7ada19f9d3eb0a4750b0ee007522d3ea81741e56a82b8f3196efabd4389421c4.tar.gz', 'debugfilename': 'e536ec5cda8487440f9086a5d1e4e12dcce34a4eca6bda77fb26254a31829b7b.tar.gz', 'runs': ['394153', '394154', '394169', '394175', '394183', '394184', '394185', '394186', '394187', '394188', '394189', '394204', '394209', '394217'], 'lumis': ['40,169', '1,886', '39,997', '47,988', '15,239', '1,667', '1,3', '1,15', '1,1', '1,107', '1,72', '38,932', '23,1209', '41,838']} 
DEBUG 2025-09-23 19:24:42.851 UTC: 	 Encoded data for curl request: dryrun=0&workflow=crab_2pc_OO_V0_SpecEff1_IP13&saveoutput=1&savelogsflag=1&inputdata=%2FIonPhysics13%2Fbibehera-2pc_OO_V0_IP13-ca42279dfc2dce710b3991c24f27a617%2FUSER&nonvaliddata=0&dbsurl=https%3A%2F%2Fcmsweb.cern.ch%2Fdbs%2Fprod%2Fphys03%2FDBSReader&useparent=0&secondarydata=%2FIonPhysics13%2FOORun2025-PromptReco-v1%2FMINIAOD&ignorelocality=0&splitalgo=LumiBased&algoargs=3&totalunits=-1&lfn=%2Fstore%2Fuser%2Fbibehera%2F&publication=0&publishdbsurl=https%3A%2F%2Fcmsweb.cern.ch%2Fdbs%2Fprod%2Fphys03%2FDBSWriter&publishname2=2pc_OO_V0_SpecEff1_IP13&jobtype=Analysis&generator=pythia&maxjobruntime=1250&numcores=1&maxmemory=2000&priority=10&nonprodsw=0&asyncdest=T3_CH_CERNBOX&requireaccelerator=0&oneEventMode=0&ignoreglobalblacklist=0&partialdataset=0&jobarch=el8_amd64_gcc12&jobminuarch=x86-64-v3&jobsw=CMSSW_15_0_6_patch1&cacheurl=https%3A%2F%2Fcmsweb.cern.ch%2FS3%2Fcrabcache_prod&cachefilename=7ada19f9d3eb0a4750b0ee007522d3ea81741e56a82b8f3196efabd4389421c4.tar.gz&debugfilename=e536ec5cda8487440f9086a5d1e4e12dcce34a4eca6bda77fb26254a31829b7b.tar.gz&tfileoutfiles=V0_test_IM.root&runs=394153&runs=394154&runs=394169&runs=394175&runs=394183&runs=394184&runs=394185&runs=394186&runs=394187&runs=394188&runs=394189&runs=394204&runs=394209&runs=394217&lumis=40%2C169&lumis=1%2C886&lumis=39%2C997&lumis=47%2C988&lumis=15%2C239&lumis=1%2C667&lumis=1%2C3&lumis=1%2C15&lumis=1%2C1&lumis=1%2C107&lumis=1%2C72&lumis=38%2C932&lumis=23%2C1209&lumis=41%2C838
DEBUG 2025-09-23 19:24:42.916 UTC: 	 Result: {'result': [{'RequestName': '250923_192442:bibehera_crab_2pc_OO_V0_SpecEff1_IP13'}]}
INFO 2025-09-23 19:24:42.925 UTC: 	 Success: Your task has been delivered to the prod CRAB3 server.
INFO 2025-09-23 19:24:42.926 UTC: 	 Task name: 250923_192442:bibehera_crab_2pc_OO_V0_SpecEff1_IP13
INFO 2025-09-23 19:24:42.926 UTC: 	 Project dir: OO_Data_MINIAOD/crab_2pc_OO_V0_SpecEff1_IP13
INFO 2025-09-23 19:24:42.926 UTC: 	 Please use ' crab status -d OO_Data_MINIAOD/crab_2pc_OO_V0_SpecEff1_IP13 ' to check how the submission process proceeds.
DEBUG 2025-09-23 19:24:42.926 UTC: 	 About to return
INFO 2025-09-23 19:24:42.948 UTC: 	 Log file is /eos/home-b/bibehera/OO_Simfit_eff/CMSSW_15_0_6_patch1/src/Analyzer/RaghuV0Ana/cfg/OO_Data_MINIAOD/crab_2pc_OO_V0_SpecEff1_IP13/crab.log
DEBUG 2025-09-23 19:31:05.238 UTC: 	 CRAB Client version: v3.250820
DEBUG 2025-09-23 19:31:05.239 UTC: 	 Running on: Linux lxplus802.cern.ch 4.18.0-553.70.1.el8_10.x86_64 #1 SMP Tue Aug 12 13:09:16 EDT 2025 x86_64 x86_64 x86_64 GNU/Linux
DEBUG 2025-09-23 19:31:05.239 UTC: 	 Not using Singularity
DEBUG 2025-09-23 19:31:05.239 UTC: 	 Operating System: Red Hat Enterprise Linux 8.10 (Ootpa)
DEBUG 2025-09-23 19:31:05.239 UTC: 	 Executing command: 'kill'
DEBUG 2025-09-23 19:31:05.239 UTC: 	 Found CRAB cache file /afs/cern.ch/user/b/bibehera/.crab3
DEBUG 2025-09-23 19:31:05.346 UTC: 	 Checking credentials
DEBUG 2025-09-23 19:31:05.346 UTC: 	 Found proxy file /tmp/x509up_u177753
DEBUG 2025-09-23 19:31:05.347 UTC: 	 Making sure it has proper VOMS extension
DEBUG 2025-09-23 19:31:05.347 UTC: 	 Executing command :
 voms-proxy-info --vo --file /tmp/x509up_u177753
DEBUG 2025-09-23 19:31:05.369 UTC: 	 output : cms

 error: 
 retcode : 0
DEBUG 2025-09-23 19:31:05.370 UTC: 	 Getting proxy life time left
DEBUG 2025-09-23 19:31:05.370 UTC: 	 Executing command :
 voms-proxy-info --actimeleft --timeleft --file /tmp/x509up_u177753
DEBUG 2025-09-23 19:31:05.389 UTC: 	 output : 41283
41283

 error: 
 retcode : 0
DEBUG 2025-09-23 19:31:05.389 UTC: 	 Proxy valid for 11:28:03 hours
DEBUG 2025-09-23 19:31:05.389 UTC: 	 Encoded data for curl request: subresource=delegatedn
DEBUG 2025-09-23 19:31:05.429 UTC: 	 Registering user credentials on myproxy for /DC=ch/DC=cern/OU=computers/CN=crab-(preprod|prod)-tw(01|02).cern.ch|/DC=ch/DC=cern/OU=computers/CN=crab-dev-tw(01|02|03|04).cern.ch|/DC=ch/DC=cern/OU=Organic Units/OU=Users/CN=cmscrab/CN=(817881|373708)/CN=Robot: cms crab|/DC=ch/DC=cern/OU=Organic Units/OU=Users/CN=crabint1/CN=373708/CN=Robot: CMS CRAB Integration 1
DEBUG 2025-09-23 19:31:05.429 UTC: 	 Executing command :
 voms-proxy-info --identity --file /tmp/x509up_u177753
DEBUG 2025-09-23 19:31:05.449 UTC: 	 output : /DC=ch/DC=cern/OU=Organic Units/OU=Users/CN=bibehera/CN=882295/CN=Bismita Behera

 error: 
 retcode : 0
DEBUG 2025-09-23 19:31:05.449 UTC: 	 Getting myproxy life time left for bfbdf12a5670e45fdd055ff115afbb0f25b8a072
DEBUG 2025-09-23 19:31:05.449 UTC: 	 Executing command :
 myproxy-info -s myproxy.cern.ch -l bfbdf12a5670e45fdd055ff115afbb0f25b8a072
DEBUG 2025-09-23 19:31:05.797 UTC: 	 output : username: bfbdf12a5670e45fdd055ff115afbb0f25b8a072
owner: /DC=ch/DC=cern/OU=Organic Units/OU=Users/CN=bibehera/CN=882295/CN=Bismita Behera
  renewal policy: /DC=ch/DC=cern/OU=computers/CN=crab-(preprod|prod)-tw(01|02).cern.ch|/DC=ch/DC=cern/OU=computers/CN=crab-dev-tw(01|02|03|04).cern.ch|/DC=ch/DC=cern/OU=Organic Units/OU=Users/CN=cmscrab/CN=(817881|373708)/CN=Robot: cms crab|/DC=ch/DC=cern/OU=Organic Units/OU=Users/CN=crabint1/CN=373708/CN=Robot: CMS CRAB Integration 1
  trusted retrieval policy: /DC=ch/DC=cern/OU=computers/CN=crab-(preprod|prod)-tw(01|02).cern.ch|/DC=ch/DC=cern/OU=computers/CN=crab-dev-tw(01|02|03|04).cern.ch|/DC=ch/DC=cern/OU=Organic Units/OU=Users/CN=cmscrab/CN=(817881|373708)/CN=Robot: cms crab|/DC=ch/DC=cern/OU=Organic Units/OU=Users/CN=crabint1/CN=373708/CN=Robot: CMS CRAB Integration 1
  timeleft: 433:27:48  (18.1 days)

 error: 
 retcode : 0
DEBUG 2025-09-23 19:31:05.797 UTC: 	 Myproxy is valid: 1560420
DEBUG 2025-09-23 19:31:05.797 UTC: 	 Result of myproxy credential check:
  Credential exists on myproxy: username: bfbdf12a5670e45fdd055ff115afbb0f25b8a072  - validity: 18 days, 1:27:00
DEBUG 2025-09-23 19:31:05.799 UTC: 	 Command use: kill
DEBUG 2025-09-23 19:31:05.799 UTC: 	 Options use: ['-d', 'OO_Data_MINIAOD/crab_2pc_OO_V0_SpecEff1_IP13']
DEBUG 2025-09-23 19:31:05.799 UTC: 	 Encoded data for curl request: subresource=version
DEBUG 2025-09-23 19:31:05.836 UTC: 	 CRABClient version: v3.250820
DEBUG 2025-09-23 19:31:05.836 UTC: 	 Instance is prod
DEBUG 2025-09-23 19:31:05.836 UTC: 	 Server base url is cmsweb.cern.ch
DEBUG 2025-09-23 19:31:05.836 UTC: 	 Command api workflow
DEBUG 2025-09-23 19:31:05.836 UTC: 	 Killing task 250923_192442:bibehera_crab_2pc_OO_V0_SpecEff1_IP13
DEBUG 2025-09-23 19:31:05.836 UTC: 	 Encoded data for curl request: workflow=250923_192442%3Abibehera_crab_2pc_OO_V0_SpecEff1_IP13
DEBUG 2025-09-23 19:31:05.879 UTC: 	 Result: {'desc': {'columns': ['tm_taskname', 'tm_task_status', 'tm_task_command', 'tm_user_role', 'tm_user_group', 'tm_task_failure', 'tm_split_algo', 'tm_split_args', 'tm_save_logs', 'tm_username', 'tm_user_dn', 'tm_arguments', 'tm_input_dataset', 'tm_dbs_url', 'tm_task_warnings', 'tm_publication', 'tm_user_webdir', 'tm_output_dataset', 'tm_collector', 'tm_schedd', 'tm_dry_run', 'clusterid', 'tm_start_time', 'tw_name', 'tm_dagman_status', 'tm_num_jobs', 'tm_uploaded']}, 'result': [{'result': 'ok'}]}
INFO 2025-09-23 19:31:05.879 UTC: 	 Kill request successfully sent
INFO 2025-09-23 19:31:05.886 UTC: 	 Log file is /eos/home-b/bibehera/OO_Simfit_eff/CMSSW_15_0_6_patch1/src/Analyzer/RaghuV0Ana/cfg/OO_Data_MINIAOD/crab_2pc_OO_V0_SpecEff1_IP13/crab.log
