DEBUG 2025-09-09 11:41:56.027 UTC: 	 CRAB Client version: v3.250820
DEBUG 2025-09-09 11:41:56.027 UTC: 	 Running on: Linux lxplus975.cern.ch 5.14.0-570.30.1.el9_6.x86_64 #1 SMP PREEMPT_DYNAMIC Thu Jul 24 11:44:19 EDT 2025 x86_64 x86_64 x86_64 GNU/Linux
DEBUG 2025-09-09 11:41:56.027 UTC: 	 Not using Singularity
DEBUG 2025-09-09 11:41:56.027 UTC: 	 Operating System: Red Hat Enterprise Linux 9.6 (Plow)
DEBUG 2025-09-09 11:41:56.027 UTC: 	 Executing command: 'submit'
DEBUG 2025-09-09 11:41:56.027 UTC: 	 Found CRAB cache file /afs/cern.ch/user/b/bibehera/.crab3
INFO 2025-09-09 11:41:56.028 UTC: 	 Will use CRAB configuration file crab_config2.py
DEBUG 2025-09-09 11:41:56.028 UTC: 	 Loading CRAB configuration file.
DEBUG 2025-09-09 11:41:56.038 UTC: 	 Overriden parameter General.requestName with '2pc_OO_V0_InMass_IP58'
DEBUG 2025-09-09 11:41:56.038 UTC: 	 Overriden parameter Data.inputDataset with '/IonPhysics58/bibehera-2pc_OO_V0_IP58-ca42279dfc2dce710b3991c24f27a617/USER'
DEBUG 2025-09-09 11:41:56.038 UTC: 	 Overriden parameter Data.secondaryInputDataset with '/IonPhysics58/OORun2025-PromptReco-v1/MINIAOD'
DEBUG 2025-09-09 11:41:56.038 UTC: 	 Overriden parameter Data.outputDatasetTag with '2pc_OO_V0_InMass_IP58'
DEBUG 2025-09-09 11:41:56.039 UTC: 	 Will use CRAB plugin ANALYSIS (i.e. will run an analysis job type).
DEBUG 2025-09-09 11:41:56.053 UTC: 	 Checking credentials
DEBUG 2025-09-09 11:41:56.053 UTC: 	 Found proxy file /tmp/x509up_u177753
DEBUG 2025-09-09 11:41:56.053 UTC: 	 Making sure it has proper VOMS extension
DEBUG 2025-09-09 11:41:56.053 UTC: 	 Executing command :
 voms-proxy-info --vo --file /tmp/x509up_u177753
DEBUG 2025-09-09 11:41:56.100 UTC: 	 output : cms

 error: 
 retcode : 0
DEBUG 2025-09-09 11:41:56.100 UTC: 	 Getting proxy life time left
DEBUG 2025-09-09 11:41:56.100 UTC: 	 Executing command :
 voms-proxy-info --actimeleft --timeleft --file /tmp/x509up_u177753
DEBUG 2025-09-09 11:41:56.141 UTC: 	 output : 42263
42263

 error: 
 retcode : 0
DEBUG 2025-09-09 11:41:56.142 UTC: 	 Proxy valid for 11:44:23 hours
DEBUG 2025-09-09 11:41:56.142 UTC: 	 Encoded data for curl request: subresource=delegatedn
DEBUG 2025-09-09 11:41:56.226 UTC: 	 Registering user credentials on myproxy for /DC=ch/DC=cern/OU=computers/CN=crab-(preprod|prod)-tw(01|02).cern.ch|/DC=ch/DC=cern/OU=computers/CN=crab-dev-tw(01|02|03|04).cern.ch|/DC=ch/DC=cern/OU=Organic Units/OU=Users/CN=cmscrab/CN=(817881|373708)/CN=Robot: cms crab|/DC=ch/DC=cern/OU=Organic Units/OU=Users/CN=crabint1/CN=373708/CN=Robot: CMS CRAB Integration 1
DEBUG 2025-09-09 11:41:56.227 UTC: 	 Executing command :
 voms-proxy-info --identity --file /tmp/x509up_u177753
DEBUG 2025-09-09 11:41:56.258 UTC: 	 output : /DC=ch/DC=cern/OU=Organic Units/OU=Users/CN=bibehera/CN=882295/CN=Bismita Behera

 error: 
 retcode : 0
DEBUG 2025-09-09 11:41:56.258 UTC: 	 Getting myproxy life time left for bfbdf12a5670e45fdd055ff115afbb0f25b8a072
DEBUG 2025-09-09 11:41:56.258 UTC: 	 Executing command :
 myproxy-info -s myproxy.cern.ch -l bfbdf12a5670e45fdd055ff115afbb0f25b8a072
DEBUG 2025-09-09 11:41:56.566 UTC: 	 output : username: bfbdf12a5670e45fdd055ff115afbb0f25b8a072
owner: /DC=ch/DC=cern/OU=Organic Units/OU=Users/CN=bibehera/CN=882295/CN=Bismita Behera
  renewal policy: /DC=ch/DC=cern/OU=computers/CN=crab-(preprod|prod)-tw(01|02).cern.ch|/DC=ch/DC=cern/OU=computers/CN=crab-dev-tw(01|02|03|04).cern.ch|/DC=ch/DC=cern/OU=Organic Units/OU=Users/CN=cmscrab/CN=(817881|373708)/CN=Robot: cms crab|/DC=ch/DC=cern/OU=Organic Units/OU=Users/CN=crabint1/CN=373708/CN=Robot: CMS CRAB Integration 1
  trusted retrieval policy: /DC=ch/DC=cern/OU=computers/CN=crab-(preprod|prod)-tw(01|02).cern.ch|/DC=ch/DC=cern/OU=computers/CN=crab-dev-tw(01|02|03|04).cern.ch|/DC=ch/DC=cern/OU=Organic Units/OU=Users/CN=cmscrab/CN=(817881|373708)/CN=Robot: cms crab|/DC=ch/DC=cern/OU=Organic Units/OU=Users/CN=crabint1/CN=373708/CN=Robot: CMS CRAB Integration 1
  timeleft: 392:39:11  (16.4 days)

 error: 
 retcode : 0
DEBUG 2025-09-09 11:41:56.566 UTC: 	 Myproxy is valid: 1413540
DEBUG 2025-09-09 11:41:56.566 UTC: 	 Result of myproxy credential check:
  Credential exists on myproxy: username: bfbdf12a5670e45fdd055ff115afbb0f25b8a072  - validity: 16 days, 8:39:00
DEBUG 2025-09-09 11:41:56.566 UTC: 	 Command use: submit
DEBUG 2025-09-09 11:41:56.566 UTC: 	 Options use: ['-c', 'crab_config2.py', 'General.requestName=2pc_OO_V0_InMass_IP58', 'Data.inputDataset=/IonPhysics58/bibehera-2pc_OO_V0_IP58-ca42279dfc2dce710b3991c24f27a617/USER', 'Data.secondaryInputDataset=/IonPhysics58/OORun2025-PromptReco-v1/MINIAOD', 'Data.outputDatasetTag=2pc_OO_V0_InMass_IP58']
DEBUG 2025-09-09 11:41:56.566 UTC: 	 Encoded data for curl request: subresource=version
DEBUG 2025-09-09 11:41:56.643 UTC: 	 CRABClient version: v3.250820
DEBUG 2025-09-09 11:41:56.643 UTC: 	 Instance is prod
DEBUG 2025-09-09 11:41:56.643 UTC: 	 Server base url is cmsweb.cern.ch
DEBUG 2025-09-09 11:41:56.643 UTC: 	 Command api workflow
DEBUG 2025-09-09 11:41:56.643 UTC: 	 Started submission
DEBUG 2025-09-09 11:41:56.643 UTC: 	 Working on /eos/home-b/bibehera/OO_Simfit/CMSSW_15_0_6_patch1/src/Analyzer/RaghuV0Ana/cfg/OO_Data_MINIAOD/crab_2pc_OO_V0_InMass_IP58
DEBUG 2025-09-09 11:41:56.643 UTC: 	 Encoded data for curl request: subresource=backendurls
DEBUG 2025-09-09 11:41:56.760 UTC: 	 Loading required information from the environment
DEBUG 2025-09-09 11:41:56.760 UTC: 	 Found CMSSW_15_0_6_patch1 for el9_amd64_gcc12 with base /eos/home-b/bibehera/OO_Simfit/CMSSW_15_0_6_patch1
DEBUG 2025-09-09 11:41:56.760 UTC: 	 Loading required information from the environment
DEBUG 2025-09-09 11:41:56.760 UTC: 	 Found CMSSW_15_0_6_patch1 for el9_amd64_gcc12 with base /eos/home-b/bibehera/OO_Simfit/CMSSW_15_0_6_patch1
DEBUG 2025-09-09 11:41:56.760 UTC: 	 UNIQUE NAME: tarUUID 432cdf6e-1c5e-4b63-9101-3bf2e0fdd25c 
DEBUG 2025-09-09 11:41:56.761 UTC: 	 self.config: from WMCore.Configuration import Configuration
config = Configuration()
config.section_('General')
config.General.requestName = '2pc_OO_V0_InMass_IP58'
config.General.transferOutputs = True
config.General.transferLogs = True
config.General.workArea = 'OO_Data_MINIAOD'
config.section_('JobType')
config.JobType.psetName = 'PbPb_2018_cfg.py'
config.JobType.pluginName = 'Analysis'
config.section_('Data')
config.Data.inputDBS = 'phys03'
config.Data.inputDataset = '/IonPhysics58/bibehera-2pc_OO_V0_IP58-ca42279dfc2dce710b3991c24f27a617/USER'
config.Data.unitsPerJob = 3
config.Data.outputDatasetTag = '2pc_OO_V0_InMass_IP58'
config.Data.lumiMask = 'generated_json.json'
config.Data.splitting = 'LumiBased'
config.Data.outLFNDirBase = '/store/user/bibehera/'
config.Data.publication = False
config.Data.totalUnits = -1
config.Data.secondaryInputDataset = '/IonPhysics58/OORun2025-PromptReco-v1/MINIAOD'
config.section_('Site')
config.Site.storageSite = 'T3_CH_CERNBOX'
config.section_('User')
config.section_('Debug')

DEBUG 2025-09-09 11:41:56.761 UTC: 	 self.config.JobType.psetName: PbPb_2018_cfg.py
INFO 2025-09-09 11:41:56.761 UTC: 	 Importing CMSSW configuration PbPb_2018_cfg.py
INFO 2025-09-09 11:41:57.716 UTC: 	 Finished importing CMSSW configuration PbPb_2018_cfg.py
DEBUG 2025-09-09 11:41:57.717 UTC: 	 Writing CMSSW configuration to /eos/home-b/bibehera/OO_Simfit/CMSSW_15_0_6_patch1/src/Analyzer/RaghuV0Ana/cfg/OO_Data_MINIAOD/crab_2pc_OO_V0_InMass_IP58/inputs/PSet.py
DEBUG 2025-09-09 11:41:57.767 UTC: 	 The following EDM output files will be collected: []
DEBUG 2025-09-09 11:41:57.768 UTC: 	 The following TFile output files will be collected: ['V0_test_pt_invariantmass1.root']
DEBUG 2025-09-09 11:41:57.768 UTC: 	 The following user output files (not listed as PoolOuputModule or TFileService in the CMSSW PSet) will be collected: 
DEBUG 2025-09-09 11:41:57.768 UTC: 	 Loading required information from the environment
DEBUG 2025-09-09 11:41:57.768 UTC: 	 Found CMSSW_15_0_6_patch1 for el9_amd64_gcc12 with base /eos/home-b/bibehera/OO_Simfit/CMSSW_15_0_6_patch1
DEBUG 2025-09-09 11:41:57.768 UTC: 	 Making tarball in /eos/home-b/bibehera/OO_Simfit/CMSSW_15_0_6_patch1/src/Analyzer/RaghuV0Ana/cfg/OO_Data_MINIAOD/crab_2pc_OO_V0_InMass_IP58/inputs/432cdf6e-1c5e-4b63-9101-3bf2e0fdd25cdefault.tgz
DEBUG 2025-09-09 11:41:57.771 UTC: 	 Checking directory /eos/home-b/bibehera/OO_Simfit/CMSSW_15_0_6_patch1/bin
DEBUG 2025-09-09 11:41:57.771 UTC: 	 Adding directory /eos/home-b/bibehera/OO_Simfit/CMSSW_15_0_6_patch1/bin to tarball
DEBUG 2025-09-09 11:41:57.782 UTC: 	 Checking directory /eos/home-b/bibehera/OO_Simfit/CMSSW_15_0_6_patch1/python
DEBUG 2025-09-09 11:41:57.783 UTC: 	 Adding directory /eos/home-b/bibehera/OO_Simfit/CMSSW_15_0_6_patch1/python to tarball
DEBUG 2025-09-09 11:41:57.916 UTC: 	 Checking directory /eos/home-b/bibehera/OO_Simfit/CMSSW_15_0_6_patch1/cfipython
DEBUG 2025-09-09 11:41:57.917 UTC: 	 Adding directory /eos/home-b/bibehera/OO_Simfit/CMSSW_15_0_6_patch1/cfipython to tarball
DEBUG 2025-09-09 11:41:58.239 UTC: 	 Checking directory /eos/home-b/bibehera/OO_Simfit/CMSSW_15_0_6_patch1/lib
DEBUG 2025-09-09 11:41:58.239 UTC: 	 Adding directory /eos/home-b/bibehera/OO_Simfit/CMSSW_15_0_6_patch1/lib to tarball
DEBUG 2025-09-09 11:41:58.490 UTC: 	 Checking directory /eos/home-b/bibehera/OO_Simfit/CMSSW_15_0_6_patch1/biglib
DEBUG 2025-09-09 11:41:58.490 UTC: 	 Adding directory /eos/home-b/bibehera/OO_Simfit/CMSSW_15_0_6_patch1/biglib to tarball
DEBUG 2025-09-09 11:41:58.494 UTC: 	 Checking directory /eos/home-b/bibehera/OO_Simfit/CMSSW_15_0_6_patch1/module
DEBUG 2025-09-09 11:41:58.495 UTC: 	 Checking directory /eos/home-b/bibehera/OO_Simfit/CMSSW_15_0_6_patch1/config/SCRAM/hooks
DEBUG 2025-09-09 11:41:58.497 UTC: 	 Adding directory /eos/home-b/bibehera/OO_Simfit/CMSSW_15_0_6_patch1/config/SCRAM/hooks to tarball
DEBUG 2025-09-09 11:41:58.661 UTC: 	 Adding directory /eos/home-b/bibehera/OO_Simfit/CMSSW_15_0_6_patch1/src/Analyzer/RaghuV0Ana/data to tarball
DEBUG 2025-09-09 11:41:59.085 UTC: 	 Adding directory /eos/home-b/bibehera/OO_Simfit/CMSSW_15_0_6_patch1/src/Analyzer/RaghuV0Ana/interface to tarball
DEBUG 2025-09-09 11:41:59.096 UTC: 	 Adding directory /eos/home-b/bibehera/OO_Simfit/CMSSW_15_0_6_patch1/src/Analyzer/RaghuV0Ana/python to tarball
DEBUG 2025-09-09 11:41:59.121 UTC: 	 Adding directory /eos/home-b/bibehera/OO_Simfit/CMSSW_15_0_6_patch1/src/HeavyIonsAnalysis/Configuration/data to tarball
DEBUG 2025-09-09 11:41:59.557 UTC: 	 Adding directory /eos/home-b/bibehera/OO_Simfit/CMSSW_15_0_6_patch1/src/HeavyIonsAnalysis/Configuration/python to tarball
DEBUG 2025-09-09 11:41:59.625 UTC: 	 Adding directory /eos/home-b/bibehera/OO_Simfit/CMSSW_15_0_6_patch1/src/HeavyIonsAnalysis/EGMAnalysis/data to tarball
DEBUG 2025-09-09 11:41:59.634 UTC: 	 Adding directory /eos/home-b/bibehera/OO_Simfit/CMSSW_15_0_6_patch1/src/HeavyIonsAnalysis/EGMAnalysis/interface to tarball
DEBUG 2025-09-09 11:41:59.641 UTC: 	 Adding directory /eos/home-b/bibehera/OO_Simfit/CMSSW_15_0_6_patch1/src/HeavyIonsAnalysis/EGMAnalysis/python to tarball
DEBUG 2025-09-09 11:41:59.660 UTC: 	 Adding directory /eos/home-b/bibehera/OO_Simfit/CMSSW_15_0_6_patch1/src/HeavyIonsAnalysis/EventAnalysis/python to tarball
DEBUG 2025-09-09 11:41:59.789 UTC: 	 Adding directory /eos/home-b/bibehera/OO_Simfit/CMSSW_15_0_6_patch1/src/HeavyIonsAnalysis/JetAnalysis/interface to tarball
DEBUG 2025-09-09 11:41:59.798 UTC: 	 Adding directory /eos/home-b/bibehera/OO_Simfit/CMSSW_15_0_6_patch1/src/HeavyIonsAnalysis/JetAnalysis/python to tarball
DEBUG 2025-09-09 11:41:59.867 UTC: 	 Adding directory /eos/home-b/bibehera/OO_Simfit/CMSSW_15_0_6_patch1/src/HeavyIonsAnalysis/MuonAnalysis/interface to tarball
DEBUG 2025-09-09 11:41:59.875 UTC: 	 Adding directory /eos/home-b/bibehera/OO_Simfit/CMSSW_15_0_6_patch1/src/HeavyIonsAnalysis/MuonAnalysis/python to tarball
DEBUG 2025-09-09 11:41:59.889 UTC: 	 Adding directory /eos/home-b/bibehera/OO_Simfit/CMSSW_15_0_6_patch1/src/HeavyIonsAnalysis/TrackAnalysis/interface to tarball
DEBUG 2025-09-09 11:41:59.895 UTC: 	 Adding directory /eos/home-b/bibehera/OO_Simfit/CMSSW_15_0_6_patch1/src/HeavyIonsAnalysis/TrackAnalysis/python to tarball
DEBUG 2025-09-09 11:41:59.916 UTC: 	 Adding directory /eos/home-b/bibehera/OO_Simfit/CMSSW_15_0_6_patch1/src/HeavyIonsAnalysis/VertexAnalysis/python to tarball
DEBUG 2025-09-09 11:41:59.929 UTC: 	 Adding directory /eos/home-b/bibehera/OO_Simfit/CMSSW_15_0_6_patch1/src/HeavyIonsAnalysis/ZDCAnalysis/python to tarball
DEBUG 2025-09-09 11:42:00.014 UTC: 	 Uploading archive /eos/home-b/bibehera/OO_Simfit/CMSSW_15_0_6_patch1/src/Analyzer/RaghuV0Ana/cfg/OO_Data_MINIAOD/crab_2pc_OO_V0_InMass_IP58/inputs/432cdf6e-1c5e-4b63-9101-3bf2e0fdd25cdefault.tgz (3.182617.1 MB) to the CRAB cache. Using URI https://cmsweb.cern.ch/S3/crabcache_prod
DEBUG 2025-09-09 11:42:00.872 UTC: 	 Encoded data for curl request: subresource=upload&objecttype=sandbox&tarballname=51e72922afa6ee5eb35f179f5e4f814b2fd77b87b948a015995de24a8135229a.tar.gz
DEBUG 2025-09-09 11:42:00.954 UTC: 	 sandbox 51e72922afa6ee5eb35f179f5e4f814b2fd77b87b948a015995de24a8135229a.tar.gz is already in the S3 store, will not upload again
DEBUG 2025-09-09 11:42:00.954 UTC: 	 Loading required information from the environment
DEBUG 2025-09-09 11:42:00.954 UTC: 	 Found CMSSW_15_0_6_patch1 for el9_amd64_gcc12 with base /eos/home-b/bibehera/OO_Simfit/CMSSW_15_0_6_patch1
DEBUG 2025-09-09 11:42:00.955 UTC: 	 Making tarball in /eos/home-b/bibehera/OO_Simfit/CMSSW_15_0_6_patch1/src/Analyzer/RaghuV0Ana/cfg/OO_Data_MINIAOD/crab_2pc_OO_V0_InMass_IP58/inputs/debugFiles.tgz
DEBUG 2025-09-09 11:42:00.997 UTC: 	 Uploading archive /eos/home-b/bibehera/OO_Simfit/CMSSW_15_0_6_patch1/src/Analyzer/RaghuV0Ana/cfg/OO_Data_MINIAOD/crab_2pc_OO_V0_InMass_IP58/inputs/debugFiles.tgz (3 KB) to the CRAB cache. Using URI https://cmsweb.cern.ch/S3/crabcache_prod
DEBUG 2025-09-09 11:42:01.002 UTC: 	 Encoded data for curl request: subresource=upload&objecttype=sandbox&tarballname=c5f041a6d56c61c2f04e56259822e245c3229979ebf5b2eb6f81f6da073186b5.tar.gz
DEBUG 2025-09-09 11:42:01.064 UTC: 	 Will execute:
curl -f -v -X POST  -H "User-Agent: CRAB" -F "key=bibehera/sandboxes/c5f041a6d56c61c2f04e56259822e245c3229979ebf5b2eb6f81f6da073186b5.tar.gz" -F "AWSAccessKeyId=715203df6482458ba839e73e6dab634b" -F "policy=eyJleHBpcmF0aW9uIjogIjIwMjUtMDktMDlUMTI6NDI6MDFaIiwgImNvbmRpdGlvbnMiOiBbeyJidWNrZXQiOiAiY3JhYmNhY2hlX3Byb2QifSwgeyJrZXkiOiAiYmliZWhlcmEvc2FuZGJveGVzL2M1ZjA0MWE2ZDU2YzYxYzJmMDRlNTYyNTk4MjJlMjQ1YzMyMjk5NzllYmY1YjJlYjZmODFmNmRhMDczMTg2YjUudGFyLmd6In1dfQ==" -F "signature=wb/caV0VRqm/5q9fWTaKoiIpndU=" -F "file=@/eos/home-b/bibehera/OO_Simfit/CMSSW_15_0_6_patch1/src/Analyzer/RaghuV0Ana/cfg/OO_Data_MINIAOD/crab_2pc_OO_V0_InMass_IP58/inputs/debugFiles.tgz" "https://s3.cern.ch/crabcache_prod"
DEBUG 2025-09-09 11:42:01.208 UTC: 	 exitcode: 0
stdout: b''
DEBUG 2025-09-09 11:42:01.208 UTC: 	 upload to S3 of sandbox /eos/home-b/bibehera/OO_Simfit/CMSSW_15_0_6_patch1/src/Analyzer/RaghuV0Ana/cfg/OO_Data_MINIAOD/crab_2pc_OO_V0_InMass_IP58/inputs/debugFiles.tgz completed
DEBUG 2025-09-09 11:42:01.208 UTC: 	 make sure that object is ready for retrieve
DEBUG 2025-09-09 11:42:02.209 UTC: 	 Encoded data for curl request: subresource=download&objecttype=sandbox&tarballname=c5f041a6d56c61c2f04e56259822e245c3229979ebf5b2eb6f81f6da073186b5.tar.gz&clientmethod=head_object
DEBUG 2025-09-09 11:42:02.280 UTC: 	 PreSignedUrl to download sandbox received OK
DEBUG 2025-09-09 11:42:02.284 UTC: 	 Will execute:
 curl -v -s -f -o /dev/null --head  "https://s3.cern.ch/crabcache_prod/bibehera/sandboxes/c5f041a6d56c61c2f04e56259822e245c3229979ebf5b2eb6f81f6da073186b5.tar.gz?AWSAccessKeyId=715203df6482458ba839e73e6dab634b&Signature=JHv6a5wi%2FVA5NTykrAAac3V07UM%3D&Expires=1757421722"
DEBUG 2025-09-09 11:42:02.332 UTC: 	 exitcode: 0
stdout: b''
DEBUG 2025-09-09 11:42:02.332 UTC: 	 sandbox /eos/home-b/bibehera/OO_Simfit/CMSSW_15_0_6_patch1/src/Analyzer/RaghuV0Ana/cfg/OO_Data_MINIAOD/crab_2pc_OO_V0_InMass_IP58/inputs/debugFiles.tgz successfully uploaded to S3
DEBUG 2025-09-09 11:42:02.332 UTC: 	 Result uploading input files: 51e72922afa6ee5eb35f179f5e4f814b2fd77b87b948a015995de24a8135229a.tar.gz 
DEBUG 2025-09-09 11:42:02.332 UTC: 	 Attaching lumi mask generated_json.json to the request
DEBUG 2025-09-09 11:42:02.333 UTC: 	 Reading lumi-mask from generated_json.json
DEBUG 2025-09-09 11:42:02.335 UTC: 	 submit() - self.configuration from WMCore.Configuration import Configuration
config = Configuration()
config.section_('General')
config.General.requestName = '2pc_OO_V0_InMass_IP58'
config.General.transferOutputs = True
config.General.transferLogs = True
config.General.workArea = 'OO_Data_MINIAOD'
config.section_('JobType')
config.JobType.psetName = 'PbPb_2018_cfg.py'
config.JobType.pluginName = 'Analysis'
config.section_('Data')
config.Data.inputDBS = 'phys03'
config.Data.inputDataset = '/IonPhysics58/bibehera-2pc_OO_V0_IP58-ca42279dfc2dce710b3991c24f27a617/USER'
config.Data.unitsPerJob = 3
config.Data.outputDatasetTag = '2pc_OO_V0_InMass_IP58'
config.Data.lumiMask = 'generated_json.json'
config.Data.splitting = 'LumiBased'
config.Data.outLFNDirBase = '/store/user/bibehera/'
config.Data.publication = False
config.Data.totalUnits = -1
config.Data.secondaryInputDataset = '/IonPhysics58/OORun2025-PromptReco-v1/MINIAOD'
config.section_('Site')
config.Site.storageSite = 'T3_CH_CERNBOX'
config.section_('User')
config.section_('Debug')

DEBUG 2025-09-09 11:42:02.335 UTC: 	 submit() - self.configreq {'dryrun': 0, 'workflow': 'crab_2pc_OO_V0_InMass_IP58', 'saveoutput': 1, 'savelogsflag': 1, 'inputdata': '/IonPhysics58/bibehera-2pc_OO_V0_IP58-ca42279dfc2dce710b3991c24f27a617/USER', 'nonvaliddata': 0, 'userfiles': [], 'dbsurl': 'https://cmsweb.cern.ch/dbs/prod/phys03/DBSReader', 'useparent': 0, 'secondarydata': '/IonPhysics58/OORun2025-PromptReco-v1/MINIAOD', 'ignorelocality': 0, 'splitalgo': 'LumiBased', 'algoargs': 3, 'totalunits': -1, 'lfn': '/store/user/bibehera/', 'publication': 0, 'publishdbsurl': 'https://cmsweb.cern.ch/dbs/prod/phys03/DBSWriter', 'publishname2': '2pc_OO_V0_InMass_IP58', 'jobtype': 'Analysis', 'generator': 'pythia', 'addoutputfiles': [], 'maxjobruntime': 1250, 'numcores': 1, 'maxmemory': 2000, 'priority': 10, 'nonprodsw': 0, 'asyncdest': 'T3_CH_CERNBOX', 'requireaccelerator': 0, 'oneEventMode': 0, 'extrajdl': [], 'ignoreglobalblacklist': 0, 'partialdataset': 0, 'inputblocks': []}
DEBUG 2025-09-09 11:42:02.335 UTC: 	 submit() - jobconfig {'addoutputfiles': [], 'tfileoutfiles': ['V0_test_pt_invariantmass1.root'], 'edmoutfiles': [], 'jobarch': 'el9_amd64_gcc12', 'jobminuarch': 'x86-64-v3', 'jobsw': 'CMSSW_15_0_6_patch1', 'inputdata': '/IonPhysics58/bibehera-2pc_OO_V0_IP58-ca42279dfc2dce710b3991c24f27a617/USER', 'cacheurl': 'https://cmsweb.cern.ch/S3/crabcache_prod', 'cachefilename': '51e72922afa6ee5eb35f179f5e4f814b2fd77b87b948a015995de24a8135229a.tar.gz', 'debugfilename': 'c5f041a6d56c61c2f04e56259822e245c3229979ebf5b2eb6f81f6da073186b5.tar.gz', 'runs': ['394153', '394154', '394169', '394175', '394183', '394184', '394185', '394186', '394187', '394188', '394189', '394204', '394209', '394217'], 'lumis': ['40,169', '1,886', '39,997', '47,988', '15,239', '1,667', '1,3', '1,15', '1,1', '1,107', '1,72', '38,932', '23,1209', '41,838'], 'jobtype': 'Analysis'}
INFO 2025-09-09 11:42:02.335 UTC: 	 Sending the request to the server at cmsweb.cern.ch
DEBUG 2025-09-09 11:42:02.335 UTC: 	 Submitting {'dryrun': 0, 'workflow': 'crab_2pc_OO_V0_InMass_IP58', 'saveoutput': 1, 'savelogsflag': 1, 'inputdata': '/IonPhysics58/bibehera-2pc_OO_V0_IP58-ca42279dfc2dce710b3991c24f27a617/USER', 'nonvaliddata': 0, 'userfiles': [], 'dbsurl': 'https://cmsweb.cern.ch/dbs/prod/phys03/DBSReader', 'useparent': 0, 'secondarydata': '/IonPhysics58/OORun2025-PromptReco-v1/MINIAOD', 'ignorelocality': 0, 'splitalgo': 'LumiBased', 'algoargs': 3, 'totalunits': -1, 'lfn': '/store/user/bibehera/', 'publication': 0, 'publishdbsurl': 'https://cmsweb.cern.ch/dbs/prod/phys03/DBSWriter', 'publishname2': '2pc_OO_V0_InMass_IP58', 'jobtype': 'Analysis', 'generator': 'pythia', 'addoutputfiles': [], 'maxjobruntime': 1250, 'numcores': 1, 'maxmemory': 2000, 'priority': 10, 'nonprodsw': 0, 'asyncdest': 'T3_CH_CERNBOX', 'requireaccelerator': 0, 'oneEventMode': 0, 'extrajdl': [], 'ignoreglobalblacklist': 0, 'partialdataset': 0, 'inputblocks': [], 'tfileoutfiles': ['V0_test_pt_invariantmass1.root'], 'edmoutfiles': [], 'jobarch': 'el9_amd64_gcc12', 'jobminuarch': 'x86-64-v3', 'jobsw': 'CMSSW_15_0_6_patch1', 'cacheurl': 'https://cmsweb.cern.ch/S3/crabcache_prod', 'cachefilename': '51e72922afa6ee5eb35f179f5e4f814b2fd77b87b948a015995de24a8135229a.tar.gz', 'debugfilename': 'c5f041a6d56c61c2f04e56259822e245c3229979ebf5b2eb6f81f6da073186b5.tar.gz', 'runs': ['394153', '394154', '394169', '394175', '394183', '394184', '394185', '394186', '394187', '394188', '394189', '394204', '394209', '394217'], 'lumis': ['40,169', '1,886', '39,997', '47,988', '15,239', '1,667', '1,3', '1,15', '1,1', '1,107', '1,72', '38,932', '23,1209', '41,838']} 
DEBUG 2025-09-09 11:42:02.336 UTC: 	 Encoded data for curl request: dryrun=0&workflow=crab_2pc_OO_V0_InMass_IP58&saveoutput=1&savelogsflag=1&inputdata=%2FIonPhysics58%2Fbibehera-2pc_OO_V0_IP58-ca42279dfc2dce710b3991c24f27a617%2FUSER&nonvaliddata=0&dbsurl=https%3A%2F%2Fcmsweb.cern.ch%2Fdbs%2Fprod%2Fphys03%2FDBSReader&useparent=0&secondarydata=%2FIonPhysics58%2FOORun2025-PromptReco-v1%2FMINIAOD&ignorelocality=0&splitalgo=LumiBased&algoargs=3&totalunits=-1&lfn=%2Fstore%2Fuser%2Fbibehera%2F&publication=0&publishdbsurl=https%3A%2F%2Fcmsweb.cern.ch%2Fdbs%2Fprod%2Fphys03%2FDBSWriter&publishname2=2pc_OO_V0_InMass_IP58&jobtype=Analysis&generator=pythia&maxjobruntime=1250&numcores=1&maxmemory=2000&priority=10&nonprodsw=0&asyncdest=T3_CH_CERNBOX&requireaccelerator=0&oneEventMode=0&ignoreglobalblacklist=0&partialdataset=0&jobarch=el9_amd64_gcc12&jobminuarch=x86-64-v3&jobsw=CMSSW_15_0_6_patch1&cacheurl=https%3A%2F%2Fcmsweb.cern.ch%2FS3%2Fcrabcache_prod&cachefilename=51e72922afa6ee5eb35f179f5e4f814b2fd77b87b948a015995de24a8135229a.tar.gz&debugfilename=c5f041a6d56c61c2f04e56259822e245c3229979ebf5b2eb6f81f6da073186b5.tar.gz&tfileoutfiles=V0_test_pt_invariantmass1.root&runs=394153&runs=394154&runs=394169&runs=394175&runs=394183&runs=394184&runs=394185&runs=394186&runs=394187&runs=394188&runs=394189&runs=394204&runs=394209&runs=394217&lumis=40%2C169&lumis=1%2C886&lumis=39%2C997&lumis=47%2C988&lumis=15%2C239&lumis=1%2C667&lumis=1%2C3&lumis=1%2C15&lumis=1%2C1&lumis=1%2C107&lumis=1%2C72&lumis=38%2C932&lumis=23%2C1209&lumis=41%2C838
DEBUG 2025-09-09 11:42:02.916 UTC: 	 Result: {'result': [{'RequestName': '250909_114202:bibehera_crab_2pc_OO_V0_InMass_IP58'}]}
INFO 2025-09-09 11:42:02.937 UTC: 	 Success: Your task has been delivered to the prod CRAB3 server.
INFO 2025-09-09 11:42:02.937 UTC: 	 Task name: 250909_114202:bibehera_crab_2pc_OO_V0_InMass_IP58
INFO 2025-09-09 11:42:02.937 UTC: 	 Project dir: OO_Data_MINIAOD/crab_2pc_OO_V0_InMass_IP58
INFO 2025-09-09 11:42:02.937 UTC: 	 Please use ' crab status -d OO_Data_MINIAOD/crab_2pc_OO_V0_InMass_IP58 ' to check how the submission process proceeds.
DEBUG 2025-09-09 11:42:02.938 UTC: 	 About to return
INFO 2025-09-09 11:42:02.951 UTC: 	 Log file is /eos/home-b/bibehera/OO_Simfit/CMSSW_15_0_6_patch1/src/Analyzer/RaghuV0Ana/cfg/OO_Data_MINIAOD/crab_2pc_OO_V0_InMass_IP58/crab.log
