DEBUG 2025-09-15 22:13:26.363 UTC: 	 CRAB Client version: v3.250820
DEBUG 2025-09-15 22:13:26.363 UTC: 	 Running on: Linux lxplus951.cern.ch 5.14.0-570.39.1.el9_6.x86_64 #1 SMP PREEMPT_DYNAMIC Sat Aug 23 04:30:05 EDT 2025 x86_64 x86_64 x86_64 GNU/Linux
DEBUG 2025-09-15 22:13:26.364 UTC: 	 Not using Singularity
DEBUG 2025-09-15 22:13:26.364 UTC: 	 Operating System: Red Hat Enterprise Linux 9.6 (Plow)
DEBUG 2025-09-15 22:13:26.364 UTC: 	 Executing command: 'submit'
DEBUG 2025-09-15 22:13:26.364 UTC: 	 Found CRAB cache file /afs/cern.ch/user/b/bibehera/.crab3
INFO 2025-09-15 22:13:26.365 UTC: 	 Will use CRAB configuration file crab_config2.py
DEBUG 2025-09-15 22:13:26.365 UTC: 	 Loading CRAB configuration file.
DEBUG 2025-09-15 22:13:26.374 UTC: 	 Overriden parameter General.requestName with '2pc_OO_V0_IM_newMbin_IP16'
DEBUG 2025-09-15 22:13:26.374 UTC: 	 Overriden parameter Data.inputDataset with '/IonPhysics16/bibehera-2pc_OO_V0_IP16-ca42279dfc2dce710b3991c24f27a617/USER'
DEBUG 2025-09-15 22:13:26.374 UTC: 	 Overriden parameter Data.secondaryInputDataset with '/IonPhysics16/OORun2025-PromptReco-v1/MINIAOD'
DEBUG 2025-09-15 22:13:26.374 UTC: 	 Overriden parameter Data.outputDatasetTag with '2pc_OO_V0_IM_newMbin_IP16'
DEBUG 2025-09-15 22:13:26.374 UTC: 	 Will use CRAB plugin ANALYSIS (i.e. will run an analysis job type).
DEBUG 2025-09-15 22:13:27.242 UTC: 	 Checking credentials
DEBUG 2025-09-15 22:13:27.242 UTC: 	 Found proxy file /tmp/x509up_u177753
DEBUG 2025-09-15 22:13:27.242 UTC: 	 Making sure it has proper VOMS extension
DEBUG 2025-09-15 22:13:27.242 UTC: 	 Executing command :
 voms-proxy-info --vo --file /tmp/x509up_u177753
DEBUG 2025-09-15 22:13:27.281 UTC: 	 output : cms

 error: 
 retcode : 0
DEBUG 2025-09-15 22:13:27.281 UTC: 	 Getting proxy life time left
DEBUG 2025-09-15 22:13:27.281 UTC: 	 Executing command :
 voms-proxy-info --actimeleft --timeleft --file /tmp/x509up_u177753
DEBUG 2025-09-15 22:13:27.313 UTC: 	 output : 37430
37430

 error: 
 retcode : 0
DEBUG 2025-09-15 22:13:27.313 UTC: 	 Proxy valid for 10:23:50 hours
DEBUG 2025-09-15 22:13:27.314 UTC: 	 Encoded data for curl request: subresource=delegatedn
DEBUG 2025-09-15 22:13:27.367 UTC: 	 Registering user credentials on myproxy for /DC=ch/DC=cern/OU=computers/CN=crab-(preprod|prod)-tw(01|02).cern.ch|/DC=ch/DC=cern/OU=computers/CN=crab-dev-tw(01|02|03|04).cern.ch|/DC=ch/DC=cern/OU=Organic Units/OU=Users/CN=cmscrab/CN=(817881|373708)/CN=Robot: cms crab|/DC=ch/DC=cern/OU=Organic Units/OU=Users/CN=crabint1/CN=373708/CN=Robot: CMS CRAB Integration 1
DEBUG 2025-09-15 22:13:27.368 UTC: 	 Executing command :
 voms-proxy-info --identity --file /tmp/x509up_u177753
DEBUG 2025-09-15 22:13:27.397 UTC: 	 output : /DC=ch/DC=cern/OU=Organic Units/OU=Users/CN=bibehera/CN=882295/CN=Bismita Behera

 error: 
 retcode : 0
DEBUG 2025-09-15 22:13:27.397 UTC: 	 Getting myproxy life time left for bfbdf12a5670e45fdd055ff115afbb0f25b8a072
DEBUG 2025-09-15 22:13:27.397 UTC: 	 Executing command :
 myproxy-info -s myproxy.cern.ch -l bfbdf12a5670e45fdd055ff115afbb0f25b8a072
DEBUG 2025-09-15 22:13:27.695 UTC: 	 output : username: bfbdf12a5670e45fdd055ff115afbb0f25b8a072
owner: /DC=ch/DC=cern/OU=Organic Units/OU=Users/CN=bibehera/CN=882295/CN=Bismita Behera
  renewal policy: /DC=ch/DC=cern/OU=computers/CN=crab-(preprod|prod)-tw(01|02).cern.ch|/DC=ch/DC=cern/OU=computers/CN=crab-dev-tw(01|02|03|04).cern.ch|/DC=ch/DC=cern/OU=Organic Units/OU=Users/CN=cmscrab/CN=(817881|373708)/CN=Robot: cms crab|/DC=ch/DC=cern/OU=Organic Units/OU=Users/CN=crabint1/CN=373708/CN=Robot: CMS CRAB Integration 1
  trusted retrieval policy: /DC=ch/DC=cern/OU=computers/CN=crab-(preprod|prod)-tw(01|02).cern.ch|/DC=ch/DC=cern/OU=computers/CN=crab-dev-tw(01|02|03|04).cern.ch|/DC=ch/DC=cern/OU=Organic Units/OU=Users/CN=cmscrab/CN=(817881|373708)/CN=Robot: cms crab|/DC=ch/DC=cern/OU=Organic Units/OU=Users/CN=crabint1/CN=373708/CN=Robot: CMS CRAB Integration 1
  timeleft: 622:45:26  (25.9 days)

 error: 
 retcode : 0
DEBUG 2025-09-15 22:13:27.696 UTC: 	 Myproxy is valid: 2241900
DEBUG 2025-09-15 22:13:27.696 UTC: 	 Result of myproxy credential check:
  Credential exists on myproxy: username: bfbdf12a5670e45fdd055ff115afbb0f25b8a072  - validity: 25 days, 22:45:00
DEBUG 2025-09-15 22:13:27.696 UTC: 	 Command use: submit
DEBUG 2025-09-15 22:13:27.696 UTC: 	 Options use: ['-c', 'crab_config2.py', 'General.requestName=2pc_OO_V0_IM_newMbin_IP16', 'Data.inputDataset=/IonPhysics16/bibehera-2pc_OO_V0_IP16-ca42279dfc2dce710b3991c24f27a617/USER', 'Data.secondaryInputDataset=/IonPhysics16/OORun2025-PromptReco-v1/MINIAOD', 'Data.outputDatasetTag=2pc_OO_V0_IM_newMbin_IP16']
DEBUG 2025-09-15 22:13:27.696 UTC: 	 Encoded data for curl request: subresource=version
DEBUG 2025-09-15 22:13:27.751 UTC: 	 CRABClient version: v3.250820
DEBUG 2025-09-15 22:13:27.751 UTC: 	 Instance is prod
DEBUG 2025-09-15 22:13:27.752 UTC: 	 Server base url is cmsweb.cern.ch
DEBUG 2025-09-15 22:13:27.752 UTC: 	 Command api workflow
DEBUG 2025-09-15 22:13:27.752 UTC: 	 Started submission
DEBUG 2025-09-15 22:13:27.752 UTC: 	 Working on /eos/home-b/bibehera/OO_Simfit/CMSSW_15_0_6_patch1/src/Analyzer/RaghuV0Ana/cfg/OO_Data_MINIAOD/crab_2pc_OO_V0_IM_newMbin_IP16
DEBUG 2025-09-15 22:13:27.752 UTC: 	 Encoded data for curl request: subresource=backendurls
DEBUG 2025-09-15 22:13:28.091 UTC: 	 Loading required information from the environment
DEBUG 2025-09-15 22:13:28.091 UTC: 	 Found CMSSW_15_0_6_patch1 for el9_amd64_gcc12 with base /eos/home-b/bibehera/OO_Simfit/CMSSW_15_0_6_patch1
DEBUG 2025-09-15 22:13:28.091 UTC: 	 Loading required information from the environment
DEBUG 2025-09-15 22:13:28.091 UTC: 	 Found CMSSW_15_0_6_patch1 for el9_amd64_gcc12 with base /eos/home-b/bibehera/OO_Simfit/CMSSW_15_0_6_patch1
DEBUG 2025-09-15 22:13:28.092 UTC: 	 UNIQUE NAME: tarUUID 18c016da-6047-41a2-8746-f285c72c07fa 
DEBUG 2025-09-15 22:13:28.092 UTC: 	 self.config: from WMCore.Configuration import Configuration
config = Configuration()
config.section_('General')
config.General.transferOutputs = True
config.General.transferLogs = True
config.General.workArea = 'OO_Data_MINIAOD'
config.General.requestName = '2pc_OO_V0_IM_newMbin_IP16'
config.section_('JobType')
config.JobType.pluginName = 'Analysis'
config.JobType.psetName = 'PbPb_2018_cfg.py'
config.section_('Data')
config.Data.inputDBS = 'phys03'
config.Data.inputDataset = '/IonPhysics16/bibehera-2pc_OO_V0_IP16-ca42279dfc2dce710b3991c24f27a617/USER'
config.Data.splitting = 'LumiBased'
config.Data.outputDatasetTag = '2pc_OO_V0_IM_newMbin_IP16'
config.Data.outLFNDirBase = '/store/user/bibehera/'
config.Data.secondaryInputDataset = '/IonPhysics16/OORun2025-PromptReco-v1/MINIAOD'
config.Data.lumiMask = 'generated_json.json'
config.Data.publication = False
config.Data.unitsPerJob = 3
config.Data.totalUnits = -1
config.section_('Site')
config.Site.storageSite = 'T3_CH_CERNBOX'
config.section_('User')
config.section_('Debug')

DEBUG 2025-09-15 22:13:28.092 UTC: 	 self.config.JobType.psetName: PbPb_2018_cfg.py
INFO 2025-09-15 22:13:28.092 UTC: 	 Importing CMSSW configuration PbPb_2018_cfg.py
INFO 2025-09-15 22:13:29.314 UTC: 	 Finished importing CMSSW configuration PbPb_2018_cfg.py
DEBUG 2025-09-15 22:13:29.315 UTC: 	 Writing CMSSW configuration to /eos/home-b/bibehera/OO_Simfit/CMSSW_15_0_6_patch1/src/Analyzer/RaghuV0Ana/cfg/OO_Data_MINIAOD/crab_2pc_OO_V0_IM_newMbin_IP16/inputs/PSet.py
DEBUG 2025-09-15 22:13:29.368 UTC: 	 The following EDM output files will be collected: []
DEBUG 2025-09-15 22:13:29.368 UTC: 	 The following TFile output files will be collected: ['V0_test_IM.root']
DEBUG 2025-09-15 22:13:29.368 UTC: 	 The following user output files (not listed as PoolOuputModule or TFileService in the CMSSW PSet) will be collected: 
DEBUG 2025-09-15 22:13:29.368 UTC: 	 Loading required information from the environment
DEBUG 2025-09-15 22:13:29.368 UTC: 	 Found CMSSW_15_0_6_patch1 for el9_amd64_gcc12 with base /eos/home-b/bibehera/OO_Simfit/CMSSW_15_0_6_patch1
DEBUG 2025-09-15 22:13:29.368 UTC: 	 Making tarball in /eos/home-b/bibehera/OO_Simfit/CMSSW_15_0_6_patch1/src/Analyzer/RaghuV0Ana/cfg/OO_Data_MINIAOD/crab_2pc_OO_V0_IM_newMbin_IP16/inputs/18c016da-6047-41a2-8746-f285c72c07fadefault.tgz
DEBUG 2025-09-15 22:13:29.371 UTC: 	 Checking directory /eos/home-b/bibehera/OO_Simfit/CMSSW_15_0_6_patch1/bin
DEBUG 2025-09-15 22:13:29.371 UTC: 	 Adding directory /eos/home-b/bibehera/OO_Simfit/CMSSW_15_0_6_patch1/bin to tarball
DEBUG 2025-09-15 22:13:29.381 UTC: 	 Checking directory /eos/home-b/bibehera/OO_Simfit/CMSSW_15_0_6_patch1/python
DEBUG 2025-09-15 22:13:29.381 UTC: 	 Adding directory /eos/home-b/bibehera/OO_Simfit/CMSSW_15_0_6_patch1/python to tarball
DEBUG 2025-09-15 22:13:29.514 UTC: 	 Checking directory /eos/home-b/bibehera/OO_Simfit/CMSSW_15_0_6_patch1/cfipython
DEBUG 2025-09-15 22:13:29.514 UTC: 	 Adding directory /eos/home-b/bibehera/OO_Simfit/CMSSW_15_0_6_patch1/cfipython to tarball
DEBUG 2025-09-15 22:13:29.819 UTC: 	 Checking directory /eos/home-b/bibehera/OO_Simfit/CMSSW_15_0_6_patch1/lib
DEBUG 2025-09-15 22:13:29.820 UTC: 	 Adding directory /eos/home-b/bibehera/OO_Simfit/CMSSW_15_0_6_patch1/lib to tarball
DEBUG 2025-09-15 22:13:30.107 UTC: 	 Checking directory /eos/home-b/bibehera/OO_Simfit/CMSSW_15_0_6_patch1/biglib
DEBUG 2025-09-15 22:13:30.108 UTC: 	 Adding directory /eos/home-b/bibehera/OO_Simfit/CMSSW_15_0_6_patch1/biglib to tarball
DEBUG 2025-09-15 22:13:30.113 UTC: 	 Checking directory /eos/home-b/bibehera/OO_Simfit/CMSSW_15_0_6_patch1/module
DEBUG 2025-09-15 22:13:30.113 UTC: 	 Checking directory /eos/home-b/bibehera/OO_Simfit/CMSSW_15_0_6_patch1/config/SCRAM/hooks
DEBUG 2025-09-15 22:13:30.113 UTC: 	 Adding directory /eos/home-b/bibehera/OO_Simfit/CMSSW_15_0_6_patch1/config/SCRAM/hooks to tarball
DEBUG 2025-09-15 22:13:30.325 UTC: 	 Adding directory /eos/home-b/bibehera/OO_Simfit/CMSSW_15_0_6_patch1/src/Analyzer/RaghuV0Ana/data to tarball
DEBUG 2025-09-15 22:13:30.818 UTC: 	 Adding directory /eos/home-b/bibehera/OO_Simfit/CMSSW_15_0_6_patch1/src/Analyzer/RaghuV0Ana/interface to tarball
DEBUG 2025-09-15 22:13:30.839 UTC: 	 Adding directory /eos/home-b/bibehera/OO_Simfit/CMSSW_15_0_6_patch1/src/Analyzer/RaghuV0Ana/python to tarball
DEBUG 2025-09-15 22:13:30.859 UTC: 	 Adding directory /eos/home-b/bibehera/OO_Simfit/CMSSW_15_0_6_patch1/src/HeavyIonsAnalysis/Configuration/data to tarball
DEBUG 2025-09-15 22:13:31.262 UTC: 	 Adding directory /eos/home-b/bibehera/OO_Simfit/CMSSW_15_0_6_patch1/src/HeavyIonsAnalysis/Configuration/python to tarball
DEBUG 2025-09-15 22:13:31.321 UTC: 	 Adding directory /eos/home-b/bibehera/OO_Simfit/CMSSW_15_0_6_patch1/src/HeavyIonsAnalysis/EGMAnalysis/data to tarball
DEBUG 2025-09-15 22:13:31.331 UTC: 	 Adding directory /eos/home-b/bibehera/OO_Simfit/CMSSW_15_0_6_patch1/src/HeavyIonsAnalysis/EGMAnalysis/interface to tarball
DEBUG 2025-09-15 22:13:31.339 UTC: 	 Adding directory /eos/home-b/bibehera/OO_Simfit/CMSSW_15_0_6_patch1/src/HeavyIonsAnalysis/EGMAnalysis/python to tarball
DEBUG 2025-09-15 22:13:31.356 UTC: 	 Adding directory /eos/home-b/bibehera/OO_Simfit/CMSSW_15_0_6_patch1/src/HeavyIonsAnalysis/EventAnalysis/python to tarball
DEBUG 2025-09-15 22:13:31.493 UTC: 	 Adding directory /eos/home-b/bibehera/OO_Simfit/CMSSW_15_0_6_patch1/src/HeavyIonsAnalysis/JetAnalysis/interface to tarball
DEBUG 2025-09-15 22:13:31.504 UTC: 	 Adding directory /eos/home-b/bibehera/OO_Simfit/CMSSW_15_0_6_patch1/src/HeavyIonsAnalysis/JetAnalysis/python to tarball
DEBUG 2025-09-15 22:13:31.581 UTC: 	 Adding directory /eos/home-b/bibehera/OO_Simfit/CMSSW_15_0_6_patch1/src/HeavyIonsAnalysis/MuonAnalysis/interface to tarball
DEBUG 2025-09-15 22:13:31.591 UTC: 	 Adding directory /eos/home-b/bibehera/OO_Simfit/CMSSW_15_0_6_patch1/src/HeavyIonsAnalysis/MuonAnalysis/python to tarball
DEBUG 2025-09-15 22:13:31.612 UTC: 	 Adding directory /eos/home-b/bibehera/OO_Simfit/CMSSW_15_0_6_patch1/src/HeavyIonsAnalysis/TrackAnalysis/interface to tarball
DEBUG 2025-09-15 22:13:31.617 UTC: 	 Adding directory /eos/home-b/bibehera/OO_Simfit/CMSSW_15_0_6_patch1/src/HeavyIonsAnalysis/TrackAnalysis/python to tarball
DEBUG 2025-09-15 22:13:31.653 UTC: 	 Adding directory /eos/home-b/bibehera/OO_Simfit/CMSSW_15_0_6_patch1/src/HeavyIonsAnalysis/VertexAnalysis/python to tarball
DEBUG 2025-09-15 22:13:31.664 UTC: 	 Adding directory /eos/home-b/bibehera/OO_Simfit/CMSSW_15_0_6_patch1/src/HeavyIonsAnalysis/ZDCAnalysis/python to tarball
DEBUG 2025-09-15 22:13:31.757 UTC: 	 Uploading archive /eos/home-b/bibehera/OO_Simfit/CMSSW_15_0_6_patch1/src/Analyzer/RaghuV0Ana/cfg/OO_Data_MINIAOD/crab_2pc_OO_V0_IM_newMbin_IP16/inputs/18c016da-6047-41a2-8746-f285c72c07fadefault.tgz (3.180664.1 MB) to the CRAB cache. Using URI https://cmsweb.cern.ch/S3/crabcache_prod
DEBUG 2025-09-15 22:13:32.672 UTC: 	 Encoded data for curl request: subresource=upload&objecttype=sandbox&tarballname=9469fb6f6276c288edcfd93a942b4d2d72c2f684d41f28e575938405b898dadd.tar.gz
DEBUG 2025-09-15 22:13:32.727 UTC: 	 sandbox 9469fb6f6276c288edcfd93a942b4d2d72c2f684d41f28e575938405b898dadd.tar.gz is already in the S3 store, will not upload again
DEBUG 2025-09-15 22:13:32.727 UTC: 	 Loading required information from the environment
DEBUG 2025-09-15 22:13:32.727 UTC: 	 Found CMSSW_15_0_6_patch1 for el9_amd64_gcc12 with base /eos/home-b/bibehera/OO_Simfit/CMSSW_15_0_6_patch1
DEBUG 2025-09-15 22:13:32.727 UTC: 	 Making tarball in /eos/home-b/bibehera/OO_Simfit/CMSSW_15_0_6_patch1/src/Analyzer/RaghuV0Ana/cfg/OO_Data_MINIAOD/crab_2pc_OO_V0_IM_newMbin_IP16/inputs/debugFiles.tgz
DEBUG 2025-09-15 22:13:32.738 UTC: 	 Uploading archive /eos/home-b/bibehera/OO_Simfit/CMSSW_15_0_6_patch1/src/Analyzer/RaghuV0Ana/cfg/OO_Data_MINIAOD/crab_2pc_OO_V0_IM_newMbin_IP16/inputs/debugFiles.tgz (3 KB) to the CRAB cache. Using URI https://cmsweb.cern.ch/S3/crabcache_prod
DEBUG 2025-09-15 22:13:32.744 UTC: 	 Encoded data for curl request: subresource=upload&objecttype=sandbox&tarballname=54fb24a06d166ae8e8ac104df4adf9452d5358e0e730789cb1128edcad4bff6e.tar.gz
DEBUG 2025-09-15 22:13:32.833 UTC: 	 Will execute:
curl -f -v -X POST  -H "User-Agent: CRAB" -F "key=bibehera/sandboxes/54fb24a06d166ae8e8ac104df4adf9452d5358e0e730789cb1128edcad4bff6e.tar.gz" -F "AWSAccessKeyId=715203df6482458ba839e73e6dab634b" -F "policy=eyJleHBpcmF0aW9uIjogIjIwMjUtMDktMTVUMjM6MTM6MzJaIiwgImNvbmRpdGlvbnMiOiBbeyJidWNrZXQiOiAiY3JhYmNhY2hlX3Byb2QifSwgeyJrZXkiOiAiYmliZWhlcmEvc2FuZGJveGVzLzU0ZmIyNGEwNmQxNjZhZThlOGFjMTA0ZGY0YWRmOTQ1MmQ1MzU4ZTBlNzMwNzg5Y2IxMTI4ZWRjYWQ0YmZmNmUudGFyLmd6In1dfQ==" -F "signature=zfSCA55VsN1fJY39a+7E2bG1tmE=" -F "file=@/eos/home-b/bibehera/OO_Simfit/CMSSW_15_0_6_patch1/src/Analyzer/RaghuV0Ana/cfg/OO_Data_MINIAOD/crab_2pc_OO_V0_IM_newMbin_IP16/inputs/debugFiles.tgz" "https://s3.cern.ch/crabcache_prod"
DEBUG 2025-09-15 22:13:32.950 UTC: 	 exitcode: 0
stdout: b''
DEBUG 2025-09-15 22:13:32.950 UTC: 	 upload to S3 of sandbox /eos/home-b/bibehera/OO_Simfit/CMSSW_15_0_6_patch1/src/Analyzer/RaghuV0Ana/cfg/OO_Data_MINIAOD/crab_2pc_OO_V0_IM_newMbin_IP16/inputs/debugFiles.tgz completed
DEBUG 2025-09-15 22:13:32.951 UTC: 	 make sure that object is ready for retrieve
DEBUG 2025-09-15 22:13:33.952 UTC: 	 Encoded data for curl request: subresource=download&objecttype=sandbox&tarballname=54fb24a06d166ae8e8ac104df4adf9452d5358e0e730789cb1128edcad4bff6e.tar.gz&clientmethod=head_object
DEBUG 2025-09-15 22:13:34.005 UTC: 	 PreSignedUrl to download sandbox received OK
DEBUG 2025-09-15 22:13:34.008 UTC: 	 Will execute:
 curl -v -s -f -o /dev/null --head  "https://s3.cern.ch/crabcache_prod/bibehera/sandboxes/54fb24a06d166ae8e8ac104df4adf9452d5358e0e730789cb1128edcad4bff6e.tar.gz?AWSAccessKeyId=715203df6482458ba839e73e6dab634b&Signature=oo8JTpRWn5KQgSLiUDVfooYsoho%3D&Expires=1757978014"
DEBUG 2025-09-15 22:13:34.049 UTC: 	 exitcode: 0
stdout: b''
DEBUG 2025-09-15 22:13:34.049 UTC: 	 sandbox /eos/home-b/bibehera/OO_Simfit/CMSSW_15_0_6_patch1/src/Analyzer/RaghuV0Ana/cfg/OO_Data_MINIAOD/crab_2pc_OO_V0_IM_newMbin_IP16/inputs/debugFiles.tgz successfully uploaded to S3
DEBUG 2025-09-15 22:13:34.049 UTC: 	 Result uploading input files: 9469fb6f6276c288edcfd93a942b4d2d72c2f684d41f28e575938405b898dadd.tar.gz 
DEBUG 2025-09-15 22:13:34.049 UTC: 	 Attaching lumi mask generated_json.json to the request
DEBUG 2025-09-15 22:13:34.049 UTC: 	 Reading lumi-mask from generated_json.json
DEBUG 2025-09-15 22:13:34.051 UTC: 	 submit() - self.configuration from WMCore.Configuration import Configuration
config = Configuration()
config.section_('General')
config.General.transferOutputs = True
config.General.transferLogs = True
config.General.workArea = 'OO_Data_MINIAOD'
config.General.requestName = '2pc_OO_V0_IM_newMbin_IP16'
config.section_('JobType')
config.JobType.pluginName = 'Analysis'
config.JobType.psetName = 'PbPb_2018_cfg.py'
config.section_('Data')
config.Data.inputDBS = 'phys03'
config.Data.inputDataset = '/IonPhysics16/bibehera-2pc_OO_V0_IP16-ca42279dfc2dce710b3991c24f27a617/USER'
config.Data.splitting = 'LumiBased'
config.Data.outputDatasetTag = '2pc_OO_V0_IM_newMbin_IP16'
config.Data.outLFNDirBase = '/store/user/bibehera/'
config.Data.secondaryInputDataset = '/IonPhysics16/OORun2025-PromptReco-v1/MINIAOD'
config.Data.lumiMask = 'generated_json.json'
config.Data.publication = False
config.Data.unitsPerJob = 3
config.Data.totalUnits = -1
config.section_('Site')
config.Site.storageSite = 'T3_CH_CERNBOX'
config.section_('User')
config.section_('Debug')

DEBUG 2025-09-15 22:13:34.051 UTC: 	 submit() - self.configreq {'dryrun': 0, 'workflow': 'crab_2pc_OO_V0_IM_newMbin_IP16', 'saveoutput': 1, 'savelogsflag': 1, 'inputdata': '/IonPhysics16/bibehera-2pc_OO_V0_IP16-ca42279dfc2dce710b3991c24f27a617/USER', 'nonvaliddata': 0, 'userfiles': [], 'dbsurl': 'https://cmsweb.cern.ch/dbs/prod/phys03/DBSReader', 'useparent': 0, 'secondarydata': '/IonPhysics16/OORun2025-PromptReco-v1/MINIAOD', 'ignorelocality': 0, 'splitalgo': 'LumiBased', 'algoargs': 3, 'totalunits': -1, 'lfn': '/store/user/bibehera/', 'publication': 0, 'publishdbsurl': 'https://cmsweb.cern.ch/dbs/prod/phys03/DBSWriter', 'publishname2': '2pc_OO_V0_IM_newMbin_IP16', 'jobtype': 'Analysis', 'generator': 'pythia', 'addoutputfiles': [], 'maxjobruntime': 1250, 'numcores': 1, 'maxmemory': 2000, 'priority': 10, 'nonprodsw': 0, 'asyncdest': 'T3_CH_CERNBOX', 'requireaccelerator': 0, 'oneEventMode': 0, 'extrajdl': [], 'ignoreglobalblacklist': 0, 'partialdataset': 0, 'inputblocks': []}
DEBUG 2025-09-15 22:13:34.051 UTC: 	 submit() - jobconfig {'addoutputfiles': [], 'tfileoutfiles': ['V0_test_IM.root'], 'edmoutfiles': [], 'jobarch': 'el9_amd64_gcc12', 'jobminuarch': 'x86-64-v3', 'jobsw': 'CMSSW_15_0_6_patch1', 'inputdata': '/IonPhysics16/bibehera-2pc_OO_V0_IP16-ca42279dfc2dce710b3991c24f27a617/USER', 'cacheurl': 'https://cmsweb.cern.ch/S3/crabcache_prod', 'cachefilename': '9469fb6f6276c288edcfd93a942b4d2d72c2f684d41f28e575938405b898dadd.tar.gz', 'debugfilename': '54fb24a06d166ae8e8ac104df4adf9452d5358e0e730789cb1128edcad4bff6e.tar.gz', 'runs': ['394153', '394154', '394169', '394175', '394183', '394184', '394185', '394186', '394187', '394188', '394189', '394204', '394209', '394217'], 'lumis': ['40,169', '1,886', '39,997', '47,988', '15,239', '1,667', '1,3', '1,15', '1,1', '1,107', '1,72', '38,932', '23,1209', '41,838'], 'jobtype': 'Analysis'}
INFO 2025-09-15 22:13:34.051 UTC: 	 Sending the request to the server at cmsweb.cern.ch
DEBUG 2025-09-15 22:13:34.052 UTC: 	 Submitting {'dryrun': 0, 'workflow': 'crab_2pc_OO_V0_IM_newMbin_IP16', 'saveoutput': 1, 'savelogsflag': 1, 'inputdata': '/IonPhysics16/bibehera-2pc_OO_V0_IP16-ca42279dfc2dce710b3991c24f27a617/USER', 'nonvaliddata': 0, 'userfiles': [], 'dbsurl': 'https://cmsweb.cern.ch/dbs/prod/phys03/DBSReader', 'useparent': 0, 'secondarydata': '/IonPhysics16/OORun2025-PromptReco-v1/MINIAOD', 'ignorelocality': 0, 'splitalgo': 'LumiBased', 'algoargs': 3, 'totalunits': -1, 'lfn': '/store/user/bibehera/', 'publication': 0, 'publishdbsurl': 'https://cmsweb.cern.ch/dbs/prod/phys03/DBSWriter', 'publishname2': '2pc_OO_V0_IM_newMbin_IP16', 'jobtype': 'Analysis', 'generator': 'pythia', 'addoutputfiles': [], 'maxjobruntime': 1250, 'numcores': 1, 'maxmemory': 2000, 'priority': 10, 'nonprodsw': 0, 'asyncdest': 'T3_CH_CERNBOX', 'requireaccelerator': 0, 'oneEventMode': 0, 'extrajdl': [], 'ignoreglobalblacklist': 0, 'partialdataset': 0, 'inputblocks': [], 'tfileoutfiles': ['V0_test_IM.root'], 'edmoutfiles': [], 'jobarch': 'el9_amd64_gcc12', 'jobminuarch': 'x86-64-v3', 'jobsw': 'CMSSW_15_0_6_patch1', 'cacheurl': 'https://cmsweb.cern.ch/S3/crabcache_prod', 'cachefilename': '9469fb6f6276c288edcfd93a942b4d2d72c2f684d41f28e575938405b898dadd.tar.gz', 'debugfilename': '54fb24a06d166ae8e8ac104df4adf9452d5358e0e730789cb1128edcad4bff6e.tar.gz', 'runs': ['394153', '394154', '394169', '394175', '394183', '394184', '394185', '394186', '394187', '394188', '394189', '394204', '394209', '394217'], 'lumis': ['40,169', '1,886', '39,997', '47,988', '15,239', '1,667', '1,3', '1,15', '1,1', '1,107', '1,72', '38,932', '23,1209', '41,838']} 
DEBUG 2025-09-15 22:13:34.052 UTC: 	 Encoded data for curl request: dryrun=0&workflow=crab_2pc_OO_V0_IM_newMbin_IP16&saveoutput=1&savelogsflag=1&inputdata=%2FIonPhysics16%2Fbibehera-2pc_OO_V0_IP16-ca42279dfc2dce710b3991c24f27a617%2FUSER&nonvaliddata=0&dbsurl=https%3A%2F%2Fcmsweb.cern.ch%2Fdbs%2Fprod%2Fphys03%2FDBSReader&useparent=0&secondarydata=%2FIonPhysics16%2FOORun2025-PromptReco-v1%2FMINIAOD&ignorelocality=0&splitalgo=LumiBased&algoargs=3&totalunits=-1&lfn=%2Fstore%2Fuser%2Fbibehera%2F&publication=0&publishdbsurl=https%3A%2F%2Fcmsweb.cern.ch%2Fdbs%2Fprod%2Fphys03%2FDBSWriter&publishname2=2pc_OO_V0_IM_newMbin_IP16&jobtype=Analysis&generator=pythia&maxjobruntime=1250&numcores=1&maxmemory=2000&priority=10&nonprodsw=0&asyncdest=T3_CH_CERNBOX&requireaccelerator=0&oneEventMode=0&ignoreglobalblacklist=0&partialdataset=0&jobarch=el9_amd64_gcc12&jobminuarch=x86-64-v3&jobsw=CMSSW_15_0_6_patch1&cacheurl=https%3A%2F%2Fcmsweb.cern.ch%2FS3%2Fcrabcache_prod&cachefilename=9469fb6f6276c288edcfd93a942b4d2d72c2f684d41f28e575938405b898dadd.tar.gz&debugfilename=54fb24a06d166ae8e8ac104df4adf9452d5358e0e730789cb1128edcad4bff6e.tar.gz&tfileoutfiles=V0_test_IM.root&runs=394153&runs=394154&runs=394169&runs=394175&runs=394183&runs=394184&runs=394185&runs=394186&runs=394187&runs=394188&runs=394189&runs=394204&runs=394209&runs=394217&lumis=40%2C169&lumis=1%2C886&lumis=39%2C997&lumis=47%2C988&lumis=15%2C239&lumis=1%2C667&lumis=1%2C3&lumis=1%2C15&lumis=1%2C1&lumis=1%2C107&lumis=1%2C72&lumis=38%2C932&lumis=23%2C1209&lumis=41%2C838
DEBUG 2025-09-15 22:13:34.131 UTC: 	 Result: {'result': [{'RequestName': '250915_221334:bibehera_crab_2pc_OO_V0_IM_newMbin_IP16'}]}
INFO 2025-09-15 22:13:34.145 UTC: 	 Success: Your task has been delivered to the prod CRAB3 server.
INFO 2025-09-15 22:13:34.146 UTC: 	 Task name: 250915_221334:bibehera_crab_2pc_OO_V0_IM_newMbin_IP16
INFO 2025-09-15 22:13:34.146 UTC: 	 Project dir: OO_Data_MINIAOD/crab_2pc_OO_V0_IM_newMbin_IP16
INFO 2025-09-15 22:13:34.146 UTC: 	 Please use ' crab status -d OO_Data_MINIAOD/crab_2pc_OO_V0_IM_newMbin_IP16 ' to check how the submission process proceeds.
DEBUG 2025-09-15 22:13:34.146 UTC: 	 About to return
INFO 2025-09-15 22:13:34.170 UTC: 	 Log file is /eos/home-b/bibehera/OO_Simfit/CMSSW_15_0_6_patch1/src/Analyzer/RaghuV0Ana/cfg/OO_Data_MINIAOD/crab_2pc_OO_V0_IM_newMbin_IP16/crab.log
