DEBUG 2025-09-23 10:51:48.005 UTC: 	 CRAB Client version: v3.250820
DEBUG 2025-09-23 10:51:48.005 UTC: 	 Running on: Linux lxplus947.cern.ch 5.14.0-570.39.1.el9_6.x86_64 #1 SMP PREEMPT_DYNAMIC Sat Aug 23 04:30:05 EDT 2025 x86_64 x86_64 x86_64 GNU/Linux
DEBUG 2025-09-23 10:51:48.005 UTC: 	 Not using Singularity
DEBUG 2025-09-23 10:51:48.005 UTC: 	 Operating System: Red Hat Enterprise Linux 9.6 (Plow)
DEBUG 2025-09-23 10:51:48.005 UTC: 	 Executing command: 'submit'
DEBUG 2025-09-23 10:51:48.006 UTC: 	 Found CRAB cache file /afs/cern.ch/user/b/bibehera/.crab3
INFO 2025-09-23 10:51:48.008 UTC: 	 Will use CRAB configuration file crab_config2.py
DEBUG 2025-09-23 10:51:48.009 UTC: 	 Loading CRAB configuration file.
DEBUG 2025-09-23 10:51:48.050 UTC: 	 Overriden parameter General.requestName with '2pc_OO_V0_uncorr_IP2'
DEBUG 2025-09-23 10:51:48.050 UTC: 	 Overriden parameter Data.inputDataset with '/IonPhysics2/bibehera-2pc_OO_V0_IP2-ca42279dfc2dce710b3991c24f27a617/USER'
DEBUG 2025-09-23 10:51:48.051 UTC: 	 Overriden parameter Data.secondaryInputDataset with '/IonPhysics2/OORun2025-PromptReco-v1/MINIAOD'
DEBUG 2025-09-23 10:51:48.051 UTC: 	 Overriden parameter Data.outputDatasetTag with '2pc_OO_V0_uncorr_IP2'
DEBUG 2025-09-23 10:51:48.051 UTC: 	 Will use CRAB plugin ANALYSIS (i.e. will run an analysis job type).
DEBUG 2025-09-23 10:51:48.067 UTC: 	 Checking credentials
DEBUG 2025-09-23 10:51:48.104 UTC: 	 Found proxy file /tmp/x509up_u177753
DEBUG 2025-09-23 10:51:48.104 UTC: 	 Making sure it has proper VOMS extension
DEBUG 2025-09-23 10:51:48.104 UTC: 	 Executing command :
 voms-proxy-info --vo --file /tmp/x509up_u177753
DEBUG 2025-09-23 10:51:48.168 UTC: 	 output : cms

 error: 
 retcode : 0
DEBUG 2025-09-23 10:51:48.168 UTC: 	 Getting proxy life time left
DEBUG 2025-09-23 10:51:48.168 UTC: 	 Executing command :
 voms-proxy-info --actimeleft --timeleft --file /tmp/x509up_u177753
DEBUG 2025-09-23 10:51:48.201 UTC: 	 output : 41282
41282

 error: 
 retcode : 0
DEBUG 2025-09-23 10:51:48.201 UTC: 	 Proxy valid for 11:28:02 hours
DEBUG 2025-09-23 10:51:48.201 UTC: 	 Encoded data for curl request: subresource=delegatedn
DEBUG 2025-09-23 10:51:48.302 UTC: 	 Registering user credentials on myproxy for /DC=ch/DC=cern/OU=computers/CN=crab-(preprod|prod)-tw(01|02).cern.ch|/DC=ch/DC=cern/OU=computers/CN=crab-dev-tw(01|02|03|04).cern.ch|/DC=ch/DC=cern/OU=Organic Units/OU=Users/CN=cmscrab/CN=(817881|373708)/CN=Robot: cms crab|/DC=ch/DC=cern/OU=Organic Units/OU=Users/CN=crabint1/CN=373708/CN=Robot: CMS CRAB Integration 1
DEBUG 2025-09-23 10:51:48.302 UTC: 	 Executing command :
 voms-proxy-info --identity --file /tmp/x509up_u177753
DEBUG 2025-09-23 10:51:48.332 UTC: 	 output : /DC=ch/DC=cern/OU=Organic Units/OU=Users/CN=bibehera/CN=882295/CN=Bismita Behera

 error: 
 retcode : 0
DEBUG 2025-09-23 10:51:48.332 UTC: 	 Getting myproxy life time left for bfbdf12a5670e45fdd055ff115afbb0f25b8a072
DEBUG 2025-09-23 10:51:48.332 UTC: 	 Executing command :
 myproxy-info -s myproxy.cern.ch -l bfbdf12a5670e45fdd055ff115afbb0f25b8a072
DEBUG 2025-09-23 10:51:48.687 UTC: 	 output : username: bfbdf12a5670e45fdd055ff115afbb0f25b8a072
owner: /DC=ch/DC=cern/OU=Organic Units/OU=Users/CN=bibehera/CN=882295/CN=Bismita Behera
  renewal policy: /DC=ch/DC=cern/OU=computers/CN=crab-(preprod|prod)-tw(01|02).cern.ch|/DC=ch/DC=cern/OU=computers/CN=crab-dev-tw(01|02|03|04).cern.ch|/DC=ch/DC=cern/OU=Organic Units/OU=Users/CN=cmscrab/CN=(817881|373708)/CN=Robot: cms crab|/DC=ch/DC=cern/OU=Organic Units/OU=Users/CN=crabint1/CN=373708/CN=Robot: CMS CRAB Integration 1
  trusted retrieval policy: /DC=ch/DC=cern/OU=computers/CN=crab-(preprod|prod)-tw(01|02).cern.ch|/DC=ch/DC=cern/OU=computers/CN=crab-dev-tw(01|02|03|04).cern.ch|/DC=ch/DC=cern/OU=Organic Units/OU=Users/CN=cmscrab/CN=(817881|373708)/CN=Robot: cms crab|/DC=ch/DC=cern/OU=Organic Units/OU=Users/CN=crabint1/CN=373708/CN=Robot: CMS CRAB Integration 1
  timeleft: 442:07:05  (18.4 days)

 error: 
 retcode : 0
DEBUG 2025-09-23 10:51:48.687 UTC: 	 Myproxy is valid: 1591620
DEBUG 2025-09-23 10:51:48.687 UTC: 	 Result of myproxy credential check:
  Credential exists on myproxy: username: bfbdf12a5670e45fdd055ff115afbb0f25b8a072  - validity: 18 days, 10:07:00
DEBUG 2025-09-23 10:51:48.687 UTC: 	 Command use: submit
DEBUG 2025-09-23 10:51:48.687 UTC: 	 Options use: ['-c', 'crab_config2.py', 'General.requestName=2pc_OO_V0_uncorr_IP2', 'Data.inputDataset=/IonPhysics2/bibehera-2pc_OO_V0_IP2-ca42279dfc2dce710b3991c24f27a617/USER', 'Data.secondaryInputDataset=/IonPhysics2/OORun2025-PromptReco-v1/MINIAOD', 'Data.outputDatasetTag=2pc_OO_V0_uncorr_IP2']
DEBUG 2025-09-23 10:51:48.688 UTC: 	 Encoded data for curl request: subresource=version
DEBUG 2025-09-23 10:51:48.738 UTC: 	 CRABClient version: v3.250820
DEBUG 2025-09-23 10:51:48.738 UTC: 	 Instance is prod
DEBUG 2025-09-23 10:51:48.738 UTC: 	 Server base url is cmsweb.cern.ch
DEBUG 2025-09-23 10:51:48.738 UTC: 	 Command api workflow
DEBUG 2025-09-23 10:51:48.738 UTC: 	 Started submission
DEBUG 2025-09-23 10:51:48.738 UTC: 	 Working on /eos/home-b/bibehera/OO_Simfit/CMSSW_15_0_6_patch1/src/Analyzer/RaghuV0Ana/cfg/OO_Data_MINIAOD/crab_2pc_OO_V0_uncorr_IP2
DEBUG 2025-09-23 10:51:48.738 UTC: 	 Encoded data for curl request: subresource=backendurls
DEBUG 2025-09-23 10:51:48.874 UTC: 	 Loading required information from the environment
DEBUG 2025-09-23 10:51:48.874 UTC: 	 Found CMSSW_15_0_6_patch1 for el9_amd64_gcc12 with base /eos/home-b/bibehera/OO_Simfit/CMSSW_15_0_6_patch1
DEBUG 2025-09-23 10:51:48.874 UTC: 	 Loading required information from the environment
DEBUG 2025-09-23 10:51:48.874 UTC: 	 Found CMSSW_15_0_6_patch1 for el9_amd64_gcc12 with base /eos/home-b/bibehera/OO_Simfit/CMSSW_15_0_6_patch1
DEBUG 2025-09-23 10:51:48.874 UTC: 	 UNIQUE NAME: tarUUID d2a18d60-2c79-44e6-b92c-52cfb9c6cfee 
DEBUG 2025-09-23 10:51:48.874 UTC: 	 self.config: from WMCore.Configuration import Configuration
config = Configuration()
config.section_('General')
config.General.transferOutputs = True
config.General.workArea = 'OO_Data_MINIAOD'
config.General.requestName = '2pc_OO_V0_uncorr_IP2'
config.General.transferLogs = True
config.section_('JobType')
config.JobType.pluginName = 'Analysis'
config.JobType.psetName = 'PbPb_2018_cfg.py'
config.section_('Data')
config.Data.splitting = 'LumiBased'
config.Data.outLFNDirBase = '/store/user/bibehera/'
config.Data.secondaryInputDataset = '/IonPhysics2/OORun2025-PromptReco-v1/MINIAOD'
config.Data.publication = False
config.Data.inputDBS = 'phys03'
config.Data.inputDataset = '/IonPhysics2/bibehera-2pc_OO_V0_IP2-ca42279dfc2dce710b3991c24f27a617/USER'
config.Data.outputDatasetTag = '2pc_OO_V0_uncorr_IP2'
config.Data.totalUnits = -1
config.Data.unitsPerJob = 3
config.Data.lumiMask = 'generated_json.json'
config.section_('Site')
config.Site.storageSite = 'T3_CH_CERNBOX'
config.section_('User')
config.section_('Debug')

DEBUG 2025-09-23 10:51:48.874 UTC: 	 self.config.JobType.psetName: PbPb_2018_cfg.py
INFO 2025-09-23 10:51:48.875 UTC: 	 Importing CMSSW configuration PbPb_2018_cfg.py
INFO 2025-09-23 10:51:51.021 UTC: 	 Finished importing CMSSW configuration PbPb_2018_cfg.py
DEBUG 2025-09-23 10:51:51.021 UTC: 	 Writing CMSSW configuration to /eos/home-b/bibehera/OO_Simfit/CMSSW_15_0_6_patch1/src/Analyzer/RaghuV0Ana/cfg/OO_Data_MINIAOD/crab_2pc_OO_V0_uncorr_IP2/inputs/PSet.py
DEBUG 2025-09-23 10:51:51.110 UTC: 	 The following EDM output files will be collected: []
DEBUG 2025-09-23 10:51:51.110 UTC: 	 The following TFile output files will be collected: ['V0_test_IM.root']
DEBUG 2025-09-23 10:51:51.110 UTC: 	 The following user output files (not listed as PoolOuputModule or TFileService in the CMSSW PSet) will be collected: 
DEBUG 2025-09-23 10:51:51.110 UTC: 	 Loading required information from the environment
DEBUG 2025-09-23 10:51:51.110 UTC: 	 Found CMSSW_15_0_6_patch1 for el9_amd64_gcc12 with base /eos/home-b/bibehera/OO_Simfit/CMSSW_15_0_6_patch1
DEBUG 2025-09-23 10:51:51.110 UTC: 	 Making tarball in /eos/home-b/bibehera/OO_Simfit/CMSSW_15_0_6_patch1/src/Analyzer/RaghuV0Ana/cfg/OO_Data_MINIAOD/crab_2pc_OO_V0_uncorr_IP2/inputs/d2a18d60-2c79-44e6-b92c-52cfb9c6cfeedefault.tgz
DEBUG 2025-09-23 10:51:51.112 UTC: 	 Checking directory /eos/home-b/bibehera/OO_Simfit/CMSSW_15_0_6_patch1/bin
DEBUG 2025-09-23 10:51:51.112 UTC: 	 Adding directory /eos/home-b/bibehera/OO_Simfit/CMSSW_15_0_6_patch1/bin to tarball
DEBUG 2025-09-23 10:51:51.127 UTC: 	 Checking directory /eos/home-b/bibehera/OO_Simfit/CMSSW_15_0_6_patch1/python
DEBUG 2025-09-23 10:51:51.127 UTC: 	 Adding directory /eos/home-b/bibehera/OO_Simfit/CMSSW_15_0_6_patch1/python to tarball
DEBUG 2025-09-23 10:51:51.315 UTC: 	 Checking directory /eos/home-b/bibehera/OO_Simfit/CMSSW_15_0_6_patch1/cfipython
DEBUG 2025-09-23 10:51:51.315 UTC: 	 Adding directory /eos/home-b/bibehera/OO_Simfit/CMSSW_15_0_6_patch1/cfipython to tarball
DEBUG 2025-09-23 10:51:51.776 UTC: 	 Checking directory /eos/home-b/bibehera/OO_Simfit/CMSSW_15_0_6_patch1/lib
DEBUG 2025-09-23 10:51:51.776 UTC: 	 Adding directory /eos/home-b/bibehera/OO_Simfit/CMSSW_15_0_6_patch1/lib to tarball
DEBUG 2025-09-23 10:51:52.239 UTC: 	 Checking directory /eos/home-b/bibehera/OO_Simfit/CMSSW_15_0_6_patch1/biglib
DEBUG 2025-09-23 10:51:52.239 UTC: 	 Adding directory /eos/home-b/bibehera/OO_Simfit/CMSSW_15_0_6_patch1/biglib to tarball
DEBUG 2025-09-23 10:51:52.248 UTC: 	 Checking directory /eos/home-b/bibehera/OO_Simfit/CMSSW_15_0_6_patch1/module
DEBUG 2025-09-23 10:51:52.249 UTC: 	 Checking directory /eos/home-b/bibehera/OO_Simfit/CMSSW_15_0_6_patch1/config/SCRAM/hooks
DEBUG 2025-09-23 10:51:52.249 UTC: 	 Adding directory /eos/home-b/bibehera/OO_Simfit/CMSSW_15_0_6_patch1/config/SCRAM/hooks to tarball
DEBUG 2025-09-23 10:51:54.369 UTC: 	 Adding directory /eos/home-b/bibehera/OO_Simfit/CMSSW_15_0_6_patch1/src/Analyzer/RaghuV0Ana/data to tarball
DEBUG 2025-09-23 10:51:55.347 UTC: 	 Adding directory /eos/home-b/bibehera/OO_Simfit/CMSSW_15_0_6_patch1/src/Analyzer/RaghuV0Ana/interface to tarball
DEBUG 2025-09-23 10:51:55.425 UTC: 	 Adding directory /eos/home-b/bibehera/OO_Simfit/CMSSW_15_0_6_patch1/src/Analyzer/RaghuV0Ana/python to tarball
DEBUG 2025-09-23 10:51:55.486 UTC: 	 Adding directory /eos/home-b/bibehera/OO_Simfit/CMSSW_15_0_6_patch1/src/HeavyIonsAnalysis/Configuration/data to tarball
DEBUG 2025-09-23 10:51:56.175 UTC: 	 Adding directory /eos/home-b/bibehera/OO_Simfit/CMSSW_15_0_6_patch1/src/HeavyIonsAnalysis/Configuration/python to tarball
DEBUG 2025-09-23 10:51:56.254 UTC: 	 Adding directory /eos/home-b/bibehera/OO_Simfit/CMSSW_15_0_6_patch1/src/HeavyIonsAnalysis/EGMAnalysis/data to tarball
DEBUG 2025-09-23 10:51:56.507 UTC: 	 Adding directory /eos/home-b/bibehera/OO_Simfit/CMSSW_15_0_6_patch1/src/HeavyIonsAnalysis/EGMAnalysis/interface to tarball
DEBUG 2025-09-23 10:51:56.531 UTC: 	 Adding directory /eos/home-b/bibehera/OO_Simfit/CMSSW_15_0_6_patch1/src/HeavyIonsAnalysis/EGMAnalysis/python to tarball
DEBUG 2025-09-23 10:51:56.570 UTC: 	 Adding directory /eos/home-b/bibehera/OO_Simfit/CMSSW_15_0_6_patch1/src/HeavyIonsAnalysis/EventAnalysis/python to tarball
DEBUG 2025-09-23 10:51:56.754 UTC: 	 Adding directory /eos/home-b/bibehera/OO_Simfit/CMSSW_15_0_6_patch1/src/HeavyIonsAnalysis/JetAnalysis/interface to tarball
DEBUG 2025-09-23 10:51:56.778 UTC: 	 Adding directory /eos/home-b/bibehera/OO_Simfit/CMSSW_15_0_6_patch1/src/HeavyIonsAnalysis/JetAnalysis/python to tarball
DEBUG 2025-09-23 10:51:56.908 UTC: 	 Adding directory /eos/home-b/bibehera/OO_Simfit/CMSSW_15_0_6_patch1/src/HeavyIonsAnalysis/MuonAnalysis/interface to tarball
DEBUG 2025-09-23 10:51:56.935 UTC: 	 Adding directory /eos/home-b/bibehera/OO_Simfit/CMSSW_15_0_6_patch1/src/HeavyIonsAnalysis/MuonAnalysis/python to tarball
DEBUG 2025-09-23 10:51:56.965 UTC: 	 Adding directory /eos/home-b/bibehera/OO_Simfit/CMSSW_15_0_6_patch1/src/HeavyIonsAnalysis/TrackAnalysis/interface to tarball
DEBUG 2025-09-23 10:51:56.975 UTC: 	 Adding directory /eos/home-b/bibehera/OO_Simfit/CMSSW_15_0_6_patch1/src/HeavyIonsAnalysis/TrackAnalysis/python to tarball
DEBUG 2025-09-23 10:51:57.088 UTC: 	 Adding directory /eos/home-b/bibehera/OO_Simfit/CMSSW_15_0_6_patch1/src/HeavyIonsAnalysis/VertexAnalysis/python to tarball
DEBUG 2025-09-23 10:51:57.115 UTC: 	 Adding directory /eos/home-b/bibehera/OO_Simfit/CMSSW_15_0_6_patch1/src/HeavyIonsAnalysis/ZDCAnalysis/python to tarball
DEBUG 2025-09-23 10:51:57.251 UTC: 	 Uploading archive /eos/home-b/bibehera/OO_Simfit/CMSSW_15_0_6_patch1/src/Analyzer/RaghuV0Ana/cfg/OO_Data_MINIAOD/crab_2pc_OO_V0_uncorr_IP2/inputs/d2a18d60-2c79-44e6-b92c-52cfb9c6cfeedefault.tgz (3.180664.1 MB) to the CRAB cache. Using URI https://cmsweb.cern.ch/S3/crabcache_prod
DEBUG 2025-09-23 10:51:58.111 UTC: 	 Encoded data for curl request: subresource=upload&objecttype=sandbox&tarballname=37d5bb9ded59ab0e79632fda2c1c467890aef3e1690e7e295465bdee745c47c8.tar.gz
DEBUG 2025-09-23 10:51:58.174 UTC: 	 Will execute:
curl -f -v -X POST  -H "User-Agent: CRAB" -F "key=bibehera/sandboxes/37d5bb9ded59ab0e79632fda2c1c467890aef3e1690e7e295465bdee745c47c8.tar.gz" -F "AWSAccessKeyId=715203df6482458ba839e73e6dab634b" -F "policy=eyJleHBpcmF0aW9uIjogIjIwMjUtMDktMjNUMTE6NTE6NThaIiwgImNvbmRpdGlvbnMiOiBbeyJidWNrZXQiOiAiY3JhYmNhY2hlX3Byb2QifSwgeyJrZXkiOiAiYmliZWhlcmEvc2FuZGJveGVzLzM3ZDViYjlkZWQ1OWFiMGU3OTYzMmZkYTJjMWM0Njc4OTBhZWYzZTE2OTBlN2UyOTU0NjViZGVlNzQ1YzQ3YzgudGFyLmd6In1dfQ==" -F "signature=FNhqITbrLciUVaA6K/x0D+fOg2s=" -F "file=@/eos/home-b/bibehera/OO_Simfit/CMSSW_15_0_6_patch1/src/Analyzer/RaghuV0Ana/cfg/OO_Data_MINIAOD/crab_2pc_OO_V0_uncorr_IP2/inputs/d2a18d60-2c79-44e6-b92c-52cfb9c6cfeedefault.tgz" "https://s3.cern.ch/crabcache_prod"
DEBUG 2025-09-23 10:51:59.296 UTC: 	 exitcode: 0
stdout: b''
DEBUG 2025-09-23 10:51:59.296 UTC: 	 upload to S3 of sandbox /eos/home-b/bibehera/OO_Simfit/CMSSW_15_0_6_patch1/src/Analyzer/RaghuV0Ana/cfg/OO_Data_MINIAOD/crab_2pc_OO_V0_uncorr_IP2/inputs/d2a18d60-2c79-44e6-b92c-52cfb9c6cfeedefault.tgz completed
DEBUG 2025-09-23 10:51:59.296 UTC: 	 make sure that object is ready for retrieve
DEBUG 2025-09-23 10:52:00.297 UTC: 	 Encoded data for curl request: subresource=download&objecttype=sandbox&tarballname=37d5bb9ded59ab0e79632fda2c1c467890aef3e1690e7e295465bdee745c47c8.tar.gz&clientmethod=head_object
DEBUG 2025-09-23 10:52:00.388 UTC: 	 PreSignedUrl to download sandbox received OK
DEBUG 2025-09-23 10:52:00.392 UTC: 	 Will execute:
 curl -v -s -f -o /dev/null --head  "https://s3.cern.ch/crabcache_prod/bibehera/sandboxes/37d5bb9ded59ab0e79632fda2c1c467890aef3e1690e7e295465bdee745c47c8.tar.gz?AWSAccessKeyId=715203df6482458ba839e73e6dab634b&Signature=lIn8igDZAoIHd4bCF%2Fr9i9C%2FL6Q%3D&Expires=1758628320"
DEBUG 2025-09-23 10:52:00.447 UTC: 	 exitcode: 0
stdout: b''
DEBUG 2025-09-23 10:52:00.447 UTC: 	 sandbox /eos/home-b/bibehera/OO_Simfit/CMSSW_15_0_6_patch1/src/Analyzer/RaghuV0Ana/cfg/OO_Data_MINIAOD/crab_2pc_OO_V0_uncorr_IP2/inputs/d2a18d60-2c79-44e6-b92c-52cfb9c6cfeedefault.tgz successfully uploaded to S3
DEBUG 2025-09-23 10:52:00.447 UTC: 	 Loading required information from the environment
DEBUG 2025-09-23 10:52:00.447 UTC: 	 Found CMSSW_15_0_6_patch1 for el9_amd64_gcc12 with base /eos/home-b/bibehera/OO_Simfit/CMSSW_15_0_6_patch1
DEBUG 2025-09-23 10:52:00.447 UTC: 	 Making tarball in /eos/home-b/bibehera/OO_Simfit/CMSSW_15_0_6_patch1/src/Analyzer/RaghuV0Ana/cfg/OO_Data_MINIAOD/crab_2pc_OO_V0_uncorr_IP2/inputs/debugFiles.tgz
DEBUG 2025-09-23 10:52:00.457 UTC: 	 Uploading archive /eos/home-b/bibehera/OO_Simfit/CMSSW_15_0_6_patch1/src/Analyzer/RaghuV0Ana/cfg/OO_Data_MINIAOD/crab_2pc_OO_V0_uncorr_IP2/inputs/debugFiles.tgz (3 KB) to the CRAB cache. Using URI https://cmsweb.cern.ch/S3/crabcache_prod
DEBUG 2025-09-23 10:52:00.463 UTC: 	 Encoded data for curl request: subresource=upload&objecttype=sandbox&tarballname=be409ece58e56eae39df3c60f1d7ecc5cec358aeeb88da25cd17bc31bd661569.tar.gz
DEBUG 2025-09-23 10:52:00.518 UTC: 	 Will execute:
curl -f -v -X POST  -H "User-Agent: CRAB" -F "key=bibehera/sandboxes/be409ece58e56eae39df3c60f1d7ecc5cec358aeeb88da25cd17bc31bd661569.tar.gz" -F "AWSAccessKeyId=715203df6482458ba839e73e6dab634b" -F "policy=eyJleHBpcmF0aW9uIjogIjIwMjUtMDktMjNUMTE6NTI6MDBaIiwgImNvbmRpdGlvbnMiOiBbeyJidWNrZXQiOiAiY3JhYmNhY2hlX3Byb2QifSwgeyJrZXkiOiAiYmliZWhlcmEvc2FuZGJveGVzL2JlNDA5ZWNlNThlNTZlYWUzOWRmM2M2MGYxZDdlY2M1Y2VjMzU4YWVlYjg4ZGEyNWNkMTdiYzMxYmQ2NjE1NjkudGFyLmd6In1dfQ==" -F "signature=nSEOuNBnOA0az9w6Q6875MeebCo=" -F "file=@/eos/home-b/bibehera/OO_Simfit/CMSSW_15_0_6_patch1/src/Analyzer/RaghuV0Ana/cfg/OO_Data_MINIAOD/crab_2pc_OO_V0_uncorr_IP2/inputs/debugFiles.tgz" "https://s3.cern.ch/crabcache_prod"
DEBUG 2025-09-23 10:52:00.568 UTC: 	 exitcode: 0
stdout: b''
DEBUG 2025-09-23 10:52:00.568 UTC: 	 upload to S3 of sandbox /eos/home-b/bibehera/OO_Simfit/CMSSW_15_0_6_patch1/src/Analyzer/RaghuV0Ana/cfg/OO_Data_MINIAOD/crab_2pc_OO_V0_uncorr_IP2/inputs/debugFiles.tgz completed
DEBUG 2025-09-23 10:52:00.568 UTC: 	 make sure that object is ready for retrieve
DEBUG 2025-09-23 10:52:01.570 UTC: 	 Encoded data for curl request: subresource=download&objecttype=sandbox&tarballname=be409ece58e56eae39df3c60f1d7ecc5cec358aeeb88da25cd17bc31bd661569.tar.gz&clientmethod=head_object
DEBUG 2025-09-23 10:52:01.622 UTC: 	 PreSignedUrl to download sandbox received OK
DEBUG 2025-09-23 10:52:01.627 UTC: 	 Will execute:
 curl -v -s -f -o /dev/null --head  "https://s3.cern.ch/crabcache_prod/bibehera/sandboxes/be409ece58e56eae39df3c60f1d7ecc5cec358aeeb88da25cd17bc31bd661569.tar.gz?AWSAccessKeyId=715203df6482458ba839e73e6dab634b&Signature=uIlEC3awe0JKF5%2FYCoifXUGtoWI%3D&Expires=1758628321"
DEBUG 2025-09-23 10:52:01.660 UTC: 	 exitcode: 0
stdout: b''
DEBUG 2025-09-23 10:52:01.660 UTC: 	 sandbox /eos/home-b/bibehera/OO_Simfit/CMSSW_15_0_6_patch1/src/Analyzer/RaghuV0Ana/cfg/OO_Data_MINIAOD/crab_2pc_OO_V0_uncorr_IP2/inputs/debugFiles.tgz successfully uploaded to S3
DEBUG 2025-09-23 10:52:01.660 UTC: 	 Result uploading input files: 37d5bb9ded59ab0e79632fda2c1c467890aef3e1690e7e295465bdee745c47c8.tar.gz 
DEBUG 2025-09-23 10:52:01.660 UTC: 	 Attaching lumi mask generated_json.json to the request
DEBUG 2025-09-23 10:52:01.660 UTC: 	 Reading lumi-mask from generated_json.json
DEBUG 2025-09-23 10:52:01.685 UTC: 	 submit() - self.configuration from WMCore.Configuration import Configuration
config = Configuration()
config.section_('General')
config.General.transferOutputs = True
config.General.workArea = 'OO_Data_MINIAOD'
config.General.requestName = '2pc_OO_V0_uncorr_IP2'
config.General.transferLogs = True
config.section_('JobType')
config.JobType.pluginName = 'Analysis'
config.JobType.psetName = 'PbPb_2018_cfg.py'
config.section_('Data')
config.Data.splitting = 'LumiBased'
config.Data.outLFNDirBase = '/store/user/bibehera/'
config.Data.secondaryInputDataset = '/IonPhysics2/OORun2025-PromptReco-v1/MINIAOD'
config.Data.publication = False
config.Data.inputDBS = 'phys03'
config.Data.inputDataset = '/IonPhysics2/bibehera-2pc_OO_V0_IP2-ca42279dfc2dce710b3991c24f27a617/USER'
config.Data.outputDatasetTag = '2pc_OO_V0_uncorr_IP2'
config.Data.totalUnits = -1
config.Data.unitsPerJob = 3
config.Data.lumiMask = 'generated_json.json'
config.section_('Site')
config.Site.storageSite = 'T3_CH_CERNBOX'
config.section_('User')
config.section_('Debug')

DEBUG 2025-09-23 10:52:01.685 UTC: 	 submit() - self.configreq {'dryrun': 0, 'workflow': 'crab_2pc_OO_V0_uncorr_IP2', 'saveoutput': 1, 'savelogsflag': 1, 'inputdata': '/IonPhysics2/bibehera-2pc_OO_V0_IP2-ca42279dfc2dce710b3991c24f27a617/USER', 'nonvaliddata': 0, 'userfiles': [], 'dbsurl': 'https://cmsweb.cern.ch/dbs/prod/phys03/DBSReader', 'useparent': 0, 'secondarydata': '/IonPhysics2/OORun2025-PromptReco-v1/MINIAOD', 'ignorelocality': 0, 'splitalgo': 'LumiBased', 'algoargs': 3, 'totalunits': -1, 'lfn': '/store/user/bibehera/', 'publication': 0, 'publishdbsurl': 'https://cmsweb.cern.ch/dbs/prod/phys03/DBSWriter', 'publishname2': '2pc_OO_V0_uncorr_IP2', 'jobtype': 'Analysis', 'generator': 'pythia', 'addoutputfiles': [], 'maxjobruntime': 1250, 'numcores': 1, 'maxmemory': 2000, 'priority': 10, 'nonprodsw': 0, 'asyncdest': 'T3_CH_CERNBOX', 'requireaccelerator': 0, 'oneEventMode': 0, 'extrajdl': [], 'ignoreglobalblacklist': 0, 'partialdataset': 0, 'inputblocks': []}
DEBUG 2025-09-23 10:52:01.685 UTC: 	 submit() - jobconfig {'addoutputfiles': [], 'tfileoutfiles': ['V0_test_IM.root'], 'edmoutfiles': [], 'jobarch': 'el9_amd64_gcc12', 'jobminuarch': 'x86-64-v3', 'jobsw': 'CMSSW_15_0_6_patch1', 'inputdata': '/IonPhysics2/bibehera-2pc_OO_V0_IP2-ca42279dfc2dce710b3991c24f27a617/USER', 'cacheurl': 'https://cmsweb.cern.ch/S3/crabcache_prod', 'cachefilename': '37d5bb9ded59ab0e79632fda2c1c467890aef3e1690e7e295465bdee745c47c8.tar.gz', 'debugfilename': 'be409ece58e56eae39df3c60f1d7ecc5cec358aeeb88da25cd17bc31bd661569.tar.gz', 'runs': ['394153', '394154', '394169', '394175', '394183', '394184', '394185', '394186', '394187', '394188', '394189', '394204', '394209', '394217'], 'lumis': ['40,169', '1,886', '39,997', '47,988', '15,239', '1,667', '1,3', '1,15', '1,1', '1,107', '1,72', '38,932', '23,1209', '41,838'], 'jobtype': 'Analysis'}
INFO 2025-09-23 10:52:01.685 UTC: 	 Sending the request to the server at cmsweb.cern.ch
DEBUG 2025-09-23 10:52:01.685 UTC: 	 Submitting {'dryrun': 0, 'workflow': 'crab_2pc_OO_V0_uncorr_IP2', 'saveoutput': 1, 'savelogsflag': 1, 'inputdata': '/IonPhysics2/bibehera-2pc_OO_V0_IP2-ca42279dfc2dce710b3991c24f27a617/USER', 'nonvaliddata': 0, 'userfiles': [], 'dbsurl': 'https://cmsweb.cern.ch/dbs/prod/phys03/DBSReader', 'useparent': 0, 'secondarydata': '/IonPhysics2/OORun2025-PromptReco-v1/MINIAOD', 'ignorelocality': 0, 'splitalgo': 'LumiBased', 'algoargs': 3, 'totalunits': -1, 'lfn': '/store/user/bibehera/', 'publication': 0, 'publishdbsurl': 'https://cmsweb.cern.ch/dbs/prod/phys03/DBSWriter', 'publishname2': '2pc_OO_V0_uncorr_IP2', 'jobtype': 'Analysis', 'generator': 'pythia', 'addoutputfiles': [], 'maxjobruntime': 1250, 'numcores': 1, 'maxmemory': 2000, 'priority': 10, 'nonprodsw': 0, 'asyncdest': 'T3_CH_CERNBOX', 'requireaccelerator': 0, 'oneEventMode': 0, 'extrajdl': [], 'ignoreglobalblacklist': 0, 'partialdataset': 0, 'inputblocks': [], 'tfileoutfiles': ['V0_test_IM.root'], 'edmoutfiles': [], 'jobarch': 'el9_amd64_gcc12', 'jobminuarch': 'x86-64-v3', 'jobsw': 'CMSSW_15_0_6_patch1', 'cacheurl': 'https://cmsweb.cern.ch/S3/crabcache_prod', 'cachefilename': '37d5bb9ded59ab0e79632fda2c1c467890aef3e1690e7e295465bdee745c47c8.tar.gz', 'debugfilename': 'be409ece58e56eae39df3c60f1d7ecc5cec358aeeb88da25cd17bc31bd661569.tar.gz', 'runs': ['394153', '394154', '394169', '394175', '394183', '394184', '394185', '394186', '394187', '394188', '394189', '394204', '394209', '394217'], 'lumis': ['40,169', '1,886', '39,997', '47,988', '15,239', '1,667', '1,3', '1,15', '1,1', '1,107', '1,72', '38,932', '23,1209', '41,838']} 
DEBUG 2025-09-23 10:52:01.686 UTC: 	 Encoded data for curl request: dryrun=0&workflow=crab_2pc_OO_V0_uncorr_IP2&saveoutput=1&savelogsflag=1&inputdata=%2FIonPhysics2%2Fbibehera-2pc_OO_V0_IP2-ca42279dfc2dce710b3991c24f27a617%2FUSER&nonvaliddata=0&dbsurl=https%3A%2F%2Fcmsweb.cern.ch%2Fdbs%2Fprod%2Fphys03%2FDBSReader&useparent=0&secondarydata=%2FIonPhysics2%2FOORun2025-PromptReco-v1%2FMINIAOD&ignorelocality=0&splitalgo=LumiBased&algoargs=3&totalunits=-1&lfn=%2Fstore%2Fuser%2Fbibehera%2F&publication=0&publishdbsurl=https%3A%2F%2Fcmsweb.cern.ch%2Fdbs%2Fprod%2Fphys03%2FDBSWriter&publishname2=2pc_OO_V0_uncorr_IP2&jobtype=Analysis&generator=pythia&maxjobruntime=1250&numcores=1&maxmemory=2000&priority=10&nonprodsw=0&asyncdest=T3_CH_CERNBOX&requireaccelerator=0&oneEventMode=0&ignoreglobalblacklist=0&partialdataset=0&jobarch=el9_amd64_gcc12&jobminuarch=x86-64-v3&jobsw=CMSSW_15_0_6_patch1&cacheurl=https%3A%2F%2Fcmsweb.cern.ch%2FS3%2Fcrabcache_prod&cachefilename=37d5bb9ded59ab0e79632fda2c1c467890aef3e1690e7e295465bdee745c47c8.tar.gz&debugfilename=be409ece58e56eae39df3c60f1d7ecc5cec358aeeb88da25cd17bc31bd661569.tar.gz&tfileoutfiles=V0_test_IM.root&runs=394153&runs=394154&runs=394169&runs=394175&runs=394183&runs=394184&runs=394185&runs=394186&runs=394187&runs=394188&runs=394189&runs=394204&runs=394209&runs=394217&lumis=40%2C169&lumis=1%2C886&lumis=39%2C997&lumis=47%2C988&lumis=15%2C239&lumis=1%2C667&lumis=1%2C3&lumis=1%2C15&lumis=1%2C1&lumis=1%2C107&lumis=1%2C72&lumis=38%2C932&lumis=23%2C1209&lumis=41%2C838
DEBUG 2025-09-23 10:52:01.857 UTC: 	 Result: {'result': [{'RequestName': '250923_105201:bibehera_crab_2pc_OO_V0_uncorr_IP2'}]}
INFO 2025-09-23 10:52:01.868 UTC: 	 Success: Your task has been delivered to the prod CRAB3 server.
INFO 2025-09-23 10:52:01.869 UTC: 	 Task name: 250923_105201:bibehera_crab_2pc_OO_V0_uncorr_IP2
INFO 2025-09-23 10:52:01.869 UTC: 	 Project dir: OO_Data_MINIAOD/crab_2pc_OO_V0_uncorr_IP2
INFO 2025-09-23 10:52:01.869 UTC: 	 Please use ' crab status -d OO_Data_MINIAOD/crab_2pc_OO_V0_uncorr_IP2 ' to check how the submission process proceeds.
DEBUG 2025-09-23 10:52:01.870 UTC: 	 About to return
INFO 2025-09-23 10:52:01.896 UTC: 	 Log file is /eos/home-b/bibehera/OO_Simfit/CMSSW_15_0_6_patch1/src/Analyzer/RaghuV0Ana/cfg/OO_Data_MINIAOD/crab_2pc_OO_V0_uncorr_IP2/crab.log
