DEBUG 2026-04-02 20:36:25.747 UTC: 	 CRAB Client version: v3.251020
DEBUG 2026-04-02 20:36:25.747 UTC: 	 Running on: Linux lxplus906.cern.ch 5.14.0-611.26.1.el9_7.x86_64 #1 SMP PREEMPT_DYNAMIC Sat Jan 17 05:14:35 EST 2026 x86_64 x86_64 x86_64 GNU/Linux
DEBUG 2026-04-02 20:36:25.747 UTC: 	 Using SINGULARITY image: el7:x86_64
DEBUG 2026-04-02 20:36:25.747 UTC: 	 Operating System: CentOS Linux 7 (Core)
DEBUG 2026-04-02 20:36:25.747 UTC: 	 Executing command: 'submit'
DEBUG 2026-04-02 20:36:25.754 UTC: 	 Found CRAB cache file /afs/cern.ch/user/s/singhm/.crab3
INFO 2026-04-02 20:36:25.830 UTC: 	 Will use CRAB configuration file crab_config_pPb.py
DEBUG 2026-04-02 20:36:25.830 UTC: 	 Loading CRAB configuration file.
DEBUG 2026-04-02 20:36:25.887 UTC: 	 Will use CRAB plugin ANALYSIS (i.e. will run an analysis job type).
DEBUG 2026-04-02 20:36:26.089 UTC: 	 Checking credentials
DEBUG 2026-04-02 20:36:26.089 UTC: 	 Found proxy file /tmp/x509up_u171505
DEBUG 2026-04-02 20:36:26.089 UTC: 	 Making sure it has proper VOMS extension
DEBUG 2026-04-02 20:36:26.089 UTC: 	 Executing command :
 voms-proxy-info --vo --file /tmp/x509up_u171505
DEBUG 2026-04-02 20:36:26.171 UTC: 	 output : cms

 error: 
 retcode : 0
DEBUG 2026-04-02 20:36:26.171 UTC: 	 Getting proxy life time left
DEBUG 2026-04-02 20:36:26.171 UTC: 	 Executing command :
 voms-proxy-info --actimeleft --timeleft --file /tmp/x509up_u171505
DEBUG 2026-04-02 20:36:26.213 UTC: 	 output : 37978
37978

 error: 
 retcode : 0
DEBUG 2026-04-02 20:36:26.213 UTC: 	 Proxy valid for 10:32:58 hours
DEBUG 2026-04-02 20:36:26.213 UTC: 	 Encoded data for curl request: subresource=delegatedn
DEBUG 2026-04-02 20:36:26.280 UTC: 	 Registering user credentials on myproxy for /DC=ch/DC=cern/OU=Organic Units/OU=Users/CN=cmscrab/CN=(817881|373708)/CN=Robot: cms crab|/DC=ch/DC=cern/OU=Organic Units/OU=Users/CN=crabint1/CN=373708/CN=Robot: CMS CRAB Integration 1
DEBUG 2026-04-02 20:36:26.280 UTC: 	 Executing command :
 voms-proxy-info --identity --file /tmp/x509up_u171505
DEBUG 2026-04-02 20:36:26.314 UTC: 	 output : /DC=ch/DC=cern/OU=Organic Units/OU=Users/CN=singhm/CN=877229/CN=Man Singh

 error: 
 retcode : 0
DEBUG 2026-04-02 20:36:26.314 UTC: 	 Getting myproxy life time left for 17f6891be6269029ef04c8b26e1216e80a5fc23c
DEBUG 2026-04-02 20:36:26.314 UTC: 	 Executing command :
 myproxy-info -s myproxy.cern.ch -l 17f6891be6269029ef04c8b26e1216e80a5fc23c
DEBUG 2026-04-02 20:36:26.712 UTC: 	 output : username: 17f6891be6269029ef04c8b26e1216e80a5fc23c
owner: /DC=ch/DC=cern/OU=Organic Units/OU=Users/CN=singhm/CN=877229/CN=Man Singh
  renewal policy: /DC=ch/DC=cern/OU=Organic Units/OU=Users/CN=cmscrab/CN=(817881|373708)/CN=Robot: cms crab|/DC=ch/DC=cern/OU=Organic Units/OU=Users/CN=crabint1/CN=373708/CN=Robot: CMS CRAB Integration 1
  trusted retrieval policy: /DC=ch/DC=cern/OU=Organic Units/OU=Users/CN=cmscrab/CN=(817881|373708)/CN=Robot: cms crab|/DC=ch/DC=cern/OU=Organic Units/OU=Users/CN=crabint1/CN=373708/CN=Robot: CMS CRAB Integration 1
  timeleft: 464:04:11  (19.3 days)

 error: 
 retcode : 0
DEBUG 2026-04-02 20:36:26.712 UTC: 	 Myproxy is valid: 1670640
DEBUG 2026-04-02 20:36:26.712 UTC: 	 Result of myproxy credential check:
  Credential exists on myproxy: username: 17f6891be6269029ef04c8b26e1216e80a5fc23c  - validity: 19 days, 8:04:00
DEBUG 2026-04-02 20:36:26.713 UTC: 	 Command use: submit
DEBUG 2026-04-02 20:36:26.713 UTC: 	 Options use: ['-c', 'crab_config_pPb.py']
DEBUG 2026-04-02 20:36:26.713 UTC: 	 Encoded data for curl request: subresource=version
DEBUG 2026-04-02 20:36:26.790 UTC: 	 CRABClient version: v3.251020
DEBUG 2026-04-02 20:36:26.790 UTC: 	 Instance is prod
DEBUG 2026-04-02 20:36:26.791 UTC: 	 Server base url is cmsweb.cern.ch
DEBUG 2026-04-02 20:36:26.791 UTC: 	 Command api workflow
DEBUG 2026-04-02 20:36:26.791 UTC: 	 Started submission
DEBUG 2026-04-02 20:36:26.791 UTC: 	 Working on /eos/home-s/singhm/OO_invM/CMSSW_8_0_24/src/Analyzer/RaghuV0Ana/cfg/pPb_Data_AOD/crab_2pc_corr_ch_jpsi_in_pPb_20260402_v69_dataset1_flow_HM
DEBUG 2026-04-02 20:36:26.910 UTC: 	 Loading required information from the environment
DEBUG 2026-04-02 20:36:26.910 UTC: 	 Found CMSSW_8_0_24 for slc7_amd64_gcc530 with base /eos/home-s/singhm/OO_invM/CMSSW_8_0_24
DEBUG 2026-04-02 20:36:26.910 UTC: 	 Loading required information from the environment
DEBUG 2026-04-02 20:36:26.910 UTC: 	 Found CMSSW_8_0_24 for slc7_amd64_gcc530 with base /eos/home-s/singhm/OO_invM/CMSSW_8_0_24
DEBUG 2026-04-02 20:36:26.910 UTC: 	 UNIQUE NAME: tarUUID e833c623-8a5a-40f1-aa2c-b8d82c737e54 
DEBUG 2026-04-02 20:36:26.910 UTC: 	 self.config: from WMCore.Configuration import Configuration
config = Configuration()
config.section_('General')
config.General.transferLogs = True
config.General.transferOutputs = True
config.General.workArea = 'pPb_Data_AOD'
config.General.requestName = '2pc_corr_ch_jpsi_in_pPb_20260402_v69_dataset1_flow_HM'
config.section_('JobType')
config.JobType.psetName = 'pPb_2016_cfg_Corr_backupWithHLT.py'
config.JobType.pluginName = 'Analysis'
config.JobType.maxMemoryMB = 3000
config.section_('Data')
config.Data.inputDataset = '/PAHighMultiplicity1/singhm-JPsi_HiSkim_pPb_2016_v2-dba4c57409660a317caeae325a670af0/USER'
config.Data.outputDatasetTag = '2pc_corr_ch_jpsi_in_pPb_20260402_v69_dataset1_flow_HM'
config.Data.totalUnits = -1
config.Data.lumiMask = 'pPb_Collisions16_JSON.txt'
config.Data.unitsPerJob = 4
config.Data.inputDBS = 'phys03'
config.Data.splitting = 'LumiBased'
config.Data.outLFNDirBase = '/store/group/phys_heavyions/singhm/OO_Man/2pc_corr_pPb'
config.Data.secondaryInputDataset = '/PAHighMultiplicity1/PARun2016C-PromptReco-v1/AOD'
config.Data.publication = False
config.section_('Site')
config.Site.storageSite = 'T2_CH_CERN'
config.section_('User')
config.section_('Debug')

DEBUG 2026-04-02 20:36:26.910 UTC: 	 self.config.JobType.psetName: pPb_2016_cfg_Corr_backupWithHLT.py
INFO 2026-04-02 20:36:26.911 UTC: 	 Importing CMSSW configuration pPb_2016_cfg_Corr_backupWithHLT.py
INFO 2026-04-02 20:36:28.557 UTC: 	 Finished importing CMSSW configuration pPb_2016_cfg_Corr_backupWithHLT.py
DEBUG 2026-04-02 20:36:28.558 UTC: 	 Writing CMSSW configuration to /eos/home-s/singhm/OO_invM/CMSSW_8_0_24/src/Analyzer/RaghuV0Ana/cfg/pPb_Data_AOD/crab_2pc_corr_ch_jpsi_in_pPb_20260402_v69_dataset1_flow_HM/inputs/PSet.py
DEBUG 2026-04-02 20:36:28.671 UTC: 	 The following EDM output files will be collected: []
DEBUG 2026-04-02 20:36:28.671 UTC: 	 The following TFile output files will be collected: ['cent_pPb_flow_jpsi.root']
DEBUG 2026-04-02 20:36:28.671 UTC: 	 The following user output files (not listed as PoolOuputModule or TFileService in the CMSSW PSet) will be collected: 
DEBUG 2026-04-02 20:36:28.671 UTC: 	 Loading required information from the environment
DEBUG 2026-04-02 20:36:28.671 UTC: 	 Found CMSSW_8_0_24 for slc7_amd64_gcc530 with base /eos/home-s/singhm/OO_invM/CMSSW_8_0_24
DEBUG 2026-04-02 20:36:28.671 UTC: 	 Making tarball in /eos/home-s/singhm/OO_invM/CMSSW_8_0_24/src/Analyzer/RaghuV0Ana/cfg/pPb_Data_AOD/crab_2pc_corr_ch_jpsi_in_pPb_20260402_v69_dataset1_flow_HM/inputs/e833c623-8a5a-40f1-aa2c-b8d82c737e54default.tgz
DEBUG 2026-04-02 20:36:28.714 UTC: 	 Checking directory /eos/home-s/singhm/OO_invM/CMSSW_8_0_24/bin
DEBUG 2026-04-02 20:36:28.714 UTC: 	 Adding directory /eos/home-s/singhm/OO_invM/CMSSW_8_0_24/bin to tarball
DEBUG 2026-04-02 20:36:28.732 UTC: 	 Checking directory /eos/home-s/singhm/OO_invM/CMSSW_8_0_24/python
DEBUG 2026-04-02 20:36:28.732 UTC: 	 Adding directory /eos/home-s/singhm/OO_invM/CMSSW_8_0_24/python to tarball
DEBUG 2026-04-02 20:36:29.172 UTC: 	 Checking directory /eos/home-s/singhm/OO_invM/CMSSW_8_0_24/cfipython
DEBUG 2026-04-02 20:36:29.173 UTC: 	 Adding directory /eos/home-s/singhm/OO_invM/CMSSW_8_0_24/cfipython to tarball
DEBUG 2026-04-02 20:36:29.206 UTC: 	 Checking directory /eos/home-s/singhm/OO_invM/CMSSW_8_0_24/lib
DEBUG 2026-04-02 20:36:29.206 UTC: 	 Adding directory /eos/home-s/singhm/OO_invM/CMSSW_8_0_24/lib to tarball
DEBUG 2026-04-02 20:36:29.316 UTC: 	 Checking directory /eos/home-s/singhm/OO_invM/CMSSW_8_0_24/biglib
DEBUG 2026-04-02 20:36:29.316 UTC: 	 Adding directory /eos/home-s/singhm/OO_invM/CMSSW_8_0_24/biglib to tarball
DEBUG 2026-04-02 20:36:29.333 UTC: 	 Checking directory /eos/home-s/singhm/OO_invM/CMSSW_8_0_24/module
DEBUG 2026-04-02 20:36:29.335 UTC: 	 Checking directory /eos/home-s/singhm/OO_invM/CMSSW_8_0_24/config/SCRAM/hooks
DEBUG 2026-04-02 20:36:51.699 UTC: 	 Adding directory /eos/home-s/singhm/OO_invM/CMSSW_8_0_24/src/Analyzer/RaghuV0Ana/data to tarball
DEBUG 2026-04-02 20:36:53.416 UTC: 	 Adding directory /eos/home-s/singhm/OO_invM/CMSSW_8_0_24/src/Analyzer/RaghuV0Ana/interface to tarball
DEBUG 2026-04-02 20:36:53.468 UTC: 	 Adding directory /eos/home-s/singhm/OO_invM/CMSSW_8_0_24/src/Analyzer/RaghuV0Ana/python to tarball
DEBUG 2026-04-02 20:36:53.549 UTC: 	 Adding directory /eos/home-s/singhm/OO_invM/CMSSW_8_0_24/src/HeavyIonsAnalysis/Configuration/data to tarball
DEBUG 2026-04-02 20:36:53.600 UTC: 	 Adding directory /eos/home-s/singhm/OO_invM/CMSSW_8_0_24/src/HeavyIonsAnalysis/Configuration/python to tarball
DEBUG 2026-04-02 20:36:53.722 UTC: 	 Adding directory /eos/home-s/singhm/OO_invM/CMSSW_8_0_24/src/HeavyIonsAnalysis/VertexAnalysis/interface to tarball
DEBUG 2026-04-02 20:36:53.735 UTC: 	 Adding directory /eos/home-s/singhm/OO_invM/CMSSW_8_0_24/src/HeavyIonsAnalysis/VertexAnalysis/python to tarball
DEBUG 2026-04-02 20:36:53.873 UTC: 	 Uploading archive /eos/home-s/singhm/OO_invM/CMSSW_8_0_24/src/Analyzer/RaghuV0Ana/cfg/pPb_Data_AOD/crab_2pc_corr_ch_jpsi_in_pPb_20260402_v69_dataset1_flow_HM/inputs/e833c623-8a5a-40f1-aa2c-b8d82c737e54default.tgz (3.122070.1 MB) to the CRAB cache.
DEBUG 2026-04-02 20:36:54.488 UTC: 	 Encoded data for curl request: tarballname=8f98ceb0f28d022eac2e3e36c896d1a5b941b24ca58712d75bae6afd640a3903.tar.gz&subresource=upload&objecttype=sandbox
DEBUG 2026-04-02 20:36:54.633 UTC: 	 Will execute:
curl -f -v -X POST  -H "User-Agent: CRAB" -F "key=singhm/sandboxes/8f98ceb0f28d022eac2e3e36c896d1a5b941b24ca58712d75bae6afd640a3903.tar.gz" -F "AWSAccessKeyId=715203df6482458ba839e73e6dab634b" -F "policy=eyJleHBpcmF0aW9uIjogIjIwMjYtMDQtMDJUMjE6MzY6NTRaIiwgImNvbmRpdGlvbnMiOiBbeyJidWNrZXQiOiAiY3JhYmNhY2hlX3Byb2QifSwgeyJrZXkiOiAic2luZ2htL3NhbmRib3hlcy84Zjk4Y2ViMGYyOGQwMjJlYWMyZTNlMzZjODk2ZDFhNWI5NDFiMjRjYTU4NzEyZDc1YmFlNmFmZDY0MGEzOTAzLnRhci5neiJ9XX0=" -F "signature=51+mF/xsqTgp6XNfnTDg8X54opI=" -F "file=@/eos/home-s/singhm/OO_invM/CMSSW_8_0_24/src/Analyzer/RaghuV0Ana/cfg/pPb_Data_AOD/crab_2pc_corr_ch_jpsi_in_pPb_20260402_v69_dataset1_flow_HM/inputs/e833c623-8a5a-40f1-aa2c-b8d82c737e54default.tgz" "https://s3.cern.ch/crabcache_prod"
DEBUG 2026-04-02 20:36:56.041 UTC: 	 exitcode: 0
stdout: 
DEBUG 2026-04-02 20:36:56.041 UTC: 	 upload to S3 of sandbox /eos/home-s/singhm/OO_invM/CMSSW_8_0_24/src/Analyzer/RaghuV0Ana/cfg/pPb_Data_AOD/crab_2pc_corr_ch_jpsi_in_pPb_20260402_v69_dataset1_flow_HM/inputs/e833c623-8a5a-40f1-aa2c-b8d82c737e54default.tgz completed
DEBUG 2026-04-02 20:36:56.041 UTC: 	 make sure that object is ready for retrieve
DEBUG 2026-04-02 20:36:57.042 UTC: 	 Encoded data for curl request: tarballname=8f98ceb0f28d022eac2e3e36c896d1a5b941b24ca58712d75bae6afd640a3903.tar.gz&subresource=download&clientmethod=head_object&objecttype=sandbox
DEBUG 2026-04-02 20:36:57.101 UTC: 	 PreSignedUrl to download sandbox received OK
DEBUG 2026-04-02 20:36:57.105 UTC: 	 Will execute:
 curl -v -s -f -o /dev/null --head  "https://s3.cern.ch/crabcache_prod/singhm/sandboxes/8f98ceb0f28d022eac2e3e36c896d1a5b941b24ca58712d75bae6afd640a3903.tar.gz?AWSAccessKeyId=715203df6482458ba839e73e6dab634b&Signature=CJrkvb7rXzE9xCt4hc7vEioo9UI%3D&Expires=1775165817"
DEBUG 2026-04-02 20:36:57.156 UTC: 	 exitcode: 0
stdout: 
DEBUG 2026-04-02 20:36:57.156 UTC: 	 sandbox /eos/home-s/singhm/OO_invM/CMSSW_8_0_24/src/Analyzer/RaghuV0Ana/cfg/pPb_Data_AOD/crab_2pc_corr_ch_jpsi_in_pPb_20260402_v69_dataset1_flow_HM/inputs/e833c623-8a5a-40f1-aa2c-b8d82c737e54default.tgz successfully uploaded to S3
DEBUG 2026-04-02 20:36:57.156 UTC: 	 Loading required information from the environment
DEBUG 2026-04-02 20:36:57.156 UTC: 	 Found CMSSW_8_0_24 for slc7_amd64_gcc530 with base /eos/home-s/singhm/OO_invM/CMSSW_8_0_24
DEBUG 2026-04-02 20:36:57.157 UTC: 	 Making tarball in /eos/home-s/singhm/OO_invM/CMSSW_8_0_24/src/Analyzer/RaghuV0Ana/cfg/pPb_Data_AOD/crab_2pc_corr_ch_jpsi_in_pPb_20260402_v69_dataset1_flow_HM/inputs/debugFiles.tgz
DEBUG 2026-04-02 20:36:57.186 UTC: 	 Uploading archive /eos/home-s/singhm/OO_invM/CMSSW_8_0_24/src/Analyzer/RaghuV0Ana/cfg/pPb_Data_AOD/crab_2pc_corr_ch_jpsi_in_pPb_20260402_v69_dataset1_flow_HM/inputs/debugFiles.tgz (3 KB) to the CRAB cache.
DEBUG 2026-04-02 20:36:57.198 UTC: 	 Encoded data for curl request: tarballname=3c4cae22d109661845a57973ca367cdda1a27c688c21f9ab924ab683f8bb602d.tar.gz&subresource=upload&objecttype=sandbox
DEBUG 2026-04-02 20:36:57.274 UTC: 	 Will execute:
curl -f -v -X POST  -H "User-Agent: CRAB" -F "key=singhm/sandboxes/3c4cae22d109661845a57973ca367cdda1a27c688c21f9ab924ab683f8bb602d.tar.gz" -F "AWSAccessKeyId=715203df6482458ba839e73e6dab634b" -F "policy=eyJleHBpcmF0aW9uIjogIjIwMjYtMDQtMDJUMjE6MzY6NTdaIiwgImNvbmRpdGlvbnMiOiBbeyJidWNrZXQiOiAiY3JhYmNhY2hlX3Byb2QifSwgeyJrZXkiOiAic2luZ2htL3NhbmRib3hlcy8zYzRjYWUyMmQxMDk2NjE4NDVhNTc5NzNjYTM2N2NkZGExYTI3YzY4OGMyMWY5YWI5MjRhYjY4M2Y4YmI2MDJkLnRhci5neiJ9XX0=" -F "signature=Zsys9y8HakZcQROvstDWVbYgsiI=" -F "file=@/eos/home-s/singhm/OO_invM/CMSSW_8_0_24/src/Analyzer/RaghuV0Ana/cfg/pPb_Data_AOD/crab_2pc_corr_ch_jpsi_in_pPb_20260402_v69_dataset1_flow_HM/inputs/debugFiles.tgz" "https://s3.cern.ch/crabcache_prod"
DEBUG 2026-04-02 20:36:58.321 UTC: 	 exitcode: 0
stdout: 
DEBUG 2026-04-02 20:36:58.321 UTC: 	 upload to S3 of sandbox /eos/home-s/singhm/OO_invM/CMSSW_8_0_24/src/Analyzer/RaghuV0Ana/cfg/pPb_Data_AOD/crab_2pc_corr_ch_jpsi_in_pPb_20260402_v69_dataset1_flow_HM/inputs/debugFiles.tgz completed
DEBUG 2026-04-02 20:36:58.321 UTC: 	 make sure that object is ready for retrieve
DEBUG 2026-04-02 20:36:59.322 UTC: 	 Encoded data for curl request: tarballname=3c4cae22d109661845a57973ca367cdda1a27c688c21f9ab924ab683f8bb602d.tar.gz&subresource=download&clientmethod=head_object&objecttype=sandbox
DEBUG 2026-04-02 20:36:59.378 UTC: 	 PreSignedUrl to download sandbox received OK
DEBUG 2026-04-02 20:36:59.383 UTC: 	 Will execute:
 curl -v -s -f -o /dev/null --head  "https://s3.cern.ch/crabcache_prod/singhm/sandboxes/3c4cae22d109661845a57973ca367cdda1a27c688c21f9ab924ab683f8bb602d.tar.gz?AWSAccessKeyId=715203df6482458ba839e73e6dab634b&Signature=dVvbzIVCG5gXvP2Z8YBSO3reQ%2F0%3D&Expires=1775165819"
DEBUG 2026-04-02 20:36:59.412 UTC: 	 exitcode: 0
stdout: 
DEBUG 2026-04-02 20:36:59.412 UTC: 	 sandbox /eos/home-s/singhm/OO_invM/CMSSW_8_0_24/src/Analyzer/RaghuV0Ana/cfg/pPb_Data_AOD/crab_2pc_corr_ch_jpsi_in_pPb_20260402_v69_dataset1_flow_HM/inputs/debugFiles.tgz successfully uploaded to S3
DEBUG 2026-04-02 20:36:59.412 UTC: 	 Result uploading input files: 8f98ceb0f28d022eac2e3e36c896d1a5b941b24ca58712d75bae6afd640a3903.tar.gz 
DEBUG 2026-04-02 20:36:59.413 UTC: 	 Attaching lumi mask pPb_Collisions16_JSON.txt to the request
DEBUG 2026-04-02 20:36:59.413 UTC: 	 Reading lumi-mask from pPb_Collisions16_JSON.txt
DEBUG 2026-04-02 20:36:59.416 UTC: 	 submit() - self.configuration from WMCore.Configuration import Configuration
config = Configuration()
config.section_('General')
config.General.transferLogs = True
config.General.transferOutputs = True
config.General.workArea = 'pPb_Data_AOD'
config.General.requestName = '2pc_corr_ch_jpsi_in_pPb_20260402_v69_dataset1_flow_HM'
config.section_('JobType')
config.JobType.psetName = 'pPb_2016_cfg_Corr_backupWithHLT.py'
config.JobType.pluginName = 'Analysis'
config.JobType.maxMemoryMB = 3000
config.section_('Data')
config.Data.inputDataset = '/PAHighMultiplicity1/singhm-JPsi_HiSkim_pPb_2016_v2-dba4c57409660a317caeae325a670af0/USER'
config.Data.outputDatasetTag = '2pc_corr_ch_jpsi_in_pPb_20260402_v69_dataset1_flow_HM'
config.Data.totalUnits = -1
config.Data.lumiMask = 'pPb_Collisions16_JSON.txt'
config.Data.unitsPerJob = 4
config.Data.inputDBS = 'phys03'
config.Data.splitting = 'LumiBased'
config.Data.outLFNDirBase = '/store/group/phys_heavyions/singhm/OO_Man/2pc_corr_pPb'
config.Data.secondaryInputDataset = '/PAHighMultiplicity1/PARun2016C-PromptReco-v1/AOD'
config.Data.publication = False
config.section_('Site')
config.Site.storageSite = 'T2_CH_CERN'
config.section_('User')
config.section_('Debug')

DEBUG 2026-04-02 20:36:59.417 UTC: 	 submit() - self.configreq {'maxjobruntime': 1250, 'extrajdl': [], 'lfn': '/store/group/phys_heavyions/singhm/OO_Man/2pc_corr_pPb', 'savelogsflag': 1, 'useparent': 0, 'inputblocks': [], 'asyncdest': 'T2_CH_CERN', 'algoargs': 4, 'numcores': 1, 'addoutputfiles': [], 'generator': 'pythia', 'maxmemory': 3000, 'partialdataset': 0, 'publishdbsurl': 'https://cmsweb.cern.ch/dbs/prod/phys03/DBSWriter', 'priority': 10, 'userfiles': [], 'inputdata': '/PAHighMultiplicity1/singhm-JPsi_HiSkim_pPb_2016_v2-dba4c57409660a317caeae325a670af0/USER', 'ignorelocality': 0, 'dryrun': 0, 'workflow': 'crab_2pc_corr_ch_jpsi_in_pPb_20260402_v69_dataset1_flow_HM', 'secondarydata': '/PAHighMultiplicity1/PARun2016C-PromptReco-v1/AOD', 'nonprodsw': 0, 'oneEventMode': 0, 'saveoutput': 1, 'publication': 0, 'totalunits': -1, 'splitalgo': 'LumiBased', 'ignoreglobalblacklist': 0, 'nonvaliddata': 0, 'dbsurl': 'https://cmsweb.cern.ch/dbs/prod/phys03/DBSReader', 'jobtype': 'Analysis', 'requireaccelerator': 0, 'publishname2': '2pc_corr_ch_jpsi_in_pPb_20260402_v69_dataset1_flow_HM'}
DEBUG 2026-04-02 20:36:59.417 UTC: 	 submit() - jobconfig {'jobminuarch': 'any', 'runs': [u'285479', u'285480', u'285505', u'285517', u'285530', u'285537', u'285538', u'285539', u'285549', u'285684', u'285718', u'285726', u'285750', u'285759', u'285832'], 'lumis': ['1,8', '1,797', '94,528', '96,1572', '67,1540', '73,330', '1,124', '1,751', '112,414', '31,1151', '89,290', '1,481', '1,1239', '64,460', '79,1557'], 'tfileoutfiles': ['cent_pPb_flow_jpsi.root'], 'debugfilename': '3c4cae22d109661845a57973ca367cdda1a27c688c21f9ab924ab683f8bb602d.tar.gz', 'cachefilename': '8f98ceb0f28d022eac2e3e36c896d1a5b941b24ca58712d75bae6afd640a3903.tar.gz', 'jobarch': 'slc7_amd64_gcc530', 'addoutputfiles': [], 'jobsw': 'CMSSW_8_0_24', 'edmoutfiles': [], 'inputdata': '/PAHighMultiplicity1/singhm-JPsi_HiSkim_pPb_2016_v2-dba4c57409660a317caeae325a670af0/USER', 'jobtype': 'Analysis'}
INFO 2026-04-02 20:36:59.417 UTC: 	 Sending the request to the server at cmsweb.cern.ch
DEBUG 2026-04-02 20:36:59.417 UTC: 	 Submitting {'maxjobruntime': 1250, 'jobminuarch': 'any', 'extrajdl': [], 'lfn': '/store/group/phys_heavyions/singhm/OO_Man/2pc_corr_pPb', 'savelogsflag': 1, 'useparent': 0, 'inputblocks': [], 'asyncdest': 'T2_CH_CERN', 'algoargs': 4, 'cachefilename': '8f98ceb0f28d022eac2e3e36c896d1a5b941b24ca58712d75bae6afd640a3903.tar.gz', 'numcores': 1, 'addoutputfiles': [], 'generator': 'pythia', 'maxmemory': 3000, 'partialdataset': 0, 'publishdbsurl': 'https://cmsweb.cern.ch/dbs/prod/phys03/DBSWriter', 'priority': 10, 'jobsw': 'CMSSW_8_0_24', 'edmoutfiles': [], 'userfiles': [], 'inputdata': '/PAHighMultiplicity1/singhm-JPsi_HiSkim_pPb_2016_v2-dba4c57409660a317caeae325a670af0/USER', 'ignorelocality': 0, 'dryrun': 0, 'workflow': 'crab_2pc_corr_ch_jpsi_in_pPb_20260402_v69_dataset1_flow_HM', 'secondarydata': '/PAHighMultiplicity1/PARun2016C-PromptReco-v1/AOD', 'jobarch': 'slc7_amd64_gcc530', 'lumis': ['1,8', '1,797', '94,528', '96,1572', '67,1540', '73,330', '1,124', '1,751', '112,414', '31,1151', '89,290', '1,481', '1,1239', '64,460', '79,1557'], 'nonprodsw': 0, 'tfileoutfiles': ['cent_pPb_flow_jpsi.root'], 'oneEventMode': 0, 'debugfilename': '3c4cae22d109661845a57973ca367cdda1a27c688c21f9ab924ab683f8bb602d.tar.gz', 'saveoutput': 1, 'publication': 0, 'runs': [u'285479', u'285480', u'285505', u'285517', u'285530', u'285537', u'285538', u'285539', u'285549', u'285684', u'285718', u'285726', u'285750', u'285759', u'285832'], 'totalunits': -1, 'splitalgo': 'LumiBased', 'ignoreglobalblacklist': 0, 'nonvaliddata': 0, 'dbsurl': 'https://cmsweb.cern.ch/dbs/prod/phys03/DBSReader', 'jobtype': 'Analysis', 'requireaccelerator': 0, 'publishname2': '2pc_corr_ch_jpsi_in_pPb_20260402_v69_dataset1_flow_HM'} 
DEBUG 2026-04-02 20:36:59.417 UTC: 	 Encoded data for curl request: maxjobruntime=1250&jobminuarch=any&lfn=%2Fstore%2Fgroup%2Fphys_heavyions%2Fsinghm%2FOO_Man%2F2pc_corr_pPb&savelogsflag=1&useparent=0&asyncdest=T2_CH_CERN&algoargs=4&cachefilename=8f98ceb0f28d022eac2e3e36c896d1a5b941b24ca58712d75bae6afd640a3903.tar.gz&numcores=1&generator=pythia&maxmemory=3000&partialdataset=0&publishdbsurl=https%3A%2F%2Fcmsweb.cern.ch%2Fdbs%2Fprod%2Fphys03%2FDBSWriter&priority=10&jobsw=CMSSW_8_0_24&inputdata=%2FPAHighMultiplicity1%2Fsinghm-JPsi_HiSkim_pPb_2016_v2-dba4c57409660a317caeae325a670af0%2FUSER&ignorelocality=0&dryrun=0&workflow=crab_2pc_corr_ch_jpsi_in_pPb_20260402_v69_dataset1_flow_HM&secondarydata=%2FPAHighMultiplicity1%2FPARun2016C-PromptReco-v1%2FAOD&jobarch=slc7_amd64_gcc530&nonprodsw=0&oneEventMode=0&debugfilename=3c4cae22d109661845a57973ca367cdda1a27c688c21f9ab924ab683f8bb602d.tar.gz&saveoutput=1&publication=0&totalunits=-1&splitalgo=LumiBased&ignoreglobalblacklist=0&nonvaliddata=0&dbsurl=https%3A%2F%2Fcmsweb.cern.ch%2Fdbs%2Fprod%2Fphys03%2FDBSReader&jobtype=Analysis&requireaccelerator=0&publishname2=2pc_corr_ch_jpsi_in_pPb_20260402_v69_dataset1_flow_HM&tfileoutfiles=cent_pPb_flow_jpsi.root&runs=285479&runs=285480&runs=285505&runs=285517&runs=285530&runs=285537&runs=285538&runs=285539&runs=285549&runs=285684&runs=285718&runs=285726&runs=285750&runs=285759&runs=285832&lumis=1%2C8&lumis=1%2C797&lumis=94%2C528&lumis=96%2C1572&lumis=67%2C1540&lumis=73%2C330&lumis=1%2C124&lumis=1%2C751&lumis=112%2C414&lumis=31%2C1151&lumis=89%2C290&lumis=1%2C481&lumis=1%2C1239&lumis=64%2C460&lumis=79%2C1557
DEBUG 2026-04-02 20:36:59.731 UTC: 	 Result: {u'result': [{u'RequestName': u'260402_203659:singhm_crab_2pc_corr_ch_jpsi_in_pPb_20260402_v69_dataset1_flow_HM'}]}
INFO 2026-04-02 20:36:59.748 UTC: 	 Success: Your task has been delivered to the prod CRAB3 server.
INFO 2026-04-02 20:36:59.748 UTC: 	 Task name: 260402_203659:singhm_crab_2pc_corr_ch_jpsi_in_pPb_20260402_v69_dataset1_flow_HM
INFO 2026-04-02 20:36:59.748 UTC: 	 Project dir: pPb_Data_AOD/crab_2pc_corr_ch_jpsi_in_pPb_20260402_v69_dataset1_flow_HM
INFO 2026-04-02 20:36:59.748 UTC: 	 Please use ' crab status -d pPb_Data_AOD/crab_2pc_corr_ch_jpsi_in_pPb_20260402_v69_dataset1_flow_HM ' to check how the submission process proceeds.
DEBUG 2026-04-02 20:36:59.748 UTC: 	 About to return
INFO 2026-04-02 20:36:59.776 UTC: 	 Log file is /eos/home-s/singhm/OO_invM/CMSSW_8_0_24/src/Analyzer/RaghuV0Ana/cfg/pPb_Data_AOD/crab_2pc_corr_ch_jpsi_in_pPb_20260402_v69_dataset1_flow_HM/crab.log
