DEBUG 2025-09-01 22:23:32.709 UTC: 	 CRAB Client version: v3.250522
DEBUG 2025-09-01 22:23:32.709 UTC: 	 Running on: Linux lxplus965.cern.ch 5.14.0-570.28.1.el9_6.x86_64 #1 SMP PREEMPT_DYNAMIC Wed Jul 16 02:51:06 EDT 2025 x86_64 x86_64 x86_64 GNU/Linux
DEBUG 2025-09-01 22:23:32.709 UTC: 	 Not using Singularity
DEBUG 2025-09-01 22:23:32.709 UTC: 	 Operating System: Red Hat Enterprise Linux 9.6 (Plow)
DEBUG 2025-09-01 22:23:32.709 UTC: 	 Executing command: 'submit'
DEBUG 2025-09-01 22:23:32.710 UTC: 	 Found CRAB cache file /afs/cern.ch/user/b/bibehera/.crab3
INFO 2025-09-01 22:23:32.714 UTC: 	 Will use CRAB configuration file crab_config2.py
DEBUG 2025-09-01 22:23:32.714 UTC: 	 Loading CRAB configuration file.
DEBUG 2025-09-01 22:23:32.739 UTC: 	 Will use CRAB plugin ANALYSIS (i.e. will run an analysis job type).
DEBUG 2025-09-01 22:23:32.749 UTC: 	 Checking credentials
DEBUG 2025-09-01 22:23:32.749 UTC: 	 Found proxy file /tmp/x509up_u177753
DEBUG 2025-09-01 22:23:32.749 UTC: 	 Making sure it has proper VOMS extension
DEBUG 2025-09-01 22:23:32.749 UTC: 	 Executing command :
 voms-proxy-info --vo --file /tmp/x509up_u177753
DEBUG 2025-09-01 22:23:32.790 UTC: 	 output : cms

 error: 
 retcode : 0
DEBUG 2025-09-01 22:23:32.791 UTC: 	 Getting proxy life time left
DEBUG 2025-09-01 22:23:32.791 UTC: 	 Executing command :
 voms-proxy-info --actimeleft --timeleft --file /tmp/x509up_u177753
DEBUG 2025-09-01 22:23:32.819 UTC: 	 output : 23488
23488

 error: 
 retcode : 0
DEBUG 2025-09-01 22:23:32.819 UTC: 	 Proxy valid for 06:31:28 hours
DEBUG 2025-09-01 22:23:32.819 UTC: 	 Encoded data for curl request: subresource=delegatedn
DEBUG 2025-09-01 22:23:32.900 UTC: 	 Registering user credentials on myproxy for /DC=ch/DC=cern/OU=computers/CN=crab-(preprod|prod)-tw(01|02).cern.ch|/DC=ch/DC=cern/OU=computers/CN=crab-dev-tw(01|02|03|04).cern.ch|/DC=ch/DC=cern/OU=Organic Units/OU=Users/CN=cmscrab/CN=(817881|373708)/CN=Robot: cms crab|/DC=ch/DC=cern/OU=Organic Units/OU=Users/CN=crabint1/CN=373708/CN=Robot: CMS CRAB Integration 1
DEBUG 2025-09-01 22:23:32.900 UTC: 	 Executing command :
 voms-proxy-info --identity --file /tmp/x509up_u177753
DEBUG 2025-09-01 22:23:32.927 UTC: 	 output : /DC=ch/DC=cern/OU=Organic Units/OU=Users/CN=bibehera/CN=882295/CN=Bismita Behera

 error: 
 retcode : 0
DEBUG 2025-09-01 22:23:32.927 UTC: 	 Getting myproxy life time left for bfbdf12a5670e45fdd055ff115afbb0f25b8a072
DEBUG 2025-09-01 22:23:32.927 UTC: 	 Executing command :
 myproxy-info -s myproxy.cern.ch -l bfbdf12a5670e45fdd055ff115afbb0f25b8a072
DEBUG 2025-09-01 22:23:33.199 UTC: 	 output : username: bfbdf12a5670e45fdd055ff115afbb0f25b8a072
owner: /DC=ch/DC=cern/OU=Organic Units/OU=Users/CN=bibehera/CN=882295/CN=Bismita Behera
  renewal policy: /DC=ch/DC=cern/OU=computers/CN=crab-(preprod|prod)-tw(01|02).cern.ch|/DC=ch/DC=cern/OU=computers/CN=crab-dev-tw(01|02|03|04).cern.ch|/DC=ch/DC=cern/OU=Organic Units/OU=Users/CN=cmscrab/CN=(817881|373708)/CN=Robot: cms crab|/DC=ch/DC=cern/OU=Organic Units/OU=Users/CN=crabint1/CN=373708/CN=Robot: CMS CRAB Integration 1
  trusted retrieval policy: /DC=ch/DC=cern/OU=computers/CN=crab-(preprod|prod)-tw(01|02).cern.ch|/DC=ch/DC=cern/OU=computers/CN=crab-dev-tw(01|02|03|04).cern.ch|/DC=ch/DC=cern/OU=Organic Units/OU=Users/CN=cmscrab/CN=(817881|373708)/CN=Robot: cms crab|/DC=ch/DC=cern/OU=Organic Units/OU=Users/CN=crabint1/CN=373708/CN=Robot: CMS CRAB Integration 1
  timeleft: 573:57:34  (23.9 days)

 error: 
 retcode : 0
DEBUG 2025-09-01 22:23:33.199 UTC: 	 Myproxy is valid: 2066220
DEBUG 2025-09-01 22:23:33.199 UTC: 	 Result of myproxy credential check:
  Credential exists on myproxy: username: bfbdf12a5670e45fdd055ff115afbb0f25b8a072  - validity: 23 days, 21:57:00
DEBUG 2025-09-01 22:23:33.199 UTC: 	 Command use: submit
DEBUG 2025-09-01 22:23:33.199 UTC: 	 Options use: ['-c', 'crab_config2.py']
DEBUG 2025-09-01 22:23:33.200 UTC: 	 Encoded data for curl request: subresource=version
DEBUG 2025-09-01 22:23:33.248 UTC: 	 CRABClient version: v3.250522
DEBUG 2025-09-01 22:23:33.248 UTC: 	 Instance is prod
DEBUG 2025-09-01 22:23:33.248 UTC: 	 Server base url is cmsweb.cern.ch
DEBUG 2025-09-01 22:23:33.249 UTC: 	 Command api workflow
DEBUG 2025-09-01 22:23:33.249 UTC: 	 Started submission
DEBUG 2025-09-01 22:23:33.249 UTC: 	 Working on /eos/home-b/bibehera/OO_Simfit/CMSSW_15_0_6_patch1/src/Analyzer/RaghuV0Ana/cfg/OO_Data_MINIAOD/crab_2pc_OO_V0_invmass_IP6
DEBUG 2025-09-01 22:23:33.249 UTC: 	 Encoded data for curl request: subresource=backendurls
DEBUG 2025-09-01 22:23:33.322 UTC: 	 Loading required information from the environment
DEBUG 2025-09-01 22:23:33.323 UTC: 	 Found CMSSW_15_0_6_patch1 for el9_amd64_gcc12 with base /eos/home-b/bibehera/OO_Simfit/CMSSW_15_0_6_patch1
DEBUG 2025-09-01 22:23:33.323 UTC: 	 Loading required information from the environment
DEBUG 2025-09-01 22:23:33.323 UTC: 	 Found CMSSW_15_0_6_patch1 for el9_amd64_gcc12 with base /eos/home-b/bibehera/OO_Simfit/CMSSW_15_0_6_patch1
DEBUG 2025-09-01 22:23:33.323 UTC: 	 UNIQUE NAME: tarUUID b6ed1b17-abd7-40ac-8d68-9782151bda12 
DEBUG 2025-09-01 22:23:33.323 UTC: 	 self.config: from WMCore.Configuration import Configuration
config = Configuration()
config.section_('General')
config.General.workArea = 'OO_Data_MINIAOD'
config.General.transferOutputs = True
config.General.requestName = '2pc_OO_V0_invmass_IP6'
config.General.transferLogs = True
config.section_('JobType')
config.JobType.psetName = 'PbPb_2018_cfg.py'
config.JobType.pluginName = 'Analysis'
config.section_('Data')
config.Data.outLFNDirBase = '/store/user/bibehera/'
config.Data.outputDatasetTag = '2pc_OO_V0_IP0'
config.Data.splitting = 'LumiBased'
config.Data.secondaryInputDataset = '/IonPhysics6/OORun2025-PromptReco-v1/MINIAOD'
config.Data.inputDataset = '/IonPhysics6/bibehera-2pc_OO_V0_IP0-6b0f3ea44d7735a15be74aa96b0380e8/USER'
config.Data.unitsPerJob = 3
config.Data.totalUnits = -1
config.Data.publication = False
config.Data.lumiMask = 'generated_json.json'
config.Data.inputDBS = 'phys03'
config.section_('Site')
config.Site.storageSite = 'T3_CH_CERNBOX'
config.section_('User')
config.section_('Debug')

DEBUG 2025-09-01 22:23:33.323 UTC: 	 self.config.JobType.psetName: PbPb_2018_cfg.py
INFO 2025-09-01 22:23:33.323 UTC: 	 Importing CMSSW configuration PbPb_2018_cfg.py
INFO 2025-09-01 22:23:34.509 UTC: 	 Finished importing CMSSW configuration PbPb_2018_cfg.py
DEBUG 2025-09-01 22:23:34.510 UTC: 	 Writing CMSSW configuration to /eos/home-b/bibehera/OO_Simfit/CMSSW_15_0_6_patch1/src/Analyzer/RaghuV0Ana/cfg/OO_Data_MINIAOD/crab_2pc_OO_V0_invmass_IP6/inputs/PSet.py
DEBUG 2025-09-01 22:23:34.552 UTC: 	 The following EDM output files will be collected: []
DEBUG 2025-09-01 22:23:34.552 UTC: 	 The following TFile output files will be collected: ['V0_test_pt_invariantmass1.root']
DEBUG 2025-09-01 22:23:34.553 UTC: 	 The following user output files (not listed as PoolOuputModule or TFileService in the CMSSW PSet) will be collected: 
DEBUG 2025-09-01 22:23:34.553 UTC: 	 Loading required information from the environment
DEBUG 2025-09-01 22:23:34.553 UTC: 	 Found CMSSW_15_0_6_patch1 for el9_amd64_gcc12 with base /eos/home-b/bibehera/OO_Simfit/CMSSW_15_0_6_patch1
DEBUG 2025-09-01 22:23:34.553 UTC: 	 Making tarball in /eos/home-b/bibehera/OO_Simfit/CMSSW_15_0_6_patch1/src/Analyzer/RaghuV0Ana/cfg/OO_Data_MINIAOD/crab_2pc_OO_V0_invmass_IP6/inputs/b6ed1b17-abd7-40ac-8d68-9782151bda12default.tgz
DEBUG 2025-09-01 22:23:34.556 UTC: 	 Checking directory /eos/home-b/bibehera/OO_Simfit/CMSSW_15_0_6_patch1/bin
DEBUG 2025-09-01 22:23:34.556 UTC: 	 Adding directory /eos/home-b/bibehera/OO_Simfit/CMSSW_15_0_6_patch1/bin to tarball
DEBUG 2025-09-01 22:23:34.566 UTC: 	 Checking directory /eos/home-b/bibehera/OO_Simfit/CMSSW_15_0_6_patch1/python
DEBUG 2025-09-01 22:23:34.566 UTC: 	 Adding directory /eos/home-b/bibehera/OO_Simfit/CMSSW_15_0_6_patch1/python to tarball
DEBUG 2025-09-01 22:23:34.677 UTC: 	 Checking directory /eos/home-b/bibehera/OO_Simfit/CMSSW_15_0_6_patch1/cfipython
DEBUG 2025-09-01 22:23:34.677 UTC: 	 Adding directory /eos/home-b/bibehera/OO_Simfit/CMSSW_15_0_6_patch1/cfipython to tarball
DEBUG 2025-09-01 22:23:34.964 UTC: 	 Checking directory /eos/home-b/bibehera/OO_Simfit/CMSSW_15_0_6_patch1/lib
DEBUG 2025-09-01 22:23:34.964 UTC: 	 Adding directory /eos/home-b/bibehera/OO_Simfit/CMSSW_15_0_6_patch1/lib to tarball
DEBUG 2025-09-01 22:23:35.217 UTC: 	 Checking directory /eos/home-b/bibehera/OO_Simfit/CMSSW_15_0_6_patch1/biglib
DEBUG 2025-09-01 22:23:35.217 UTC: 	 Adding directory /eos/home-b/bibehera/OO_Simfit/CMSSW_15_0_6_patch1/biglib to tarball
DEBUG 2025-09-01 22:23:35.221 UTC: 	 Checking directory /eos/home-b/bibehera/OO_Simfit/CMSSW_15_0_6_patch1/module
DEBUG 2025-09-01 22:23:35.221 UTC: 	 Checking directory /eos/home-b/bibehera/OO_Simfit/CMSSW_15_0_6_patch1/config/SCRAM/hooks
DEBUG 2025-09-01 22:23:35.222 UTC: 	 Adding directory /eos/home-b/bibehera/OO_Simfit/CMSSW_15_0_6_patch1/config/SCRAM/hooks to tarball
DEBUG 2025-09-01 22:23:35.306 UTC: 	 Adding directory /eos/home-b/bibehera/OO_Simfit/CMSSW_15_0_6_patch1/src/Analyzer/RaghuV0Ana/data to tarball
DEBUG 2025-09-01 22:23:35.733 UTC: 	 Adding directory /eos/home-b/bibehera/OO_Simfit/CMSSW_15_0_6_patch1/src/Analyzer/RaghuV0Ana/interface to tarball
DEBUG 2025-09-01 22:23:35.744 UTC: 	 Adding directory /eos/home-b/bibehera/OO_Simfit/CMSSW_15_0_6_patch1/src/Analyzer/RaghuV0Ana/python to tarball
DEBUG 2025-09-01 22:23:35.764 UTC: 	 Adding directory /eos/home-b/bibehera/OO_Simfit/CMSSW_15_0_6_patch1/src/HeavyIonsAnalysis/Configuration/data to tarball
DEBUG 2025-09-01 22:23:36.107 UTC: 	 Adding directory /eos/home-b/bibehera/OO_Simfit/CMSSW_15_0_6_patch1/src/HeavyIonsAnalysis/Configuration/python to tarball
DEBUG 2025-09-01 22:23:36.158 UTC: 	 Adding directory /eos/home-b/bibehera/OO_Simfit/CMSSW_15_0_6_patch1/src/HeavyIonsAnalysis/EGMAnalysis/data to tarball
DEBUG 2025-09-01 22:23:36.167 UTC: 	 Adding directory /eos/home-b/bibehera/OO_Simfit/CMSSW_15_0_6_patch1/src/HeavyIonsAnalysis/EGMAnalysis/interface to tarball
DEBUG 2025-09-01 22:23:36.175 UTC: 	 Adding directory /eos/home-b/bibehera/OO_Simfit/CMSSW_15_0_6_patch1/src/HeavyIonsAnalysis/EGMAnalysis/python to tarball
DEBUG 2025-09-01 22:23:36.189 UTC: 	 Adding directory /eos/home-b/bibehera/OO_Simfit/CMSSW_15_0_6_patch1/src/HeavyIonsAnalysis/EventAnalysis/python to tarball
DEBUG 2025-09-01 22:23:36.300 UTC: 	 Adding directory /eos/home-b/bibehera/OO_Simfit/CMSSW_15_0_6_patch1/src/HeavyIonsAnalysis/JetAnalysis/interface to tarball
DEBUG 2025-09-01 22:23:36.311 UTC: 	 Adding directory /eos/home-b/bibehera/OO_Simfit/CMSSW_15_0_6_patch1/src/HeavyIonsAnalysis/JetAnalysis/python to tarball
DEBUG 2025-09-01 22:23:36.390 UTC: 	 Adding directory /eos/home-b/bibehera/OO_Simfit/CMSSW_15_0_6_patch1/src/HeavyIonsAnalysis/MuonAnalysis/interface to tarball
DEBUG 2025-09-01 22:23:36.397 UTC: 	 Adding directory /eos/home-b/bibehera/OO_Simfit/CMSSW_15_0_6_patch1/src/HeavyIonsAnalysis/MuonAnalysis/python to tarball
DEBUG 2025-09-01 22:23:36.416 UTC: 	 Adding directory /eos/home-b/bibehera/OO_Simfit/CMSSW_15_0_6_patch1/src/HeavyIonsAnalysis/TrackAnalysis/interface to tarball
DEBUG 2025-09-01 22:23:36.421 UTC: 	 Adding directory /eos/home-b/bibehera/OO_Simfit/CMSSW_15_0_6_patch1/src/HeavyIonsAnalysis/TrackAnalysis/python to tarball
DEBUG 2025-09-01 22:23:36.445 UTC: 	 Adding directory /eos/home-b/bibehera/OO_Simfit/CMSSW_15_0_6_patch1/src/HeavyIonsAnalysis/VertexAnalysis/python to tarball
DEBUG 2025-09-01 22:23:36.454 UTC: 	 Adding directory /eos/home-b/bibehera/OO_Simfit/CMSSW_15_0_6_patch1/src/HeavyIonsAnalysis/ZDCAnalysis/python to tarball
DEBUG 2025-09-01 22:23:36.544 UTC: 	 Uploading archive /eos/home-b/bibehera/OO_Simfit/CMSSW_15_0_6_patch1/src/Analyzer/RaghuV0Ana/cfg/OO_Data_MINIAOD/crab_2pc_OO_V0_invmass_IP6/inputs/b6ed1b17-abd7-40ac-8d68-9782151bda12default.tgz (3.182617.1 MB) to the CRAB cache. Using URI https://cmsweb.cern.ch/S3/crabcache_prod
DEBUG 2025-09-01 22:23:37.416 UTC: 	 Encoded data for curl request: subresource=upload&objecttype=sandbox&tarballname=7d44b9c089608ee09c18abb8e6875206f75035c90ffac372516bf1959ca6e521.tar.gz
DEBUG 2025-09-01 22:23:37.492 UTC: 	 sandbox 7d44b9c089608ee09c18abb8e6875206f75035c90ffac372516bf1959ca6e521.tar.gz is already in the S3 store, will not upload again
DEBUG 2025-09-01 22:23:37.492 UTC: 	 Loading required information from the environment
DEBUG 2025-09-01 22:23:37.492 UTC: 	 Found CMSSW_15_0_6_patch1 for el9_amd64_gcc12 with base /eos/home-b/bibehera/OO_Simfit/CMSSW_15_0_6_patch1
DEBUG 2025-09-01 22:23:37.492 UTC: 	 Making tarball in /eos/home-b/bibehera/OO_Simfit/CMSSW_15_0_6_patch1/src/Analyzer/RaghuV0Ana/cfg/OO_Data_MINIAOD/crab_2pc_OO_V0_invmass_IP6/inputs/debugFiles.tgz
DEBUG 2025-09-01 22:23:37.503 UTC: 	 Uploading archive /eos/home-b/bibehera/OO_Simfit/CMSSW_15_0_6_patch1/src/Analyzer/RaghuV0Ana/cfg/OO_Data_MINIAOD/crab_2pc_OO_V0_invmass_IP6/inputs/debugFiles.tgz (3 KB) to the CRAB cache. Using URI https://cmsweb.cern.ch/S3/crabcache_prod
DEBUG 2025-09-01 22:23:37.509 UTC: 	 Encoded data for curl request: subresource=upload&objecttype=sandbox&tarballname=0f900ad1bba6b3d5d32ade43ed22aed8acf6d0116db4101539819e67ac2e4828.tar.gz
DEBUG 2025-09-01 22:23:37.576 UTC: 	 Will execute:
curl -f -v -X POST  -H "User-Agent: CRAB" -F "key=bibehera/sandboxes/0f900ad1bba6b3d5d32ade43ed22aed8acf6d0116db4101539819e67ac2e4828.tar.gz" -F "AWSAccessKeyId=715203df6482458ba839e73e6dab634b" -F "policy=eyJleHBpcmF0aW9uIjogIjIwMjUtMDktMDFUMjM6MjM6MzdaIiwgImNvbmRpdGlvbnMiOiBbeyJidWNrZXQiOiAiY3JhYmNhY2hlX3Byb2QifSwgeyJrZXkiOiAiYmliZWhlcmEvc2FuZGJveGVzLzBmOTAwYWQxYmJhNmIzZDVkMzJhZGU0M2VkMjJhZWQ4YWNmNmQwMTE2ZGI0MTAxNTM5ODE5ZTY3YWMyZTQ4MjgudGFyLmd6In1dfQ==" -F "signature=S7BqZhnSQVuarZsvzhbcMgjSEuQ=" -F "file=@/eos/home-b/bibehera/OO_Simfit/CMSSW_15_0_6_patch1/src/Analyzer/RaghuV0Ana/cfg/OO_Data_MINIAOD/crab_2pc_OO_V0_invmass_IP6/inputs/debugFiles.tgz" "https://s3.cern.ch/crabcache_prod"
DEBUG 2025-09-01 22:23:37.659 UTC: 	 exitcode: 0
stdout: b''
DEBUG 2025-09-01 22:23:37.659 UTC: 	 upload to S3 of sandbox /eos/home-b/bibehera/OO_Simfit/CMSSW_15_0_6_patch1/src/Analyzer/RaghuV0Ana/cfg/OO_Data_MINIAOD/crab_2pc_OO_V0_invmass_IP6/inputs/debugFiles.tgz completed
DEBUG 2025-09-01 22:23:37.659 UTC: 	 make sure that object is ready for retrieve
DEBUG 2025-09-01 22:23:38.660 UTC: 	 Encoded data for curl request: subresource=download&objecttype=sandbox&tarballname=0f900ad1bba6b3d5d32ade43ed22aed8acf6d0116db4101539819e67ac2e4828.tar.gz&clientmethod=head_object
DEBUG 2025-09-01 22:23:38.722 UTC: 	 PreSignedUrl to download sandbox received OK
DEBUG 2025-09-01 22:23:38.726 UTC: 	 Will execute:
 curl -v -s -f -o /dev/null --head  "https://s3.cern.ch/crabcache_prod/bibehera/sandboxes/0f900ad1bba6b3d5d32ade43ed22aed8acf6d0116db4101539819e67ac2e4828.tar.gz?AWSAccessKeyId=715203df6482458ba839e73e6dab634b&Signature=WvH4haErsKY3eO4v47Z%2Bdc91%2Fbs%3D&Expires=1756769018"
DEBUG 2025-09-01 22:23:38.766 UTC: 	 exitcode: 0
stdout: b''
DEBUG 2025-09-01 22:23:38.766 UTC: 	 sandbox /eos/home-b/bibehera/OO_Simfit/CMSSW_15_0_6_patch1/src/Analyzer/RaghuV0Ana/cfg/OO_Data_MINIAOD/crab_2pc_OO_V0_invmass_IP6/inputs/debugFiles.tgz successfully uploaded to S3
DEBUG 2025-09-01 22:23:38.766 UTC: 	 Result uploading input files: 7d44b9c089608ee09c18abb8e6875206f75035c90ffac372516bf1959ca6e521.tar.gz 
DEBUG 2025-09-01 22:23:38.766 UTC: 	 Attaching lumi mask generated_json.json to the request
DEBUG 2025-09-01 22:23:38.766 UTC: 	 Reading lumi-mask from generated_json.json
DEBUG 2025-09-01 22:23:38.769 UTC: 	 submit() - self.configuration from WMCore.Configuration import Configuration
config = Configuration()
config.section_('General')
config.General.workArea = 'OO_Data_MINIAOD'
config.General.transferOutputs = True
config.General.requestName = '2pc_OO_V0_invmass_IP6'
config.General.transferLogs = True
config.section_('JobType')
config.JobType.psetName = 'PbPb_2018_cfg.py'
config.JobType.pluginName = 'Analysis'
config.section_('Data')
config.Data.outLFNDirBase = '/store/user/bibehera/'
config.Data.outputDatasetTag = '2pc_OO_V0_IP0'
config.Data.splitting = 'LumiBased'
config.Data.secondaryInputDataset = '/IonPhysics6/OORun2025-PromptReco-v1/MINIAOD'
config.Data.inputDataset = '/IonPhysics6/bibehera-2pc_OO_V0_IP0-6b0f3ea44d7735a15be74aa96b0380e8/USER'
config.Data.unitsPerJob = 3
config.Data.totalUnits = -1
config.Data.publication = False
config.Data.lumiMask = 'generated_json.json'
config.Data.inputDBS = 'phys03'
config.section_('Site')
config.Site.storageSite = 'T3_CH_CERNBOX'
config.section_('User')
config.section_('Debug')

DEBUG 2025-09-01 22:23:38.769 UTC: 	 submit() - self.configreq {'dryrun': 0, 'workflow': 'crab_2pc_OO_V0_invmass_IP6', 'saveoutput': 1, 'savelogsflag': 1, 'inputdata': '/IonPhysics6/bibehera-2pc_OO_V0_IP0-6b0f3ea44d7735a15be74aa96b0380e8/USER', 'nonvaliddata': 0, 'userfiles': [], 'dbsurl': 'https://cmsweb.cern.ch/dbs/prod/phys03/DBSReader', 'useparent': 0, 'secondarydata': '/IonPhysics6/OORun2025-PromptReco-v1/MINIAOD', 'ignorelocality': 0, 'splitalgo': 'LumiBased', 'algoargs': 3, 'totalunits': -1, 'lfn': '/store/user/bibehera/', 'publication': 0, 'publishdbsurl': 'https://cmsweb.cern.ch/dbs/prod/phys03/DBSWriter', 'publishname2': '2pc_OO_V0_IP0', 'jobtype': 'Analysis', 'generator': 'pythia', 'addoutputfiles': [], 'maxjobruntime': 1250, 'numcores': 1, 'maxmemory': 2000, 'priority': 10, 'nonprodsw': 0, 'asyncdest': 'T3_CH_CERNBOX', 'requireaccelerator': 0, 'oneEventMode': 0, 'extrajdl': [], 'ignoreglobalblacklist': 0, 'partialdataset': 0, 'inputblocks': []}
DEBUG 2025-09-01 22:23:38.769 UTC: 	 submit() - jobconfig {'addoutputfiles': [], 'tfileoutfiles': ['V0_test_pt_invariantmass1.root'], 'edmoutfiles': [], 'jobarch': 'el9_amd64_gcc12', 'jobminuarch': 'x86-64-v3', 'jobsw': 'CMSSW_15_0_6_patch1', 'inputdata': '/IonPhysics6/bibehera-2pc_OO_V0_IP0-6b0f3ea44d7735a15be74aa96b0380e8/USER', 'cacheurl': 'https://cmsweb.cern.ch/S3/crabcache_prod', 'cachefilename': '7d44b9c089608ee09c18abb8e6875206f75035c90ffac372516bf1959ca6e521.tar.gz', 'debugfilename': '0f900ad1bba6b3d5d32ade43ed22aed8acf6d0116db4101539819e67ac2e4828.tar.gz', 'runs': ['394153', '394154', '394169', '394175', '394183', '394184', '394185', '394186', '394187', '394188', '394189', '394204', '394209', '394217'], 'lumis': ['40,169', '1,886', '39,997', '47,988', '15,239', '1,667', '1,3', '1,15', '1,1', '1,107', '1,72', '38,932', '23,1209', '41,838'], 'jobtype': 'Analysis'}
INFO 2025-09-01 22:23:38.769 UTC: 	 Sending the request to the server at cmsweb.cern.ch
DEBUG 2025-09-01 22:23:38.769 UTC: 	 Submitting {'dryrun': 0, 'workflow': 'crab_2pc_OO_V0_invmass_IP6', 'saveoutput': 1, 'savelogsflag': 1, 'inputdata': '/IonPhysics6/bibehera-2pc_OO_V0_IP0-6b0f3ea44d7735a15be74aa96b0380e8/USER', 'nonvaliddata': 0, 'userfiles': [], 'dbsurl': 'https://cmsweb.cern.ch/dbs/prod/phys03/DBSReader', 'useparent': 0, 'secondarydata': '/IonPhysics6/OORun2025-PromptReco-v1/MINIAOD', 'ignorelocality': 0, 'splitalgo': 'LumiBased', 'algoargs': 3, 'totalunits': -1, 'lfn': '/store/user/bibehera/', 'publication': 0, 'publishdbsurl': 'https://cmsweb.cern.ch/dbs/prod/phys03/DBSWriter', 'publishname2': '2pc_OO_V0_IP0', 'jobtype': 'Analysis', 'generator': 'pythia', 'addoutputfiles': [], 'maxjobruntime': 1250, 'numcores': 1, 'maxmemory': 2000, 'priority': 10, 'nonprodsw': 0, 'asyncdest': 'T3_CH_CERNBOX', 'requireaccelerator': 0, 'oneEventMode': 0, 'extrajdl': [], 'ignoreglobalblacklist': 0, 'partialdataset': 0, 'inputblocks': [], 'tfileoutfiles': ['V0_test_pt_invariantmass1.root'], 'edmoutfiles': [], 'jobarch': 'el9_amd64_gcc12', 'jobminuarch': 'x86-64-v3', 'jobsw': 'CMSSW_15_0_6_patch1', 'cacheurl': 'https://cmsweb.cern.ch/S3/crabcache_prod', 'cachefilename': '7d44b9c089608ee09c18abb8e6875206f75035c90ffac372516bf1959ca6e521.tar.gz', 'debugfilename': '0f900ad1bba6b3d5d32ade43ed22aed8acf6d0116db4101539819e67ac2e4828.tar.gz', 'runs': ['394153', '394154', '394169', '394175', '394183', '394184', '394185', '394186', '394187', '394188', '394189', '394204', '394209', '394217'], 'lumis': ['40,169', '1,886', '39,997', '47,988', '15,239', '1,667', '1,3', '1,15', '1,1', '1,107', '1,72', '38,932', '23,1209', '41,838']} 
DEBUG 2025-09-01 22:23:38.770 UTC: 	 Encoded data for curl request: dryrun=0&workflow=crab_2pc_OO_V0_invmass_IP6&saveoutput=1&savelogsflag=1&inputdata=%2FIonPhysics6%2Fbibehera-2pc_OO_V0_IP0-6b0f3ea44d7735a15be74aa96b0380e8%2FUSER&nonvaliddata=0&dbsurl=https%3A%2F%2Fcmsweb.cern.ch%2Fdbs%2Fprod%2Fphys03%2FDBSReader&useparent=0&secondarydata=%2FIonPhysics6%2FOORun2025-PromptReco-v1%2FMINIAOD&ignorelocality=0&splitalgo=LumiBased&algoargs=3&totalunits=-1&lfn=%2Fstore%2Fuser%2Fbibehera%2F&publication=0&publishdbsurl=https%3A%2F%2Fcmsweb.cern.ch%2Fdbs%2Fprod%2Fphys03%2FDBSWriter&publishname2=2pc_OO_V0_IP0&jobtype=Analysis&generator=pythia&maxjobruntime=1250&numcores=1&maxmemory=2000&priority=10&nonprodsw=0&asyncdest=T3_CH_CERNBOX&requireaccelerator=0&oneEventMode=0&ignoreglobalblacklist=0&partialdataset=0&jobarch=el9_amd64_gcc12&jobminuarch=x86-64-v3&jobsw=CMSSW_15_0_6_patch1&cacheurl=https%3A%2F%2Fcmsweb.cern.ch%2FS3%2Fcrabcache_prod&cachefilename=7d44b9c089608ee09c18abb8e6875206f75035c90ffac372516bf1959ca6e521.tar.gz&debugfilename=0f900ad1bba6b3d5d32ade43ed22aed8acf6d0116db4101539819e67ac2e4828.tar.gz&tfileoutfiles=V0_test_pt_invariantmass1.root&runs=394153&runs=394154&runs=394169&runs=394175&runs=394183&runs=394184&runs=394185&runs=394186&runs=394187&runs=394188&runs=394189&runs=394204&runs=394209&runs=394217&lumis=40%2C169&lumis=1%2C886&lumis=39%2C997&lumis=47%2C988&lumis=15%2C239&lumis=1%2C667&lumis=1%2C3&lumis=1%2C15&lumis=1%2C1&lumis=1%2C107&lumis=1%2C72&lumis=38%2C932&lumis=23%2C1209&lumis=41%2C838
DEBUG 2025-09-01 22:23:39.271 UTC: 	 Result: {'result': [{'RequestName': '250901_222338:bibehera_crab_2pc_OO_V0_invmass_IP6'}]}
INFO 2025-09-01 22:23:39.282 UTC: 	 Success: Your task has been delivered to the prod CRAB3 server.
INFO 2025-09-01 22:23:39.282 UTC: 	 Task name: 250901_222338:bibehera_crab_2pc_OO_V0_invmass_IP6
INFO 2025-09-01 22:23:39.282 UTC: 	 Project dir: OO_Data_MINIAOD/crab_2pc_OO_V0_invmass_IP6
INFO 2025-09-01 22:23:39.282 UTC: 	 Please use ' crab status -d OO_Data_MINIAOD/crab_2pc_OO_V0_invmass_IP6 ' to check how the submission process proceeds.
DEBUG 2025-09-01 22:23:39.282 UTC: 	 About to return
INFO 2025-09-01 22:23:39.302 UTC: 	 Log file is /eos/home-b/bibehera/OO_Simfit/CMSSW_15_0_6_patch1/src/Analyzer/RaghuV0Ana/cfg/OO_Data_MINIAOD/crab_2pc_OO_V0_invmass_IP6/crab.log
DEBUG 2025-09-01 22:40:56.084 UTC: 	 CRAB Client version: v3.250522
DEBUG 2025-09-01 22:40:56.084 UTC: 	 Running on: Linux lxplus965.cern.ch 5.14.0-570.28.1.el9_6.x86_64 #1 SMP PREEMPT_DYNAMIC Wed Jul 16 02:51:06 EDT 2025 x86_64 x86_64 x86_64 GNU/Linux
DEBUG 2025-09-01 22:40:56.084 UTC: 	 Not using Singularity
DEBUG 2025-09-01 22:40:56.084 UTC: 	 Operating System: Red Hat Enterprise Linux 9.6 (Plow)
DEBUG 2025-09-01 22:40:56.084 UTC: 	 Executing command: 'kill'
DEBUG 2025-09-01 22:40:56.085 UTC: 	 Found CRAB cache file /afs/cern.ch/user/b/bibehera/.crab3
DEBUG 2025-09-01 22:40:56.096 UTC: 	 Checking credentials
DEBUG 2025-09-01 22:40:56.096 UTC: 	 Found proxy file /tmp/x509up_u177753
DEBUG 2025-09-01 22:40:56.096 UTC: 	 Making sure it has proper VOMS extension
DEBUG 2025-09-01 22:40:56.096 UTC: 	 Executing command :
 voms-proxy-info --vo --file /tmp/x509up_u177753
DEBUG 2025-09-01 22:40:56.131 UTC: 	 output : cms

 error: 
 retcode : 0
DEBUG 2025-09-01 22:40:56.131 UTC: 	 Getting proxy life time left
DEBUG 2025-09-01 22:40:56.131 UTC: 	 Executing command :
 voms-proxy-info --actimeleft --timeleft --file /tmp/x509up_u177753
DEBUG 2025-09-01 22:40:56.160 UTC: 	 output : 22444
22444

 error: 
 retcode : 0
DEBUG 2025-09-01 22:40:56.160 UTC: 	 Proxy valid for 06:14:04 hours
DEBUG 2025-09-01 22:40:56.160 UTC: 	 Encoded data for curl request: subresource=delegatedn
DEBUG 2025-09-01 22:40:56.206 UTC: 	 Registering user credentials on myproxy for /DC=ch/DC=cern/OU=computers/CN=crab-(preprod|prod)-tw(01|02).cern.ch|/DC=ch/DC=cern/OU=computers/CN=crab-dev-tw(01|02|03|04).cern.ch|/DC=ch/DC=cern/OU=Organic Units/OU=Users/CN=cmscrab/CN=(817881|373708)/CN=Robot: cms crab|/DC=ch/DC=cern/OU=Organic Units/OU=Users/CN=crabint1/CN=373708/CN=Robot: CMS CRAB Integration 1
DEBUG 2025-09-01 22:40:56.207 UTC: 	 Executing command :
 voms-proxy-info --identity --file /tmp/x509up_u177753
DEBUG 2025-09-01 22:40:56.238 UTC: 	 output : /DC=ch/DC=cern/OU=Organic Units/OU=Users/CN=bibehera/CN=882295/CN=Bismita Behera

 error: 
 retcode : 0
DEBUG 2025-09-01 22:40:56.238 UTC: 	 Getting myproxy life time left for bfbdf12a5670e45fdd055ff115afbb0f25b8a072
DEBUG 2025-09-01 22:40:56.238 UTC: 	 Executing command :
 myproxy-info -s myproxy.cern.ch -l bfbdf12a5670e45fdd055ff115afbb0f25b8a072
DEBUG 2025-09-01 22:40:56.576 UTC: 	 output : username: bfbdf12a5670e45fdd055ff115afbb0f25b8a072
owner: /DC=ch/DC=cern/OU=Organic Units/OU=Users/CN=bibehera/CN=882295/CN=Bismita Behera
  renewal policy: /DC=ch/DC=cern/OU=computers/CN=crab-(preprod|prod)-tw(01|02).cern.ch|/DC=ch/DC=cern/OU=computers/CN=crab-dev-tw(01|02|03|04).cern.ch|/DC=ch/DC=cern/OU=Organic Units/OU=Users/CN=cmscrab/CN=(817881|373708)/CN=Robot: cms crab|/DC=ch/DC=cern/OU=Organic Units/OU=Users/CN=crabint1/CN=373708/CN=Robot: CMS CRAB Integration 1
  trusted retrieval policy: /DC=ch/DC=cern/OU=computers/CN=crab-(preprod|prod)-tw(01|02).cern.ch|/DC=ch/DC=cern/OU=computers/CN=crab-dev-tw(01|02|03|04).cern.ch|/DC=ch/DC=cern/OU=Organic Units/OU=Users/CN=cmscrab/CN=(817881|373708)/CN=Robot: cms crab|/DC=ch/DC=cern/OU=Organic Units/OU=Users/CN=crabint1/CN=373708/CN=Robot: CMS CRAB Integration 1
  timeleft: 573:40:11  (23.9 days)

 error: 
 retcode : 0
DEBUG 2025-09-01 22:40:56.576 UTC: 	 Myproxy is valid: 2065200
DEBUG 2025-09-01 22:40:56.576 UTC: 	 Result of myproxy credential check:
  Credential exists on myproxy: username: bfbdf12a5670e45fdd055ff115afbb0f25b8a072  - validity: 23 days, 21:40:00
DEBUG 2025-09-01 22:40:56.578 UTC: 	 Command use: kill
DEBUG 2025-09-01 22:40:56.578 UTC: 	 Options use: ['-d', 'OO_Data_MINIAOD/crab_2pc_OO_V0_invmass_IP6']
DEBUG 2025-09-01 22:40:56.578 UTC: 	 Encoded data for curl request: subresource=version
DEBUG 2025-09-01 22:40:56.626 UTC: 	 CRABClient version: v3.250522
DEBUG 2025-09-01 22:40:56.626 UTC: 	 Instance is prod
DEBUG 2025-09-01 22:40:56.626 UTC: 	 Server base url is cmsweb.cern.ch
DEBUG 2025-09-01 22:40:56.626 UTC: 	 Command api workflow
DEBUG 2025-09-01 22:40:56.626 UTC: 	 Killing task 250901_222338:bibehera_crab_2pc_OO_V0_invmass_IP6
DEBUG 2025-09-01 22:40:56.626 UTC: 	 Encoded data for curl request: workflow=250901_222338%3Abibehera_crab_2pc_OO_V0_invmass_IP6
DEBUG 2025-09-01 22:40:57.041 UTC: 	 Result: {'desc': {'columns': ['tm_taskname', 'tm_task_status', 'tm_task_command', 'tm_user_role', 'tm_user_group', 'tm_task_failure', 'tm_split_algo', 'tm_split_args', 'tm_save_logs', 'tm_username', 'tm_user_dn', 'tm_arguments', 'tm_input_dataset', 'tm_dbs_url', 'tm_task_warnings', 'tm_publication', 'tm_user_webdir', 'tm_output_dataset', 'tm_collector', 'tm_schedd', 'tm_dry_run', 'clusterid', 'tm_start_time', 'tw_name', 'tm_dagman_status', 'tm_num_jobs', 'tm_uploaded']}, 'result': [{'result': 'ok'}]}
INFO 2025-09-01 22:40:57.041 UTC: 	 Kill request successfully sent
INFO 2025-09-01 22:40:57.050 UTC: 	 Log file is /eos/home-b/bibehera/OO_Simfit/CMSSW_15_0_6_patch1/src/Analyzer/RaghuV0Ana/cfg/OO_Data_MINIAOD/crab_2pc_OO_V0_invmass_IP6/crab.log
