DEBUG 2025-10-28 20:11:45.015 UTC: 	 CRAB Client version: v3.250820
DEBUG 2025-10-28 20:11:45.015 UTC: 	 Running on: Linux lxplus814.cern.ch 4.18.0-553.80.1.el8_10.x86_64 #1 SMP Fri Oct 10 03:51:59 EDT 2025 x86_64 x86_64 x86_64 GNU/Linux
DEBUG 2025-10-28 20:11:45.015 UTC: 	 Not using Singularity
DEBUG 2025-10-28 20:11:45.015 UTC: 	 Operating System: Red Hat Enterprise Linux 8.10 (Ootpa)
DEBUG 2025-10-28 20:11:45.015 UTC: 	 Executing command: 'submit'
DEBUG 2025-10-28 20:11:45.015 UTC: 	 Found CRAB cache file /afs/cern.ch/user/b/bibehera/.crab3
INFO 2025-10-28 20:11:45.016 UTC: 	 Will use CRAB configuration file crab_config2.py
DEBUG 2025-10-28 20:11:45.016 UTC: 	 Loading CRAB configuration file.
DEBUG 2025-10-28 20:11:45.024 UTC: 	 Overriden parameter General.requestName with '2pc_OO_V0_IM_effcorr_cent0to50_lowpT_IP39'
DEBUG 2025-10-28 20:11:45.024 UTC: 	 Overriden parameter Data.inputDataset with '/IonPhysics39/bibehera-2pc_OO_V0_IP39-ca42279dfc2dce710b3991c24f27a617/USER'
DEBUG 2025-10-28 20:11:45.024 UTC: 	 Overriden parameter Data.secondaryInputDataset with '/IonPhysics39/OORun2025-PromptReco-v1/MINIAOD'
DEBUG 2025-10-28 20:11:45.025 UTC: 	 Overriden parameter Data.outputDatasetTag with '2pc_OO_V0_IM_effcorr_cent0to50_lowpT_IP39'
DEBUG 2025-10-28 20:11:45.025 UTC: 	 Will use CRAB plugin ANALYSIS (i.e. will run an analysis job type).
DEBUG 2025-10-28 20:11:45.035 UTC: 	 Checking credentials
DEBUG 2025-10-28 20:11:45.035 UTC: 	 Found proxy file /tmp/x509up_u177753
DEBUG 2025-10-28 20:11:45.035 UTC: 	 Making sure it has proper VOMS extension
DEBUG 2025-10-28 20:11:45.035 UTC: 	 Executing command :
 voms-proxy-info --vo --file /tmp/x509up_u177753
DEBUG 2025-10-28 20:11:45.060 UTC: 	 output : cms

 error: 
 retcode : 0
DEBUG 2025-10-28 20:11:45.060 UTC: 	 Getting proxy life time left
DEBUG 2025-10-28 20:11:45.060 UTC: 	 Executing command :
 voms-proxy-info --actimeleft --timeleft --file /tmp/x509up_u177753
DEBUG 2025-10-28 20:11:45.083 UTC: 	 output : 43043
43043

 error: 
 retcode : 0
DEBUG 2025-10-28 20:11:45.083 UTC: 	 Proxy valid for 11:57:23 hours
DEBUG 2025-10-28 20:11:45.084 UTC: 	 Encoded data for curl request: subresource=delegatedn
DEBUG 2025-10-28 20:11:45.242 UTC: 	 Registering user credentials on myproxy for /DC=ch/DC=cern/OU=Organic Units/OU=Users/CN=cmscrab/CN=(817881|373708)/CN=Robot: cms crab|/DC=ch/DC=cern/OU=Organic Units/OU=Users/CN=crabint1/CN=373708/CN=Robot: CMS CRAB Integration 1
DEBUG 2025-10-28 20:11:45.242 UTC: 	 Executing command :
 voms-proxy-info --identity --file /tmp/x509up_u177753
DEBUG 2025-10-28 20:11:45.271 UTC: 	 output : /DC=ch/DC=cern/OU=Organic Units/OU=Users/CN=bibehera/CN=882295/CN=Bismita Behera

 error: 
 retcode : 0
DEBUG 2025-10-28 20:11:45.271 UTC: 	 Getting myproxy life time left for bfbdf12a5670e45fdd055ff115afbb0f25b8a072
DEBUG 2025-10-28 20:11:45.271 UTC: 	 Executing command :
 myproxy-info -s myproxy.cern.ch -l bfbdf12a5670e45fdd055ff115afbb0f25b8a072
DEBUG 2025-10-28 20:11:45.553 UTC: 	 output : username: bfbdf12a5670e45fdd055ff115afbb0f25b8a072
owner: /DC=ch/DC=cern/OU=Organic Units/OU=Users/CN=bibehera/CN=882295/CN=Bismita Behera
  renewal policy: /DC=ch/DC=cern/OU=Organic Units/OU=Users/CN=cmscrab/CN=(817881|373708)/CN=Robot: cms crab|/DC=ch/DC=cern/OU=Organic Units/OU=Users/CN=crabint1/CN=373708/CN=Robot: CMS CRAB Integration 1
  trusted retrieval policy: /DC=ch/DC=cern/OU=Organic Units/OU=Users/CN=cmscrab/CN=(817881|373708)/CN=Robot: cms crab|/DC=ch/DC=cern/OU=Organic Units/OU=Users/CN=crabint1/CN=373708/CN=Robot: CMS CRAB Integration 1
  timeleft: 384:16:38  (16.0 days)

 error: 
 retcode : 0
DEBUG 2025-10-28 20:11:45.553 UTC: 	 Myproxy is valid: 1383360
DEBUG 2025-10-28 20:11:45.553 UTC: 	 Result of myproxy credential check:
  Credential exists on myproxy: username: bfbdf12a5670e45fdd055ff115afbb0f25b8a072  - validity: 16 days, 0:16:00
DEBUG 2025-10-28 20:11:45.553 UTC: 	 Command use: submit
DEBUG 2025-10-28 20:11:45.553 UTC: 	 Options use: ['-c', 'crab_config2.py', 'General.requestName=2pc_OO_V0_IM_effcorr_cent0to50_lowpT_IP39', 'Data.inputDataset=/IonPhysics39/bibehera-2pc_OO_V0_IP39-ca42279dfc2dce710b3991c24f27a617/USER', 'Data.secondaryInputDataset=/IonPhysics39/OORun2025-PromptReco-v1/MINIAOD', 'Data.outputDatasetTag=2pc_OO_V0_IM_effcorr_cent0to50_lowpT_IP39']
DEBUG 2025-10-28 20:11:45.553 UTC: 	 Encoded data for curl request: subresource=version
DEBUG 2025-10-28 20:11:46.071 UTC: 	 CRABClient version: v3.250820
DEBUG 2025-10-28 20:11:46.071 UTC: 	 Instance is prod
DEBUG 2025-10-28 20:11:46.071 UTC: 	 Server base url is cmsweb.cern.ch
DEBUG 2025-10-28 20:11:46.071 UTC: 	 Command api workflow
DEBUG 2025-10-28 20:11:46.071 UTC: 	 Started submission
DEBUG 2025-10-28 20:11:46.072 UTC: 	 Working on /eos/home-b/bibehera/OO_Simfit_eff/CMSSW_15_0_6_patch1/src/Analyzer/RaghuV0Ana/cfg/OO_Data_MINIAOD/crab_2pc_OO_V0_IM_effcorr_cent0to50_lowpT_IP39
DEBUG 2025-10-28 20:11:46.072 UTC: 	 Encoded data for curl request: subresource=backendurls
DEBUG 2025-10-28 20:11:46.231 UTC: 	 Loading required information from the environment
DEBUG 2025-10-28 20:11:46.231 UTC: 	 Found CMSSW_15_0_6_patch1 for el8_amd64_gcc12 with base /eos/home-b/bibehera/OO_Simfit_eff/CMSSW_15_0_6_patch1
DEBUG 2025-10-28 20:11:46.231 UTC: 	 Loading required information from the environment
DEBUG 2025-10-28 20:11:46.231 UTC: 	 Found CMSSW_15_0_6_patch1 for el8_amd64_gcc12 with base /eos/home-b/bibehera/OO_Simfit_eff/CMSSW_15_0_6_patch1
DEBUG 2025-10-28 20:11:46.231 UTC: 	 UNIQUE NAME: tarUUID 2d42aeae-b4ec-4429-bb09-31f906016357 
DEBUG 2025-10-28 20:11:46.231 UTC: 	 self.config: from WMCore.Configuration import Configuration
config = Configuration()
config.section_('General')
config.General.requestName = '2pc_OO_V0_IM_effcorr_cent0to50_lowpT_IP39'
config.General.transferOutputs = True
config.General.transferLogs = True
config.General.workArea = 'OO_Data_MINIAOD'
config.section_('JobType')
config.JobType.pluginName = 'Analysis'
config.JobType.psetName = 'PbPb_2018_cfg.py'
config.section_('Data')
config.Data.lumiMask = 'generated_json.json'
config.Data.inputDataset = '/IonPhysics39/bibehera-2pc_OO_V0_IP39-ca42279dfc2dce710b3991c24f27a617/USER'
config.Data.outputDatasetTag = '2pc_OO_V0_IM_effcorr_cent0to50_lowpT_IP39'
config.Data.inputDBS = 'phys03'
config.Data.splitting = 'LumiBased'
config.Data.outLFNDirBase = '/store/user/bibehera/'
config.Data.publication = False
config.Data.totalUnits = -1
config.Data.unitsPerJob = 3
config.Data.secondaryInputDataset = '/IonPhysics39/OORun2025-PromptReco-v1/MINIAOD'
config.section_('Site')
config.Site.storageSite = 'T3_CH_CERNBOX'
config.section_('User')
config.section_('Debug')

DEBUG 2025-10-28 20:11:46.231 UTC: 	 self.config.JobType.psetName: PbPb_2018_cfg.py
INFO 2025-10-28 20:11:46.231 UTC: 	 Importing CMSSW configuration PbPb_2018_cfg.py
INFO 2025-10-28 20:11:47.515 UTC: 	 Finished importing CMSSW configuration PbPb_2018_cfg.py
DEBUG 2025-10-28 20:11:47.516 UTC: 	 Writing CMSSW configuration to /eos/home-b/bibehera/OO_Simfit_eff/CMSSW_15_0_6_patch1/src/Analyzer/RaghuV0Ana/cfg/OO_Data_MINIAOD/crab_2pc_OO_V0_IM_effcorr_cent0to50_lowpT_IP39/inputs/PSet.py
DEBUG 2025-10-28 20:11:47.610 UTC: 	 The following EDM output files will be collected: []
DEBUG 2025-10-28 20:11:47.610 UTC: 	 The following TFile output files will be collected: ['V0_test_IM_lowpT.root']
DEBUG 2025-10-28 20:11:47.610 UTC: 	 The following user output files (not listed as PoolOuputModule or TFileService in the CMSSW PSet) will be collected: 
DEBUG 2025-10-28 20:11:47.610 UTC: 	 Loading required information from the environment
DEBUG 2025-10-28 20:11:47.610 UTC: 	 Found CMSSW_15_0_6_patch1 for el8_amd64_gcc12 with base /eos/home-b/bibehera/OO_Simfit_eff/CMSSW_15_0_6_patch1
DEBUG 2025-10-28 20:11:47.610 UTC: 	 Making tarball in /eos/home-b/bibehera/OO_Simfit_eff/CMSSW_15_0_6_patch1/src/Analyzer/RaghuV0Ana/cfg/OO_Data_MINIAOD/crab_2pc_OO_V0_IM_effcorr_cent0to50_lowpT_IP39/inputs/2d42aeae-b4ec-4429-bb09-31f906016357default.tgz
DEBUG 2025-10-28 20:11:47.614 UTC: 	 Checking directory /eos/home-b/bibehera/OO_Simfit_eff/CMSSW_15_0_6_patch1/bin
DEBUG 2025-10-28 20:11:47.614 UTC: 	 Adding directory /eos/home-b/bibehera/OO_Simfit_eff/CMSSW_15_0_6_patch1/bin to tarball
DEBUG 2025-10-28 20:11:47.620 UTC: 	 Checking directory /eos/home-b/bibehera/OO_Simfit_eff/CMSSW_15_0_6_patch1/python
DEBUG 2025-10-28 20:11:47.620 UTC: 	 Adding directory /eos/home-b/bibehera/OO_Simfit_eff/CMSSW_15_0_6_patch1/python to tarball
DEBUG 2025-10-28 20:11:47.672 UTC: 	 Checking directory /eos/home-b/bibehera/OO_Simfit_eff/CMSSW_15_0_6_patch1/cfipython
DEBUG 2025-10-28 20:11:47.673 UTC: 	 Adding directory /eos/home-b/bibehera/OO_Simfit_eff/CMSSW_15_0_6_patch1/cfipython to tarball
DEBUG 2025-10-28 20:11:47.812 UTC: 	 Checking directory /eos/home-b/bibehera/OO_Simfit_eff/CMSSW_15_0_6_patch1/lib
DEBUG 2025-10-28 20:11:47.812 UTC: 	 Adding directory /eos/home-b/bibehera/OO_Simfit_eff/CMSSW_15_0_6_patch1/lib to tarball
DEBUG 2025-10-28 20:11:48.017 UTC: 	 Checking directory /eos/home-b/bibehera/OO_Simfit_eff/CMSSW_15_0_6_patch1/biglib
DEBUG 2025-10-28 20:11:48.017 UTC: 	 Adding directory /eos/home-b/bibehera/OO_Simfit_eff/CMSSW_15_0_6_patch1/biglib to tarball
DEBUG 2025-10-28 20:11:48.020 UTC: 	 Checking directory /eos/home-b/bibehera/OO_Simfit_eff/CMSSW_15_0_6_patch1/module
DEBUG 2025-10-28 20:11:48.020 UTC: 	 Checking directory /eos/home-b/bibehera/OO_Simfit_eff/CMSSW_15_0_6_patch1/config/SCRAM/hooks
DEBUG 2025-10-28 20:11:48.021 UTC: 	 Adding directory /eos/home-b/bibehera/OO_Simfit_eff/CMSSW_15_0_6_patch1/config/SCRAM/hooks to tarball
DEBUG 2025-10-28 20:11:48.450 UTC: 	 Adding directory /eos/home-b/bibehera/OO_Simfit_eff/CMSSW_15_0_6_patch1/src/Analyzer/RaghuV0Ana/data to tarball
DEBUG 2025-10-28 20:11:49.042 UTC: 	 Adding directory /eos/home-b/bibehera/OO_Simfit_eff/CMSSW_15_0_6_patch1/src/Analyzer/RaghuV0Ana/interface to tarball
DEBUG 2025-10-28 20:11:49.053 UTC: 	 Adding directory /eos/home-b/bibehera/OO_Simfit_eff/CMSSW_15_0_6_patch1/src/Analyzer/RaghuV0Ana/python to tarball
DEBUG 2025-10-28 20:11:49.064 UTC: 	 Adding directory /eos/home-b/bibehera/OO_Simfit_eff/CMSSW_15_0_6_patch1/src/HeavyIonsAnalysis/Configuration/data to tarball
DEBUG 2025-10-28 20:11:49.420 UTC: 	 Adding directory /eos/home-b/bibehera/OO_Simfit_eff/CMSSW_15_0_6_patch1/src/HeavyIonsAnalysis/Configuration/python to tarball
DEBUG 2025-10-28 20:11:49.473 UTC: 	 Adding directory /eos/home-b/bibehera/OO_Simfit_eff/CMSSW_15_0_6_patch1/src/HeavyIonsAnalysis/EGMAnalysis/data to tarball
DEBUG 2025-10-28 20:11:49.478 UTC: 	 Adding directory /eos/home-b/bibehera/OO_Simfit_eff/CMSSW_15_0_6_patch1/src/HeavyIonsAnalysis/EGMAnalysis/interface to tarball
DEBUG 2025-10-28 20:11:49.483 UTC: 	 Adding directory /eos/home-b/bibehera/OO_Simfit_eff/CMSSW_15_0_6_patch1/src/HeavyIonsAnalysis/EGMAnalysis/python to tarball
DEBUG 2025-10-28 20:11:49.495 UTC: 	 Adding directory /eos/home-b/bibehera/OO_Simfit_eff/CMSSW_15_0_6_patch1/src/HeavyIonsAnalysis/EventAnalysis/python to tarball
DEBUG 2025-10-28 20:11:49.585 UTC: 	 Adding directory /eos/home-b/bibehera/OO_Simfit_eff/CMSSW_15_0_6_patch1/src/HeavyIonsAnalysis/JetAnalysis/interface to tarball
DEBUG 2025-10-28 20:11:49.593 UTC: 	 Adding directory /eos/home-b/bibehera/OO_Simfit_eff/CMSSW_15_0_6_patch1/src/HeavyIonsAnalysis/JetAnalysis/python to tarball
DEBUG 2025-10-28 20:11:49.639 UTC: 	 Adding directory /eos/home-b/bibehera/OO_Simfit_eff/CMSSW_15_0_6_patch1/src/HeavyIonsAnalysis/MuonAnalysis/interface to tarball
DEBUG 2025-10-28 20:11:49.644 UTC: 	 Adding directory /eos/home-b/bibehera/OO_Simfit_eff/CMSSW_15_0_6_patch1/src/HeavyIonsAnalysis/MuonAnalysis/python to tarball
DEBUG 2025-10-28 20:11:49.655 UTC: 	 Adding directory /eos/home-b/bibehera/OO_Simfit_eff/CMSSW_15_0_6_patch1/src/HeavyIonsAnalysis/TrackAnalysis/interface to tarball
DEBUG 2025-10-28 20:11:49.659 UTC: 	 Adding directory /eos/home-b/bibehera/OO_Simfit_eff/CMSSW_15_0_6_patch1/src/HeavyIonsAnalysis/TrackAnalysis/python to tarball
DEBUG 2025-10-28 20:11:49.679 UTC: 	 Adding directory /eos/home-b/bibehera/OO_Simfit_eff/CMSSW_15_0_6_patch1/src/HeavyIonsAnalysis/VertexAnalysis/python to tarball
DEBUG 2025-10-28 20:11:49.691 UTC: 	 Adding directory /eos/home-b/bibehera/OO_Simfit_eff/CMSSW_15_0_6_patch1/src/HeavyIonsAnalysis/ZDCAnalysis/python to tarball
DEBUG 2025-10-28 20:11:49.767 UTC: 	 Uploading archive /eos/home-b/bibehera/OO_Simfit_eff/CMSSW_15_0_6_patch1/src/Analyzer/RaghuV0Ana/cfg/OO_Data_MINIAOD/crab_2pc_OO_V0_IM_effcorr_cent0to50_lowpT_IP39/inputs/2d42aeae-b4ec-4429-bb09-31f906016357default.tgz (4.677734.1 MB) to the CRAB cache. Using URI https://s3.cern.ch/crabcache
DEBUG 2025-10-28 20:11:50.789 UTC: 	 Encoded data for curl request: subresource=upload&objecttype=sandbox&tarballname=8b76fc9458b29e764427c6245f944d1e2521adbf67e6775d4ffabd88ac3a4206.tar.gz
DEBUG 2025-10-28 20:11:51.076 UTC: 	 sandbox 8b76fc9458b29e764427c6245f944d1e2521adbf67e6775d4ffabd88ac3a4206.tar.gz is already in the S3 store, will not upload again
DEBUG 2025-10-28 20:11:51.077 UTC: 	 Loading required information from the environment
DEBUG 2025-10-28 20:11:51.077 UTC: 	 Found CMSSW_15_0_6_patch1 for el8_amd64_gcc12 with base /eos/home-b/bibehera/OO_Simfit_eff/CMSSW_15_0_6_patch1
DEBUG 2025-10-28 20:11:51.077 UTC: 	 Making tarball in /eos/home-b/bibehera/OO_Simfit_eff/CMSSW_15_0_6_patch1/src/Analyzer/RaghuV0Ana/cfg/OO_Data_MINIAOD/crab_2pc_OO_V0_IM_effcorr_cent0to50_lowpT_IP39/inputs/debugFiles.tgz
DEBUG 2025-10-28 20:11:51.087 UTC: 	 Uploading archive /eos/home-b/bibehera/OO_Simfit_eff/CMSSW_15_0_6_patch1/src/Analyzer/RaghuV0Ana/cfg/OO_Data_MINIAOD/crab_2pc_OO_V0_IM_effcorr_cent0to50_lowpT_IP39/inputs/debugFiles.tgz (3 KB) to the CRAB cache. Using URI https://s3.cern.ch/crabcache
DEBUG 2025-10-28 20:11:51.092 UTC: 	 Encoded data for curl request: subresource=upload&objecttype=sandbox&tarballname=af48d251c1cbab2491be6b2603106d70d2fc064baf03106db4bf230a445f7137.tar.gz
DEBUG 2025-10-28 20:11:51.413 UTC: 	 Will execute:
curl -f -v -X POST  -H "User-Agent: CRAB" -F "key=bibehera/sandboxes/af48d251c1cbab2491be6b2603106d70d2fc064baf03106db4bf230a445f7137.tar.gz" -F "AWSAccessKeyId=715203df6482458ba839e73e6dab634b" -F "policy=eyJleHBpcmF0aW9uIjogIjIwMjUtMTAtMjhUMjE6MTE6NTFaIiwgImNvbmRpdGlvbnMiOiBbeyJidWNrZXQiOiAiY3JhYmNhY2hlX3Byb2QifSwgeyJrZXkiOiAiYmliZWhlcmEvc2FuZGJveGVzL2FmNDhkMjUxYzFjYmFiMjQ5MWJlNmIyNjAzMTA2ZDcwZDJmYzA2NGJhZjAzMTA2ZGI0YmYyMzBhNDQ1ZjcxMzcudGFyLmd6In1dfQ==" -F "signature=XWX4i7r8unn5/9UT79UBWWz7zF8=" -F "file=@/eos/home-b/bibehera/OO_Simfit_eff/CMSSW_15_0_6_patch1/src/Analyzer/RaghuV0Ana/cfg/OO_Data_MINIAOD/crab_2pc_OO_V0_IM_effcorr_cent0to50_lowpT_IP39/inputs/debugFiles.tgz" "https://s3.cern.ch/crabcache_prod"
DEBUG 2025-10-28 20:11:51.488 UTC: 	 exitcode: 0
stdout: b''
DEBUG 2025-10-28 20:11:51.489 UTC: 	 upload to S3 of sandbox /eos/home-b/bibehera/OO_Simfit_eff/CMSSW_15_0_6_patch1/src/Analyzer/RaghuV0Ana/cfg/OO_Data_MINIAOD/crab_2pc_OO_V0_IM_effcorr_cent0to50_lowpT_IP39/inputs/debugFiles.tgz completed
DEBUG 2025-10-28 20:11:51.489 UTC: 	 make sure that object is ready for retrieve
DEBUG 2025-10-28 20:11:52.490 UTC: 	 Encoded data for curl request: subresource=download&objecttype=sandbox&tarballname=af48d251c1cbab2491be6b2603106d70d2fc064baf03106db4bf230a445f7137.tar.gz&clientmethod=head_object
DEBUG 2025-10-28 20:11:52.549 UTC: 	 PreSignedUrl to download sandbox received OK
DEBUG 2025-10-28 20:11:52.552 UTC: 	 Will execute:
 curl -v -s -f -o /dev/null --head  "https://s3.cern.ch/crabcache_prod/bibehera/sandboxes/af48d251c1cbab2491be6b2603106d70d2fc064baf03106db4bf230a445f7137.tar.gz?AWSAccessKeyId=715203df6482458ba839e73e6dab634b&Signature=YZB3PSYNvm9XjlHLFRyl4xjL34c%3D&Expires=1761685912"
DEBUG 2025-10-28 20:11:52.663 UTC: 	 exitcode: 0
stdout: b''
DEBUG 2025-10-28 20:11:52.663 UTC: 	 sandbox /eos/home-b/bibehera/OO_Simfit_eff/CMSSW_15_0_6_patch1/src/Analyzer/RaghuV0Ana/cfg/OO_Data_MINIAOD/crab_2pc_OO_V0_IM_effcorr_cent0to50_lowpT_IP39/inputs/debugFiles.tgz successfully uploaded to S3
DEBUG 2025-10-28 20:11:52.663 UTC: 	 Result uploading input files: 8b76fc9458b29e764427c6245f944d1e2521adbf67e6775d4ffabd88ac3a4206.tar.gz 
DEBUG 2025-10-28 20:11:52.663 UTC: 	 Attaching lumi mask generated_json.json to the request
DEBUG 2025-10-28 20:11:52.663 UTC: 	 Reading lumi-mask from generated_json.json
DEBUG 2025-10-28 20:11:52.666 UTC: 	 submit() - self.configuration from WMCore.Configuration import Configuration
config = Configuration()
config.section_('General')
config.General.requestName = '2pc_OO_V0_IM_effcorr_cent0to50_lowpT_IP39'
config.General.transferOutputs = True
config.General.transferLogs = True
config.General.workArea = 'OO_Data_MINIAOD'
config.section_('JobType')
config.JobType.pluginName = 'Analysis'
config.JobType.psetName = 'PbPb_2018_cfg.py'
config.section_('Data')
config.Data.lumiMask = 'generated_json.json'
config.Data.inputDataset = '/IonPhysics39/bibehera-2pc_OO_V0_IP39-ca42279dfc2dce710b3991c24f27a617/USER'
config.Data.outputDatasetTag = '2pc_OO_V0_IM_effcorr_cent0to50_lowpT_IP39'
config.Data.inputDBS = 'phys03'
config.Data.splitting = 'LumiBased'
config.Data.outLFNDirBase = '/store/user/bibehera/'
config.Data.publication = False
config.Data.totalUnits = -1
config.Data.unitsPerJob = 3
config.Data.secondaryInputDataset = '/IonPhysics39/OORun2025-PromptReco-v1/MINIAOD'
config.section_('Site')
config.Site.storageSite = 'T3_CH_CERNBOX'
config.section_('User')
config.section_('Debug')

DEBUG 2025-10-28 20:11:52.666 UTC: 	 submit() - self.configreq {'dryrun': 0, 'workflow': 'crab_2pc_OO_V0_IM_effcorr_cent0to50_lowpT_IP39', 'saveoutput': 1, 'savelogsflag': 1, 'inputdata': '/IonPhysics39/bibehera-2pc_OO_V0_IP39-ca42279dfc2dce710b3991c24f27a617/USER', 'nonvaliddata': 0, 'userfiles': [], 'dbsurl': 'https://cmsweb.cern.ch/dbs/prod/phys03/DBSReader', 'useparent': 0, 'secondarydata': '/IonPhysics39/OORun2025-PromptReco-v1/MINIAOD', 'ignorelocality': 0, 'splitalgo': 'LumiBased', 'algoargs': 3, 'totalunits': -1, 'lfn': '/store/user/bibehera/', 'publication': 0, 'publishdbsurl': 'https://cmsweb.cern.ch/dbs/prod/phys03/DBSWriter', 'publishname2': '2pc_OO_V0_IM_effcorr_cent0to50_lowpT_IP39', 'jobtype': 'Analysis', 'generator': 'pythia', 'addoutputfiles': [], 'maxjobruntime': 1250, 'numcores': 1, 'maxmemory': 2000, 'priority': 10, 'nonprodsw': 0, 'asyncdest': 'T3_CH_CERNBOX', 'requireaccelerator': 0, 'oneEventMode': 0, 'extrajdl': [], 'ignoreglobalblacklist': 0, 'partialdataset': 0, 'inputblocks': []}
DEBUG 2025-10-28 20:11:52.666 UTC: 	 submit() - jobconfig {'addoutputfiles': [], 'tfileoutfiles': ['V0_test_IM_lowpT.root'], 'edmoutfiles': [], 'jobarch': 'el8_amd64_gcc12', 'jobminuarch': 'x86-64-v3', 'jobsw': 'CMSSW_15_0_6_patch1', 'inputdata': '/IonPhysics39/bibehera-2pc_OO_V0_IP39-ca42279dfc2dce710b3991c24f27a617/USER', 'cacheurl': 'https://s3.cern.ch/crabcache', 'cachefilename': '8b76fc9458b29e764427c6245f944d1e2521adbf67e6775d4ffabd88ac3a4206.tar.gz', 'debugfilename': 'af48d251c1cbab2491be6b2603106d70d2fc064baf03106db4bf230a445f7137.tar.gz', 'runs': ['394153', '394154', '394169', '394175', '394183', '394184', '394185', '394186', '394187', '394188', '394189', '394204', '394209', '394217'], 'lumis': ['40,169', '1,886', '39,997', '47,988', '15,239', '1,667', '1,3', '1,15', '1,1', '1,107', '1,72', '38,932', '23,1209', '41,838'], 'jobtype': 'Analysis'}
INFO 2025-10-28 20:11:52.666 UTC: 	 Sending the request to the server at cmsweb.cern.ch
DEBUG 2025-10-28 20:11:52.666 UTC: 	 Submitting {'dryrun': 0, 'workflow': 'crab_2pc_OO_V0_IM_effcorr_cent0to50_lowpT_IP39', 'saveoutput': 1, 'savelogsflag': 1, 'inputdata': '/IonPhysics39/bibehera-2pc_OO_V0_IP39-ca42279dfc2dce710b3991c24f27a617/USER', 'nonvaliddata': 0, 'userfiles': [], 'dbsurl': 'https://cmsweb.cern.ch/dbs/prod/phys03/DBSReader', 'useparent': 0, 'secondarydata': '/IonPhysics39/OORun2025-PromptReco-v1/MINIAOD', 'ignorelocality': 0, 'splitalgo': 'LumiBased', 'algoargs': 3, 'totalunits': -1, 'lfn': '/store/user/bibehera/', 'publication': 0, 'publishdbsurl': 'https://cmsweb.cern.ch/dbs/prod/phys03/DBSWriter', 'publishname2': '2pc_OO_V0_IM_effcorr_cent0to50_lowpT_IP39', 'jobtype': 'Analysis', 'generator': 'pythia', 'addoutputfiles': [], 'maxjobruntime': 1250, 'numcores': 1, 'maxmemory': 2000, 'priority': 10, 'nonprodsw': 0, 'asyncdest': 'T3_CH_CERNBOX', 'requireaccelerator': 0, 'oneEventMode': 0, 'extrajdl': [], 'ignoreglobalblacklist': 0, 'partialdataset': 0, 'inputblocks': [], 'tfileoutfiles': ['V0_test_IM_lowpT.root'], 'edmoutfiles': [], 'jobarch': 'el8_amd64_gcc12', 'jobminuarch': 'x86-64-v3', 'jobsw': 'CMSSW_15_0_6_patch1', 'cacheurl': 'https://s3.cern.ch/crabcache', 'cachefilename': '8b76fc9458b29e764427c6245f944d1e2521adbf67e6775d4ffabd88ac3a4206.tar.gz', 'debugfilename': 'af48d251c1cbab2491be6b2603106d70d2fc064baf03106db4bf230a445f7137.tar.gz', 'runs': ['394153', '394154', '394169', '394175', '394183', '394184', '394185', '394186', '394187', '394188', '394189', '394204', '394209', '394217'], 'lumis': ['40,169', '1,886', '39,997', '47,988', '15,239', '1,667', '1,3', '1,15', '1,1', '1,107', '1,72', '38,932', '23,1209', '41,838']} 
DEBUG 2025-10-28 20:11:52.667 UTC: 	 Encoded data for curl request: dryrun=0&workflow=crab_2pc_OO_V0_IM_effcorr_cent0to50_lowpT_IP39&saveoutput=1&savelogsflag=1&inputdata=%2FIonPhysics39%2Fbibehera-2pc_OO_V0_IP39-ca42279dfc2dce710b3991c24f27a617%2FUSER&nonvaliddata=0&dbsurl=https%3A%2F%2Fcmsweb.cern.ch%2Fdbs%2Fprod%2Fphys03%2FDBSReader&useparent=0&secondarydata=%2FIonPhysics39%2FOORun2025-PromptReco-v1%2FMINIAOD&ignorelocality=0&splitalgo=LumiBased&algoargs=3&totalunits=-1&lfn=%2Fstore%2Fuser%2Fbibehera%2F&publication=0&publishdbsurl=https%3A%2F%2Fcmsweb.cern.ch%2Fdbs%2Fprod%2Fphys03%2FDBSWriter&publishname2=2pc_OO_V0_IM_effcorr_cent0to50_lowpT_IP39&jobtype=Analysis&generator=pythia&maxjobruntime=1250&numcores=1&maxmemory=2000&priority=10&nonprodsw=0&asyncdest=T3_CH_CERNBOX&requireaccelerator=0&oneEventMode=0&ignoreglobalblacklist=0&partialdataset=0&jobarch=el8_amd64_gcc12&jobminuarch=x86-64-v3&jobsw=CMSSW_15_0_6_patch1&cacheurl=https%3A%2F%2Fs3.cern.ch%2Fcrabcache&cachefilename=8b76fc9458b29e764427c6245f944d1e2521adbf67e6775d4ffabd88ac3a4206.tar.gz&debugfilename=af48d251c1cbab2491be6b2603106d70d2fc064baf03106db4bf230a445f7137.tar.gz&tfileoutfiles=V0_test_IM_lowpT.root&runs=394153&runs=394154&runs=394169&runs=394175&runs=394183&runs=394184&runs=394185&runs=394186&runs=394187&runs=394188&runs=394189&runs=394204&runs=394209&runs=394217&lumis=40%2C169&lumis=1%2C886&lumis=39%2C997&lumis=47%2C988&lumis=15%2C239&lumis=1%2C667&lumis=1%2C3&lumis=1%2C15&lumis=1%2C1&lumis=1%2C107&lumis=1%2C72&lumis=38%2C932&lumis=23%2C1209&lumis=41%2C838
DEBUG 2025-10-28 20:11:52.823 UTC: 	 Result: {'result': [{'RequestName': '251028_201152:bibehera_crab_2pc_OO_V0_IM_effcorr_cent0to50_lowpT_IP39'}]}
INFO 2025-10-28 20:11:52.835 UTC: 	 Success: Your task has been delivered to the prod CRAB3 server.
INFO 2025-10-28 20:11:52.836 UTC: 	 Task name: 251028_201152:bibehera_crab_2pc_OO_V0_IM_effcorr_cent0to50_lowpT_IP39
INFO 2025-10-28 20:11:52.836 UTC: 	 Project dir: OO_Data_MINIAOD/crab_2pc_OO_V0_IM_effcorr_cent0to50_lowpT_IP39
INFO 2025-10-28 20:11:52.836 UTC: 	 Please use ' crab status -d OO_Data_MINIAOD/crab_2pc_OO_V0_IM_effcorr_cent0to50_lowpT_IP39 ' to check how the submission process proceeds.
DEBUG 2025-10-28 20:11:52.836 UTC: 	 About to return
INFO 2025-10-28 20:11:52.862 UTC: 	 Log file is /eos/home-b/bibehera/OO_Simfit_eff/CMSSW_15_0_6_patch1/src/Analyzer/RaghuV0Ana/cfg/OO_Data_MINIAOD/crab_2pc_OO_V0_IM_effcorr_cent0to50_lowpT_IP39/crab.log
