DEBUG 2026-01-28 21:24:00.588 UTC: 	 CRAB Client version: v3.251020
DEBUG 2026-01-28 21:24:00.588 UTC: 	 Running on: Linux lxplus808.cern.ch 4.18.0-553.92.1.el8_10.x86_64 #1 SMP Tue Jan 6 00:53:45 EST 2026 x86_64 x86_64 x86_64 GNU/Linux
DEBUG 2026-01-28 21:24:00.588 UTC: 	 Not using Singularity
DEBUG 2026-01-28 21:24:00.589 UTC: 	 Operating System: Red Hat Enterprise Linux 8.10 (Ootpa)
DEBUG 2026-01-28 21:24:00.589 UTC: 	 Executing command: 'submit'
DEBUG 2026-01-28 21:24:00.589 UTC: 	 Found CRAB cache file /afs/cern.ch/user/b/bibehera/.crab3
INFO 2026-01-28 21:24:00.589 UTC: 	 Will use CRAB configuration file crab_config2.py
DEBUG 2026-01-28 21:24:00.589 UTC: 	 Loading CRAB configuration file.
DEBUG 2026-01-28 21:24:00.595 UTC: 	 Overriden parameter General.requestName with '2pc_OO_V0_cent70to80_nom_IP17'
DEBUG 2026-01-28 21:24:00.595 UTC: 	 Overriden parameter Data.inputDataset with '/IonPhysics17/bibehera-2pc_OO_V0_IP17-ca42279dfc2dce710b3991c24f27a617/USER'
DEBUG 2026-01-28 21:24:00.595 UTC: 	 Overriden parameter Data.secondaryInputDataset with '/IonPhysics17/OORun2025-PromptReco-v1/MINIAOD'
DEBUG 2026-01-28 21:24:00.595 UTC: 	 Overriden parameter Data.outputDatasetTag with '2pc_OO_V0_cent70to80_nom_IP17'
DEBUG 2026-01-28 21:24:00.595 UTC: 	 Will use CRAB plugin ANALYSIS (i.e. will run an analysis job type).
DEBUG 2026-01-28 21:24:00.604 UTC: 	 Checking credentials
DEBUG 2026-01-28 21:24:00.604 UTC: 	 Found proxy file /tmp/x509up_u177753
DEBUG 2026-01-28 21:24:00.604 UTC: 	 Making sure it has proper VOMS extension
DEBUG 2026-01-28 21:24:00.604 UTC: 	 Executing command :
 voms-proxy-info --vo --file /tmp/x509up_u177753
DEBUG 2026-01-28 21:24:00.624 UTC: 	 output : cms

 error: 
 retcode : 0
DEBUG 2026-01-28 21:24:00.624 UTC: 	 Getting proxy life time left
DEBUG 2026-01-28 21:24:00.624 UTC: 	 Executing command :
 voms-proxy-info --actimeleft --timeleft --file /tmp/x509up_u177753
DEBUG 2026-01-28 21:24:00.642 UTC: 	 output : 43011
43011

 error: 
 retcode : 0
DEBUG 2026-01-28 21:24:00.642 UTC: 	 Proxy valid for 11:56:51 hours
DEBUG 2026-01-28 21:24:00.642 UTC: 	 Encoded data for curl request: subresource=delegatedn
DEBUG 2026-01-28 21:24:00.675 UTC: 	 Registering user credentials on myproxy for /DC=ch/DC=cern/OU=Organic Units/OU=Users/CN=cmscrab/CN=(817881|373708)/CN=Robot: cms crab|/DC=ch/DC=cern/OU=Organic Units/OU=Users/CN=crabint1/CN=373708/CN=Robot: CMS CRAB Integration 1
DEBUG 2026-01-28 21:24:00.675 UTC: 	 Executing command :
 voms-proxy-info --identity --file /tmp/x509up_u177753
DEBUG 2026-01-28 21:24:00.696 UTC: 	 output : /DC=ch/DC=cern/OU=Organic Units/OU=Users/CN=bibehera/CN=882295/CN=Bismita Behera

 error: 
 retcode : 0
DEBUG 2026-01-28 21:24:00.696 UTC: 	 Getting myproxy life time left for bfbdf12a5670e45fdd055ff115afbb0f25b8a072
DEBUG 2026-01-28 21:24:00.696 UTC: 	 Executing command :
 myproxy-info -s myproxy.cern.ch -l bfbdf12a5670e45fdd055ff115afbb0f25b8a072
DEBUG 2026-01-28 21:24:00.999 UTC: 	 output : username: bfbdf12a5670e45fdd055ff115afbb0f25b8a072
owner: /DC=ch/DC=cern/OU=Organic Units/OU=Users/CN=bibehera/CN=882295/CN=Bismita Behera
  renewal policy: /DC=ch/DC=cern/OU=Organic Units/OU=Users/CN=cmscrab/CN=(817881|373708)/CN=Robot: cms crab|/DC=ch/DC=cern/OU=Organic Units/OU=Users/CN=crabint1/CN=373708/CN=Robot: CMS CRAB Integration 1
  trusted retrieval policy: /DC=ch/DC=cern/OU=Organic Units/OU=Users/CN=cmscrab/CN=(817881|373708)/CN=Robot: cms crab|/DC=ch/DC=cern/OU=Organic Units/OU=Users/CN=crabint1/CN=373708/CN=Robot: CMS CRAB Integration 1
  timeleft: 671:31:55  (28.0 days)

 error: 
 retcode : 0
DEBUG 2026-01-28 21:24:00.999 UTC: 	 Myproxy is valid: 2417460
DEBUG 2026-01-28 21:24:00.999 UTC: 	 Result of myproxy credential check:
  Credential exists on myproxy: username: bfbdf12a5670e45fdd055ff115afbb0f25b8a072  - validity: 27 days, 23:31:00
DEBUG 2026-01-28 21:24:00.999 UTC: 	 Command use: submit
DEBUG 2026-01-28 21:24:00.999 UTC: 	 Options use: ['-c', 'crab_config2.py', 'General.requestName=2pc_OO_V0_cent70to80_nom_IP17', 'Data.inputDataset=/IonPhysics17/bibehera-2pc_OO_V0_IP17-ca42279dfc2dce710b3991c24f27a617/USER', 'Data.secondaryInputDataset=/IonPhysics17/OORun2025-PromptReco-v1/MINIAOD', 'Data.outputDatasetTag=2pc_OO_V0_cent70to80_nom_IP17']
DEBUG 2026-01-28 21:24:00.999 UTC: 	 Encoded data for curl request: subresource=version
DEBUG 2026-01-28 21:24:01.034 UTC: 	 CRABClient version: v3.251020
DEBUG 2026-01-28 21:24:01.034 UTC: 	 Instance is prod
DEBUG 2026-01-28 21:24:01.034 UTC: 	 Server base url is cmsweb.cern.ch
DEBUG 2026-01-28 21:24:01.034 UTC: 	 Command api workflow
DEBUG 2026-01-28 21:24:01.034 UTC: 	 Started submission
DEBUG 2026-01-28 21:24:01.035 UTC: 	 Working on /eos/home-b/bibehera/OO_Simfit_eff/CMSSW_15_0_6_patch1/src/Analyzer/RaghuV0Ana/cfg/OO_Data_MINIAOD/crab_2pc_OO_V0_cent70to80_nom_IP17
DEBUG 2026-01-28 21:24:01.062 UTC: 	 Loading required information from the environment
DEBUG 2026-01-28 21:24:01.062 UTC: 	 Found CMSSW_15_0_6_patch1 for el8_amd64_gcc12 with base /eos/home-b/bibehera/OO_Simfit_eff/CMSSW_15_0_6_patch1
DEBUG 2026-01-28 21:24:01.062 UTC: 	 Loading required information from the environment
DEBUG 2026-01-28 21:24:01.062 UTC: 	 Found CMSSW_15_0_6_patch1 for el8_amd64_gcc12 with base /eos/home-b/bibehera/OO_Simfit_eff/CMSSW_15_0_6_patch1
DEBUG 2026-01-28 21:24:01.062 UTC: 	 UNIQUE NAME: tarUUID 8a2433cd-dfed-4b9a-873a-4a449f52adbd 
DEBUG 2026-01-28 21:24:01.062 UTC: 	 self.config: from WMCore.Configuration import Configuration
config = Configuration()
config.section_('General')
config.General.transferOutputs = True
config.General.requestName = '2pc_OO_V0_cent70to80_nom_IP17'
config.General.workArea = 'OO_Data_MINIAOD'
config.General.transferLogs = True
config.section_('JobType')
config.JobType.pluginName = 'Analysis'
config.JobType.psetName = 'PbPb_2018_cfg.py'
config.section_('Data')
config.Data.unitsPerJob = 3
config.Data.secondaryInputDataset = '/IonPhysics17/OORun2025-PromptReco-v1/MINIAOD'
config.Data.outputDatasetTag = '2pc_OO_V0_cent70to80_nom_IP17'
config.Data.lumiMask = 'generated_json.json'
config.Data.outLFNDirBase = '/store/user/bibehera/'
config.Data.splitting = 'LumiBased'
config.Data.publication = False
config.Data.inputDBS = 'phys03'
config.Data.totalUnits = -1
config.Data.inputDataset = '/IonPhysics17/bibehera-2pc_OO_V0_IP17-ca42279dfc2dce710b3991c24f27a617/USER'
config.section_('Site')
config.Site.storageSite = 'T3_CH_CERNBOX'
config.section_('User')
config.section_('Debug')

DEBUG 2026-01-28 21:24:01.062 UTC: 	 self.config.JobType.psetName: PbPb_2018_cfg.py
INFO 2026-01-28 21:24:01.062 UTC: 	 Importing CMSSW configuration PbPb_2018_cfg.py
INFO 2026-01-28 21:24:01.812 UTC: 	 Finished importing CMSSW configuration PbPb_2018_cfg.py
DEBUG 2026-01-28 21:24:01.813 UTC: 	 Writing CMSSW configuration to /eos/home-b/bibehera/OO_Simfit_eff/CMSSW_15_0_6_patch1/src/Analyzer/RaghuV0Ana/cfg/OO_Data_MINIAOD/crab_2pc_OO_V0_cent70to80_nom_IP17/inputs/PSet.py
DEBUG 2026-01-28 21:24:01.847 UTC: 	 The following EDM output files will be collected: []
DEBUG 2026-01-28 21:24:01.847 UTC: 	 The following TFile output files will be collected: ['V0_test_IM_newpT.root']
DEBUG 2026-01-28 21:24:01.847 UTC: 	 The following user output files (not listed as PoolOuputModule or TFileService in the CMSSW PSet) will be collected: 
DEBUG 2026-01-28 21:24:01.847 UTC: 	 Loading required information from the environment
DEBUG 2026-01-28 21:24:01.847 UTC: 	 Found CMSSW_15_0_6_patch1 for el8_amd64_gcc12 with base /eos/home-b/bibehera/OO_Simfit_eff/CMSSW_15_0_6_patch1
DEBUG 2026-01-28 21:24:01.847 UTC: 	 Making tarball in /eos/home-b/bibehera/OO_Simfit_eff/CMSSW_15_0_6_patch1/src/Analyzer/RaghuV0Ana/cfg/OO_Data_MINIAOD/crab_2pc_OO_V0_cent70to80_nom_IP17/inputs/8a2433cd-dfed-4b9a-873a-4a449f52adbddefault.tgz
DEBUG 2026-01-28 21:24:01.849 UTC: 	 Checking directory /eos/home-b/bibehera/OO_Simfit_eff/CMSSW_15_0_6_patch1/bin
DEBUG 2026-01-28 21:24:01.849 UTC: 	 Adding directory /eos/home-b/bibehera/OO_Simfit_eff/CMSSW_15_0_6_patch1/bin to tarball
DEBUG 2026-01-28 21:24:01.857 UTC: 	 Checking directory /eos/home-b/bibehera/OO_Simfit_eff/CMSSW_15_0_6_patch1/python
DEBUG 2026-01-28 21:24:01.857 UTC: 	 Adding directory /eos/home-b/bibehera/OO_Simfit_eff/CMSSW_15_0_6_patch1/python to tarball
DEBUG 2026-01-28 21:24:01.892 UTC: 	 Checking directory /eos/home-b/bibehera/OO_Simfit_eff/CMSSW_15_0_6_patch1/cfipython
DEBUG 2026-01-28 21:24:01.892 UTC: 	 Adding directory /eos/home-b/bibehera/OO_Simfit_eff/CMSSW_15_0_6_patch1/cfipython to tarball
DEBUG 2026-01-28 21:24:01.981 UTC: 	 Checking directory /eos/home-b/bibehera/OO_Simfit_eff/CMSSW_15_0_6_patch1/lib
DEBUG 2026-01-28 21:24:01.981 UTC: 	 Adding directory /eos/home-b/bibehera/OO_Simfit_eff/CMSSW_15_0_6_patch1/lib to tarball
DEBUG 2026-01-28 21:24:02.144 UTC: 	 Checking directory /eos/home-b/bibehera/OO_Simfit_eff/CMSSW_15_0_6_patch1/biglib
DEBUG 2026-01-28 21:24:02.144 UTC: 	 Adding directory /eos/home-b/bibehera/OO_Simfit_eff/CMSSW_15_0_6_patch1/biglib to tarball
DEBUG 2026-01-28 21:24:02.146 UTC: 	 Checking directory /eos/home-b/bibehera/OO_Simfit_eff/CMSSW_15_0_6_patch1/module
DEBUG 2026-01-28 21:24:02.146 UTC: 	 Checking directory /eos/home-b/bibehera/OO_Simfit_eff/CMSSW_15_0_6_patch1/config/SCRAM/hooks
DEBUG 2026-01-28 21:24:02.146 UTC: 	 Adding directory /eos/home-b/bibehera/OO_Simfit_eff/CMSSW_15_0_6_patch1/config/SCRAM/hooks to tarball
DEBUG 2026-01-28 21:24:02.488 UTC: 	 Adding directory /eos/home-b/bibehera/OO_Simfit_eff/CMSSW_15_0_6_patch1/src/Analyzer/RaghuV0Ana/data to tarball
DEBUG 2026-01-28 21:24:02.942 UTC: 	 Adding directory /eos/home-b/bibehera/OO_Simfit_eff/CMSSW_15_0_6_patch1/src/Analyzer/RaghuV0Ana/interface to tarball
DEBUG 2026-01-28 21:24:02.947 UTC: 	 Adding directory /eos/home-b/bibehera/OO_Simfit_eff/CMSSW_15_0_6_patch1/src/Analyzer/RaghuV0Ana/python to tarball
DEBUG 2026-01-28 21:24:02.955 UTC: 	 Adding directory /eos/home-b/bibehera/OO_Simfit_eff/CMSSW_15_0_6_patch1/src/HeavyIonsAnalysis/Configuration/data to tarball
DEBUG 2026-01-28 21:24:03.248 UTC: 	 Adding directory /eos/home-b/bibehera/OO_Simfit_eff/CMSSW_15_0_6_patch1/src/HeavyIonsAnalysis/Configuration/python to tarball
DEBUG 2026-01-28 21:24:03.266 UTC: 	 Adding directory /eos/home-b/bibehera/OO_Simfit_eff/CMSSW_15_0_6_patch1/src/HeavyIonsAnalysis/EGMAnalysis/data to tarball
DEBUG 2026-01-28 21:24:03.270 UTC: 	 Adding directory /eos/home-b/bibehera/OO_Simfit_eff/CMSSW_15_0_6_patch1/src/HeavyIonsAnalysis/EGMAnalysis/interface to tarball
DEBUG 2026-01-28 21:24:03.274 UTC: 	 Adding directory /eos/home-b/bibehera/OO_Simfit_eff/CMSSW_15_0_6_patch1/src/HeavyIonsAnalysis/EGMAnalysis/python to tarball
DEBUG 2026-01-28 21:24:03.280 UTC: 	 Adding directory /eos/home-b/bibehera/OO_Simfit_eff/CMSSW_15_0_6_patch1/src/HeavyIonsAnalysis/EventAnalysis/python to tarball
DEBUG 2026-01-28 21:24:03.346 UTC: 	 Adding directory /eos/home-b/bibehera/OO_Simfit_eff/CMSSW_15_0_6_patch1/src/HeavyIonsAnalysis/JetAnalysis/interface to tarball
DEBUG 2026-01-28 21:24:03.350 UTC: 	 Adding directory /eos/home-b/bibehera/OO_Simfit_eff/CMSSW_15_0_6_patch1/src/HeavyIonsAnalysis/JetAnalysis/python to tarball
DEBUG 2026-01-28 21:24:03.373 UTC: 	 Adding directory /eos/home-b/bibehera/OO_Simfit_eff/CMSSW_15_0_6_patch1/src/HeavyIonsAnalysis/MuonAnalysis/interface to tarball
DEBUG 2026-01-28 21:24:03.376 UTC: 	 Adding directory /eos/home-b/bibehera/OO_Simfit_eff/CMSSW_15_0_6_patch1/src/HeavyIonsAnalysis/MuonAnalysis/python to tarball
DEBUG 2026-01-28 21:24:03.384 UTC: 	 Adding directory /eos/home-b/bibehera/OO_Simfit_eff/CMSSW_15_0_6_patch1/src/HeavyIonsAnalysis/TrackAnalysis/interface to tarball
DEBUG 2026-01-28 21:24:03.387 UTC: 	 Adding directory /eos/home-b/bibehera/OO_Simfit_eff/CMSSW_15_0_6_patch1/src/HeavyIonsAnalysis/TrackAnalysis/python to tarball
DEBUG 2026-01-28 21:24:03.399 UTC: 	 Adding directory /eos/home-b/bibehera/OO_Simfit_eff/CMSSW_15_0_6_patch1/src/HeavyIonsAnalysis/VertexAnalysis/python to tarball
DEBUG 2026-01-28 21:24:03.403 UTC: 	 Adding directory /eos/home-b/bibehera/OO_Simfit_eff/CMSSW_15_0_6_patch1/src/HeavyIonsAnalysis/ZDCAnalysis/python to tarball
DEBUG 2026-01-28 21:24:03.455 UTC: 	 Uploading archive /eos/home-b/bibehera/OO_Simfit_eff/CMSSW_15_0_6_patch1/src/Analyzer/RaghuV0Ana/cfg/OO_Data_MINIAOD/crab_2pc_OO_V0_cent70to80_nom_IP17/inputs/8a2433cd-dfed-4b9a-873a-4a449f52adbddefault.tgz (4.677734.1 MB) to the CRAB cache.
DEBUG 2026-01-28 21:24:04.307 UTC: 	 Encoded data for curl request: subresource=upload&objecttype=sandbox&tarballname=ebd2a7fa6920a6538973be3da08c0e720192f1fe55ca061ea674d8160a74ced0.tar.gz
DEBUG 2026-01-28 21:24:04.359 UTC: 	 sandbox ebd2a7fa6920a6538973be3da08c0e720192f1fe55ca061ea674d8160a74ced0.tar.gz is already in the S3 store, will not upload again
DEBUG 2026-01-28 21:24:04.359 UTC: 	 Loading required information from the environment
DEBUG 2026-01-28 21:24:04.359 UTC: 	 Found CMSSW_15_0_6_patch1 for el8_amd64_gcc12 with base /eos/home-b/bibehera/OO_Simfit_eff/CMSSW_15_0_6_patch1
DEBUG 2026-01-28 21:24:04.359 UTC: 	 Making tarball in /eos/home-b/bibehera/OO_Simfit_eff/CMSSW_15_0_6_patch1/src/Analyzer/RaghuV0Ana/cfg/OO_Data_MINIAOD/crab_2pc_OO_V0_cent70to80_nom_IP17/inputs/debugFiles.tgz
DEBUG 2026-01-28 21:24:04.368 UTC: 	 Uploading archive /eos/home-b/bibehera/OO_Simfit_eff/CMSSW_15_0_6_patch1/src/Analyzer/RaghuV0Ana/cfg/OO_Data_MINIAOD/crab_2pc_OO_V0_cent70to80_nom_IP17/inputs/debugFiles.tgz (3 KB) to the CRAB cache.
DEBUG 2026-01-28 21:24:04.372 UTC: 	 Encoded data for curl request: subresource=upload&objecttype=sandbox&tarballname=d1ccdb1cec1c52dcc142fe7ee92f2af0c1d2c26bcb9b223629d1c87cbfb91c76.tar.gz
DEBUG 2026-01-28 21:24:04.419 UTC: 	 Will execute:
curl -f -v -X POST  -H "User-Agent: CRAB" -F "key=bibehera/sandboxes/d1ccdb1cec1c52dcc142fe7ee92f2af0c1d2c26bcb9b223629d1c87cbfb91c76.tar.gz" -F "AWSAccessKeyId=715203df6482458ba839e73e6dab634b" -F "policy=eyJleHBpcmF0aW9uIjogIjIwMjYtMDEtMjhUMjI6MjQ6MDRaIiwgImNvbmRpdGlvbnMiOiBbeyJidWNrZXQiOiAiY3JhYmNhY2hlX3Byb2QifSwgeyJrZXkiOiAiYmliZWhlcmEvc2FuZGJveGVzL2QxY2NkYjFjZWMxYzUyZGNjMTQyZmU3ZWU5MmYyYWYwYzFkMmMyNmJjYjliMjIzNjI5ZDFjODdjYmZiOTFjNzYudGFyLmd6In1dfQ==" -F "signature=qzXjHGoCyuCKG444pt0YpERz04M=" -F "file=@/eos/home-b/bibehera/OO_Simfit_eff/CMSSW_15_0_6_patch1/src/Analyzer/RaghuV0Ana/cfg/OO_Data_MINIAOD/crab_2pc_OO_V0_cent70to80_nom_IP17/inputs/debugFiles.tgz" "https://s3.cern.ch/crabcache_prod"
DEBUG 2026-01-28 21:24:04.449 UTC: 	 exitcode: 0
stdout: b''
DEBUG 2026-01-28 21:24:04.450 UTC: 	 upload to S3 of sandbox /eos/home-b/bibehera/OO_Simfit_eff/CMSSW_15_0_6_patch1/src/Analyzer/RaghuV0Ana/cfg/OO_Data_MINIAOD/crab_2pc_OO_V0_cent70to80_nom_IP17/inputs/debugFiles.tgz completed
DEBUG 2026-01-28 21:24:04.450 UTC: 	 make sure that object is ready for retrieve
DEBUG 2026-01-28 21:24:05.451 UTC: 	 Encoded data for curl request: subresource=download&objecttype=sandbox&tarballname=d1ccdb1cec1c52dcc142fe7ee92f2af0c1d2c26bcb9b223629d1c87cbfb91c76.tar.gz&clientmethod=head_object
DEBUG 2026-01-28 21:24:05.488 UTC: 	 PreSignedUrl to download sandbox received OK
DEBUG 2026-01-28 21:24:05.490 UTC: 	 Will execute:
 curl -v -s -f -o /dev/null --head  "https://s3.cern.ch/crabcache_prod/bibehera/sandboxes/d1ccdb1cec1c52dcc142fe7ee92f2af0c1d2c26bcb9b223629d1c87cbfb91c76.tar.gz?AWSAccessKeyId=715203df6482458ba839e73e6dab634b&Signature=oR1X2eKxTaq%2BRMxruXdAkPHqn%2Fk%3D&Expires=1769639045"
DEBUG 2026-01-28 21:24:05.513 UTC: 	 exitcode: 0
stdout: b''
DEBUG 2026-01-28 21:24:05.513 UTC: 	 sandbox /eos/home-b/bibehera/OO_Simfit_eff/CMSSW_15_0_6_patch1/src/Analyzer/RaghuV0Ana/cfg/OO_Data_MINIAOD/crab_2pc_OO_V0_cent70to80_nom_IP17/inputs/debugFiles.tgz successfully uploaded to S3
DEBUG 2026-01-28 21:24:05.513 UTC: 	 Result uploading input files: ebd2a7fa6920a6538973be3da08c0e720192f1fe55ca061ea674d8160a74ced0.tar.gz 
DEBUG 2026-01-28 21:24:05.513 UTC: 	 Attaching lumi mask generated_json.json to the request
DEBUG 2026-01-28 21:24:05.513 UTC: 	 Reading lumi-mask from generated_json.json
DEBUG 2026-01-28 21:24:05.514 UTC: 	 submit() - self.configuration from WMCore.Configuration import Configuration
config = Configuration()
config.section_('General')
config.General.transferOutputs = True
config.General.requestName = '2pc_OO_V0_cent70to80_nom_IP17'
config.General.workArea = 'OO_Data_MINIAOD'
config.General.transferLogs = True
config.section_('JobType')
config.JobType.pluginName = 'Analysis'
config.JobType.psetName = 'PbPb_2018_cfg.py'
config.section_('Data')
config.Data.unitsPerJob = 3
config.Data.secondaryInputDataset = '/IonPhysics17/OORun2025-PromptReco-v1/MINIAOD'
config.Data.outputDatasetTag = '2pc_OO_V0_cent70to80_nom_IP17'
config.Data.lumiMask = 'generated_json.json'
config.Data.outLFNDirBase = '/store/user/bibehera/'
config.Data.splitting = 'LumiBased'
config.Data.publication = False
config.Data.inputDBS = 'phys03'
config.Data.totalUnits = -1
config.Data.inputDataset = '/IonPhysics17/bibehera-2pc_OO_V0_IP17-ca42279dfc2dce710b3991c24f27a617/USER'
config.section_('Site')
config.Site.storageSite = 'T3_CH_CERNBOX'
config.section_('User')
config.section_('Debug')

DEBUG 2026-01-28 21:24:05.514 UTC: 	 submit() - self.configreq {'dryrun': 0, 'workflow': 'crab_2pc_OO_V0_cent70to80_nom_IP17', 'saveoutput': 1, 'savelogsflag': 1, 'inputdata': '/IonPhysics17/bibehera-2pc_OO_V0_IP17-ca42279dfc2dce710b3991c24f27a617/USER', 'nonvaliddata': 0, 'userfiles': [], 'dbsurl': 'https://cmsweb.cern.ch/dbs/prod/phys03/DBSReader', 'useparent': 0, 'secondarydata': '/IonPhysics17/OORun2025-PromptReco-v1/MINIAOD', 'ignorelocality': 0, 'splitalgo': 'LumiBased', 'algoargs': 3, 'totalunits': -1, 'lfn': '/store/user/bibehera/', 'publication': 0, 'publishdbsurl': 'https://cmsweb.cern.ch/dbs/prod/phys03/DBSWriter', 'publishname2': '2pc_OO_V0_cent70to80_nom_IP17', 'jobtype': 'Analysis', 'generator': 'pythia', 'addoutputfiles': [], 'maxjobruntime': 1250, 'numcores': 1, 'maxmemory': 2000, 'priority': 10, 'nonprodsw': 0, 'asyncdest': 'T3_CH_CERNBOX', 'requireaccelerator': 0, 'oneEventMode': 0, 'extrajdl': [], 'ignoreglobalblacklist': 0, 'partialdataset': 0, 'inputblocks': []}
DEBUG 2026-01-28 21:24:05.514 UTC: 	 submit() - jobconfig {'addoutputfiles': [], 'tfileoutfiles': ['V0_test_IM_newpT.root'], 'edmoutfiles': [], 'jobarch': 'el8_amd64_gcc12', 'jobminuarch': 'x86-64-v3', 'jobsw': 'CMSSW_15_0_6_patch1', 'inputdata': '/IonPhysics17/bibehera-2pc_OO_V0_IP17-ca42279dfc2dce710b3991c24f27a617/USER', 'cachefilename': 'ebd2a7fa6920a6538973be3da08c0e720192f1fe55ca061ea674d8160a74ced0.tar.gz', 'debugfilename': 'd1ccdb1cec1c52dcc142fe7ee92f2af0c1d2c26bcb9b223629d1c87cbfb91c76.tar.gz', 'runs': ['394153', '394154', '394169', '394175', '394183', '394184', '394185', '394186', '394187', '394188', '394189', '394204', '394209', '394217'], 'lumis': ['40,169', '1,886', '39,997', '47,988', '15,239', '1,667', '1,3', '1,15', '1,1', '1,107', '1,72', '38,932', '23,1209', '41,838'], 'jobtype': 'Analysis'}
INFO 2026-01-28 21:24:05.514 UTC: 	 Sending the request to the server at cmsweb.cern.ch
DEBUG 2026-01-28 21:24:05.515 UTC: 	 Submitting {'dryrun': 0, 'workflow': 'crab_2pc_OO_V0_cent70to80_nom_IP17', 'saveoutput': 1, 'savelogsflag': 1, 'inputdata': '/IonPhysics17/bibehera-2pc_OO_V0_IP17-ca42279dfc2dce710b3991c24f27a617/USER', 'nonvaliddata': 0, 'userfiles': [], 'dbsurl': 'https://cmsweb.cern.ch/dbs/prod/phys03/DBSReader', 'useparent': 0, 'secondarydata': '/IonPhysics17/OORun2025-PromptReco-v1/MINIAOD', 'ignorelocality': 0, 'splitalgo': 'LumiBased', 'algoargs': 3, 'totalunits': -1, 'lfn': '/store/user/bibehera/', 'publication': 0, 'publishdbsurl': 'https://cmsweb.cern.ch/dbs/prod/phys03/DBSWriter', 'publishname2': '2pc_OO_V0_cent70to80_nom_IP17', 'jobtype': 'Analysis', 'generator': 'pythia', 'addoutputfiles': [], 'maxjobruntime': 1250, 'numcores': 1, 'maxmemory': 2000, 'priority': 10, 'nonprodsw': 0, 'asyncdest': 'T3_CH_CERNBOX', 'requireaccelerator': 0, 'oneEventMode': 0, 'extrajdl': [], 'ignoreglobalblacklist': 0, 'partialdataset': 0, 'inputblocks': [], 'tfileoutfiles': ['V0_test_IM_newpT.root'], 'edmoutfiles': [], 'jobarch': 'el8_amd64_gcc12', 'jobminuarch': 'x86-64-v3', 'jobsw': 'CMSSW_15_0_6_patch1', 'cachefilename': 'ebd2a7fa6920a6538973be3da08c0e720192f1fe55ca061ea674d8160a74ced0.tar.gz', 'debugfilename': 'd1ccdb1cec1c52dcc142fe7ee92f2af0c1d2c26bcb9b223629d1c87cbfb91c76.tar.gz', 'runs': ['394153', '394154', '394169', '394175', '394183', '394184', '394185', '394186', '394187', '394188', '394189', '394204', '394209', '394217'], 'lumis': ['40,169', '1,886', '39,997', '47,988', '15,239', '1,667', '1,3', '1,15', '1,1', '1,107', '1,72', '38,932', '23,1209', '41,838']} 
DEBUG 2026-01-28 21:24:05.515 UTC: 	 Encoded data for curl request: dryrun=0&workflow=crab_2pc_OO_V0_cent70to80_nom_IP17&saveoutput=1&savelogsflag=1&inputdata=%2FIonPhysics17%2Fbibehera-2pc_OO_V0_IP17-ca42279dfc2dce710b3991c24f27a617%2FUSER&nonvaliddata=0&dbsurl=https%3A%2F%2Fcmsweb.cern.ch%2Fdbs%2Fprod%2Fphys03%2FDBSReader&useparent=0&secondarydata=%2FIonPhysics17%2FOORun2025-PromptReco-v1%2FMINIAOD&ignorelocality=0&splitalgo=LumiBased&algoargs=3&totalunits=-1&lfn=%2Fstore%2Fuser%2Fbibehera%2F&publication=0&publishdbsurl=https%3A%2F%2Fcmsweb.cern.ch%2Fdbs%2Fprod%2Fphys03%2FDBSWriter&publishname2=2pc_OO_V0_cent70to80_nom_IP17&jobtype=Analysis&generator=pythia&maxjobruntime=1250&numcores=1&maxmemory=2000&priority=10&nonprodsw=0&asyncdest=T3_CH_CERNBOX&requireaccelerator=0&oneEventMode=0&ignoreglobalblacklist=0&partialdataset=0&jobarch=el8_amd64_gcc12&jobminuarch=x86-64-v3&jobsw=CMSSW_15_0_6_patch1&cachefilename=ebd2a7fa6920a6538973be3da08c0e720192f1fe55ca061ea674d8160a74ced0.tar.gz&debugfilename=d1ccdb1cec1c52dcc142fe7ee92f2af0c1d2c26bcb9b223629d1c87cbfb91c76.tar.gz&tfileoutfiles=V0_test_IM_newpT.root&runs=394153&runs=394154&runs=394169&runs=394175&runs=394183&runs=394184&runs=394185&runs=394186&runs=394187&runs=394188&runs=394189&runs=394204&runs=394209&runs=394217&lumis=40%2C169&lumis=1%2C886&lumis=39%2C997&lumis=47%2C988&lumis=15%2C239&lumis=1%2C667&lumis=1%2C3&lumis=1%2C15&lumis=1%2C1&lumis=1%2C107&lumis=1%2C72&lumis=38%2C932&lumis=23%2C1209&lumis=41%2C838
DEBUG 2026-01-28 21:24:06.149 UTC: 	 Result: {'result': [{'RequestName': '260128_212405:bibehera_crab_2pc_OO_V0_cent70to80_nom_IP17'}]}
INFO 2026-01-28 21:24:06.237 UTC: 	 Success: Your task has been delivered to the prod CRAB3 server.
INFO 2026-01-28 21:24:06.238 UTC: 	 Task name: 260128_212405:bibehera_crab_2pc_OO_V0_cent70to80_nom_IP17
INFO 2026-01-28 21:24:06.238 UTC: 	 Project dir: OO_Data_MINIAOD/crab_2pc_OO_V0_cent70to80_nom_IP17
INFO 2026-01-28 21:24:06.238 UTC: 	 Please use ' crab status -d OO_Data_MINIAOD/crab_2pc_OO_V0_cent70to80_nom_IP17 ' to check how the submission process proceeds.
DEBUG 2026-01-28 21:24:06.239 UTC: 	 About to return
INFO 2026-01-28 21:24:06.255 UTC: 	 Log file is /eos/home-b/bibehera/OO_Simfit_eff/CMSSW_15_0_6_patch1/src/Analyzer/RaghuV0Ana/cfg/OO_Data_MINIAOD/crab_2pc_OO_V0_cent70to80_nom_IP17/crab.log
