DEBUG 2026-01-28 21:23:01.715 UTC: 	 CRAB Client version: v3.251020
DEBUG 2026-01-28 21:23:01.716 UTC: 	 Running on: Linux lxplus808.cern.ch 4.18.0-553.92.1.el8_10.x86_64 #1 SMP Tue Jan 6 00:53:45 EST 2026 x86_64 x86_64 x86_64 GNU/Linux
DEBUG 2026-01-28 21:23:01.716 UTC: 	 Not using Singularity
DEBUG 2026-01-28 21:23:01.716 UTC: 	 Operating System: Red Hat Enterprise Linux 8.10 (Ootpa)
DEBUG 2026-01-28 21:23:01.716 UTC: 	 Executing command: 'submit'
DEBUG 2026-01-28 21:23:01.716 UTC: 	 Found CRAB cache file /afs/cern.ch/user/b/bibehera/.crab3
INFO 2026-01-28 21:23:01.746 UTC: 	 Will use CRAB configuration file crab_config2.py
DEBUG 2026-01-28 21:23:01.747 UTC: 	 Loading CRAB configuration file.
DEBUG 2026-01-28 21:23:01.835 UTC: 	 Overriden parameter General.requestName with '2pc_OO_V0_cent70to80_nom_IP10'
DEBUG 2026-01-28 21:23:01.835 UTC: 	 Overriden parameter Data.inputDataset with '/IonPhysics10/bibehera-2pc_OO_V0_IP10-ca42279dfc2dce710b3991c24f27a617/USER'
DEBUG 2026-01-28 21:23:01.835 UTC: 	 Overriden parameter Data.secondaryInputDataset with '/IonPhysics10/OORun2025-PromptReco-v1/MINIAOD'
DEBUG 2026-01-28 21:23:01.835 UTC: 	 Overriden parameter Data.outputDatasetTag with '2pc_OO_V0_cent70to80_nom_IP10'
DEBUG 2026-01-28 21:23:01.835 UTC: 	 Will use CRAB plugin ANALYSIS (i.e. will run an analysis job type).
DEBUG 2026-01-28 21:23:01.846 UTC: 	 Checking credentials
DEBUG 2026-01-28 21:23:01.846 UTC: 	 Found proxy file /tmp/x509up_u177753
DEBUG 2026-01-28 21:23:01.847 UTC: 	 Making sure it has proper VOMS extension
DEBUG 2026-01-28 21:23:01.847 UTC: 	 Executing command :
 voms-proxy-info --vo --file /tmp/x509up_u177753
DEBUG 2026-01-28 21:23:01.871 UTC: 	 output : cms

 error: 
 retcode : 0
DEBUG 2026-01-28 21:23:01.871 UTC: 	 Getting proxy life time left
DEBUG 2026-01-28 21:23:01.871 UTC: 	 Executing command :
 voms-proxy-info --actimeleft --timeleft --file /tmp/x509up_u177753
DEBUG 2026-01-28 21:23:01.890 UTC: 	 output : 43070
43070

 error: 
 retcode : 0
DEBUG 2026-01-28 21:23:01.890 UTC: 	 Proxy valid for 11:57:50 hours
DEBUG 2026-01-28 21:23:01.890 UTC: 	 Encoded data for curl request: subresource=delegatedn
DEBUG 2026-01-28 21:23:01.942 UTC: 	 Registering user credentials on myproxy for /DC=ch/DC=cern/OU=Organic Units/OU=Users/CN=cmscrab/CN=(817881|373708)/CN=Robot: cms crab|/DC=ch/DC=cern/OU=Organic Units/OU=Users/CN=crabint1/CN=373708/CN=Robot: CMS CRAB Integration 1
DEBUG 2026-01-28 21:23:01.942 UTC: 	 Executing command :
 voms-proxy-info --identity --file /tmp/x509up_u177753
DEBUG 2026-01-28 21:23:01.965 UTC: 	 output : /DC=ch/DC=cern/OU=Organic Units/OU=Users/CN=bibehera/CN=882295/CN=Bismita Behera

 error: 
 retcode : 0
DEBUG 2026-01-28 21:23:01.965 UTC: 	 Getting myproxy life time left for bfbdf12a5670e45fdd055ff115afbb0f25b8a072
DEBUG 2026-01-28 21:23:01.965 UTC: 	 Executing command :
 myproxy-info -s myproxy.cern.ch -l bfbdf12a5670e45fdd055ff115afbb0f25b8a072
DEBUG 2026-01-28 21:23:02.311 UTC: 	 output : username: bfbdf12a5670e45fdd055ff115afbb0f25b8a072
owner: /DC=ch/DC=cern/OU=Organic Units/OU=Users/CN=bibehera/CN=882295/CN=Bismita Behera
  renewal policy: /DC=ch/DC=cern/OU=Organic Units/OU=Users/CN=cmscrab/CN=(817881|373708)/CN=Robot: cms crab|/DC=ch/DC=cern/OU=Organic Units/OU=Users/CN=crabint1/CN=373708/CN=Robot: CMS CRAB Integration 1
  trusted retrieval policy: /DC=ch/DC=cern/OU=Organic Units/OU=Users/CN=cmscrab/CN=(817881|373708)/CN=Robot: cms crab|/DC=ch/DC=cern/OU=Organic Units/OU=Users/CN=crabint1/CN=373708/CN=Robot: CMS CRAB Integration 1
  timeleft: 671:32:53  (28.0 days)

 error: 
 retcode : 0
DEBUG 2026-01-28 21:23:02.311 UTC: 	 Myproxy is valid: 2417520
DEBUG 2026-01-28 21:23:02.311 UTC: 	 Result of myproxy credential check:
  Credential exists on myproxy: username: bfbdf12a5670e45fdd055ff115afbb0f25b8a072  - validity: 27 days, 23:32:00
DEBUG 2026-01-28 21:23:02.311 UTC: 	 Command use: submit
DEBUG 2026-01-28 21:23:02.311 UTC: 	 Options use: ['-c', 'crab_config2.py', 'General.requestName=2pc_OO_V0_cent70to80_nom_IP10', 'Data.inputDataset=/IonPhysics10/bibehera-2pc_OO_V0_IP10-ca42279dfc2dce710b3991c24f27a617/USER', 'Data.secondaryInputDataset=/IonPhysics10/OORun2025-PromptReco-v1/MINIAOD', 'Data.outputDatasetTag=2pc_OO_V0_cent70to80_nom_IP10']
DEBUG 2026-01-28 21:23:02.311 UTC: 	 Encoded data for curl request: subresource=version
DEBUG 2026-01-28 21:23:02.348 UTC: 	 CRABClient version: v3.251020
DEBUG 2026-01-28 21:23:02.348 UTC: 	 Instance is prod
DEBUG 2026-01-28 21:23:02.348 UTC: 	 Server base url is cmsweb.cern.ch
DEBUG 2026-01-28 21:23:02.348 UTC: 	 Command api workflow
DEBUG 2026-01-28 21:23:02.348 UTC: 	 Started submission
DEBUG 2026-01-28 21:23:02.348 UTC: 	 Working on /eos/home-b/bibehera/OO_Simfit_eff/CMSSW_15_0_6_patch1/src/Analyzer/RaghuV0Ana/cfg/OO_Data_MINIAOD/crab_2pc_OO_V0_cent70to80_nom_IP10
DEBUG 2026-01-28 21:23:02.375 UTC: 	 Loading required information from the environment
DEBUG 2026-01-28 21:23:02.375 UTC: 	 Found CMSSW_15_0_6_patch1 for el8_amd64_gcc12 with base /eos/home-b/bibehera/OO_Simfit_eff/CMSSW_15_0_6_patch1
DEBUG 2026-01-28 21:23:02.375 UTC: 	 Loading required information from the environment
DEBUG 2026-01-28 21:23:02.375 UTC: 	 Found CMSSW_15_0_6_patch1 for el8_amd64_gcc12 with base /eos/home-b/bibehera/OO_Simfit_eff/CMSSW_15_0_6_patch1
DEBUG 2026-01-28 21:23:02.375 UTC: 	 UNIQUE NAME: tarUUID ef15469a-fdd6-4328-b528-854aa607b2cd 
DEBUG 2026-01-28 21:23:02.375 UTC: 	 self.config: from WMCore.Configuration import Configuration
config = Configuration()
config.section_('General')
config.General.workArea = 'OO_Data_MINIAOD'
config.General.requestName = '2pc_OO_V0_cent70to80_nom_IP10'
config.General.transferOutputs = True
config.General.transferLogs = True
config.section_('JobType')
config.JobType.psetName = 'PbPb_2018_cfg.py'
config.JobType.pluginName = 'Analysis'
config.section_('Data')
config.Data.lumiMask = 'generated_json.json'
config.Data.secondaryInputDataset = '/IonPhysics10/OORun2025-PromptReco-v1/MINIAOD'
config.Data.unitsPerJob = 3
config.Data.publication = False
config.Data.splitting = 'LumiBased'
config.Data.inputDataset = '/IonPhysics10/bibehera-2pc_OO_V0_IP10-ca42279dfc2dce710b3991c24f27a617/USER'
config.Data.outLFNDirBase = '/store/user/bibehera/'
config.Data.outputDatasetTag = '2pc_OO_V0_cent70to80_nom_IP10'
config.Data.inputDBS = 'phys03'
config.Data.totalUnits = -1
config.section_('Site')
config.Site.storageSite = 'T3_CH_CERNBOX'
config.section_('User')
config.section_('Debug')

DEBUG 2026-01-28 21:23:02.375 UTC: 	 self.config.JobType.psetName: PbPb_2018_cfg.py
INFO 2026-01-28 21:23:02.375 UTC: 	 Importing CMSSW configuration PbPb_2018_cfg.py
INFO 2026-01-28 21:23:03.273 UTC: 	 Finished importing CMSSW configuration PbPb_2018_cfg.py
DEBUG 2026-01-28 21:23:03.274 UTC: 	 Writing CMSSW configuration to /eos/home-b/bibehera/OO_Simfit_eff/CMSSW_15_0_6_patch1/src/Analyzer/RaghuV0Ana/cfg/OO_Data_MINIAOD/crab_2pc_OO_V0_cent70to80_nom_IP10/inputs/PSet.py
DEBUG 2026-01-28 21:23:03.320 UTC: 	 The following EDM output files will be collected: []
DEBUG 2026-01-28 21:23:03.320 UTC: 	 The following TFile output files will be collected: ['V0_test_IM_newpT.root']
DEBUG 2026-01-28 21:23:03.320 UTC: 	 The following user output files (not listed as PoolOuputModule or TFileService in the CMSSW PSet) will be collected: 
DEBUG 2026-01-28 21:23:03.320 UTC: 	 Loading required information from the environment
DEBUG 2026-01-28 21:23:03.320 UTC: 	 Found CMSSW_15_0_6_patch1 for el8_amd64_gcc12 with base /eos/home-b/bibehera/OO_Simfit_eff/CMSSW_15_0_6_patch1
DEBUG 2026-01-28 21:23:03.320 UTC: 	 Making tarball in /eos/home-b/bibehera/OO_Simfit_eff/CMSSW_15_0_6_patch1/src/Analyzer/RaghuV0Ana/cfg/OO_Data_MINIAOD/crab_2pc_OO_V0_cent70to80_nom_IP10/inputs/ef15469a-fdd6-4328-b528-854aa607b2cddefault.tgz
DEBUG 2026-01-28 21:23:03.323 UTC: 	 Checking directory /eos/home-b/bibehera/OO_Simfit_eff/CMSSW_15_0_6_patch1/bin
DEBUG 2026-01-28 21:23:03.323 UTC: 	 Adding directory /eos/home-b/bibehera/OO_Simfit_eff/CMSSW_15_0_6_patch1/bin to tarball
DEBUG 2026-01-28 21:23:03.339 UTC: 	 Checking directory /eos/home-b/bibehera/OO_Simfit_eff/CMSSW_15_0_6_patch1/python
DEBUG 2026-01-28 21:23:03.339 UTC: 	 Adding directory /eos/home-b/bibehera/OO_Simfit_eff/CMSSW_15_0_6_patch1/python to tarball
DEBUG 2026-01-28 21:23:03.403 UTC: 	 Checking directory /eos/home-b/bibehera/OO_Simfit_eff/CMSSW_15_0_6_patch1/cfipython
DEBUG 2026-01-28 21:23:03.403 UTC: 	 Adding directory /eos/home-b/bibehera/OO_Simfit_eff/CMSSW_15_0_6_patch1/cfipython to tarball
DEBUG 2026-01-28 21:23:03.553 UTC: 	 Checking directory /eos/home-b/bibehera/OO_Simfit_eff/CMSSW_15_0_6_patch1/lib
DEBUG 2026-01-28 21:23:03.554 UTC: 	 Adding directory /eos/home-b/bibehera/OO_Simfit_eff/CMSSW_15_0_6_patch1/lib to tarball
DEBUG 2026-01-28 21:23:03.760 UTC: 	 Checking directory /eos/home-b/bibehera/OO_Simfit_eff/CMSSW_15_0_6_patch1/biglib
DEBUG 2026-01-28 21:23:03.760 UTC: 	 Adding directory /eos/home-b/bibehera/OO_Simfit_eff/CMSSW_15_0_6_patch1/biglib to tarball
DEBUG 2026-01-28 21:23:03.765 UTC: 	 Checking directory /eos/home-b/bibehera/OO_Simfit_eff/CMSSW_15_0_6_patch1/module
DEBUG 2026-01-28 21:23:03.767 UTC: 	 Checking directory /eos/home-b/bibehera/OO_Simfit_eff/CMSSW_15_0_6_patch1/config/SCRAM/hooks
DEBUG 2026-01-28 21:23:03.770 UTC: 	 Adding directory /eos/home-b/bibehera/OO_Simfit_eff/CMSSW_15_0_6_patch1/config/SCRAM/hooks to tarball
DEBUG 2026-01-28 21:23:07.996 UTC: 	 Adding directory /eos/home-b/bibehera/OO_Simfit_eff/CMSSW_15_0_6_patch1/src/Analyzer/RaghuV0Ana/data to tarball
DEBUG 2026-01-28 21:23:09.288 UTC: 	 Adding directory /eos/home-b/bibehera/OO_Simfit_eff/CMSSW_15_0_6_patch1/src/Analyzer/RaghuV0Ana/interface to tarball
DEBUG 2026-01-28 21:23:09.324 UTC: 	 Adding directory /eos/home-b/bibehera/OO_Simfit_eff/CMSSW_15_0_6_patch1/src/Analyzer/RaghuV0Ana/python to tarball
DEBUG 2026-01-28 21:23:09.365 UTC: 	 Adding directory /eos/home-b/bibehera/OO_Simfit_eff/CMSSW_15_0_6_patch1/src/HeavyIonsAnalysis/Configuration/data to tarball
DEBUG 2026-01-28 21:23:09.951 UTC: 	 Adding directory /eos/home-b/bibehera/OO_Simfit_eff/CMSSW_15_0_6_patch1/src/HeavyIonsAnalysis/Configuration/python to tarball
DEBUG 2026-01-28 21:23:10.005 UTC: 	 Adding directory /eos/home-b/bibehera/OO_Simfit_eff/CMSSW_15_0_6_patch1/src/HeavyIonsAnalysis/EGMAnalysis/data to tarball
DEBUG 2026-01-28 21:23:10.076 UTC: 	 Adding directory /eos/home-b/bibehera/OO_Simfit_eff/CMSSW_15_0_6_patch1/src/HeavyIonsAnalysis/EGMAnalysis/interface to tarball
DEBUG 2026-01-28 21:23:10.089 UTC: 	 Adding directory /eos/home-b/bibehera/OO_Simfit_eff/CMSSW_15_0_6_patch1/src/HeavyIonsAnalysis/EGMAnalysis/python to tarball
DEBUG 2026-01-28 21:23:10.108 UTC: 	 Adding directory /eos/home-b/bibehera/OO_Simfit_eff/CMSSW_15_0_6_patch1/src/HeavyIonsAnalysis/EventAnalysis/python to tarball
DEBUG 2026-01-28 21:23:10.198 UTC: 	 Adding directory /eos/home-b/bibehera/OO_Simfit_eff/CMSSW_15_0_6_patch1/src/HeavyIonsAnalysis/JetAnalysis/interface to tarball
DEBUG 2026-01-28 21:23:10.207 UTC: 	 Adding directory /eos/home-b/bibehera/OO_Simfit_eff/CMSSW_15_0_6_patch1/src/HeavyIonsAnalysis/JetAnalysis/python to tarball
DEBUG 2026-01-28 21:23:10.252 UTC: 	 Adding directory /eos/home-b/bibehera/OO_Simfit_eff/CMSSW_15_0_6_patch1/src/HeavyIonsAnalysis/MuonAnalysis/interface to tarball
DEBUG 2026-01-28 21:23:10.261 UTC: 	 Adding directory /eos/home-b/bibehera/OO_Simfit_eff/CMSSW_15_0_6_patch1/src/HeavyIonsAnalysis/MuonAnalysis/python to tarball
DEBUG 2026-01-28 21:23:10.276 UTC: 	 Adding directory /eos/home-b/bibehera/OO_Simfit_eff/CMSSW_15_0_6_patch1/src/HeavyIonsAnalysis/TrackAnalysis/interface to tarball
DEBUG 2026-01-28 21:23:10.281 UTC: 	 Adding directory /eos/home-b/bibehera/OO_Simfit_eff/CMSSW_15_0_6_patch1/src/HeavyIonsAnalysis/TrackAnalysis/python to tarball
DEBUG 2026-01-28 21:23:10.351 UTC: 	 Adding directory /eos/home-b/bibehera/OO_Simfit_eff/CMSSW_15_0_6_patch1/src/HeavyIonsAnalysis/VertexAnalysis/python to tarball
DEBUG 2026-01-28 21:23:10.364 UTC: 	 Adding directory /eos/home-b/bibehera/OO_Simfit_eff/CMSSW_15_0_6_patch1/src/HeavyIonsAnalysis/ZDCAnalysis/python to tarball
DEBUG 2026-01-28 21:23:10.426 UTC: 	 Uploading archive /eos/home-b/bibehera/OO_Simfit_eff/CMSSW_15_0_6_patch1/src/Analyzer/RaghuV0Ana/cfg/OO_Data_MINIAOD/crab_2pc_OO_V0_cent70to80_nom_IP10/inputs/ef15469a-fdd6-4328-b528-854aa607b2cddefault.tgz (4.677734.1 MB) to the CRAB cache.
DEBUG 2026-01-28 21:23:11.252 UTC: 	 Encoded data for curl request: subresource=upload&objecttype=sandbox&tarballname=ebd2a7fa6920a6538973be3da08c0e720192f1fe55ca061ea674d8160a74ced0.tar.gz
DEBUG 2026-01-28 21:23:11.304 UTC: 	 Will execute:
curl -f -v -X POST  -H "User-Agent: CRAB" -F "key=bibehera/sandboxes/ebd2a7fa6920a6538973be3da08c0e720192f1fe55ca061ea674d8160a74ced0.tar.gz" -F "AWSAccessKeyId=715203df6482458ba839e73e6dab634b" -F "policy=eyJleHBpcmF0aW9uIjogIjIwMjYtMDEtMjhUMjI6MjM6MTFaIiwgImNvbmRpdGlvbnMiOiBbeyJidWNrZXQiOiAiY3JhYmNhY2hlX3Byb2QifSwgeyJrZXkiOiAiYmliZWhlcmEvc2FuZGJveGVzL2ViZDJhN2ZhNjkyMGE2NTM4OTczYmUzZGEwOGMwZTcyMDE5MmYxZmU1NWNhMDYxZWE2NzRkODE2MGE3NGNlZDAudGFyLmd6In1dfQ==" -F "signature=vImjExIOpXFT4YEvvvY6phhlPoU=" -F "file=@/eos/home-b/bibehera/OO_Simfit_eff/CMSSW_15_0_6_patch1/src/Analyzer/RaghuV0Ana/cfg/OO_Data_MINIAOD/crab_2pc_OO_V0_cent70to80_nom_IP10/inputs/ef15469a-fdd6-4328-b528-854aa607b2cddefault.tgz" "https://s3.cern.ch/crabcache_prod"
DEBUG 2026-01-28 21:23:12.705 UTC: 	 exitcode: 0
stdout: b''
DEBUG 2026-01-28 21:23:12.705 UTC: 	 upload to S3 of sandbox /eos/home-b/bibehera/OO_Simfit_eff/CMSSW_15_0_6_patch1/src/Analyzer/RaghuV0Ana/cfg/OO_Data_MINIAOD/crab_2pc_OO_V0_cent70to80_nom_IP10/inputs/ef15469a-fdd6-4328-b528-854aa607b2cddefault.tgz completed
DEBUG 2026-01-28 21:23:12.705 UTC: 	 make sure that object is ready for retrieve
DEBUG 2026-01-28 21:23:13.705 UTC: 	 Encoded data for curl request: subresource=download&objecttype=sandbox&tarballname=ebd2a7fa6920a6538973be3da08c0e720192f1fe55ca061ea674d8160a74ced0.tar.gz&clientmethod=head_object
DEBUG 2026-01-28 21:23:13.749 UTC: 	 PreSignedUrl to download sandbox received OK
DEBUG 2026-01-28 21:23:13.751 UTC: 	 Will execute:
 curl -v -s -f -o /dev/null --head  "https://s3.cern.ch/crabcache_prod/bibehera/sandboxes/ebd2a7fa6920a6538973be3da08c0e720192f1fe55ca061ea674d8160a74ced0.tar.gz?AWSAccessKeyId=715203df6482458ba839e73e6dab634b&Signature=4teUf0a3giAisrDlkNJBFTfr6%2FE%3D&Expires=1769638993"
DEBUG 2026-01-28 21:23:13.775 UTC: 	 exitcode: 0
stdout: b''
DEBUG 2026-01-28 21:23:13.775 UTC: 	 sandbox /eos/home-b/bibehera/OO_Simfit_eff/CMSSW_15_0_6_patch1/src/Analyzer/RaghuV0Ana/cfg/OO_Data_MINIAOD/crab_2pc_OO_V0_cent70to80_nom_IP10/inputs/ef15469a-fdd6-4328-b528-854aa607b2cddefault.tgz successfully uploaded to S3
DEBUG 2026-01-28 21:23:13.776 UTC: 	 Loading required information from the environment
DEBUG 2026-01-28 21:23:13.776 UTC: 	 Found CMSSW_15_0_6_patch1 for el8_amd64_gcc12 with base /eos/home-b/bibehera/OO_Simfit_eff/CMSSW_15_0_6_patch1
DEBUG 2026-01-28 21:23:13.776 UTC: 	 Making tarball in /eos/home-b/bibehera/OO_Simfit_eff/CMSSW_15_0_6_patch1/src/Analyzer/RaghuV0Ana/cfg/OO_Data_MINIAOD/crab_2pc_OO_V0_cent70to80_nom_IP10/inputs/debugFiles.tgz
DEBUG 2026-01-28 21:23:13.782 UTC: 	 Uploading archive /eos/home-b/bibehera/OO_Simfit_eff/CMSSW_15_0_6_patch1/src/Analyzer/RaghuV0Ana/cfg/OO_Data_MINIAOD/crab_2pc_OO_V0_cent70to80_nom_IP10/inputs/debugFiles.tgz (3 KB) to the CRAB cache.
DEBUG 2026-01-28 21:23:13.787 UTC: 	 Encoded data for curl request: subresource=upload&objecttype=sandbox&tarballname=1e63bd792bd8685a059118f7506d776d891e4fcf9df386381f404d59c5bf0bd6.tar.gz
DEBUG 2026-01-28 21:23:13.838 UTC: 	 Will execute:
curl -f -v -X POST  -H "User-Agent: CRAB" -F "key=bibehera/sandboxes/1e63bd792bd8685a059118f7506d776d891e4fcf9df386381f404d59c5bf0bd6.tar.gz" -F "AWSAccessKeyId=715203df6482458ba839e73e6dab634b" -F "policy=eyJleHBpcmF0aW9uIjogIjIwMjYtMDEtMjhUMjI6MjM6MTNaIiwgImNvbmRpdGlvbnMiOiBbeyJidWNrZXQiOiAiY3JhYmNhY2hlX3Byb2QifSwgeyJrZXkiOiAiYmliZWhlcmEvc2FuZGJveGVzLzFlNjNiZDc5MmJkODY4NWEwNTkxMThmNzUwNmQ3NzZkODkxZTRmY2Y5ZGYzODYzODFmNDA0ZDU5YzViZjBiZDYudGFyLmd6In1dfQ==" -F "signature=LO57lTLlnCl09OhnxTgY+96fmJE=" -F "file=@/eos/home-b/bibehera/OO_Simfit_eff/CMSSW_15_0_6_patch1/src/Analyzer/RaghuV0Ana/cfg/OO_Data_MINIAOD/crab_2pc_OO_V0_cent70to80_nom_IP10/inputs/debugFiles.tgz" "https://s3.cern.ch/crabcache_prod"
DEBUG 2026-01-28 21:23:13.878 UTC: 	 exitcode: 0
stdout: b''
DEBUG 2026-01-28 21:23:13.879 UTC: 	 upload to S3 of sandbox /eos/home-b/bibehera/OO_Simfit_eff/CMSSW_15_0_6_patch1/src/Analyzer/RaghuV0Ana/cfg/OO_Data_MINIAOD/crab_2pc_OO_V0_cent70to80_nom_IP10/inputs/debugFiles.tgz completed
DEBUG 2026-01-28 21:23:13.879 UTC: 	 make sure that object is ready for retrieve
DEBUG 2026-01-28 21:23:14.880 UTC: 	 Encoded data for curl request: subresource=download&objecttype=sandbox&tarballname=1e63bd792bd8685a059118f7506d776d891e4fcf9df386381f404d59c5bf0bd6.tar.gz&clientmethod=head_object
DEBUG 2026-01-28 21:23:14.918 UTC: 	 PreSignedUrl to download sandbox received OK
DEBUG 2026-01-28 21:23:14.920 UTC: 	 Will execute:
 curl -v -s -f -o /dev/null --head  "https://s3.cern.ch/crabcache_prod/bibehera/sandboxes/1e63bd792bd8685a059118f7506d776d891e4fcf9df386381f404d59c5bf0bd6.tar.gz?AWSAccessKeyId=715203df6482458ba839e73e6dab634b&Signature=qB5XBSl548V0mAJzQlTr81vfOW8%3D&Expires=1769638994"
DEBUG 2026-01-28 21:23:14.945 UTC: 	 exitcode: 0
stdout: b''
DEBUG 2026-01-28 21:23:14.945 UTC: 	 sandbox /eos/home-b/bibehera/OO_Simfit_eff/CMSSW_15_0_6_patch1/src/Analyzer/RaghuV0Ana/cfg/OO_Data_MINIAOD/crab_2pc_OO_V0_cent70to80_nom_IP10/inputs/debugFiles.tgz successfully uploaded to S3
DEBUG 2026-01-28 21:23:14.945 UTC: 	 Result uploading input files: ebd2a7fa6920a6538973be3da08c0e720192f1fe55ca061ea674d8160a74ced0.tar.gz 
DEBUG 2026-01-28 21:23:14.945 UTC: 	 Attaching lumi mask generated_json.json to the request
DEBUG 2026-01-28 21:23:14.945 UTC: 	 Reading lumi-mask from generated_json.json
DEBUG 2026-01-28 21:23:14.963 UTC: 	 submit() - self.configuration from WMCore.Configuration import Configuration
config = Configuration()
config.section_('General')
config.General.workArea = 'OO_Data_MINIAOD'
config.General.requestName = '2pc_OO_V0_cent70to80_nom_IP10'
config.General.transferOutputs = True
config.General.transferLogs = True
config.section_('JobType')
config.JobType.psetName = 'PbPb_2018_cfg.py'
config.JobType.pluginName = 'Analysis'
config.section_('Data')
config.Data.lumiMask = 'generated_json.json'
config.Data.secondaryInputDataset = '/IonPhysics10/OORun2025-PromptReco-v1/MINIAOD'
config.Data.unitsPerJob = 3
config.Data.publication = False
config.Data.splitting = 'LumiBased'
config.Data.inputDataset = '/IonPhysics10/bibehera-2pc_OO_V0_IP10-ca42279dfc2dce710b3991c24f27a617/USER'
config.Data.outLFNDirBase = '/store/user/bibehera/'
config.Data.outputDatasetTag = '2pc_OO_V0_cent70to80_nom_IP10'
config.Data.inputDBS = 'phys03'
config.Data.totalUnits = -1
config.section_('Site')
config.Site.storageSite = 'T3_CH_CERNBOX'
config.section_('User')
config.section_('Debug')

DEBUG 2026-01-28 21:23:14.963 UTC: 	 submit() - self.configreq {'dryrun': 0, 'workflow': 'crab_2pc_OO_V0_cent70to80_nom_IP10', 'saveoutput': 1, 'savelogsflag': 1, 'inputdata': '/IonPhysics10/bibehera-2pc_OO_V0_IP10-ca42279dfc2dce710b3991c24f27a617/USER', 'nonvaliddata': 0, 'userfiles': [], 'dbsurl': 'https://cmsweb.cern.ch/dbs/prod/phys03/DBSReader', 'useparent': 0, 'secondarydata': '/IonPhysics10/OORun2025-PromptReco-v1/MINIAOD', 'ignorelocality': 0, 'splitalgo': 'LumiBased', 'algoargs': 3, 'totalunits': -1, 'lfn': '/store/user/bibehera/', 'publication': 0, 'publishdbsurl': 'https://cmsweb.cern.ch/dbs/prod/phys03/DBSWriter', 'publishname2': '2pc_OO_V0_cent70to80_nom_IP10', 'jobtype': 'Analysis', 'generator': 'pythia', 'addoutputfiles': [], 'maxjobruntime': 1250, 'numcores': 1, 'maxmemory': 2000, 'priority': 10, 'nonprodsw': 0, 'asyncdest': 'T3_CH_CERNBOX', 'requireaccelerator': 0, 'oneEventMode': 0, 'extrajdl': [], 'ignoreglobalblacklist': 0, 'partialdataset': 0, 'inputblocks': []}
DEBUG 2026-01-28 21:23:14.963 UTC: 	 submit() - jobconfig {'addoutputfiles': [], 'tfileoutfiles': ['V0_test_IM_newpT.root'], 'edmoutfiles': [], 'jobarch': 'el8_amd64_gcc12', 'jobminuarch': 'x86-64-v3', 'jobsw': 'CMSSW_15_0_6_patch1', 'inputdata': '/IonPhysics10/bibehera-2pc_OO_V0_IP10-ca42279dfc2dce710b3991c24f27a617/USER', 'cachefilename': 'ebd2a7fa6920a6538973be3da08c0e720192f1fe55ca061ea674d8160a74ced0.tar.gz', 'debugfilename': '1e63bd792bd8685a059118f7506d776d891e4fcf9df386381f404d59c5bf0bd6.tar.gz', 'runs': ['394153', '394154', '394169', '394175', '394183', '394184', '394185', '394186', '394187', '394188', '394189', '394204', '394209', '394217'], 'lumis': ['40,169', '1,886', '39,997', '47,988', '15,239', '1,667', '1,3', '1,15', '1,1', '1,107', '1,72', '38,932', '23,1209', '41,838'], 'jobtype': 'Analysis'}
INFO 2026-01-28 21:23:14.963 UTC: 	 Sending the request to the server at cmsweb.cern.ch
DEBUG 2026-01-28 21:23:14.963 UTC: 	 Submitting {'dryrun': 0, 'workflow': 'crab_2pc_OO_V0_cent70to80_nom_IP10', 'saveoutput': 1, 'savelogsflag': 1, 'inputdata': '/IonPhysics10/bibehera-2pc_OO_V0_IP10-ca42279dfc2dce710b3991c24f27a617/USER', 'nonvaliddata': 0, 'userfiles': [], 'dbsurl': 'https://cmsweb.cern.ch/dbs/prod/phys03/DBSReader', 'useparent': 0, 'secondarydata': '/IonPhysics10/OORun2025-PromptReco-v1/MINIAOD', 'ignorelocality': 0, 'splitalgo': 'LumiBased', 'algoargs': 3, 'totalunits': -1, 'lfn': '/store/user/bibehera/', 'publication': 0, 'publishdbsurl': 'https://cmsweb.cern.ch/dbs/prod/phys03/DBSWriter', 'publishname2': '2pc_OO_V0_cent70to80_nom_IP10', 'jobtype': 'Analysis', 'generator': 'pythia', 'addoutputfiles': [], 'maxjobruntime': 1250, 'numcores': 1, 'maxmemory': 2000, 'priority': 10, 'nonprodsw': 0, 'asyncdest': 'T3_CH_CERNBOX', 'requireaccelerator': 0, 'oneEventMode': 0, 'extrajdl': [], 'ignoreglobalblacklist': 0, 'partialdataset': 0, 'inputblocks': [], 'tfileoutfiles': ['V0_test_IM_newpT.root'], 'edmoutfiles': [], 'jobarch': 'el8_amd64_gcc12', 'jobminuarch': 'x86-64-v3', 'jobsw': 'CMSSW_15_0_6_patch1', 'cachefilename': 'ebd2a7fa6920a6538973be3da08c0e720192f1fe55ca061ea674d8160a74ced0.tar.gz', 'debugfilename': '1e63bd792bd8685a059118f7506d776d891e4fcf9df386381f404d59c5bf0bd6.tar.gz', 'runs': ['394153', '394154', '394169', '394175', '394183', '394184', '394185', '394186', '394187', '394188', '394189', '394204', '394209', '394217'], 'lumis': ['40,169', '1,886', '39,997', '47,988', '15,239', '1,667', '1,3', '1,15', '1,1', '1,107', '1,72', '38,932', '23,1209', '41,838']} 
DEBUG 2026-01-28 21:23:14.964 UTC: 	 Encoded data for curl request: dryrun=0&workflow=crab_2pc_OO_V0_cent70to80_nom_IP10&saveoutput=1&savelogsflag=1&inputdata=%2FIonPhysics10%2Fbibehera-2pc_OO_V0_IP10-ca42279dfc2dce710b3991c24f27a617%2FUSER&nonvaliddata=0&dbsurl=https%3A%2F%2Fcmsweb.cern.ch%2Fdbs%2Fprod%2Fphys03%2FDBSReader&useparent=0&secondarydata=%2FIonPhysics10%2FOORun2025-PromptReco-v1%2FMINIAOD&ignorelocality=0&splitalgo=LumiBased&algoargs=3&totalunits=-1&lfn=%2Fstore%2Fuser%2Fbibehera%2F&publication=0&publishdbsurl=https%3A%2F%2Fcmsweb.cern.ch%2Fdbs%2Fprod%2Fphys03%2FDBSWriter&publishname2=2pc_OO_V0_cent70to80_nom_IP10&jobtype=Analysis&generator=pythia&maxjobruntime=1250&numcores=1&maxmemory=2000&priority=10&nonprodsw=0&asyncdest=T3_CH_CERNBOX&requireaccelerator=0&oneEventMode=0&ignoreglobalblacklist=0&partialdataset=0&jobarch=el8_amd64_gcc12&jobminuarch=x86-64-v3&jobsw=CMSSW_15_0_6_patch1&cachefilename=ebd2a7fa6920a6538973be3da08c0e720192f1fe55ca061ea674d8160a74ced0.tar.gz&debugfilename=1e63bd792bd8685a059118f7506d776d891e4fcf9df386381f404d59c5bf0bd6.tar.gz&tfileoutfiles=V0_test_IM_newpT.root&runs=394153&runs=394154&runs=394169&runs=394175&runs=394183&runs=394184&runs=394185&runs=394186&runs=394187&runs=394188&runs=394189&runs=394204&runs=394209&runs=394217&lumis=40%2C169&lumis=1%2C886&lumis=39%2C997&lumis=47%2C988&lumis=15%2C239&lumis=1%2C667&lumis=1%2C3&lumis=1%2C15&lumis=1%2C1&lumis=1%2C107&lumis=1%2C72&lumis=38%2C932&lumis=23%2C1209&lumis=41%2C838
DEBUG 2026-01-28 21:23:15.104 UTC: 	 Result: {'result': [{'RequestName': '260128_212314:bibehera_crab_2pc_OO_V0_cent70to80_nom_IP10'}]}
INFO 2026-01-28 21:23:15.112 UTC: 	 Success: Your task has been delivered to the prod CRAB3 server.
INFO 2026-01-28 21:23:15.112 UTC: 	 Task name: 260128_212314:bibehera_crab_2pc_OO_V0_cent70to80_nom_IP10
INFO 2026-01-28 21:23:15.112 UTC: 	 Project dir: OO_Data_MINIAOD/crab_2pc_OO_V0_cent70to80_nom_IP10
INFO 2026-01-28 21:23:15.113 UTC: 	 Please use ' crab status -d OO_Data_MINIAOD/crab_2pc_OO_V0_cent70to80_nom_IP10 ' to check how the submission process proceeds.
DEBUG 2026-01-28 21:23:15.113 UTC: 	 About to return
INFO 2026-01-28 21:23:15.130 UTC: 	 Log file is /eos/home-b/bibehera/OO_Simfit_eff/CMSSW_15_0_6_patch1/src/Analyzer/RaghuV0Ana/cfg/OO_Data_MINIAOD/crab_2pc_OO_V0_cent70to80_nom_IP10/crab.log
