DEBUG 2025-10-28 20:13:38.404 UTC: 	 CRAB Client version: v3.250820
DEBUG 2025-10-28 20:13:38.405 UTC: 	 Running on: Linux lxplus814.cern.ch 4.18.0-553.80.1.el8_10.x86_64 #1 SMP Fri Oct 10 03:51:59 EDT 2025 x86_64 x86_64 x86_64 GNU/Linux
DEBUG 2025-10-28 20:13:38.405 UTC: 	 Not using Singularity
DEBUG 2025-10-28 20:13:38.405 UTC: 	 Operating System: Red Hat Enterprise Linux 8.10 (Ootpa)
DEBUG 2025-10-28 20:13:38.405 UTC: 	 Executing command: 'submit'
DEBUG 2025-10-28 20:13:38.405 UTC: 	 Found CRAB cache file /afs/cern.ch/user/b/bibehera/.crab3
INFO 2025-10-28 20:13:38.406 UTC: 	 Will use CRAB configuration file crab_config2.py
DEBUG 2025-10-28 20:13:38.406 UTC: 	 Loading CRAB configuration file.
DEBUG 2025-10-28 20:13:38.416 UTC: 	 Overriden parameter General.requestName with '2pc_OO_V0_IM_effcorr_cent0to50_lowpT_IP50'
DEBUG 2025-10-28 20:13:38.416 UTC: 	 Overriden parameter Data.inputDataset with '/IonPhysics50/bibehera-2pc_OO_V0_IP50-ca42279dfc2dce710b3991c24f27a617/USER'
DEBUG 2025-10-28 20:13:38.416 UTC: 	 Overriden parameter Data.secondaryInputDataset with '/IonPhysics50/OORun2025-PromptReco-v1/MINIAOD'
DEBUG 2025-10-28 20:13:38.416 UTC: 	 Overriden parameter Data.outputDatasetTag with '2pc_OO_V0_IM_effcorr_cent0to50_lowpT_IP50'
DEBUG 2025-10-28 20:13:38.416 UTC: 	 Will use CRAB plugin ANALYSIS (i.e. will run an analysis job type).
DEBUG 2025-10-28 20:13:38.427 UTC: 	 Checking credentials
DEBUG 2025-10-28 20:13:38.427 UTC: 	 Found proxy file /tmp/x509up_u177753
DEBUG 2025-10-28 20:13:38.427 UTC: 	 Making sure it has proper VOMS extension
DEBUG 2025-10-28 20:13:38.427 UTC: 	 Executing command :
 voms-proxy-info --vo --file /tmp/x509up_u177753
DEBUG 2025-10-28 20:13:38.454 UTC: 	 output : cms

 error: 
 retcode : 0
DEBUG 2025-10-28 20:13:38.454 UTC: 	 Getting proxy life time left
DEBUG 2025-10-28 20:13:38.454 UTC: 	 Executing command :
 voms-proxy-info --actimeleft --timeleft --file /tmp/x509up_u177753
DEBUG 2025-10-28 20:13:38.479 UTC: 	 output : 42930
42930

 error: 
 retcode : 0
DEBUG 2025-10-28 20:13:38.479 UTC: 	 Proxy valid for 11:55:30 hours
DEBUG 2025-10-28 20:13:38.480 UTC: 	 Encoded data for curl request: subresource=delegatedn
DEBUG 2025-10-28 20:13:38.520 UTC: 	 Registering user credentials on myproxy for /DC=ch/DC=cern/OU=Organic Units/OU=Users/CN=cmscrab/CN=(817881|373708)/CN=Robot: cms crab|/DC=ch/DC=cern/OU=Organic Units/OU=Users/CN=crabint1/CN=373708/CN=Robot: CMS CRAB Integration 1
DEBUG 2025-10-28 20:13:38.520 UTC: 	 Executing command :
 voms-proxy-info --identity --file /tmp/x509up_u177753
DEBUG 2025-10-28 20:13:38.547 UTC: 	 output : /DC=ch/DC=cern/OU=Organic Units/OU=Users/CN=bibehera/CN=882295/CN=Bismita Behera

 error: 
 retcode : 0
DEBUG 2025-10-28 20:13:38.547 UTC: 	 Getting myproxy life time left for bfbdf12a5670e45fdd055ff115afbb0f25b8a072
DEBUG 2025-10-28 20:13:38.547 UTC: 	 Executing command :
 myproxy-info -s myproxy.cern.ch -l bfbdf12a5670e45fdd055ff115afbb0f25b8a072
DEBUG 2025-10-28 20:13:38.802 UTC: 	 output : username: bfbdf12a5670e45fdd055ff115afbb0f25b8a072
owner: /DC=ch/DC=cern/OU=Organic Units/OU=Users/CN=bibehera/CN=882295/CN=Bismita Behera
  renewal policy: /DC=ch/DC=cern/OU=Organic Units/OU=Users/CN=cmscrab/CN=(817881|373708)/CN=Robot: cms crab|/DC=ch/DC=cern/OU=Organic Units/OU=Users/CN=crabint1/CN=373708/CN=Robot: CMS CRAB Integration 1
  trusted retrieval policy: /DC=ch/DC=cern/OU=Organic Units/OU=Users/CN=cmscrab/CN=(817881|373708)/CN=Robot: cms crab|/DC=ch/DC=cern/OU=Organic Units/OU=Users/CN=crabint1/CN=373708/CN=Robot: CMS CRAB Integration 1
  timeleft: 384:14:45  (16.0 days)

 error: 
 retcode : 0
DEBUG 2025-10-28 20:13:38.802 UTC: 	 Myproxy is valid: 1383240
DEBUG 2025-10-28 20:13:38.802 UTC: 	 Result of myproxy credential check:
  Credential exists on myproxy: username: bfbdf12a5670e45fdd055ff115afbb0f25b8a072  - validity: 16 days, 0:14:00
DEBUG 2025-10-28 20:13:38.802 UTC: 	 Command use: submit
DEBUG 2025-10-28 20:13:38.802 UTC: 	 Options use: ['-c', 'crab_config2.py', 'General.requestName=2pc_OO_V0_IM_effcorr_cent0to50_lowpT_IP50', 'Data.inputDataset=/IonPhysics50/bibehera-2pc_OO_V0_IP50-ca42279dfc2dce710b3991c24f27a617/USER', 'Data.secondaryInputDataset=/IonPhysics50/OORun2025-PromptReco-v1/MINIAOD', 'Data.outputDatasetTag=2pc_OO_V0_IM_effcorr_cent0to50_lowpT_IP50']
DEBUG 2025-10-28 20:13:38.802 UTC: 	 Encoded data for curl request: subresource=version
DEBUG 2025-10-28 20:13:38.845 UTC: 	 CRABClient version: v3.250820
DEBUG 2025-10-28 20:13:38.845 UTC: 	 Instance is prod
DEBUG 2025-10-28 20:13:38.845 UTC: 	 Server base url is cmsweb.cern.ch
DEBUG 2025-10-28 20:13:38.845 UTC: 	 Command api workflow
DEBUG 2025-10-28 20:13:38.845 UTC: 	 Started submission
DEBUG 2025-10-28 20:13:38.845 UTC: 	 Working on /eos/home-b/bibehera/OO_Simfit_eff/CMSSW_15_0_6_patch1/src/Analyzer/RaghuV0Ana/cfg/OO_Data_MINIAOD/crab_2pc_OO_V0_IM_effcorr_cent0to50_lowpT_IP50
DEBUG 2025-10-28 20:13:38.845 UTC: 	 Encoded data for curl request: subresource=backendurls
DEBUG 2025-10-28 20:13:38.919 UTC: 	 Loading required information from the environment
DEBUG 2025-10-28 20:13:38.919 UTC: 	 Found CMSSW_15_0_6_patch1 for el8_amd64_gcc12 with base /eos/home-b/bibehera/OO_Simfit_eff/CMSSW_15_0_6_patch1
DEBUG 2025-10-28 20:13:38.920 UTC: 	 Loading required information from the environment
DEBUG 2025-10-28 20:13:38.920 UTC: 	 Found CMSSW_15_0_6_patch1 for el8_amd64_gcc12 with base /eos/home-b/bibehera/OO_Simfit_eff/CMSSW_15_0_6_patch1
DEBUG 2025-10-28 20:13:38.920 UTC: 	 UNIQUE NAME: tarUUID 74aafe30-2326-492e-bac3-03e7fa889497 
DEBUG 2025-10-28 20:13:38.920 UTC: 	 self.config: from WMCore.Configuration import Configuration
config = Configuration()
config.section_('General')
config.General.transferLogs = True
config.General.transferOutputs = True
config.General.requestName = '2pc_OO_V0_IM_effcorr_cent0to50_lowpT_IP50'
config.General.workArea = 'OO_Data_MINIAOD'
config.section_('JobType')
config.JobType.pluginName = 'Analysis'
config.JobType.psetName = 'PbPb_2018_cfg.py'
config.section_('Data')
config.Data.outputDatasetTag = '2pc_OO_V0_IM_effcorr_cent0to50_lowpT_IP50'
config.Data.inputDataset = '/IonPhysics50/bibehera-2pc_OO_V0_IP50-ca42279dfc2dce710b3991c24f27a617/USER'
config.Data.publication = False
config.Data.secondaryInputDataset = '/IonPhysics50/OORun2025-PromptReco-v1/MINIAOD'
config.Data.inputDBS = 'phys03'
config.Data.lumiMask = 'generated_json.json'
config.Data.splitting = 'LumiBased'
config.Data.outLFNDirBase = '/store/user/bibehera/'
config.Data.unitsPerJob = 3
config.Data.totalUnits = -1
config.section_('Site')
config.Site.storageSite = 'T3_CH_CERNBOX'
config.section_('User')
config.section_('Debug')

DEBUG 2025-10-28 20:13:38.920 UTC: 	 self.config.JobType.psetName: PbPb_2018_cfg.py
INFO 2025-10-28 20:13:38.920 UTC: 	 Importing CMSSW configuration PbPb_2018_cfg.py
INFO 2025-10-28 20:13:39.931 UTC: 	 Finished importing CMSSW configuration PbPb_2018_cfg.py
DEBUG 2025-10-28 20:13:39.931 UTC: 	 Writing CMSSW configuration to /eos/home-b/bibehera/OO_Simfit_eff/CMSSW_15_0_6_patch1/src/Analyzer/RaghuV0Ana/cfg/OO_Data_MINIAOD/crab_2pc_OO_V0_IM_effcorr_cent0to50_lowpT_IP50/inputs/PSet.py
DEBUG 2025-10-28 20:13:39.972 UTC: 	 The following EDM output files will be collected: []
DEBUG 2025-10-28 20:13:39.972 UTC: 	 The following TFile output files will be collected: ['V0_test_IM_lowpT.root']
DEBUG 2025-10-28 20:13:39.972 UTC: 	 The following user output files (not listed as PoolOuputModule or TFileService in the CMSSW PSet) will be collected: 
DEBUG 2025-10-28 20:13:39.972 UTC: 	 Loading required information from the environment
DEBUG 2025-10-28 20:13:39.972 UTC: 	 Found CMSSW_15_0_6_patch1 for el8_amd64_gcc12 with base /eos/home-b/bibehera/OO_Simfit_eff/CMSSW_15_0_6_patch1
DEBUG 2025-10-28 20:13:39.972 UTC: 	 Making tarball in /eos/home-b/bibehera/OO_Simfit_eff/CMSSW_15_0_6_patch1/src/Analyzer/RaghuV0Ana/cfg/OO_Data_MINIAOD/crab_2pc_OO_V0_IM_effcorr_cent0to50_lowpT_IP50/inputs/74aafe30-2326-492e-bac3-03e7fa889497default.tgz
DEBUG 2025-10-28 20:13:39.974 UTC: 	 Checking directory /eos/home-b/bibehera/OO_Simfit_eff/CMSSW_15_0_6_patch1/bin
DEBUG 2025-10-28 20:13:39.974 UTC: 	 Adding directory /eos/home-b/bibehera/OO_Simfit_eff/CMSSW_15_0_6_patch1/bin to tarball
DEBUG 2025-10-28 20:13:39.979 UTC: 	 Checking directory /eos/home-b/bibehera/OO_Simfit_eff/CMSSW_15_0_6_patch1/python
DEBUG 2025-10-28 20:13:39.979 UTC: 	 Adding directory /eos/home-b/bibehera/OO_Simfit_eff/CMSSW_15_0_6_patch1/python to tarball
DEBUG 2025-10-28 20:13:40.039 UTC: 	 Checking directory /eos/home-b/bibehera/OO_Simfit_eff/CMSSW_15_0_6_patch1/cfipython
DEBUG 2025-10-28 20:13:40.039 UTC: 	 Adding directory /eos/home-b/bibehera/OO_Simfit_eff/CMSSW_15_0_6_patch1/cfipython to tarball
DEBUG 2025-10-28 20:13:40.204 UTC: 	 Checking directory /eos/home-b/bibehera/OO_Simfit_eff/CMSSW_15_0_6_patch1/lib
DEBUG 2025-10-28 20:13:40.204 UTC: 	 Adding directory /eos/home-b/bibehera/OO_Simfit_eff/CMSSW_15_0_6_patch1/lib to tarball
DEBUG 2025-10-28 20:13:40.416 UTC: 	 Checking directory /eos/home-b/bibehera/OO_Simfit_eff/CMSSW_15_0_6_patch1/biglib
DEBUG 2025-10-28 20:13:40.416 UTC: 	 Adding directory /eos/home-b/bibehera/OO_Simfit_eff/CMSSW_15_0_6_patch1/biglib to tarball
DEBUG 2025-10-28 20:13:40.419 UTC: 	 Checking directory /eos/home-b/bibehera/OO_Simfit_eff/CMSSW_15_0_6_patch1/module
DEBUG 2025-10-28 20:13:40.419 UTC: 	 Checking directory /eos/home-b/bibehera/OO_Simfit_eff/CMSSW_15_0_6_patch1/config/SCRAM/hooks
DEBUG 2025-10-28 20:13:40.420 UTC: 	 Adding directory /eos/home-b/bibehera/OO_Simfit_eff/CMSSW_15_0_6_patch1/config/SCRAM/hooks to tarball
DEBUG 2025-10-28 20:13:40.845 UTC: 	 Adding directory /eos/home-b/bibehera/OO_Simfit_eff/CMSSW_15_0_6_patch1/src/Analyzer/RaghuV0Ana/data to tarball
DEBUG 2025-10-28 20:13:41.389 UTC: 	 Adding directory /eos/home-b/bibehera/OO_Simfit_eff/CMSSW_15_0_6_patch1/src/Analyzer/RaghuV0Ana/interface to tarball
DEBUG 2025-10-28 20:13:41.395 UTC: 	 Adding directory /eos/home-b/bibehera/OO_Simfit_eff/CMSSW_15_0_6_patch1/src/Analyzer/RaghuV0Ana/python to tarball
DEBUG 2025-10-28 20:13:41.404 UTC: 	 Adding directory /eos/home-b/bibehera/OO_Simfit_eff/CMSSW_15_0_6_patch1/src/HeavyIonsAnalysis/Configuration/data to tarball
DEBUG 2025-10-28 20:13:41.743 UTC: 	 Adding directory /eos/home-b/bibehera/OO_Simfit_eff/CMSSW_15_0_6_patch1/src/HeavyIonsAnalysis/Configuration/python to tarball
DEBUG 2025-10-28 20:13:41.771 UTC: 	 Adding directory /eos/home-b/bibehera/OO_Simfit_eff/CMSSW_15_0_6_patch1/src/HeavyIonsAnalysis/EGMAnalysis/data to tarball
DEBUG 2025-10-28 20:13:41.777 UTC: 	 Adding directory /eos/home-b/bibehera/OO_Simfit_eff/CMSSW_15_0_6_patch1/src/HeavyIonsAnalysis/EGMAnalysis/interface to tarball
DEBUG 2025-10-28 20:13:41.782 UTC: 	 Adding directory /eos/home-b/bibehera/OO_Simfit_eff/CMSSW_15_0_6_patch1/src/HeavyIonsAnalysis/EGMAnalysis/python to tarball
DEBUG 2025-10-28 20:13:41.796 UTC: 	 Adding directory /eos/home-b/bibehera/OO_Simfit_eff/CMSSW_15_0_6_patch1/src/HeavyIonsAnalysis/EventAnalysis/python to tarball
DEBUG 2025-10-28 20:13:41.876 UTC: 	 Adding directory /eos/home-b/bibehera/OO_Simfit_eff/CMSSW_15_0_6_patch1/src/HeavyIonsAnalysis/JetAnalysis/interface to tarball
DEBUG 2025-10-28 20:13:41.882 UTC: 	 Adding directory /eos/home-b/bibehera/OO_Simfit_eff/CMSSW_15_0_6_patch1/src/HeavyIonsAnalysis/JetAnalysis/python to tarball
DEBUG 2025-10-28 20:13:41.921 UTC: 	 Adding directory /eos/home-b/bibehera/OO_Simfit_eff/CMSSW_15_0_6_patch1/src/HeavyIonsAnalysis/MuonAnalysis/interface to tarball
DEBUG 2025-10-28 20:13:41.925 UTC: 	 Adding directory /eos/home-b/bibehera/OO_Simfit_eff/CMSSW_15_0_6_patch1/src/HeavyIonsAnalysis/MuonAnalysis/python to tarball
DEBUG 2025-10-28 20:13:41.935 UTC: 	 Adding directory /eos/home-b/bibehera/OO_Simfit_eff/CMSSW_15_0_6_patch1/src/HeavyIonsAnalysis/TrackAnalysis/interface to tarball
DEBUG 2025-10-28 20:13:41.938 UTC: 	 Adding directory /eos/home-b/bibehera/OO_Simfit_eff/CMSSW_15_0_6_patch1/src/HeavyIonsAnalysis/TrackAnalysis/python to tarball
DEBUG 2025-10-28 20:13:41.957 UTC: 	 Adding directory /eos/home-b/bibehera/OO_Simfit_eff/CMSSW_15_0_6_patch1/src/HeavyIonsAnalysis/VertexAnalysis/python to tarball
DEBUG 2025-10-28 20:13:41.965 UTC: 	 Adding directory /eos/home-b/bibehera/OO_Simfit_eff/CMSSW_15_0_6_patch1/src/HeavyIonsAnalysis/ZDCAnalysis/python to tarball
DEBUG 2025-10-28 20:13:42.063 UTC: 	 Uploading archive /eos/home-b/bibehera/OO_Simfit_eff/CMSSW_15_0_6_patch1/src/Analyzer/RaghuV0Ana/cfg/OO_Data_MINIAOD/crab_2pc_OO_V0_IM_effcorr_cent0to50_lowpT_IP50/inputs/74aafe30-2326-492e-bac3-03e7fa889497default.tgz (4.676758.1 MB) to the CRAB cache. Using URI https://s3.cern.ch/crabcache
DEBUG 2025-10-28 20:13:43.061 UTC: 	 Encoded data for curl request: subresource=upload&objecttype=sandbox&tarballname=8b76fc9458b29e764427c6245f944d1e2521adbf67e6775d4ffabd88ac3a4206.tar.gz
DEBUG 2025-10-28 20:13:43.431 UTC: 	 sandbox 8b76fc9458b29e764427c6245f944d1e2521adbf67e6775d4ffabd88ac3a4206.tar.gz is already in the S3 store, will not upload again
DEBUG 2025-10-28 20:13:43.431 UTC: 	 Loading required information from the environment
DEBUG 2025-10-28 20:13:43.432 UTC: 	 Found CMSSW_15_0_6_patch1 for el8_amd64_gcc12 with base /eos/home-b/bibehera/OO_Simfit_eff/CMSSW_15_0_6_patch1
DEBUG 2025-10-28 20:13:43.432 UTC: 	 Making tarball in /eos/home-b/bibehera/OO_Simfit_eff/CMSSW_15_0_6_patch1/src/Analyzer/RaghuV0Ana/cfg/OO_Data_MINIAOD/crab_2pc_OO_V0_IM_effcorr_cent0to50_lowpT_IP50/inputs/debugFiles.tgz
DEBUG 2025-10-28 20:13:43.441 UTC: 	 Uploading archive /eos/home-b/bibehera/OO_Simfit_eff/CMSSW_15_0_6_patch1/src/Analyzer/RaghuV0Ana/cfg/OO_Data_MINIAOD/crab_2pc_OO_V0_IM_effcorr_cent0to50_lowpT_IP50/inputs/debugFiles.tgz (3 KB) to the CRAB cache. Using URI https://s3.cern.ch/crabcache
DEBUG 2025-10-28 20:13:43.446 UTC: 	 Encoded data for curl request: subresource=upload&objecttype=sandbox&tarballname=d34172ea40dd3b524cc4f3c19a625cb2762d95be79424c87652398924a0695f3.tar.gz
DEBUG 2025-10-28 20:13:43.887 UTC: 	 Will execute:
curl -f -v -X POST  -H "User-Agent: CRAB" -F "key=bibehera/sandboxes/d34172ea40dd3b524cc4f3c19a625cb2762d95be79424c87652398924a0695f3.tar.gz" -F "AWSAccessKeyId=715203df6482458ba839e73e6dab634b" -F "policy=eyJleHBpcmF0aW9uIjogIjIwMjUtMTAtMjhUMjE6MTM6NDNaIiwgImNvbmRpdGlvbnMiOiBbeyJidWNrZXQiOiAiY3JhYmNhY2hlX3Byb2QifSwgeyJrZXkiOiAiYmliZWhlcmEvc2FuZGJveGVzL2QzNDE3MmVhNDBkZDNiNTI0Y2M0ZjNjMTlhNjI1Y2IyNzYyZDk1YmU3OTQyNGM4NzY1MjM5ODkyNGEwNjk1ZjMudGFyLmd6In1dfQ==" -F "signature=F5QPXEa+t/eRzDHgFIN4fLzINIM=" -F "file=@/eos/home-b/bibehera/OO_Simfit_eff/CMSSW_15_0_6_patch1/src/Analyzer/RaghuV0Ana/cfg/OO_Data_MINIAOD/crab_2pc_OO_V0_IM_effcorr_cent0to50_lowpT_IP50/inputs/debugFiles.tgz" "https://s3.cern.ch/crabcache_prod"
DEBUG 2025-10-28 20:13:44.005 UTC: 	 exitcode: 0
stdout: b''
DEBUG 2025-10-28 20:13:44.005 UTC: 	 upload to S3 of sandbox /eos/home-b/bibehera/OO_Simfit_eff/CMSSW_15_0_6_patch1/src/Analyzer/RaghuV0Ana/cfg/OO_Data_MINIAOD/crab_2pc_OO_V0_IM_effcorr_cent0to50_lowpT_IP50/inputs/debugFiles.tgz completed
DEBUG 2025-10-28 20:13:44.005 UTC: 	 make sure that object is ready for retrieve
DEBUG 2025-10-28 20:13:45.006 UTC: 	 Encoded data for curl request: subresource=download&objecttype=sandbox&tarballname=d34172ea40dd3b524cc4f3c19a625cb2762d95be79424c87652398924a0695f3.tar.gz&clientmethod=head_object
DEBUG 2025-10-28 20:13:45.049 UTC: 	 PreSignedUrl to download sandbox received OK
DEBUG 2025-10-28 20:13:45.052 UTC: 	 Will execute:
 curl -v -s -f -o /dev/null --head  "https://s3.cern.ch/crabcache_prod/bibehera/sandboxes/d34172ea40dd3b524cc4f3c19a625cb2762d95be79424c87652398924a0695f3.tar.gz?AWSAccessKeyId=715203df6482458ba839e73e6dab634b&Signature=aDQpGaN4TqTrEeqqFuYn9JjFobk%3D&Expires=1761686025"
DEBUG 2025-10-28 20:13:45.079 UTC: 	 exitcode: 0
stdout: b''
DEBUG 2025-10-28 20:13:45.079 UTC: 	 sandbox /eos/home-b/bibehera/OO_Simfit_eff/CMSSW_15_0_6_patch1/src/Analyzer/RaghuV0Ana/cfg/OO_Data_MINIAOD/crab_2pc_OO_V0_IM_effcorr_cent0to50_lowpT_IP50/inputs/debugFiles.tgz successfully uploaded to S3
DEBUG 2025-10-28 20:13:45.079 UTC: 	 Result uploading input files: 8b76fc9458b29e764427c6245f944d1e2521adbf67e6775d4ffabd88ac3a4206.tar.gz 
DEBUG 2025-10-28 20:13:45.079 UTC: 	 Attaching lumi mask generated_json.json to the request
DEBUG 2025-10-28 20:13:45.079 UTC: 	 Reading lumi-mask from generated_json.json
DEBUG 2025-10-28 20:13:45.081 UTC: 	 submit() - self.configuration from WMCore.Configuration import Configuration
config = Configuration()
config.section_('General')
config.General.transferLogs = True
config.General.transferOutputs = True
config.General.requestName = '2pc_OO_V0_IM_effcorr_cent0to50_lowpT_IP50'
config.General.workArea = 'OO_Data_MINIAOD'
config.section_('JobType')
config.JobType.pluginName = 'Analysis'
config.JobType.psetName = 'PbPb_2018_cfg.py'
config.section_('Data')
config.Data.outputDatasetTag = '2pc_OO_V0_IM_effcorr_cent0to50_lowpT_IP50'
config.Data.inputDataset = '/IonPhysics50/bibehera-2pc_OO_V0_IP50-ca42279dfc2dce710b3991c24f27a617/USER'
config.Data.publication = False
config.Data.secondaryInputDataset = '/IonPhysics50/OORun2025-PromptReco-v1/MINIAOD'
config.Data.inputDBS = 'phys03'
config.Data.lumiMask = 'generated_json.json'
config.Data.splitting = 'LumiBased'
config.Data.outLFNDirBase = '/store/user/bibehera/'
config.Data.unitsPerJob = 3
config.Data.totalUnits = -1
config.section_('Site')
config.Site.storageSite = 'T3_CH_CERNBOX'
config.section_('User')
config.section_('Debug')

DEBUG 2025-10-28 20:13:45.081 UTC: 	 submit() - self.configreq {'dryrun': 0, 'workflow': 'crab_2pc_OO_V0_IM_effcorr_cent0to50_lowpT_IP50', 'saveoutput': 1, 'savelogsflag': 1, 'inputdata': '/IonPhysics50/bibehera-2pc_OO_V0_IP50-ca42279dfc2dce710b3991c24f27a617/USER', 'nonvaliddata': 0, 'userfiles': [], 'dbsurl': 'https://cmsweb.cern.ch/dbs/prod/phys03/DBSReader', 'useparent': 0, 'secondarydata': '/IonPhysics50/OORun2025-PromptReco-v1/MINIAOD', 'ignorelocality': 0, 'splitalgo': 'LumiBased', 'algoargs': 3, 'totalunits': -1, 'lfn': '/store/user/bibehera/', 'publication': 0, 'publishdbsurl': 'https://cmsweb.cern.ch/dbs/prod/phys03/DBSWriter', 'publishname2': '2pc_OO_V0_IM_effcorr_cent0to50_lowpT_IP50', 'jobtype': 'Analysis', 'generator': 'pythia', 'addoutputfiles': [], 'maxjobruntime': 1250, 'numcores': 1, 'maxmemory': 2000, 'priority': 10, 'nonprodsw': 0, 'asyncdest': 'T3_CH_CERNBOX', 'requireaccelerator': 0, 'oneEventMode': 0, 'extrajdl': [], 'ignoreglobalblacklist': 0, 'partialdataset': 0, 'inputblocks': []}
DEBUG 2025-10-28 20:13:45.081 UTC: 	 submit() - jobconfig {'addoutputfiles': [], 'tfileoutfiles': ['V0_test_IM_lowpT.root'], 'edmoutfiles': [], 'jobarch': 'el8_amd64_gcc12', 'jobminuarch': 'x86-64-v3', 'jobsw': 'CMSSW_15_0_6_patch1', 'inputdata': '/IonPhysics50/bibehera-2pc_OO_V0_IP50-ca42279dfc2dce710b3991c24f27a617/USER', 'cacheurl': 'https://s3.cern.ch/crabcache', 'cachefilename': '8b76fc9458b29e764427c6245f944d1e2521adbf67e6775d4ffabd88ac3a4206.tar.gz', 'debugfilename': 'd34172ea40dd3b524cc4f3c19a625cb2762d95be79424c87652398924a0695f3.tar.gz', 'runs': ['394153', '394154', '394169', '394175', '394183', '394184', '394185', '394186', '394187', '394188', '394189', '394204', '394209', '394217'], 'lumis': ['40,169', '1,886', '39,997', '47,988', '15,239', '1,667', '1,3', '1,15', '1,1', '1,107', '1,72', '38,932', '23,1209', '41,838'], 'jobtype': 'Analysis'}
INFO 2025-10-28 20:13:45.081 UTC: 	 Sending the request to the server at cmsweb.cern.ch
DEBUG 2025-10-28 20:13:45.081 UTC: 	 Submitting {'dryrun': 0, 'workflow': 'crab_2pc_OO_V0_IM_effcorr_cent0to50_lowpT_IP50', 'saveoutput': 1, 'savelogsflag': 1, 'inputdata': '/IonPhysics50/bibehera-2pc_OO_V0_IP50-ca42279dfc2dce710b3991c24f27a617/USER', 'nonvaliddata': 0, 'userfiles': [], 'dbsurl': 'https://cmsweb.cern.ch/dbs/prod/phys03/DBSReader', 'useparent': 0, 'secondarydata': '/IonPhysics50/OORun2025-PromptReco-v1/MINIAOD', 'ignorelocality': 0, 'splitalgo': 'LumiBased', 'algoargs': 3, 'totalunits': -1, 'lfn': '/store/user/bibehera/', 'publication': 0, 'publishdbsurl': 'https://cmsweb.cern.ch/dbs/prod/phys03/DBSWriter', 'publishname2': '2pc_OO_V0_IM_effcorr_cent0to50_lowpT_IP50', 'jobtype': 'Analysis', 'generator': 'pythia', 'addoutputfiles': [], 'maxjobruntime': 1250, 'numcores': 1, 'maxmemory': 2000, 'priority': 10, 'nonprodsw': 0, 'asyncdest': 'T3_CH_CERNBOX', 'requireaccelerator': 0, 'oneEventMode': 0, 'extrajdl': [], 'ignoreglobalblacklist': 0, 'partialdataset': 0, 'inputblocks': [], 'tfileoutfiles': ['V0_test_IM_lowpT.root'], 'edmoutfiles': [], 'jobarch': 'el8_amd64_gcc12', 'jobminuarch': 'x86-64-v3', 'jobsw': 'CMSSW_15_0_6_patch1', 'cacheurl': 'https://s3.cern.ch/crabcache', 'cachefilename': '8b76fc9458b29e764427c6245f944d1e2521adbf67e6775d4ffabd88ac3a4206.tar.gz', 'debugfilename': 'd34172ea40dd3b524cc4f3c19a625cb2762d95be79424c87652398924a0695f3.tar.gz', 'runs': ['394153', '394154', '394169', '394175', '394183', '394184', '394185', '394186', '394187', '394188', '394189', '394204', '394209', '394217'], 'lumis': ['40,169', '1,886', '39,997', '47,988', '15,239', '1,667', '1,3', '1,15', '1,1', '1,107', '1,72', '38,932', '23,1209', '41,838']} 
DEBUG 2025-10-28 20:13:45.082 UTC: 	 Encoded data for curl request: dryrun=0&workflow=crab_2pc_OO_V0_IM_effcorr_cent0to50_lowpT_IP50&saveoutput=1&savelogsflag=1&inputdata=%2FIonPhysics50%2Fbibehera-2pc_OO_V0_IP50-ca42279dfc2dce710b3991c24f27a617%2FUSER&nonvaliddata=0&dbsurl=https%3A%2F%2Fcmsweb.cern.ch%2Fdbs%2Fprod%2Fphys03%2FDBSReader&useparent=0&secondarydata=%2FIonPhysics50%2FOORun2025-PromptReco-v1%2FMINIAOD&ignorelocality=0&splitalgo=LumiBased&algoargs=3&totalunits=-1&lfn=%2Fstore%2Fuser%2Fbibehera%2F&publication=0&publishdbsurl=https%3A%2F%2Fcmsweb.cern.ch%2Fdbs%2Fprod%2Fphys03%2FDBSWriter&publishname2=2pc_OO_V0_IM_effcorr_cent0to50_lowpT_IP50&jobtype=Analysis&generator=pythia&maxjobruntime=1250&numcores=1&maxmemory=2000&priority=10&nonprodsw=0&asyncdest=T3_CH_CERNBOX&requireaccelerator=0&oneEventMode=0&ignoreglobalblacklist=0&partialdataset=0&jobarch=el8_amd64_gcc12&jobminuarch=x86-64-v3&jobsw=CMSSW_15_0_6_patch1&cacheurl=https%3A%2F%2Fs3.cern.ch%2Fcrabcache&cachefilename=8b76fc9458b29e764427c6245f944d1e2521adbf67e6775d4ffabd88ac3a4206.tar.gz&debugfilename=d34172ea40dd3b524cc4f3c19a625cb2762d95be79424c87652398924a0695f3.tar.gz&tfileoutfiles=V0_test_IM_lowpT.root&runs=394153&runs=394154&runs=394169&runs=394175&runs=394183&runs=394184&runs=394185&runs=394186&runs=394187&runs=394188&runs=394189&runs=394204&runs=394209&runs=394217&lumis=40%2C169&lumis=1%2C886&lumis=39%2C997&lumis=47%2C988&lumis=15%2C239&lumis=1%2C667&lumis=1%2C3&lumis=1%2C15&lumis=1%2C1&lumis=1%2C107&lumis=1%2C72&lumis=38%2C932&lumis=23%2C1209&lumis=41%2C838
DEBUG 2025-10-28 20:13:45.136 UTC: 	 Result: {'result': [{'RequestName': '251028_201345:bibehera_crab_2pc_OO_V0_IM_effcorr_cent0to50_lowpT_IP50'}]}
INFO 2025-10-28 20:13:45.150 UTC: 	 Success: Your task has been delivered to the prod CRAB3 server.
INFO 2025-10-28 20:13:45.150 UTC: 	 Task name: 251028_201345:bibehera_crab_2pc_OO_V0_IM_effcorr_cent0to50_lowpT_IP50
INFO 2025-10-28 20:13:45.151 UTC: 	 Project dir: OO_Data_MINIAOD/crab_2pc_OO_V0_IM_effcorr_cent0to50_lowpT_IP50
INFO 2025-10-28 20:13:45.151 UTC: 	 Please use ' crab status -d OO_Data_MINIAOD/crab_2pc_OO_V0_IM_effcorr_cent0to50_lowpT_IP50 ' to check how the submission process proceeds.
DEBUG 2025-10-28 20:13:45.151 UTC: 	 About to return
INFO 2025-10-28 20:13:45.170 UTC: 	 Log file is /eos/home-b/bibehera/OO_Simfit_eff/CMSSW_15_0_6_patch1/src/Analyzer/RaghuV0Ana/cfg/OO_Data_MINIAOD/crab_2pc_OO_V0_IM_effcorr_cent0to50_lowpT_IP50/crab.log
