DEBUG 2025-09-01 23:05:29.671 UTC: 	 CRAB Client version: v3.250522
DEBUG 2025-09-01 23:05:29.671 UTC: 	 Running on: Linux lxplus965.cern.ch 5.14.0-570.28.1.el9_6.x86_64 #1 SMP PREEMPT_DYNAMIC Wed Jul 16 02:51:06 EDT 2025 x86_64 x86_64 x86_64 GNU/Linux
DEBUG 2025-09-01 23:05:29.671 UTC: 	 Not using Singularity
DEBUG 2025-09-01 23:05:29.671 UTC: 	 Operating System: Red Hat Enterprise Linux 9.6 (Plow)
DEBUG 2025-09-01 23:05:29.671 UTC: 	 Executing command: 'submit'
DEBUG 2025-09-01 23:05:29.672 UTC: 	 Found CRAB cache file /afs/cern.ch/user/b/bibehera/.crab3
INFO 2025-09-01 23:05:29.675 UTC: 	 Will use CRAB configuration file crab_config2.py
DEBUG 2025-09-01 23:05:29.675 UTC: 	 Loading CRAB configuration file.
DEBUG 2025-09-01 23:05:29.733 UTC: 	 Overriden parameter General.requestName with '2pc_OO_V0_InM_IP10'
DEBUG 2025-09-01 23:05:29.733 UTC: 	 Overriden parameter Data.inputDataset with '/IonPhysics10/bibehera-2pc_OO_V0_IP10-ca42279dfc2dce710b3991c24f27a617/USER'
DEBUG 2025-09-01 23:05:29.733 UTC: 	 Overriden parameter Data.secondaryInputDataset with '/IonPhysics10/OORun2025-PromptReco-v1/MINIAOD'
DEBUG 2025-09-01 23:05:29.733 UTC: 	 Overriden parameter Data.outputDatasetTag with '2pc_OO_V0_lmks_IP10'
DEBUG 2025-09-01 23:05:29.733 UTC: 	 Will use CRAB plugin ANALYSIS (i.e. will run an analysis job type).
DEBUG 2025-09-01 23:05:29.746 UTC: 	 Checking credentials
DEBUG 2025-09-01 23:05:29.746 UTC: 	 Found proxy file /tmp/x509up_u177753
DEBUG 2025-09-01 23:05:29.747 UTC: 	 Making sure it has proper VOMS extension
DEBUG 2025-09-01 23:05:29.747 UTC: 	 Executing command :
 voms-proxy-info --vo --file /tmp/x509up_u177753
DEBUG 2025-09-01 23:05:29.777 UTC: 	 output : cms

 error: 
 retcode : 0
DEBUG 2025-09-01 23:05:29.777 UTC: 	 Getting proxy life time left
DEBUG 2025-09-01 23:05:29.777 UTC: 	 Executing command :
 voms-proxy-info --actimeleft --timeleft --file /tmp/x509up_u177753
DEBUG 2025-09-01 23:05:29.802 UTC: 	 output : 20971
20971

 error: 
 retcode : 0
DEBUG 2025-09-01 23:05:29.802 UTC: 	 Proxy valid for 05:49:31 hours
DEBUG 2025-09-01 23:05:29.803 UTC: 	 Encoded data for curl request: subresource=delegatedn
DEBUG 2025-09-01 23:05:29.868 UTC: 	 Registering user credentials on myproxy for /DC=ch/DC=cern/OU=computers/CN=crab-(preprod|prod)-tw(01|02).cern.ch|/DC=ch/DC=cern/OU=computers/CN=crab-dev-tw(01|02|03|04).cern.ch|/DC=ch/DC=cern/OU=Organic Units/OU=Users/CN=cmscrab/CN=(817881|373708)/CN=Robot: cms crab|/DC=ch/DC=cern/OU=Organic Units/OU=Users/CN=crabint1/CN=373708/CN=Robot: CMS CRAB Integration 1
DEBUG 2025-09-01 23:05:29.869 UTC: 	 Executing command :
 voms-proxy-info --identity --file /tmp/x509up_u177753
DEBUG 2025-09-01 23:05:29.894 UTC: 	 output : /DC=ch/DC=cern/OU=Organic Units/OU=Users/CN=bibehera/CN=882295/CN=Bismita Behera

 error: 
 retcode : 0
DEBUG 2025-09-01 23:05:29.895 UTC: 	 Getting myproxy life time left for bfbdf12a5670e45fdd055ff115afbb0f25b8a072
DEBUG 2025-09-01 23:05:29.895 UTC: 	 Executing command :
 myproxy-info -s myproxy.cern.ch -l bfbdf12a5670e45fdd055ff115afbb0f25b8a072
DEBUG 2025-09-01 23:05:30.247 UTC: 	 output : username: bfbdf12a5670e45fdd055ff115afbb0f25b8a072
owner: /DC=ch/DC=cern/OU=Organic Units/OU=Users/CN=bibehera/CN=882295/CN=Bismita Behera
  renewal policy: /DC=ch/DC=cern/OU=computers/CN=crab-(preprod|prod)-tw(01|02).cern.ch|/DC=ch/DC=cern/OU=computers/CN=crab-dev-tw(01|02|03|04).cern.ch|/DC=ch/DC=cern/OU=Organic Units/OU=Users/CN=cmscrab/CN=(817881|373708)/CN=Robot: cms crab|/DC=ch/DC=cern/OU=Organic Units/OU=Users/CN=crabint1/CN=373708/CN=Robot: CMS CRAB Integration 1
  trusted retrieval policy: /DC=ch/DC=cern/OU=computers/CN=crab-(preprod|prod)-tw(01|02).cern.ch|/DC=ch/DC=cern/OU=computers/CN=crab-dev-tw(01|02|03|04).cern.ch|/DC=ch/DC=cern/OU=Organic Units/OU=Users/CN=cmscrab/CN=(817881|373708)/CN=Robot: cms crab|/DC=ch/DC=cern/OU=Organic Units/OU=Users/CN=crabint1/CN=373708/CN=Robot: CMS CRAB Integration 1
  timeleft: 573:15:37  (23.9 days)

 error: 
 retcode : 0
DEBUG 2025-09-01 23:05:30.247 UTC: 	 Myproxy is valid: 2063700
DEBUG 2025-09-01 23:05:30.247 UTC: 	 Result of myproxy credential check:
  Credential exists on myproxy: username: bfbdf12a5670e45fdd055ff115afbb0f25b8a072  - validity: 23 days, 21:15:00
DEBUG 2025-09-01 23:05:30.247 UTC: 	 Command use: submit
DEBUG 2025-09-01 23:05:30.247 UTC: 	 Options use: ['-c', 'crab_config2.py', 'General.requestName=2pc_OO_V0_InM_IP10', 'Data.inputDataset=/IonPhysics10/bibehera-2pc_OO_V0_IP10-ca42279dfc2dce710b3991c24f27a617/USER', 'Data.secondaryInputDataset=/IonPhysics10/OORun2025-PromptReco-v1/MINIAOD', 'Data.outputDatasetTag=2pc_OO_V0_lmks_IP10']
DEBUG 2025-09-01 23:05:30.247 UTC: 	 Encoded data for curl request: subresource=version
DEBUG 2025-09-01 23:05:30.310 UTC: 	 CRABClient version: v3.250522
DEBUG 2025-09-01 23:05:30.310 UTC: 	 Instance is prod
DEBUG 2025-09-01 23:05:30.310 UTC: 	 Server base url is cmsweb.cern.ch
DEBUG 2025-09-01 23:05:30.310 UTC: 	 Command api workflow
DEBUG 2025-09-01 23:05:30.310 UTC: 	 Started submission
DEBUG 2025-09-01 23:05:30.310 UTC: 	 Working on /eos/home-b/bibehera/OO_Simfit/CMSSW_15_0_6_patch1/src/Analyzer/RaghuV0Ana/cfg/OO_Data_MINIAOD/crab_2pc_OO_V0_InM_IP10
DEBUG 2025-09-01 23:05:30.311 UTC: 	 Encoded data for curl request: subresource=backendurls
DEBUG 2025-09-01 23:05:30.388 UTC: 	 Loading required information from the environment
DEBUG 2025-09-01 23:05:30.388 UTC: 	 Found CMSSW_15_0_6_patch1 for el9_amd64_gcc12 with base /eos/home-b/bibehera/OO_Simfit/CMSSW_15_0_6_patch1
DEBUG 2025-09-01 23:05:30.388 UTC: 	 Loading required information from the environment
DEBUG 2025-09-01 23:05:30.388 UTC: 	 Found CMSSW_15_0_6_patch1 for el9_amd64_gcc12 with base /eos/home-b/bibehera/OO_Simfit/CMSSW_15_0_6_patch1
DEBUG 2025-09-01 23:05:30.388 UTC: 	 UNIQUE NAME: tarUUID 3be071d7-81d1-45ff-9632-eb5986cbd126 
DEBUG 2025-09-01 23:05:30.388 UTC: 	 self.config: from WMCore.Configuration import Configuration
config = Configuration()
config.section_('General')
config.General.requestName = '2pc_OO_V0_InM_IP10'
config.General.transferOutputs = True
config.General.workArea = 'OO_Data_MINIAOD'
config.General.transferLogs = True
config.section_('JobType')
config.JobType.psetName = 'PbPb_2018_cfg.py'
config.JobType.pluginName = 'Analysis'
config.section_('Data')
config.Data.inputDataset = '/IonPhysics10/bibehera-2pc_OO_V0_IP10-ca42279dfc2dce710b3991c24f27a617/USER'
config.Data.inputDBS = 'phys03'
config.Data.outLFNDirBase = '/store/user/bibehera/'
config.Data.totalUnits = -1
config.Data.lumiMask = 'generated_json.json'
config.Data.secondaryInputDataset = '/IonPhysics10/OORun2025-PromptReco-v1/MINIAOD'
config.Data.publication = False
config.Data.unitsPerJob = 3
config.Data.splitting = 'LumiBased'
config.Data.outputDatasetTag = '2pc_OO_V0_lmks_IP10'
config.section_('Site')
config.Site.storageSite = 'T3_CH_CERNBOX'
config.section_('User')
config.section_('Debug')

DEBUG 2025-09-01 23:05:30.388 UTC: 	 self.config.JobType.psetName: PbPb_2018_cfg.py
INFO 2025-09-01 23:05:30.389 UTC: 	 Importing CMSSW configuration PbPb_2018_cfg.py
INFO 2025-09-01 23:05:31.836 UTC: 	 Finished importing CMSSW configuration PbPb_2018_cfg.py
DEBUG 2025-09-01 23:05:31.837 UTC: 	 Writing CMSSW configuration to /eos/home-b/bibehera/OO_Simfit/CMSSW_15_0_6_patch1/src/Analyzer/RaghuV0Ana/cfg/OO_Data_MINIAOD/crab_2pc_OO_V0_InM_IP10/inputs/PSet.py
DEBUG 2025-09-01 23:05:31.911 UTC: 	 The following EDM output files will be collected: []
DEBUG 2025-09-01 23:05:31.911 UTC: 	 The following TFile output files will be collected: ['V0_test_pt_invariantmass1.root']
DEBUG 2025-09-01 23:05:31.911 UTC: 	 The following user output files (not listed as PoolOuputModule or TFileService in the CMSSW PSet) will be collected: 
DEBUG 2025-09-01 23:05:31.911 UTC: 	 Loading required information from the environment
DEBUG 2025-09-01 23:05:31.911 UTC: 	 Found CMSSW_15_0_6_patch1 for el9_amd64_gcc12 with base /eos/home-b/bibehera/OO_Simfit/CMSSW_15_0_6_patch1
DEBUG 2025-09-01 23:05:31.911 UTC: 	 Making tarball in /eos/home-b/bibehera/OO_Simfit/CMSSW_15_0_6_patch1/src/Analyzer/RaghuV0Ana/cfg/OO_Data_MINIAOD/crab_2pc_OO_V0_InM_IP10/inputs/3be071d7-81d1-45ff-9632-eb5986cbd126default.tgz
DEBUG 2025-09-01 23:05:31.913 UTC: 	 Checking directory /eos/home-b/bibehera/OO_Simfit/CMSSW_15_0_6_patch1/bin
DEBUG 2025-09-01 23:05:31.914 UTC: 	 Adding directory /eos/home-b/bibehera/OO_Simfit/CMSSW_15_0_6_patch1/bin to tarball
DEBUG 2025-09-01 23:05:31.929 UTC: 	 Checking directory /eos/home-b/bibehera/OO_Simfit/CMSSW_15_0_6_patch1/python
DEBUG 2025-09-01 23:05:31.930 UTC: 	 Adding directory /eos/home-b/bibehera/OO_Simfit/CMSSW_15_0_6_patch1/python to tarball
DEBUG 2025-09-01 23:05:32.130 UTC: 	 Checking directory /eos/home-b/bibehera/OO_Simfit/CMSSW_15_0_6_patch1/cfipython
DEBUG 2025-09-01 23:05:32.130 UTC: 	 Adding directory /eos/home-b/bibehera/OO_Simfit/CMSSW_15_0_6_patch1/cfipython to tarball
DEBUG 2025-09-01 23:05:32.569 UTC: 	 Checking directory /eos/home-b/bibehera/OO_Simfit/CMSSW_15_0_6_patch1/lib
DEBUG 2025-09-01 23:05:32.569 UTC: 	 Adding directory /eos/home-b/bibehera/OO_Simfit/CMSSW_15_0_6_patch1/lib to tarball
DEBUG 2025-09-01 23:05:32.862 UTC: 	 Checking directory /eos/home-b/bibehera/OO_Simfit/CMSSW_15_0_6_patch1/biglib
DEBUG 2025-09-01 23:05:32.862 UTC: 	 Adding directory /eos/home-b/bibehera/OO_Simfit/CMSSW_15_0_6_patch1/biglib to tarball
DEBUG 2025-09-01 23:05:32.870 UTC: 	 Checking directory /eos/home-b/bibehera/OO_Simfit/CMSSW_15_0_6_patch1/module
DEBUG 2025-09-01 23:05:32.871 UTC: 	 Checking directory /eos/home-b/bibehera/OO_Simfit/CMSSW_15_0_6_patch1/config/SCRAM/hooks
DEBUG 2025-09-01 23:05:32.874 UTC: 	 Adding directory /eos/home-b/bibehera/OO_Simfit/CMSSW_15_0_6_patch1/config/SCRAM/hooks to tarball
DEBUG 2025-09-01 23:05:33.347 UTC: 	 Adding directory /eos/home-b/bibehera/OO_Simfit/CMSSW_15_0_6_patch1/src/Analyzer/RaghuV0Ana/data to tarball
DEBUG 2025-09-01 23:05:33.833 UTC: 	 Adding directory /eos/home-b/bibehera/OO_Simfit/CMSSW_15_0_6_patch1/src/Analyzer/RaghuV0Ana/interface to tarball
DEBUG 2025-09-01 23:05:33.851 UTC: 	 Adding directory /eos/home-b/bibehera/OO_Simfit/CMSSW_15_0_6_patch1/src/Analyzer/RaghuV0Ana/python to tarball
DEBUG 2025-09-01 23:05:33.887 UTC: 	 Adding directory /eos/home-b/bibehera/OO_Simfit/CMSSW_15_0_6_patch1/src/HeavyIonsAnalysis/Configuration/data to tarball
DEBUG 2025-09-01 23:05:34.282 UTC: 	 Adding directory /eos/home-b/bibehera/OO_Simfit/CMSSW_15_0_6_patch1/src/HeavyIonsAnalysis/Configuration/python to tarball
DEBUG 2025-09-01 23:05:34.361 UTC: 	 Adding directory /eos/home-b/bibehera/OO_Simfit/CMSSW_15_0_6_patch1/src/HeavyIonsAnalysis/EGMAnalysis/data to tarball
DEBUG 2025-09-01 23:05:34.375 UTC: 	 Adding directory /eos/home-b/bibehera/OO_Simfit/CMSSW_15_0_6_patch1/src/HeavyIonsAnalysis/EGMAnalysis/interface to tarball
DEBUG 2025-09-01 23:05:34.393 UTC: 	 Adding directory /eos/home-b/bibehera/OO_Simfit/CMSSW_15_0_6_patch1/src/HeavyIonsAnalysis/EGMAnalysis/python to tarball
DEBUG 2025-09-01 23:05:34.422 UTC: 	 Adding directory /eos/home-b/bibehera/OO_Simfit/CMSSW_15_0_6_patch1/src/HeavyIonsAnalysis/EventAnalysis/python to tarball
DEBUG 2025-09-01 23:05:34.577 UTC: 	 Adding directory /eos/home-b/bibehera/OO_Simfit/CMSSW_15_0_6_patch1/src/HeavyIonsAnalysis/JetAnalysis/interface to tarball
DEBUG 2025-09-01 23:05:34.592 UTC: 	 Adding directory /eos/home-b/bibehera/OO_Simfit/CMSSW_15_0_6_patch1/src/HeavyIonsAnalysis/JetAnalysis/python to tarball
DEBUG 2025-09-01 23:05:34.698 UTC: 	 Adding directory /eos/home-b/bibehera/OO_Simfit/CMSSW_15_0_6_patch1/src/HeavyIonsAnalysis/MuonAnalysis/interface to tarball
DEBUG 2025-09-01 23:05:34.714 UTC: 	 Adding directory /eos/home-b/bibehera/OO_Simfit/CMSSW_15_0_6_patch1/src/HeavyIonsAnalysis/MuonAnalysis/python to tarball
DEBUG 2025-09-01 23:05:34.744 UTC: 	 Adding directory /eos/home-b/bibehera/OO_Simfit/CMSSW_15_0_6_patch1/src/HeavyIonsAnalysis/TrackAnalysis/interface to tarball
DEBUG 2025-09-01 23:05:34.754 UTC: 	 Adding directory /eos/home-b/bibehera/OO_Simfit/CMSSW_15_0_6_patch1/src/HeavyIonsAnalysis/TrackAnalysis/python to tarball
DEBUG 2025-09-01 23:05:34.867 UTC: 	 Adding directory /eos/home-b/bibehera/OO_Simfit/CMSSW_15_0_6_patch1/src/HeavyIonsAnalysis/VertexAnalysis/python to tarball
DEBUG 2025-09-01 23:05:34.894 UTC: 	 Adding directory /eos/home-b/bibehera/OO_Simfit/CMSSW_15_0_6_patch1/src/HeavyIonsAnalysis/ZDCAnalysis/python to tarball
DEBUG 2025-09-01 23:05:34.991 UTC: 	 Uploading archive /eos/home-b/bibehera/OO_Simfit/CMSSW_15_0_6_patch1/src/Analyzer/RaghuV0Ana/cfg/OO_Data_MINIAOD/crab_2pc_OO_V0_InM_IP10/inputs/3be071d7-81d1-45ff-9632-eb5986cbd126default.tgz (3.182617.1 MB) to the CRAB cache. Using URI https://cmsweb.cern.ch/S3/crabcache_prod
DEBUG 2025-09-01 23:05:35.834 UTC: 	 Encoded data for curl request: subresource=upload&objecttype=sandbox&tarballname=4f88f4012bb9ec82825715101b0c6f9b0fa98e431d6e6dee47a3ec5b0b846be1.tar.gz
DEBUG 2025-09-01 23:05:35.918 UTC: 	 Will execute:
curl -f -v -X POST  -H "User-Agent: CRAB" -F "key=bibehera/sandboxes/4f88f4012bb9ec82825715101b0c6f9b0fa98e431d6e6dee47a3ec5b0b846be1.tar.gz" -F "AWSAccessKeyId=715203df6482458ba839e73e6dab634b" -F "policy=eyJleHBpcmF0aW9uIjogIjIwMjUtMDktMDJUMDA6MDU6MzVaIiwgImNvbmRpdGlvbnMiOiBbeyJidWNrZXQiOiAiY3JhYmNhY2hlX3Byb2QifSwgeyJrZXkiOiAiYmliZWhlcmEvc2FuZGJveGVzLzRmODhmNDAxMmJiOWVjODI4MjU3MTUxMDFiMGM2ZjliMGZhOThlNDMxZDZlNmRlZTQ3YTNlYzViMGI4NDZiZTEudGFyLmd6In1dfQ==" -F "signature=JkOJ5/6jNv4J3phd+bjV9u0Thno=" -F "file=@/eos/home-b/bibehera/OO_Simfit/CMSSW_15_0_6_patch1/src/Analyzer/RaghuV0Ana/cfg/OO_Data_MINIAOD/crab_2pc_OO_V0_InM_IP10/inputs/3be071d7-81d1-45ff-9632-eb5986cbd126default.tgz" "https://s3.cern.ch/crabcache_prod"
DEBUG 2025-09-01 23:05:37.324 UTC: 	 exitcode: 0
stdout: b''
DEBUG 2025-09-01 23:05:37.324 UTC: 	 upload to S3 of sandbox /eos/home-b/bibehera/OO_Simfit/CMSSW_15_0_6_patch1/src/Analyzer/RaghuV0Ana/cfg/OO_Data_MINIAOD/crab_2pc_OO_V0_InM_IP10/inputs/3be071d7-81d1-45ff-9632-eb5986cbd126default.tgz completed
DEBUG 2025-09-01 23:05:37.324 UTC: 	 make sure that object is ready for retrieve
DEBUG 2025-09-01 23:05:38.325 UTC: 	 Encoded data for curl request: subresource=download&objecttype=sandbox&tarballname=4f88f4012bb9ec82825715101b0c6f9b0fa98e431d6e6dee47a3ec5b0b846be1.tar.gz&clientmethod=head_object
DEBUG 2025-09-01 23:05:38.375 UTC: 	 PreSignedUrl to download sandbox received OK
DEBUG 2025-09-01 23:05:38.379 UTC: 	 Will execute:
 curl -v -s -f -o /dev/null --head  "https://s3.cern.ch/crabcache_prod/bibehera/sandboxes/4f88f4012bb9ec82825715101b0c6f9b0fa98e431d6e6dee47a3ec5b0b846be1.tar.gz?AWSAccessKeyId=715203df6482458ba839e73e6dab634b&Signature=%2BvYzbqBm46nHryoo%2FKpvJNbPEu8%3D&Expires=1756771538"
DEBUG 2025-09-01 23:05:38.413 UTC: 	 exitcode: 0
stdout: b''
DEBUG 2025-09-01 23:05:38.413 UTC: 	 sandbox /eos/home-b/bibehera/OO_Simfit/CMSSW_15_0_6_patch1/src/Analyzer/RaghuV0Ana/cfg/OO_Data_MINIAOD/crab_2pc_OO_V0_InM_IP10/inputs/3be071d7-81d1-45ff-9632-eb5986cbd126default.tgz successfully uploaded to S3
DEBUG 2025-09-01 23:05:38.413 UTC: 	 Loading required information from the environment
DEBUG 2025-09-01 23:05:38.413 UTC: 	 Found CMSSW_15_0_6_patch1 for el9_amd64_gcc12 with base /eos/home-b/bibehera/OO_Simfit/CMSSW_15_0_6_patch1
DEBUG 2025-09-01 23:05:38.413 UTC: 	 Making tarball in /eos/home-b/bibehera/OO_Simfit/CMSSW_15_0_6_patch1/src/Analyzer/RaghuV0Ana/cfg/OO_Data_MINIAOD/crab_2pc_OO_V0_InM_IP10/inputs/debugFiles.tgz
DEBUG 2025-09-01 23:05:38.426 UTC: 	 Uploading archive /eos/home-b/bibehera/OO_Simfit/CMSSW_15_0_6_patch1/src/Analyzer/RaghuV0Ana/cfg/OO_Data_MINIAOD/crab_2pc_OO_V0_InM_IP10/inputs/debugFiles.tgz (3 KB) to the CRAB cache. Using URI https://cmsweb.cern.ch/S3/crabcache_prod
DEBUG 2025-09-01 23:05:38.431 UTC: 	 Encoded data for curl request: subresource=upload&objecttype=sandbox&tarballname=0900dac9557f534ae55fafd967162caf0c3c560f794239af2fd8a1877f9754b2.tar.gz
DEBUG 2025-09-01 23:05:38.558 UTC: 	 Will execute:
curl -f -v -X POST  -H "User-Agent: CRAB" -F "key=bibehera/sandboxes/0900dac9557f534ae55fafd967162caf0c3c560f794239af2fd8a1877f9754b2.tar.gz" -F "AWSAccessKeyId=715203df6482458ba839e73e6dab634b" -F "policy=eyJleHBpcmF0aW9uIjogIjIwMjUtMDktMDJUMDA6MDU6MzhaIiwgImNvbmRpdGlvbnMiOiBbeyJidWNrZXQiOiAiY3JhYmNhY2hlX3Byb2QifSwgeyJrZXkiOiAiYmliZWhlcmEvc2FuZGJveGVzLzA5MDBkYWM5NTU3ZjUzNGFlNTVmYWZkOTY3MTYyY2FmMGMzYzU2MGY3OTQyMzlhZjJmZDhhMTg3N2Y5NzU0YjIudGFyLmd6In1dfQ==" -F "signature=rAqB94BC4zYIdSTmSOnkpVb28mA=" -F "file=@/eos/home-b/bibehera/OO_Simfit/CMSSW_15_0_6_patch1/src/Analyzer/RaghuV0Ana/cfg/OO_Data_MINIAOD/crab_2pc_OO_V0_InM_IP10/inputs/debugFiles.tgz" "https://s3.cern.ch/crabcache_prod"
DEBUG 2025-09-01 23:05:38.886 UTC: 	 exitcode: 0
stdout: b''
DEBUG 2025-09-01 23:05:38.886 UTC: 	 upload to S3 of sandbox /eos/home-b/bibehera/OO_Simfit/CMSSW_15_0_6_patch1/src/Analyzer/RaghuV0Ana/cfg/OO_Data_MINIAOD/crab_2pc_OO_V0_InM_IP10/inputs/debugFiles.tgz completed
DEBUG 2025-09-01 23:05:38.886 UTC: 	 make sure that object is ready for retrieve
DEBUG 2025-09-01 23:05:39.887 UTC: 	 Encoded data for curl request: subresource=download&objecttype=sandbox&tarballname=0900dac9557f534ae55fafd967162caf0c3c560f794239af2fd8a1877f9754b2.tar.gz&clientmethod=head_object
DEBUG 2025-09-01 23:05:39.936 UTC: 	 PreSignedUrl to download sandbox received OK
DEBUG 2025-09-01 23:05:39.940 UTC: 	 Will execute:
 curl -v -s -f -o /dev/null --head  "https://s3.cern.ch/crabcache_prod/bibehera/sandboxes/0900dac9557f534ae55fafd967162caf0c3c560f794239af2fd8a1877f9754b2.tar.gz?AWSAccessKeyId=715203df6482458ba839e73e6dab634b&Signature=t%2FGIvsImbXrc80j7kYY61o7FlWI%3D&Expires=1756771539"
DEBUG 2025-09-01 23:05:39.986 UTC: 	 exitcode: 0
stdout: b''
DEBUG 2025-09-01 23:05:39.986 UTC: 	 sandbox /eos/home-b/bibehera/OO_Simfit/CMSSW_15_0_6_patch1/src/Analyzer/RaghuV0Ana/cfg/OO_Data_MINIAOD/crab_2pc_OO_V0_InM_IP10/inputs/debugFiles.tgz successfully uploaded to S3
DEBUG 2025-09-01 23:05:39.986 UTC: 	 Result uploading input files: 4f88f4012bb9ec82825715101b0c6f9b0fa98e431d6e6dee47a3ec5b0b846be1.tar.gz 
DEBUG 2025-09-01 23:05:39.986 UTC: 	 Attaching lumi mask generated_json.json to the request
DEBUG 2025-09-01 23:05:39.986 UTC: 	 Reading lumi-mask from generated_json.json
DEBUG 2025-09-01 23:05:39.988 UTC: 	 submit() - self.configuration from WMCore.Configuration import Configuration
config = Configuration()
config.section_('General')
config.General.requestName = '2pc_OO_V0_InM_IP10'
config.General.transferOutputs = True
config.General.workArea = 'OO_Data_MINIAOD'
config.General.transferLogs = True
config.section_('JobType')
config.JobType.psetName = 'PbPb_2018_cfg.py'
config.JobType.pluginName = 'Analysis'
config.section_('Data')
config.Data.inputDataset = '/IonPhysics10/bibehera-2pc_OO_V0_IP10-ca42279dfc2dce710b3991c24f27a617/USER'
config.Data.inputDBS = 'phys03'
config.Data.outLFNDirBase = '/store/user/bibehera/'
config.Data.totalUnits = -1
config.Data.lumiMask = 'generated_json.json'
config.Data.secondaryInputDataset = '/IonPhysics10/OORun2025-PromptReco-v1/MINIAOD'
config.Data.publication = False
config.Data.unitsPerJob = 3
config.Data.splitting = 'LumiBased'
config.Data.outputDatasetTag = '2pc_OO_V0_lmks_IP10'
config.section_('Site')
config.Site.storageSite = 'T3_CH_CERNBOX'
config.section_('User')
config.section_('Debug')

DEBUG 2025-09-01 23:05:39.988 UTC: 	 submit() - self.configreq {'dryrun': 0, 'workflow': 'crab_2pc_OO_V0_InM_IP10', 'saveoutput': 1, 'savelogsflag': 1, 'inputdata': '/IonPhysics10/bibehera-2pc_OO_V0_IP10-ca42279dfc2dce710b3991c24f27a617/USER', 'nonvaliddata': 0, 'userfiles': [], 'dbsurl': 'https://cmsweb.cern.ch/dbs/prod/phys03/DBSReader', 'useparent': 0, 'secondarydata': '/IonPhysics10/OORun2025-PromptReco-v1/MINIAOD', 'ignorelocality': 0, 'splitalgo': 'LumiBased', 'algoargs': 3, 'totalunits': -1, 'lfn': '/store/user/bibehera/', 'publication': 0, 'publishdbsurl': 'https://cmsweb.cern.ch/dbs/prod/phys03/DBSWriter', 'publishname2': '2pc_OO_V0_lmks_IP10', 'jobtype': 'Analysis', 'generator': 'pythia', 'addoutputfiles': [], 'maxjobruntime': 1250, 'numcores': 1, 'maxmemory': 2000, 'priority': 10, 'nonprodsw': 0, 'asyncdest': 'T3_CH_CERNBOX', 'requireaccelerator': 0, 'oneEventMode': 0, 'extrajdl': [], 'ignoreglobalblacklist': 0, 'partialdataset': 0, 'inputblocks': []}
DEBUG 2025-09-01 23:05:39.988 UTC: 	 submit() - jobconfig {'addoutputfiles': [], 'tfileoutfiles': ['V0_test_pt_invariantmass1.root'], 'edmoutfiles': [], 'jobarch': 'el9_amd64_gcc12', 'jobminuarch': 'x86-64-v3', 'jobsw': 'CMSSW_15_0_6_patch1', 'inputdata': '/IonPhysics10/bibehera-2pc_OO_V0_IP10-ca42279dfc2dce710b3991c24f27a617/USER', 'cacheurl': 'https://cmsweb.cern.ch/S3/crabcache_prod', 'cachefilename': '4f88f4012bb9ec82825715101b0c6f9b0fa98e431d6e6dee47a3ec5b0b846be1.tar.gz', 'debugfilename': '0900dac9557f534ae55fafd967162caf0c3c560f794239af2fd8a1877f9754b2.tar.gz', 'runs': ['394153', '394154', '394169', '394175', '394183', '394184', '394185', '394186', '394187', '394188', '394189', '394204', '394209', '394217'], 'lumis': ['40,169', '1,886', '39,997', '47,988', '15,239', '1,667', '1,3', '1,15', '1,1', '1,107', '1,72', '38,932', '23,1209', '41,838'], 'jobtype': 'Analysis'}
INFO 2025-09-01 23:05:39.988 UTC: 	 Sending the request to the server at cmsweb.cern.ch
DEBUG 2025-09-01 23:05:39.989 UTC: 	 Submitting {'dryrun': 0, 'workflow': 'crab_2pc_OO_V0_InM_IP10', 'saveoutput': 1, 'savelogsflag': 1, 'inputdata': '/IonPhysics10/bibehera-2pc_OO_V0_IP10-ca42279dfc2dce710b3991c24f27a617/USER', 'nonvaliddata': 0, 'userfiles': [], 'dbsurl': 'https://cmsweb.cern.ch/dbs/prod/phys03/DBSReader', 'useparent': 0, 'secondarydata': '/IonPhysics10/OORun2025-PromptReco-v1/MINIAOD', 'ignorelocality': 0, 'splitalgo': 'LumiBased', 'algoargs': 3, 'totalunits': -1, 'lfn': '/store/user/bibehera/', 'publication': 0, 'publishdbsurl': 'https://cmsweb.cern.ch/dbs/prod/phys03/DBSWriter', 'publishname2': '2pc_OO_V0_lmks_IP10', 'jobtype': 'Analysis', 'generator': 'pythia', 'addoutputfiles': [], 'maxjobruntime': 1250, 'numcores': 1, 'maxmemory': 2000, 'priority': 10, 'nonprodsw': 0, 'asyncdest': 'T3_CH_CERNBOX', 'requireaccelerator': 0, 'oneEventMode': 0, 'extrajdl': [], 'ignoreglobalblacklist': 0, 'partialdataset': 0, 'inputblocks': [], 'tfileoutfiles': ['V0_test_pt_invariantmass1.root'], 'edmoutfiles': [], 'jobarch': 'el9_amd64_gcc12', 'jobminuarch': 'x86-64-v3', 'jobsw': 'CMSSW_15_0_6_patch1', 'cacheurl': 'https://cmsweb.cern.ch/S3/crabcache_prod', 'cachefilename': '4f88f4012bb9ec82825715101b0c6f9b0fa98e431d6e6dee47a3ec5b0b846be1.tar.gz', 'debugfilename': '0900dac9557f534ae55fafd967162caf0c3c560f794239af2fd8a1877f9754b2.tar.gz', 'runs': ['394153', '394154', '394169', '394175', '394183', '394184', '394185', '394186', '394187', '394188', '394189', '394204', '394209', '394217'], 'lumis': ['40,169', '1,886', '39,997', '47,988', '15,239', '1,667', '1,3', '1,15', '1,1', '1,107', '1,72', '38,932', '23,1209', '41,838']} 
DEBUG 2025-09-01 23:05:39.989 UTC: 	 Encoded data for curl request: dryrun=0&workflow=crab_2pc_OO_V0_InM_IP10&saveoutput=1&savelogsflag=1&inputdata=%2FIonPhysics10%2Fbibehera-2pc_OO_V0_IP10-ca42279dfc2dce710b3991c24f27a617%2FUSER&nonvaliddata=0&dbsurl=https%3A%2F%2Fcmsweb.cern.ch%2Fdbs%2Fprod%2Fphys03%2FDBSReader&useparent=0&secondarydata=%2FIonPhysics10%2FOORun2025-PromptReco-v1%2FMINIAOD&ignorelocality=0&splitalgo=LumiBased&algoargs=3&totalunits=-1&lfn=%2Fstore%2Fuser%2Fbibehera%2F&publication=0&publishdbsurl=https%3A%2F%2Fcmsweb.cern.ch%2Fdbs%2Fprod%2Fphys03%2FDBSWriter&publishname2=2pc_OO_V0_lmks_IP10&jobtype=Analysis&generator=pythia&maxjobruntime=1250&numcores=1&maxmemory=2000&priority=10&nonprodsw=0&asyncdest=T3_CH_CERNBOX&requireaccelerator=0&oneEventMode=0&ignoreglobalblacklist=0&partialdataset=0&jobarch=el9_amd64_gcc12&jobminuarch=x86-64-v3&jobsw=CMSSW_15_0_6_patch1&cacheurl=https%3A%2F%2Fcmsweb.cern.ch%2FS3%2Fcrabcache_prod&cachefilename=4f88f4012bb9ec82825715101b0c6f9b0fa98e431d6e6dee47a3ec5b0b846be1.tar.gz&debugfilename=0900dac9557f534ae55fafd967162caf0c3c560f794239af2fd8a1877f9754b2.tar.gz&tfileoutfiles=V0_test_pt_invariantmass1.root&runs=394153&runs=394154&runs=394169&runs=394175&runs=394183&runs=394184&runs=394185&runs=394186&runs=394187&runs=394188&runs=394189&runs=394204&runs=394209&runs=394217&lumis=40%2C169&lumis=1%2C886&lumis=39%2C997&lumis=47%2C988&lumis=15%2C239&lumis=1%2C667&lumis=1%2C3&lumis=1%2C15&lumis=1%2C1&lumis=1%2C107&lumis=1%2C72&lumis=38%2C932&lumis=23%2C1209&lumis=41%2C838
DEBUG 2025-09-01 23:07:49.684 UTC: 	 Result: {'result': [{'RequestName': '250901_230540:bibehera_crab_2pc_OO_V0_InM_IP10'}]}
INFO 2025-09-01 23:07:49.703 UTC: 	 Success: Your task has been delivered to the prod CRAB3 server.
INFO 2025-09-01 23:07:49.704 UTC: 	 Task name: 250901_230540:bibehera_crab_2pc_OO_V0_InM_IP10
INFO 2025-09-01 23:07:49.705 UTC: 	 Project dir: OO_Data_MINIAOD/crab_2pc_OO_V0_InM_IP10
INFO 2025-09-01 23:07:49.705 UTC: 	 Please use ' crab status -d OO_Data_MINIAOD/crab_2pc_OO_V0_InM_IP10 ' to check how the submission process proceeds.
DEBUG 2025-09-01 23:07:49.705 UTC: 	 About to return
INFO 2025-09-01 23:07:49.731 UTC: 	 Log file is /eos/home-b/bibehera/OO_Simfit/CMSSW_15_0_6_patch1/src/Analyzer/RaghuV0Ana/cfg/OO_Data_MINIAOD/crab_2pc_OO_V0_InM_IP10/crab.log
