DEBUG 2026-01-11 11:15:13.238 UTC: 	 CRAB Client version: v3.251020
DEBUG 2026-01-11 11:15:13.238 UTC: 	 Running on: Linux lxplus802.cern.ch 4.18.0-553.85.1.el8_10.x86_64 #1 SMP Thu Nov 13 12:55:12 EST 2025 x86_64 x86_64 x86_64 GNU/Linux
DEBUG 2026-01-11 11:15:13.238 UTC: 	 Not using Singularity
DEBUG 2026-01-11 11:15:13.238 UTC: 	 Operating System: Red Hat Enterprise Linux 8.10 (Ootpa)
DEBUG 2026-01-11 11:15:13.238 UTC: 	 Executing command: 'submit'
DEBUG 2026-01-11 11:15:13.239 UTC: 	 Found CRAB cache file /afs/cern.ch/user/b/bibehera/.crab3
INFO 2026-01-11 11:15:13.239 UTC: 	 Will use CRAB configuration file crab_config2.py
DEBUG 2026-01-11 11:15:13.239 UTC: 	 Loading CRAB configuration file.
DEBUG 2026-01-11 11:15:13.245 UTC: 	 Overriden parameter General.requestName with '2pc_OO_V0_IM_effcorr_cent0to50_newpT_v1_IP18'
DEBUG 2026-01-11 11:15:13.245 UTC: 	 Overriden parameter Data.inputDataset with '/IonPhysics18/bibehera-2pc_OO_V0_IP18-ca42279dfc2dce710b3991c24f27a617/USER'
DEBUG 2026-01-11 11:15:13.245 UTC: 	 Overriden parameter Data.secondaryInputDataset with '/IonPhysics18/OORun2025-PromptReco-v1/MINIAOD'
DEBUG 2026-01-11 11:15:13.245 UTC: 	 Overriden parameter Data.outputDatasetTag with '2pc_OO_V0_IM_effcorr_cent0to50_newpT_v1_IP18'
DEBUG 2026-01-11 11:15:13.245 UTC: 	 Will use CRAB plugin ANALYSIS (i.e. will run an analysis job type).
DEBUG 2026-01-11 11:15:13.261 UTC: 	 Checking credentials
DEBUG 2026-01-11 11:15:13.261 UTC: 	 Found proxy file /tmp/x509up_u177753
DEBUG 2026-01-11 11:15:13.261 UTC: 	 Making sure it has proper VOMS extension
DEBUG 2026-01-11 11:15:13.261 UTC: 	 Executing command :
 voms-proxy-info --vo --file /tmp/x509up_u177753
DEBUG 2026-01-11 11:15:13.281 UTC: 	 output : cms

 error: 
 retcode : 0
DEBUG 2026-01-11 11:15:13.281 UTC: 	 Getting proxy life time left
DEBUG 2026-01-11 11:15:13.281 UTC: 	 Executing command :
 voms-proxy-info --actimeleft --timeleft --file /tmp/x509up_u177753
DEBUG 2026-01-11 11:15:13.299 UTC: 	 output : 41207
41207

 error: 
 retcode : 0
DEBUG 2026-01-11 11:15:13.299 UTC: 	 Proxy valid for 11:26:47 hours
DEBUG 2026-01-11 11:15:13.300 UTC: 	 Encoded data for curl request: subresource=delegatedn
DEBUG 2026-01-11 11:15:13.343 UTC: 	 Registering user credentials on myproxy for /DC=ch/DC=cern/OU=Organic Units/OU=Users/CN=cmscrab/CN=(817881|373708)/CN=Robot: cms crab|/DC=ch/DC=cern/OU=Organic Units/OU=Users/CN=crabint1/CN=373708/CN=Robot: CMS CRAB Integration 1
DEBUG 2026-01-11 11:15:13.343 UTC: 	 Executing command :
 voms-proxy-info --identity --file /tmp/x509up_u177753
DEBUG 2026-01-11 11:15:13.361 UTC: 	 output : /DC=ch/DC=cern/OU=Organic Units/OU=Users/CN=bibehera/CN=882295/CN=Bismita Behera

 error: 
 retcode : 0
DEBUG 2026-01-11 11:15:13.361 UTC: 	 Getting myproxy life time left for bfbdf12a5670e45fdd055ff115afbb0f25b8a072
DEBUG 2026-01-11 11:15:13.361 UTC: 	 Executing command :
 myproxy-info -s myproxy.cern.ch -l bfbdf12a5670e45fdd055ff115afbb0f25b8a072
DEBUG 2026-01-11 11:15:13.639 UTC: 	 output : username: bfbdf12a5670e45fdd055ff115afbb0f25b8a072
owner: /DC=ch/DC=cern/OU=Organic Units/OU=Users/CN=bibehera/CN=882295/CN=Bismita Behera
  renewal policy: /DC=ch/DC=cern/OU=Organic Units/OU=Users/CN=cmscrab/CN=(817881|373708)/CN=Robot: cms crab|/DC=ch/DC=cern/OU=Organic Units/OU=Users/CN=crabint1/CN=373708/CN=Robot: CMS CRAB Integration 1
  trusted retrieval policy: /DC=ch/DC=cern/OU=Organic Units/OU=Users/CN=cmscrab/CN=(817881|373708)/CN=Robot: cms crab|/DC=ch/DC=cern/OU=Organic Units/OU=Users/CN=crabint1/CN=373708/CN=Robot: CMS CRAB Integration 1
  timeleft: 719:58:52  (30.0 days)

 error: 
 retcode : 0
DEBUG 2026-01-11 11:15:13.639 UTC: 	 Myproxy is valid: 2591880
DEBUG 2026-01-11 11:15:13.639 UTC: 	 Result of myproxy credential check:
  Credential exists on myproxy: username: bfbdf12a5670e45fdd055ff115afbb0f25b8a072  - validity: 29 days, 23:58:00
DEBUG 2026-01-11 11:15:13.639 UTC: 	 Command use: submit
DEBUG 2026-01-11 11:15:13.639 UTC: 	 Options use: ['-c', 'crab_config2.py', 'General.requestName=2pc_OO_V0_IM_effcorr_cent0to50_newpT_v1_IP18', 'Data.inputDataset=/IonPhysics18/bibehera-2pc_OO_V0_IP18-ca42279dfc2dce710b3991c24f27a617/USER', 'Data.secondaryInputDataset=/IonPhysics18/OORun2025-PromptReco-v1/MINIAOD', 'Data.outputDatasetTag=2pc_OO_V0_IM_effcorr_cent0to50_newpT_v1_IP18']
DEBUG 2026-01-11 11:15:13.639 UTC: 	 Encoded data for curl request: subresource=version
DEBUG 2026-01-11 11:15:13.671 UTC: 	 CRABClient version: v3.251020
DEBUG 2026-01-11 11:15:13.671 UTC: 	 Instance is prod
DEBUG 2026-01-11 11:15:13.671 UTC: 	 Server base url is cmsweb.cern.ch
DEBUG 2026-01-11 11:15:13.671 UTC: 	 Command api workflow
DEBUG 2026-01-11 11:15:13.671 UTC: 	 Started submission
DEBUG 2026-01-11 11:15:13.671 UTC: 	 Working on /eos/home-b/bibehera/OO_Simfit_eff/CMSSW_15_0_6_patch1/src/Analyzer/RaghuV0Ana/cfg/OO_Data_MINIAOD/crab_2pc_OO_V0_IM_effcorr_cent0to50_newpT_v1_IP18
DEBUG 2026-01-11 11:15:13.692 UTC: 	 Loading required information from the environment
DEBUG 2026-01-11 11:15:13.692 UTC: 	 Found CMSSW_15_0_6_patch1 for el8_amd64_gcc12 with base /eos/home-b/bibehera/OO_Simfit_eff/CMSSW_15_0_6_patch1
DEBUG 2026-01-11 11:15:13.693 UTC: 	 Loading required information from the environment
DEBUG 2026-01-11 11:15:13.693 UTC: 	 Found CMSSW_15_0_6_patch1 for el8_amd64_gcc12 with base /eos/home-b/bibehera/OO_Simfit_eff/CMSSW_15_0_6_patch1
DEBUG 2026-01-11 11:15:13.693 UTC: 	 UNIQUE NAME: tarUUID 7808a929-7d17-4682-815f-920725edbfc0 
DEBUG 2026-01-11 11:15:13.693 UTC: 	 self.config: from WMCore.Configuration import Configuration
config = Configuration()
config.section_('General')
config.General.workArea = 'OO_Data_MINIAOD'
config.General.requestName = '2pc_OO_V0_IM_effcorr_cent0to50_newpT_v1_IP18'
config.General.transferLogs = True
config.General.transferOutputs = True
config.section_('JobType')
config.JobType.psetName = 'PbPb_2018_cfg.py'
config.JobType.pluginName = 'Analysis'
config.section_('Data')
config.Data.publication = False
config.Data.inputDataset = '/IonPhysics18/bibehera-2pc_OO_V0_IP18-ca42279dfc2dce710b3991c24f27a617/USER'
config.Data.totalUnits = -1
config.Data.unitsPerJob = 3
config.Data.splitting = 'LumiBased'
config.Data.outLFNDirBase = '/store/user/bibehera/'
config.Data.secondaryInputDataset = '/IonPhysics18/OORun2025-PromptReco-v1/MINIAOD'
config.Data.outputDatasetTag = '2pc_OO_V0_IM_effcorr_cent0to50_newpT_v1_IP18'
config.Data.inputDBS = 'phys03'
config.Data.lumiMask = 'generated_json.json'
config.section_('Site')
config.Site.storageSite = 'T3_CH_CERNBOX'
config.section_('User')
config.section_('Debug')

DEBUG 2026-01-11 11:15:13.693 UTC: 	 self.config.JobType.psetName: PbPb_2018_cfg.py
INFO 2026-01-11 11:15:13.693 UTC: 	 Importing CMSSW configuration PbPb_2018_cfg.py
INFO 2026-01-11 11:15:14.360 UTC: 	 Finished importing CMSSW configuration PbPb_2018_cfg.py
DEBUG 2026-01-11 11:15:14.360 UTC: 	 Writing CMSSW configuration to /eos/home-b/bibehera/OO_Simfit_eff/CMSSW_15_0_6_patch1/src/Analyzer/RaghuV0Ana/cfg/OO_Data_MINIAOD/crab_2pc_OO_V0_IM_effcorr_cent0to50_newpT_v1_IP18/inputs/PSet.py
DEBUG 2026-01-11 11:15:14.413 UTC: 	 The following EDM output files will be collected: []
DEBUG 2026-01-11 11:15:14.413 UTC: 	 The following TFile output files will be collected: ['V0_test_IM_newpT.root']
DEBUG 2026-01-11 11:15:14.413 UTC: 	 The following user output files (not listed as PoolOuputModule or TFileService in the CMSSW PSet) will be collected: 
DEBUG 2026-01-11 11:15:14.413 UTC: 	 Loading required information from the environment
DEBUG 2026-01-11 11:15:14.413 UTC: 	 Found CMSSW_15_0_6_patch1 for el8_amd64_gcc12 with base /eos/home-b/bibehera/OO_Simfit_eff/CMSSW_15_0_6_patch1
DEBUG 2026-01-11 11:15:14.413 UTC: 	 Making tarball in /eos/home-b/bibehera/OO_Simfit_eff/CMSSW_15_0_6_patch1/src/Analyzer/RaghuV0Ana/cfg/OO_Data_MINIAOD/crab_2pc_OO_V0_IM_effcorr_cent0to50_newpT_v1_IP18/inputs/7808a929-7d17-4682-815f-920725edbfc0default.tgz
DEBUG 2026-01-11 11:15:14.415 UTC: 	 Checking directory /eos/home-b/bibehera/OO_Simfit_eff/CMSSW_15_0_6_patch1/bin
DEBUG 2026-01-11 11:15:14.415 UTC: 	 Adding directory /eos/home-b/bibehera/OO_Simfit_eff/CMSSW_15_0_6_patch1/bin to tarball
DEBUG 2026-01-11 11:15:14.418 UTC: 	 Checking directory /eos/home-b/bibehera/OO_Simfit_eff/CMSSW_15_0_6_patch1/python
DEBUG 2026-01-11 11:15:14.418 UTC: 	 Adding directory /eos/home-b/bibehera/OO_Simfit_eff/CMSSW_15_0_6_patch1/python to tarball
DEBUG 2026-01-11 11:15:14.456 UTC: 	 Checking directory /eos/home-b/bibehera/OO_Simfit_eff/CMSSW_15_0_6_patch1/cfipython
DEBUG 2026-01-11 11:15:14.457 UTC: 	 Adding directory /eos/home-b/bibehera/OO_Simfit_eff/CMSSW_15_0_6_patch1/cfipython to tarball
DEBUG 2026-01-11 11:15:14.551 UTC: 	 Checking directory /eos/home-b/bibehera/OO_Simfit_eff/CMSSW_15_0_6_patch1/lib
DEBUG 2026-01-11 11:15:14.551 UTC: 	 Adding directory /eos/home-b/bibehera/OO_Simfit_eff/CMSSW_15_0_6_patch1/lib to tarball
DEBUG 2026-01-11 11:15:14.718 UTC: 	 Checking directory /eos/home-b/bibehera/OO_Simfit_eff/CMSSW_15_0_6_patch1/biglib
DEBUG 2026-01-11 11:15:14.718 UTC: 	 Adding directory /eos/home-b/bibehera/OO_Simfit_eff/CMSSW_15_0_6_patch1/biglib to tarball
DEBUG 2026-01-11 11:15:14.721 UTC: 	 Checking directory /eos/home-b/bibehera/OO_Simfit_eff/CMSSW_15_0_6_patch1/module
DEBUG 2026-01-11 11:15:14.721 UTC: 	 Checking directory /eos/home-b/bibehera/OO_Simfit_eff/CMSSW_15_0_6_patch1/config/SCRAM/hooks
DEBUG 2026-01-11 11:15:14.721 UTC: 	 Adding directory /eos/home-b/bibehera/OO_Simfit_eff/CMSSW_15_0_6_patch1/config/SCRAM/hooks to tarball
DEBUG 2026-01-11 11:15:15.068 UTC: 	 Adding directory /eos/home-b/bibehera/OO_Simfit_eff/CMSSW_15_0_6_patch1/src/Analyzer/RaghuV0Ana/data to tarball
DEBUG 2026-01-11 11:15:15.528 UTC: 	 Adding directory /eos/home-b/bibehera/OO_Simfit_eff/CMSSW_15_0_6_patch1/src/Analyzer/RaghuV0Ana/interface to tarball
DEBUG 2026-01-11 11:15:15.532 UTC: 	 Adding directory /eos/home-b/bibehera/OO_Simfit_eff/CMSSW_15_0_6_patch1/src/Analyzer/RaghuV0Ana/python to tarball
DEBUG 2026-01-11 11:15:15.539 UTC: 	 Adding directory /eos/home-b/bibehera/OO_Simfit_eff/CMSSW_15_0_6_patch1/src/HeavyIonsAnalysis/Configuration/data to tarball
DEBUG 2026-01-11 11:15:15.824 UTC: 	 Adding directory /eos/home-b/bibehera/OO_Simfit_eff/CMSSW_15_0_6_patch1/src/HeavyIonsAnalysis/Configuration/python to tarball
DEBUG 2026-01-11 11:15:15.841 UTC: 	 Adding directory /eos/home-b/bibehera/OO_Simfit_eff/CMSSW_15_0_6_patch1/src/HeavyIonsAnalysis/EGMAnalysis/data to tarball
DEBUG 2026-01-11 11:15:15.845 UTC: 	 Adding directory /eos/home-b/bibehera/OO_Simfit_eff/CMSSW_15_0_6_patch1/src/HeavyIonsAnalysis/EGMAnalysis/interface to tarball
DEBUG 2026-01-11 11:15:15.848 UTC: 	 Adding directory /eos/home-b/bibehera/OO_Simfit_eff/CMSSW_15_0_6_patch1/src/HeavyIonsAnalysis/EGMAnalysis/python to tarball
DEBUG 2026-01-11 11:15:15.855 UTC: 	 Adding directory /eos/home-b/bibehera/OO_Simfit_eff/CMSSW_15_0_6_patch1/src/HeavyIonsAnalysis/EventAnalysis/python to tarball
DEBUG 2026-01-11 11:15:15.919 UTC: 	 Adding directory /eos/home-b/bibehera/OO_Simfit_eff/CMSSW_15_0_6_patch1/src/HeavyIonsAnalysis/JetAnalysis/interface to tarball
DEBUG 2026-01-11 11:15:15.922 UTC: 	 Adding directory /eos/home-b/bibehera/OO_Simfit_eff/CMSSW_15_0_6_patch1/src/HeavyIonsAnalysis/JetAnalysis/python to tarball
DEBUG 2026-01-11 11:15:15.947 UTC: 	 Adding directory /eos/home-b/bibehera/OO_Simfit_eff/CMSSW_15_0_6_patch1/src/HeavyIonsAnalysis/MuonAnalysis/interface to tarball
DEBUG 2026-01-11 11:15:15.950 UTC: 	 Adding directory /eos/home-b/bibehera/OO_Simfit_eff/CMSSW_15_0_6_patch1/src/HeavyIonsAnalysis/MuonAnalysis/python to tarball
DEBUG 2026-01-11 11:15:15.956 UTC: 	 Adding directory /eos/home-b/bibehera/OO_Simfit_eff/CMSSW_15_0_6_patch1/src/HeavyIonsAnalysis/TrackAnalysis/interface to tarball
DEBUG 2026-01-11 11:15:15.959 UTC: 	 Adding directory /eos/home-b/bibehera/OO_Simfit_eff/CMSSW_15_0_6_patch1/src/HeavyIonsAnalysis/TrackAnalysis/python to tarball
DEBUG 2026-01-11 11:15:15.971 UTC: 	 Adding directory /eos/home-b/bibehera/OO_Simfit_eff/CMSSW_15_0_6_patch1/src/HeavyIonsAnalysis/VertexAnalysis/python to tarball
DEBUG 2026-01-11 11:15:15.975 UTC: 	 Adding directory /eos/home-b/bibehera/OO_Simfit_eff/CMSSW_15_0_6_patch1/src/HeavyIonsAnalysis/ZDCAnalysis/python to tarball
DEBUG 2026-01-11 11:15:16.028 UTC: 	 Uploading archive /eos/home-b/bibehera/OO_Simfit_eff/CMSSW_15_0_6_patch1/src/Analyzer/RaghuV0Ana/cfg/OO_Data_MINIAOD/crab_2pc_OO_V0_IM_effcorr_cent0to50_newpT_v1_IP18/inputs/7808a929-7d17-4682-815f-920725edbfc0default.tgz (4.677734.1 MB) to the CRAB cache.
DEBUG 2026-01-11 11:15:16.825 UTC: 	 Encoded data for curl request: subresource=upload&objecttype=sandbox&tarballname=a19be5fef8cd1b3627a344594ca4c011d1e229f0d93ca134a565de5508b1fcd4.tar.gz
DEBUG 2026-01-11 11:15:16.886 UTC: 	 sandbox a19be5fef8cd1b3627a344594ca4c011d1e229f0d93ca134a565de5508b1fcd4.tar.gz is already in the S3 store, will not upload again
DEBUG 2026-01-11 11:15:16.886 UTC: 	 Loading required information from the environment
DEBUG 2026-01-11 11:15:16.886 UTC: 	 Found CMSSW_15_0_6_patch1 for el8_amd64_gcc12 with base /eos/home-b/bibehera/OO_Simfit_eff/CMSSW_15_0_6_patch1
DEBUG 2026-01-11 11:15:16.886 UTC: 	 Making tarball in /eos/home-b/bibehera/OO_Simfit_eff/CMSSW_15_0_6_patch1/src/Analyzer/RaghuV0Ana/cfg/OO_Data_MINIAOD/crab_2pc_OO_V0_IM_effcorr_cent0to50_newpT_v1_IP18/inputs/debugFiles.tgz
DEBUG 2026-01-11 11:15:16.926 UTC: 	 Uploading archive /eos/home-b/bibehera/OO_Simfit_eff/CMSSW_15_0_6_patch1/src/Analyzer/RaghuV0Ana/cfg/OO_Data_MINIAOD/crab_2pc_OO_V0_IM_effcorr_cent0to50_newpT_v1_IP18/inputs/debugFiles.tgz (3 KB) to the CRAB cache.
DEBUG 2026-01-11 11:15:16.931 UTC: 	 Encoded data for curl request: subresource=upload&objecttype=sandbox&tarballname=dfa903ee95af2d550ea077833e65e7a0bffd58f209919a7d25c722115e174446.tar.gz
DEBUG 2026-01-11 11:15:16.983 UTC: 	 Will execute:
curl -f -v -X POST  -H "User-Agent: CRAB" -F "key=bibehera/sandboxes/dfa903ee95af2d550ea077833e65e7a0bffd58f209919a7d25c722115e174446.tar.gz" -F "AWSAccessKeyId=715203df6482458ba839e73e6dab634b" -F "policy=eyJleHBpcmF0aW9uIjogIjIwMjYtMDEtMTFUMTI6MTU6MTZaIiwgImNvbmRpdGlvbnMiOiBbeyJidWNrZXQiOiAiY3JhYmNhY2hlX3Byb2QifSwgeyJrZXkiOiAiYmliZWhlcmEvc2FuZGJveGVzL2RmYTkwM2VlOTVhZjJkNTUwZWEwNzc4MzNlNjVlN2EwYmZmZDU4ZjIwOTkxOWE3ZDI1YzcyMjExNWUxNzQ0NDYudGFyLmd6In1dfQ==" -F "signature=LmOmpZ1smJfvtRQ+EK74cpG2gq8=" -F "file=@/eos/home-b/bibehera/OO_Simfit_eff/CMSSW_15_0_6_patch1/src/Analyzer/RaghuV0Ana/cfg/OO_Data_MINIAOD/crab_2pc_OO_V0_IM_effcorr_cent0to50_newpT_v1_IP18/inputs/debugFiles.tgz" "https://s3.cern.ch/crabcache_prod"
DEBUG 2026-01-11 11:15:17.125 UTC: 	 exitcode: 0
stdout: b''
DEBUG 2026-01-11 11:15:17.125 UTC: 	 upload to S3 of sandbox /eos/home-b/bibehera/OO_Simfit_eff/CMSSW_15_0_6_patch1/src/Analyzer/RaghuV0Ana/cfg/OO_Data_MINIAOD/crab_2pc_OO_V0_IM_effcorr_cent0to50_newpT_v1_IP18/inputs/debugFiles.tgz completed
DEBUG 2026-01-11 11:15:17.125 UTC: 	 make sure that object is ready for retrieve
DEBUG 2026-01-11 11:15:18.127 UTC: 	 Encoded data for curl request: subresource=download&objecttype=sandbox&tarballname=dfa903ee95af2d550ea077833e65e7a0bffd58f209919a7d25c722115e174446.tar.gz&clientmethod=head_object
DEBUG 2026-01-11 11:15:18.163 UTC: 	 PreSignedUrl to download sandbox received OK
DEBUG 2026-01-11 11:15:18.165 UTC: 	 Will execute:
 curl -v -s -f -o /dev/null --head  "https://s3.cern.ch/crabcache_prod/bibehera/sandboxes/dfa903ee95af2d550ea077833e65e7a0bffd58f209919a7d25c722115e174446.tar.gz?AWSAccessKeyId=715203df6482458ba839e73e6dab634b&Signature=ywyXU0Ifzbwvt7tqgZCyQ06MT%2Bw%3D&Expires=1768133718"
DEBUG 2026-01-11 11:15:18.195 UTC: 	 exitcode: 0
stdout: b''
DEBUG 2026-01-11 11:15:18.195 UTC: 	 sandbox /eos/home-b/bibehera/OO_Simfit_eff/CMSSW_15_0_6_patch1/src/Analyzer/RaghuV0Ana/cfg/OO_Data_MINIAOD/crab_2pc_OO_V0_IM_effcorr_cent0to50_newpT_v1_IP18/inputs/debugFiles.tgz successfully uploaded to S3
DEBUG 2026-01-11 11:15:18.195 UTC: 	 Result uploading input files: a19be5fef8cd1b3627a344594ca4c011d1e229f0d93ca134a565de5508b1fcd4.tar.gz 
DEBUG 2026-01-11 11:15:18.195 UTC: 	 Attaching lumi mask generated_json.json to the request
DEBUG 2026-01-11 11:15:18.195 UTC: 	 Reading lumi-mask from generated_json.json
DEBUG 2026-01-11 11:15:18.196 UTC: 	 submit() - self.configuration from WMCore.Configuration import Configuration
config = Configuration()
config.section_('General')
config.General.workArea = 'OO_Data_MINIAOD'
config.General.requestName = '2pc_OO_V0_IM_effcorr_cent0to50_newpT_v1_IP18'
config.General.transferLogs = True
config.General.transferOutputs = True
config.section_('JobType')
config.JobType.psetName = 'PbPb_2018_cfg.py'
config.JobType.pluginName = 'Analysis'
config.section_('Data')
config.Data.publication = False
config.Data.inputDataset = '/IonPhysics18/bibehera-2pc_OO_V0_IP18-ca42279dfc2dce710b3991c24f27a617/USER'
config.Data.totalUnits = -1
config.Data.unitsPerJob = 3
config.Data.splitting = 'LumiBased'
config.Data.outLFNDirBase = '/store/user/bibehera/'
config.Data.secondaryInputDataset = '/IonPhysics18/OORun2025-PromptReco-v1/MINIAOD'
config.Data.outputDatasetTag = '2pc_OO_V0_IM_effcorr_cent0to50_newpT_v1_IP18'
config.Data.inputDBS = 'phys03'
config.Data.lumiMask = 'generated_json.json'
config.section_('Site')
config.Site.storageSite = 'T3_CH_CERNBOX'
config.section_('User')
config.section_('Debug')

DEBUG 2026-01-11 11:15:18.196 UTC: 	 submit() - self.configreq {'dryrun': 0, 'workflow': 'crab_2pc_OO_V0_IM_effcorr_cent0to50_newpT_v1_IP18', 'saveoutput': 1, 'savelogsflag': 1, 'inputdata': '/IonPhysics18/bibehera-2pc_OO_V0_IP18-ca42279dfc2dce710b3991c24f27a617/USER', 'nonvaliddata': 0, 'userfiles': [], 'dbsurl': 'https://cmsweb.cern.ch/dbs/prod/phys03/DBSReader', 'useparent': 0, 'secondarydata': '/IonPhysics18/OORun2025-PromptReco-v1/MINIAOD', 'ignorelocality': 0, 'splitalgo': 'LumiBased', 'algoargs': 3, 'totalunits': -1, 'lfn': '/store/user/bibehera/', 'publication': 0, 'publishdbsurl': 'https://cmsweb.cern.ch/dbs/prod/phys03/DBSWriter', 'publishname2': '2pc_OO_V0_IM_effcorr_cent0to50_newpT_v1_IP18', 'jobtype': 'Analysis', 'generator': 'pythia', 'addoutputfiles': [], 'maxjobruntime': 1250, 'numcores': 1, 'maxmemory': 2000, 'priority': 10, 'nonprodsw': 0, 'asyncdest': 'T3_CH_CERNBOX', 'requireaccelerator': 0, 'oneEventMode': 0, 'extrajdl': [], 'ignoreglobalblacklist': 0, 'partialdataset': 0, 'inputblocks': []}
DEBUG 2026-01-11 11:15:18.196 UTC: 	 submit() - jobconfig {'addoutputfiles': [], 'tfileoutfiles': ['V0_test_IM_newpT.root'], 'edmoutfiles': [], 'jobarch': 'el8_amd64_gcc12', 'jobminuarch': 'x86-64-v3', 'jobsw': 'CMSSW_15_0_6_patch1', 'inputdata': '/IonPhysics18/bibehera-2pc_OO_V0_IP18-ca42279dfc2dce710b3991c24f27a617/USER', 'cachefilename': 'a19be5fef8cd1b3627a344594ca4c011d1e229f0d93ca134a565de5508b1fcd4.tar.gz', 'debugfilename': 'dfa903ee95af2d550ea077833e65e7a0bffd58f209919a7d25c722115e174446.tar.gz', 'runs': ['394153', '394154', '394169', '394175', '394183', '394184', '394185', '394186', '394187', '394188', '394189', '394204', '394209', '394217'], 'lumis': ['40,169', '1,886', '39,997', '47,988', '15,239', '1,667', '1,3', '1,15', '1,1', '1,107', '1,72', '38,932', '23,1209', '41,838'], 'jobtype': 'Analysis'}
INFO 2026-01-11 11:15:18.196 UTC: 	 Sending the request to the server at cmsweb.cern.ch
DEBUG 2026-01-11 11:15:18.197 UTC: 	 Submitting {'dryrun': 0, 'workflow': 'crab_2pc_OO_V0_IM_effcorr_cent0to50_newpT_v1_IP18', 'saveoutput': 1, 'savelogsflag': 1, 'inputdata': '/IonPhysics18/bibehera-2pc_OO_V0_IP18-ca42279dfc2dce710b3991c24f27a617/USER', 'nonvaliddata': 0, 'userfiles': [], 'dbsurl': 'https://cmsweb.cern.ch/dbs/prod/phys03/DBSReader', 'useparent': 0, 'secondarydata': '/IonPhysics18/OORun2025-PromptReco-v1/MINIAOD', 'ignorelocality': 0, 'splitalgo': 'LumiBased', 'algoargs': 3, 'totalunits': -1, 'lfn': '/store/user/bibehera/', 'publication': 0, 'publishdbsurl': 'https://cmsweb.cern.ch/dbs/prod/phys03/DBSWriter', 'publishname2': '2pc_OO_V0_IM_effcorr_cent0to50_newpT_v1_IP18', 'jobtype': 'Analysis', 'generator': 'pythia', 'addoutputfiles': [], 'maxjobruntime': 1250, 'numcores': 1, 'maxmemory': 2000, 'priority': 10, 'nonprodsw': 0, 'asyncdest': 'T3_CH_CERNBOX', 'requireaccelerator': 0, 'oneEventMode': 0, 'extrajdl': [], 'ignoreglobalblacklist': 0, 'partialdataset': 0, 'inputblocks': [], 'tfileoutfiles': ['V0_test_IM_newpT.root'], 'edmoutfiles': [], 'jobarch': 'el8_amd64_gcc12', 'jobminuarch': 'x86-64-v3', 'jobsw': 'CMSSW_15_0_6_patch1', 'cachefilename': 'a19be5fef8cd1b3627a344594ca4c011d1e229f0d93ca134a565de5508b1fcd4.tar.gz', 'debugfilename': 'dfa903ee95af2d550ea077833e65e7a0bffd58f209919a7d25c722115e174446.tar.gz', 'runs': ['394153', '394154', '394169', '394175', '394183', '394184', '394185', '394186', '394187', '394188', '394189', '394204', '394209', '394217'], 'lumis': ['40,169', '1,886', '39,997', '47,988', '15,239', '1,667', '1,3', '1,15', '1,1', '1,107', '1,72', '38,932', '23,1209', '41,838']} 
DEBUG 2026-01-11 11:15:18.197 UTC: 	 Encoded data for curl request: dryrun=0&workflow=crab_2pc_OO_V0_IM_effcorr_cent0to50_newpT_v1_IP18&saveoutput=1&savelogsflag=1&inputdata=%2FIonPhysics18%2Fbibehera-2pc_OO_V0_IP18-ca42279dfc2dce710b3991c24f27a617%2FUSER&nonvaliddata=0&dbsurl=https%3A%2F%2Fcmsweb.cern.ch%2Fdbs%2Fprod%2Fphys03%2FDBSReader&useparent=0&secondarydata=%2FIonPhysics18%2FOORun2025-PromptReco-v1%2FMINIAOD&ignorelocality=0&splitalgo=LumiBased&algoargs=3&totalunits=-1&lfn=%2Fstore%2Fuser%2Fbibehera%2F&publication=0&publishdbsurl=https%3A%2F%2Fcmsweb.cern.ch%2Fdbs%2Fprod%2Fphys03%2FDBSWriter&publishname2=2pc_OO_V0_IM_effcorr_cent0to50_newpT_v1_IP18&jobtype=Analysis&generator=pythia&maxjobruntime=1250&numcores=1&maxmemory=2000&priority=10&nonprodsw=0&asyncdest=T3_CH_CERNBOX&requireaccelerator=0&oneEventMode=0&ignoreglobalblacklist=0&partialdataset=0&jobarch=el8_amd64_gcc12&jobminuarch=x86-64-v3&jobsw=CMSSW_15_0_6_patch1&cachefilename=a19be5fef8cd1b3627a344594ca4c011d1e229f0d93ca134a565de5508b1fcd4.tar.gz&debugfilename=dfa903ee95af2d550ea077833e65e7a0bffd58f209919a7d25c722115e174446.tar.gz&tfileoutfiles=V0_test_IM_newpT.root&runs=394153&runs=394154&runs=394169&runs=394175&runs=394183&runs=394184&runs=394185&runs=394186&runs=394187&runs=394188&runs=394189&runs=394204&runs=394209&runs=394217&lumis=40%2C169&lumis=1%2C886&lumis=39%2C997&lumis=47%2C988&lumis=15%2C239&lumis=1%2C667&lumis=1%2C3&lumis=1%2C15&lumis=1%2C1&lumis=1%2C107&lumis=1%2C72&lumis=38%2C932&lumis=23%2C1209&lumis=41%2C838
DEBUG 2026-01-11 11:15:18.523 UTC: 	 Result: {'result': [{'RequestName': '260111_111518:bibehera_crab_2pc_OO_V0_IM_effcorr_cent0to50_newpT_v1_IP18'}]}
INFO 2026-01-11 11:15:18.563 UTC: 	 Success: Your task has been delivered to the prod CRAB3 server.
INFO 2026-01-11 11:15:18.563 UTC: 	 Task name: 260111_111518:bibehera_crab_2pc_OO_V0_IM_effcorr_cent0to50_newpT_v1_IP18
INFO 2026-01-11 11:15:18.564 UTC: 	 Project dir: OO_Data_MINIAOD/crab_2pc_OO_V0_IM_effcorr_cent0to50_newpT_v1_IP18
INFO 2026-01-11 11:15:18.564 UTC: 	 Please use ' crab status -d OO_Data_MINIAOD/crab_2pc_OO_V0_IM_effcorr_cent0to50_newpT_v1_IP18 ' to check how the submission process proceeds.
DEBUG 2026-01-11 11:15:18.564 UTC: 	 About to return
INFO 2026-01-11 11:15:18.585 UTC: 	 Log file is /eos/home-b/bibehera/OO_Simfit_eff/CMSSW_15_0_6_patch1/src/Analyzer/RaghuV0Ana/cfg/OO_Data_MINIAOD/crab_2pc_OO_V0_IM_effcorr_cent0to50_newpT_v1_IP18/crab.log
