DEBUG 2026-03-23 09:50:57.875 UTC: 	 CRAB Client version: v3.251020
DEBUG 2026-03-23 09:50:57.876 UTC: 	 Running on: Linux lxplus807.cern.ch 4.18.0-553.92.1.el8_10.x86_64 #1 SMP Tue Jan 6 00:53:45 EST 2026 x86_64 x86_64 x86_64 GNU/Linux
DEBUG 2026-03-23 09:50:57.876 UTC: 	 Not using Singularity
DEBUG 2026-03-23 09:50:57.876 UTC: 	 Operating System: Red Hat Enterprise Linux 8.10 (Ootpa)
DEBUG 2026-03-23 09:50:57.876 UTC: 	 Executing command: 'submit'
DEBUG 2026-03-23 09:50:57.876 UTC: 	 Found CRAB cache file /afs/cern.ch/user/b/bibehera/.crab3
INFO 2026-03-23 09:50:57.877 UTC: 	 Will use CRAB configuration file crab_config2.py
DEBUG 2026-03-23 09:50:57.877 UTC: 	 Loading CRAB configuration file.
DEBUG 2026-03-23 09:50:57.883 UTC: 	 Overriden parameter General.requestName with '2pc_OO_SM_V0_corr_cent70to80_v1_IP25'
DEBUG 2026-03-23 09:50:57.883 UTC: 	 Overriden parameter Data.inputDataset with '/IonPhysics25/bibehera-2pc_OO_V0_IP25-ca42279dfc2dce710b3991c24f27a617/USER'
DEBUG 2026-03-23 09:50:57.883 UTC: 	 Overriden parameter Data.secondaryInputDataset with '/IonPhysics25/OORun2025-PromptReco-v1/MINIAOD'
DEBUG 2026-03-23 09:50:57.883 UTC: 	 Overriden parameter Data.outputDatasetTag with '2pc_OO_SM_V0_corr_cent70to80_v1_IP25'
DEBUG 2026-03-23 09:50:57.883 UTC: 	 Will use CRAB plugin ANALYSIS (i.e. will run an analysis job type).
DEBUG 2026-03-23 09:50:58.092 UTC: 	 Checking credentials
DEBUG 2026-03-23 09:50:58.092 UTC: 	 Found proxy file /tmp/x509up_u177753
DEBUG 2026-03-23 09:50:58.092 UTC: 	 Making sure it has proper VOMS extension
DEBUG 2026-03-23 09:50:58.092 UTC: 	 Executing command :
 voms-proxy-info --vo --file /tmp/x509up_u177753
DEBUG 2026-03-23 09:50:58.112 UTC: 	 output : cms

 error: 
 retcode : 0
DEBUG 2026-03-23 09:50:58.113 UTC: 	 Getting proxy life time left
DEBUG 2026-03-23 09:50:58.113 UTC: 	 Executing command :
 voms-proxy-info --actimeleft --timeleft --file /tmp/x509up_u177753
DEBUG 2026-03-23 09:50:58.132 UTC: 	 output : 43113
43113

 error: 
 retcode : 0
DEBUG 2026-03-23 09:50:58.132 UTC: 	 Proxy valid for 11:58:33 hours
DEBUG 2026-03-23 09:50:58.133 UTC: 	 Encoded data for curl request: subresource=delegatedn
DEBUG 2026-03-23 09:50:58.171 UTC: 	 Registering user credentials on myproxy for /DC=ch/DC=cern/OU=Organic Units/OU=Users/CN=cmscrab/CN=(817881|373708)/CN=Robot: cms crab|/DC=ch/DC=cern/OU=Organic Units/OU=Users/CN=crabint1/CN=373708/CN=Robot: CMS CRAB Integration 1
DEBUG 2026-03-23 09:50:58.171 UTC: 	 Executing command :
 voms-proxy-info --identity --file /tmp/x509up_u177753
DEBUG 2026-03-23 09:50:58.192 UTC: 	 output : /DC=ch/DC=cern/OU=Organic Units/OU=Users/CN=bibehera/CN=882295/CN=Bismita Behera

 error: 
 retcode : 0
DEBUG 2026-03-23 09:50:58.192 UTC: 	 Getting myproxy life time left for bfbdf12a5670e45fdd055ff115afbb0f25b8a072
DEBUG 2026-03-23 09:50:58.192 UTC: 	 Executing command :
 myproxy-info -s myproxy.cern.ch -l bfbdf12a5670e45fdd055ff115afbb0f25b8a072
DEBUG 2026-03-23 09:50:58.458 UTC: 	 output : username: bfbdf12a5670e45fdd055ff115afbb0f25b8a072
owner: /DC=ch/DC=cern/OU=Organic Units/OU=Users/CN=bibehera/CN=882295/CN=Bismita Behera
  renewal policy: /DC=ch/DC=cern/OU=Organic Units/OU=Users/CN=cmscrab/CN=(817881|373708)/CN=Robot: cms crab|/DC=ch/DC=cern/OU=Organic Units/OU=Users/CN=crabint1/CN=373708/CN=Robot: CMS CRAB Integration 1
  trusted retrieval policy: /DC=ch/DC=cern/OU=Organic Units/OU=Users/CN=cmscrab/CN=(817881|373708)/CN=Robot: cms crab|/DC=ch/DC=cern/OU=Organic Units/OU=Users/CN=crabint1/CN=373708/CN=Robot: CMS CRAB Integration 1
  timeleft: 597:30:08  (24.9 days)

 error: 
 retcode : 0
DEBUG 2026-03-23 09:50:58.459 UTC: 	 Myproxy is valid: 2151000
DEBUG 2026-03-23 09:50:58.459 UTC: 	 Result of myproxy credential check:
  Credential exists on myproxy: username: bfbdf12a5670e45fdd055ff115afbb0f25b8a072  - validity: 24 days, 21:30:00
DEBUG 2026-03-23 09:50:58.459 UTC: 	 Command use: submit
DEBUG 2026-03-23 09:50:58.459 UTC: 	 Options use: ['-c', 'crab_config2.py', 'General.requestName=2pc_OO_SM_V0_corr_cent70to80_v1_IP25', 'Data.inputDataset=/IonPhysics25/bibehera-2pc_OO_V0_IP25-ca42279dfc2dce710b3991c24f27a617/USER', 'Data.secondaryInputDataset=/IonPhysics25/OORun2025-PromptReco-v1/MINIAOD', 'Data.outputDatasetTag=2pc_OO_SM_V0_corr_cent70to80_v1_IP25']
DEBUG 2026-03-23 09:50:58.459 UTC: 	 Encoded data for curl request: subresource=version
DEBUG 2026-03-23 09:50:58.495 UTC: 	 CRABClient version: v3.251020
DEBUG 2026-03-23 09:50:58.495 UTC: 	 Instance is prod
DEBUG 2026-03-23 09:50:58.495 UTC: 	 Server base url is cmsweb.cern.ch
DEBUG 2026-03-23 09:50:58.495 UTC: 	 Command api workflow
DEBUG 2026-03-23 09:50:58.495 UTC: 	 Started submission
DEBUG 2026-03-23 09:50:58.495 UTC: 	 Working on /eos/home-b/bibehera/OO_Simfit_eff/CMSSW_15_0_6_patch1/src/Analyzer/RaghuV0Ana/cfg/OO_Data_MINIAOD/crab_2pc_OO_SM_V0_corr_cent70to80_v1_IP25
DEBUG 2026-03-23 09:50:58.518 UTC: 	 Loading required information from the environment
DEBUG 2026-03-23 09:50:58.518 UTC: 	 Found CMSSW_15_0_6_patch1 for el8_amd64_gcc12 with base /eos/home-b/bibehera/OO_Simfit_eff/CMSSW_15_0_6_patch1
DEBUG 2026-03-23 09:50:58.518 UTC: 	 Loading required information from the environment
DEBUG 2026-03-23 09:50:58.518 UTC: 	 Found CMSSW_15_0_6_patch1 for el8_amd64_gcc12 with base /eos/home-b/bibehera/OO_Simfit_eff/CMSSW_15_0_6_patch1
DEBUG 2026-03-23 09:50:58.518 UTC: 	 UNIQUE NAME: tarUUID e6067eb3-c751-4f54-a61e-65cd2c4b1988 
DEBUG 2026-03-23 09:50:58.518 UTC: 	 self.config: from WMCore.Configuration import Configuration
config = Configuration()
config.section_('General')
config.General.transferOutputs = True
config.General.workArea = 'OO_Data_MINIAOD'
config.General.transferLogs = True
config.General.requestName = '2pc_OO_SM_V0_corr_cent70to80_v1_IP25'
config.section_('JobType')
config.JobType.psetName = 'PbPb_2018_cfg.py'
config.JobType.pluginName = 'Analysis'
config.section_('Data')
config.Data.outLFNDirBase = '/store/user/bibehera/'
config.Data.inputDBS = 'phys03'
config.Data.secondaryInputDataset = '/IonPhysics25/OORun2025-PromptReco-v1/MINIAOD'
config.Data.unitsPerJob = 3
config.Data.lumiMask = 'generated_json.json'
config.Data.publication = False
config.Data.totalUnits = -1
config.Data.splitting = 'LumiBased'
config.Data.outputDatasetTag = '2pc_OO_SM_V0_corr_cent70to80_v1_IP25'
config.Data.inputDataset = '/IonPhysics25/bibehera-2pc_OO_V0_IP25-ca42279dfc2dce710b3991c24f27a617/USER'
config.section_('Site')
config.Site.storageSite = 'T3_CH_CERNBOX'
config.section_('User')
config.section_('Debug')

DEBUG 2026-03-23 09:50:58.518 UTC: 	 self.config.JobType.psetName: PbPb_2018_cfg.py
INFO 2026-03-23 09:50:58.518 UTC: 	 Importing CMSSW configuration PbPb_2018_cfg.py
INFO 2026-03-23 09:50:59.248 UTC: 	 Finished importing CMSSW configuration PbPb_2018_cfg.py
DEBUG 2026-03-23 09:50:59.248 UTC: 	 Writing CMSSW configuration to /eos/home-b/bibehera/OO_Simfit_eff/CMSSW_15_0_6_patch1/src/Analyzer/RaghuV0Ana/cfg/OO_Data_MINIAOD/crab_2pc_OO_SM_V0_corr_cent70to80_v1_IP25/inputs/PSet.py
DEBUG 2026-03-23 09:50:59.434 UTC: 	 The following EDM output files will be collected: []
DEBUG 2026-03-23 09:50:59.434 UTC: 	 The following TFile output files will be collected: ['V0_test_IM_newpT.root']
DEBUG 2026-03-23 09:50:59.434 UTC: 	 The following user output files (not listed as PoolOuputModule or TFileService in the CMSSW PSet) will be collected: 
DEBUG 2026-03-23 09:50:59.434 UTC: 	 Loading required information from the environment
DEBUG 2026-03-23 09:50:59.434 UTC: 	 Found CMSSW_15_0_6_patch1 for el8_amd64_gcc12 with base /eos/home-b/bibehera/OO_Simfit_eff/CMSSW_15_0_6_patch1
DEBUG 2026-03-23 09:50:59.434 UTC: 	 Making tarball in /eos/home-b/bibehera/OO_Simfit_eff/CMSSW_15_0_6_patch1/src/Analyzer/RaghuV0Ana/cfg/OO_Data_MINIAOD/crab_2pc_OO_SM_V0_corr_cent70to80_v1_IP25/inputs/e6067eb3-c751-4f54-a61e-65cd2c4b1988default.tgz
DEBUG 2026-03-23 09:50:59.443 UTC: 	 Checking directory /eos/home-b/bibehera/OO_Simfit_eff/CMSSW_15_0_6_patch1/bin
DEBUG 2026-03-23 09:50:59.444 UTC: 	 Adding directory /eos/home-b/bibehera/OO_Simfit_eff/CMSSW_15_0_6_patch1/bin to tarball
DEBUG 2026-03-23 09:50:59.447 UTC: 	 Checking directory /eos/home-b/bibehera/OO_Simfit_eff/CMSSW_15_0_6_patch1/python
DEBUG 2026-03-23 09:50:59.447 UTC: 	 Adding directory /eos/home-b/bibehera/OO_Simfit_eff/CMSSW_15_0_6_patch1/python to tarball
DEBUG 2026-03-23 09:50:59.489 UTC: 	 Checking directory /eos/home-b/bibehera/OO_Simfit_eff/CMSSW_15_0_6_patch1/cfipython
DEBUG 2026-03-23 09:50:59.489 UTC: 	 Adding directory /eos/home-b/bibehera/OO_Simfit_eff/CMSSW_15_0_6_patch1/cfipython to tarball
DEBUG 2026-03-23 09:50:59.596 UTC: 	 Checking directory /eos/home-b/bibehera/OO_Simfit_eff/CMSSW_15_0_6_patch1/lib
DEBUG 2026-03-23 09:50:59.596 UTC: 	 Adding directory /eos/home-b/bibehera/OO_Simfit_eff/CMSSW_15_0_6_patch1/lib to tarball
DEBUG 2026-03-23 09:50:59.779 UTC: 	 Checking directory /eos/home-b/bibehera/OO_Simfit_eff/CMSSW_15_0_6_patch1/biglib
DEBUG 2026-03-23 09:50:59.779 UTC: 	 Adding directory /eos/home-b/bibehera/OO_Simfit_eff/CMSSW_15_0_6_patch1/biglib to tarball
DEBUG 2026-03-23 09:50:59.781 UTC: 	 Checking directory /eos/home-b/bibehera/OO_Simfit_eff/CMSSW_15_0_6_patch1/module
DEBUG 2026-03-23 09:50:59.781 UTC: 	 Checking directory /eos/home-b/bibehera/OO_Simfit_eff/CMSSW_15_0_6_patch1/config/SCRAM/hooks
DEBUG 2026-03-23 09:50:59.781 UTC: 	 Adding directory /eos/home-b/bibehera/OO_Simfit_eff/CMSSW_15_0_6_patch1/config/SCRAM/hooks to tarball
DEBUG 2026-03-23 09:51:00.270 UTC: 	 Adding directory /eos/home-b/bibehera/OO_Simfit_eff/CMSSW_15_0_6_patch1/src/Analyzer/RaghuV0Ana/data to tarball
DEBUG 2026-03-23 09:51:00.775 UTC: 	 Adding directory /eos/home-b/bibehera/OO_Simfit_eff/CMSSW_15_0_6_patch1/src/Analyzer/RaghuV0Ana/interface to tarball
DEBUG 2026-03-23 09:51:00.780 UTC: 	 Adding directory /eos/home-b/bibehera/OO_Simfit_eff/CMSSW_15_0_6_patch1/src/Analyzer/RaghuV0Ana/python to tarball
DEBUG 2026-03-23 09:51:00.788 UTC: 	 Adding directory /eos/home-b/bibehera/OO_Simfit_eff/CMSSW_15_0_6_patch1/src/HeavyIonsAnalysis/Configuration/data to tarball
DEBUG 2026-03-23 09:51:01.102 UTC: 	 Adding directory /eos/home-b/bibehera/OO_Simfit_eff/CMSSW_15_0_6_patch1/src/HeavyIonsAnalysis/Configuration/python to tarball
DEBUG 2026-03-23 09:51:01.126 UTC: 	 Adding directory /eos/home-b/bibehera/OO_Simfit_eff/CMSSW_15_0_6_patch1/src/HeavyIonsAnalysis/EGMAnalysis/data to tarball
DEBUG 2026-03-23 09:51:01.131 UTC: 	 Adding directory /eos/home-b/bibehera/OO_Simfit_eff/CMSSW_15_0_6_patch1/src/HeavyIonsAnalysis/EGMAnalysis/interface to tarball
DEBUG 2026-03-23 09:51:01.138 UTC: 	 Adding directory /eos/home-b/bibehera/OO_Simfit_eff/CMSSW_15_0_6_patch1/src/HeavyIonsAnalysis/EGMAnalysis/python to tarball
DEBUG 2026-03-23 09:51:01.145 UTC: 	 Adding directory /eos/home-b/bibehera/OO_Simfit_eff/CMSSW_15_0_6_patch1/src/HeavyIonsAnalysis/EventAnalysis/python to tarball
DEBUG 2026-03-23 09:51:01.218 UTC: 	 Adding directory /eos/home-b/bibehera/OO_Simfit_eff/CMSSW_15_0_6_patch1/src/HeavyIonsAnalysis/JetAnalysis/interface to tarball
DEBUG 2026-03-23 09:51:01.222 UTC: 	 Adding directory /eos/home-b/bibehera/OO_Simfit_eff/CMSSW_15_0_6_patch1/src/HeavyIonsAnalysis/JetAnalysis/python to tarball
DEBUG 2026-03-23 09:51:01.251 UTC: 	 Adding directory /eos/home-b/bibehera/OO_Simfit_eff/CMSSW_15_0_6_patch1/src/HeavyIonsAnalysis/MuonAnalysis/interface to tarball
DEBUG 2026-03-23 09:51:01.254 UTC: 	 Adding directory /eos/home-b/bibehera/OO_Simfit_eff/CMSSW_15_0_6_patch1/src/HeavyIonsAnalysis/MuonAnalysis/python to tarball
DEBUG 2026-03-23 09:51:01.261 UTC: 	 Adding directory /eos/home-b/bibehera/OO_Simfit_eff/CMSSW_15_0_6_patch1/src/HeavyIonsAnalysis/TrackAnalysis/interface to tarball
DEBUG 2026-03-23 09:51:01.264 UTC: 	 Adding directory /eos/home-b/bibehera/OO_Simfit_eff/CMSSW_15_0_6_patch1/src/HeavyIonsAnalysis/TrackAnalysis/python to tarball
DEBUG 2026-03-23 09:51:01.277 UTC: 	 Adding directory /eos/home-b/bibehera/OO_Simfit_eff/CMSSW_15_0_6_patch1/src/HeavyIonsAnalysis/VertexAnalysis/python to tarball
DEBUG 2026-03-23 09:51:01.282 UTC: 	 Adding directory /eos/home-b/bibehera/OO_Simfit_eff/CMSSW_15_0_6_patch1/src/HeavyIonsAnalysis/ZDCAnalysis/python to tarball
DEBUG 2026-03-23 09:51:01.369 UTC: 	 Uploading archive /eos/home-b/bibehera/OO_Simfit_eff/CMSSW_15_0_6_patch1/src/Analyzer/RaghuV0Ana/cfg/OO_Data_MINIAOD/crab_2pc_OO_SM_V0_corr_cent70to80_v1_IP25/inputs/e6067eb3-c751-4f54-a61e-65cd2c4b1988default.tgz (4.675781.1 MB) to the CRAB cache.
DEBUG 2026-03-23 09:51:02.254 UTC: 	 Encoded data for curl request: subresource=upload&objecttype=sandbox&tarballname=b769163c4eb4335b2fca56794549dfe06680dca8609e8abd01769a65639158ed.tar.gz
DEBUG 2026-03-23 09:51:02.307 UTC: 	 sandbox b769163c4eb4335b2fca56794549dfe06680dca8609e8abd01769a65639158ed.tar.gz is already in the S3 store, will not upload again
DEBUG 2026-03-23 09:51:02.308 UTC: 	 Loading required information from the environment
DEBUG 2026-03-23 09:51:02.308 UTC: 	 Found CMSSW_15_0_6_patch1 for el8_amd64_gcc12 with base /eos/home-b/bibehera/OO_Simfit_eff/CMSSW_15_0_6_patch1
DEBUG 2026-03-23 09:51:02.308 UTC: 	 Making tarball in /eos/home-b/bibehera/OO_Simfit_eff/CMSSW_15_0_6_patch1/src/Analyzer/RaghuV0Ana/cfg/OO_Data_MINIAOD/crab_2pc_OO_SM_V0_corr_cent70to80_v1_IP25/inputs/debugFiles.tgz
DEBUG 2026-03-23 09:51:02.321 UTC: 	 Uploading archive /eos/home-b/bibehera/OO_Simfit_eff/CMSSW_15_0_6_patch1/src/Analyzer/RaghuV0Ana/cfg/OO_Data_MINIAOD/crab_2pc_OO_SM_V0_corr_cent70to80_v1_IP25/inputs/debugFiles.tgz (3 KB) to the CRAB cache.
DEBUG 2026-03-23 09:51:02.326 UTC: 	 Encoded data for curl request: subresource=upload&objecttype=sandbox&tarballname=40f39515b7ab84f47de7dc09dd54d63873550285e854f9efdc92a9a59d2bf149.tar.gz
DEBUG 2026-03-23 09:51:02.371 UTC: 	 Will execute:
curl -f -v -X POST  -H "User-Agent: CRAB" -F "key=bibehera/sandboxes/40f39515b7ab84f47de7dc09dd54d63873550285e854f9efdc92a9a59d2bf149.tar.gz" -F "AWSAccessKeyId=715203df6482458ba839e73e6dab634b" -F "policy=eyJleHBpcmF0aW9uIjogIjIwMjYtMDMtMjNUMTA6NTE6MDJaIiwgImNvbmRpdGlvbnMiOiBbeyJidWNrZXQiOiAiY3JhYmNhY2hlX3Byb2QifSwgeyJrZXkiOiAiYmliZWhlcmEvc2FuZGJveGVzLzQwZjM5NTE1YjdhYjg0ZjQ3ZGU3ZGMwOWRkNTRkNjM4NzM1NTAyODVlODU0ZjllZmRjOTJhOWE1OWQyYmYxNDkudGFyLmd6In1dfQ==" -F "signature=ZDQiD+RScTyvpEbqgoZ0+vyFB2Y=" -F "file=@/eos/home-b/bibehera/OO_Simfit_eff/CMSSW_15_0_6_patch1/src/Analyzer/RaghuV0Ana/cfg/OO_Data_MINIAOD/crab_2pc_OO_SM_V0_corr_cent70to80_v1_IP25/inputs/debugFiles.tgz" "https://s3.cern.ch/crabcache_prod"
DEBUG 2026-03-23 09:51:02.476 UTC: 	 exitcode: 0
stdout: b''
DEBUG 2026-03-23 09:51:02.476 UTC: 	 upload to S3 of sandbox /eos/home-b/bibehera/OO_Simfit_eff/CMSSW_15_0_6_patch1/src/Analyzer/RaghuV0Ana/cfg/OO_Data_MINIAOD/crab_2pc_OO_SM_V0_corr_cent70to80_v1_IP25/inputs/debugFiles.tgz completed
DEBUG 2026-03-23 09:51:02.476 UTC: 	 make sure that object is ready for retrieve
DEBUG 2026-03-23 09:51:03.477 UTC: 	 Encoded data for curl request: subresource=download&objecttype=sandbox&tarballname=40f39515b7ab84f47de7dc09dd54d63873550285e854f9efdc92a9a59d2bf149.tar.gz&clientmethod=head_object
DEBUG 2026-03-23 09:51:03.516 UTC: 	 PreSignedUrl to download sandbox received OK
DEBUG 2026-03-23 09:51:03.518 UTC: 	 Will execute:
 curl -v -s -f -o /dev/null --head  "https://s3.cern.ch/crabcache_prod/bibehera/sandboxes/40f39515b7ab84f47de7dc09dd54d63873550285e854f9efdc92a9a59d2bf149.tar.gz?AWSAccessKeyId=715203df6482458ba839e73e6dab634b&Signature=nP1oSpC%2FPqhl55cFuvm3N1OG2aw%3D&Expires=1774263063"
DEBUG 2026-03-23 09:51:03.541 UTC: 	 exitcode: 0
stdout: b''
DEBUG 2026-03-23 09:51:03.541 UTC: 	 sandbox /eos/home-b/bibehera/OO_Simfit_eff/CMSSW_15_0_6_patch1/src/Analyzer/RaghuV0Ana/cfg/OO_Data_MINIAOD/crab_2pc_OO_SM_V0_corr_cent70to80_v1_IP25/inputs/debugFiles.tgz successfully uploaded to S3
DEBUG 2026-03-23 09:51:03.541 UTC: 	 Result uploading input files: b769163c4eb4335b2fca56794549dfe06680dca8609e8abd01769a65639158ed.tar.gz 
DEBUG 2026-03-23 09:51:03.541 UTC: 	 Attaching lumi mask generated_json.json to the request
DEBUG 2026-03-23 09:51:03.542 UTC: 	 Reading lumi-mask from generated_json.json
DEBUG 2026-03-23 09:51:03.543 UTC: 	 submit() - self.configuration from WMCore.Configuration import Configuration
config = Configuration()
config.section_('General')
config.General.transferOutputs = True
config.General.workArea = 'OO_Data_MINIAOD'
config.General.transferLogs = True
config.General.requestName = '2pc_OO_SM_V0_corr_cent70to80_v1_IP25'
config.section_('JobType')
config.JobType.psetName = 'PbPb_2018_cfg.py'
config.JobType.pluginName = 'Analysis'
config.section_('Data')
config.Data.outLFNDirBase = '/store/user/bibehera/'
config.Data.inputDBS = 'phys03'
config.Data.secondaryInputDataset = '/IonPhysics25/OORun2025-PromptReco-v1/MINIAOD'
config.Data.unitsPerJob = 3
config.Data.lumiMask = 'generated_json.json'
config.Data.publication = False
config.Data.totalUnits = -1
config.Data.splitting = 'LumiBased'
config.Data.outputDatasetTag = '2pc_OO_SM_V0_corr_cent70to80_v1_IP25'
config.Data.inputDataset = '/IonPhysics25/bibehera-2pc_OO_V0_IP25-ca42279dfc2dce710b3991c24f27a617/USER'
config.section_('Site')
config.Site.storageSite = 'T3_CH_CERNBOX'
config.section_('User')
config.section_('Debug')

DEBUG 2026-03-23 09:51:03.543 UTC: 	 submit() - self.configreq {'dryrun': 0, 'workflow': 'crab_2pc_OO_SM_V0_corr_cent70to80_v1_IP25', 'saveoutput': 1, 'savelogsflag': 1, 'inputdata': '/IonPhysics25/bibehera-2pc_OO_V0_IP25-ca42279dfc2dce710b3991c24f27a617/USER', 'nonvaliddata': 0, 'userfiles': [], 'dbsurl': 'https://cmsweb.cern.ch/dbs/prod/phys03/DBSReader', 'useparent': 0, 'secondarydata': '/IonPhysics25/OORun2025-PromptReco-v1/MINIAOD', 'ignorelocality': 0, 'splitalgo': 'LumiBased', 'algoargs': 3, 'totalunits': -1, 'lfn': '/store/user/bibehera/', 'publication': 0, 'publishdbsurl': 'https://cmsweb.cern.ch/dbs/prod/phys03/DBSWriter', 'publishname2': '2pc_OO_SM_V0_corr_cent70to80_v1_IP25', 'jobtype': 'Analysis', 'generator': 'pythia', 'addoutputfiles': [], 'maxjobruntime': 1250, 'numcores': 1, 'maxmemory': 2000, 'priority': 10, 'nonprodsw': 0, 'asyncdest': 'T3_CH_CERNBOX', 'requireaccelerator': 0, 'oneEventMode': 0, 'extrajdl': [], 'ignoreglobalblacklist': 0, 'partialdataset': 0, 'inputblocks': []}
DEBUG 2026-03-23 09:51:03.543 UTC: 	 submit() - jobconfig {'addoutputfiles': [], 'tfileoutfiles': ['V0_test_IM_newpT.root'], 'edmoutfiles': [], 'jobarch': 'el8_amd64_gcc12', 'jobminuarch': 'x86-64-v3', 'jobsw': 'CMSSW_15_0_6_patch1', 'inputdata': '/IonPhysics25/bibehera-2pc_OO_V0_IP25-ca42279dfc2dce710b3991c24f27a617/USER', 'cachefilename': 'b769163c4eb4335b2fca56794549dfe06680dca8609e8abd01769a65639158ed.tar.gz', 'debugfilename': '40f39515b7ab84f47de7dc09dd54d63873550285e854f9efdc92a9a59d2bf149.tar.gz', 'runs': ['394153', '394154', '394169', '394175', '394183', '394184', '394185', '394186', '394187', '394188', '394189', '394204', '394209', '394217'], 'lumis': ['40,169', '1,886', '39,997', '47,988', '15,239', '1,667', '1,3', '1,15', '1,1', '1,107', '1,72', '38,932', '23,1209', '41,838'], 'jobtype': 'Analysis'}
INFO 2026-03-23 09:51:03.543 UTC: 	 Sending the request to the server at cmsweb.cern.ch
DEBUG 2026-03-23 09:51:03.544 UTC: 	 Submitting {'dryrun': 0, 'workflow': 'crab_2pc_OO_SM_V0_corr_cent70to80_v1_IP25', 'saveoutput': 1, 'savelogsflag': 1, 'inputdata': '/IonPhysics25/bibehera-2pc_OO_V0_IP25-ca42279dfc2dce710b3991c24f27a617/USER', 'nonvaliddata': 0, 'userfiles': [], 'dbsurl': 'https://cmsweb.cern.ch/dbs/prod/phys03/DBSReader', 'useparent': 0, 'secondarydata': '/IonPhysics25/OORun2025-PromptReco-v1/MINIAOD', 'ignorelocality': 0, 'splitalgo': 'LumiBased', 'algoargs': 3, 'totalunits': -1, 'lfn': '/store/user/bibehera/', 'publication': 0, 'publishdbsurl': 'https://cmsweb.cern.ch/dbs/prod/phys03/DBSWriter', 'publishname2': '2pc_OO_SM_V0_corr_cent70to80_v1_IP25', 'jobtype': 'Analysis', 'generator': 'pythia', 'addoutputfiles': [], 'maxjobruntime': 1250, 'numcores': 1, 'maxmemory': 2000, 'priority': 10, 'nonprodsw': 0, 'asyncdest': 'T3_CH_CERNBOX', 'requireaccelerator': 0, 'oneEventMode': 0, 'extrajdl': [], 'ignoreglobalblacklist': 0, 'partialdataset': 0, 'inputblocks': [], 'tfileoutfiles': ['V0_test_IM_newpT.root'], 'edmoutfiles': [], 'jobarch': 'el8_amd64_gcc12', 'jobminuarch': 'x86-64-v3', 'jobsw': 'CMSSW_15_0_6_patch1', 'cachefilename': 'b769163c4eb4335b2fca56794549dfe06680dca8609e8abd01769a65639158ed.tar.gz', 'debugfilename': '40f39515b7ab84f47de7dc09dd54d63873550285e854f9efdc92a9a59d2bf149.tar.gz', 'runs': ['394153', '394154', '394169', '394175', '394183', '394184', '394185', '394186', '394187', '394188', '394189', '394204', '394209', '394217'], 'lumis': ['40,169', '1,886', '39,997', '47,988', '15,239', '1,667', '1,3', '1,15', '1,1', '1,107', '1,72', '38,932', '23,1209', '41,838']} 
DEBUG 2026-03-23 09:51:03.544 UTC: 	 Encoded data for curl request: dryrun=0&workflow=crab_2pc_OO_SM_V0_corr_cent70to80_v1_IP25&saveoutput=1&savelogsflag=1&inputdata=%2FIonPhysics25%2Fbibehera-2pc_OO_V0_IP25-ca42279dfc2dce710b3991c24f27a617%2FUSER&nonvaliddata=0&dbsurl=https%3A%2F%2Fcmsweb.cern.ch%2Fdbs%2Fprod%2Fphys03%2FDBSReader&useparent=0&secondarydata=%2FIonPhysics25%2FOORun2025-PromptReco-v1%2FMINIAOD&ignorelocality=0&splitalgo=LumiBased&algoargs=3&totalunits=-1&lfn=%2Fstore%2Fuser%2Fbibehera%2F&publication=0&publishdbsurl=https%3A%2F%2Fcmsweb.cern.ch%2Fdbs%2Fprod%2Fphys03%2FDBSWriter&publishname2=2pc_OO_SM_V0_corr_cent70to80_v1_IP25&jobtype=Analysis&generator=pythia&maxjobruntime=1250&numcores=1&maxmemory=2000&priority=10&nonprodsw=0&asyncdest=T3_CH_CERNBOX&requireaccelerator=0&oneEventMode=0&ignoreglobalblacklist=0&partialdataset=0&jobarch=el8_amd64_gcc12&jobminuarch=x86-64-v3&jobsw=CMSSW_15_0_6_patch1&cachefilename=b769163c4eb4335b2fca56794549dfe06680dca8609e8abd01769a65639158ed.tar.gz&debugfilename=40f39515b7ab84f47de7dc09dd54d63873550285e854f9efdc92a9a59d2bf149.tar.gz&tfileoutfiles=V0_test_IM_newpT.root&runs=394153&runs=394154&runs=394169&runs=394175&runs=394183&runs=394184&runs=394185&runs=394186&runs=394187&runs=394188&runs=394189&runs=394204&runs=394209&runs=394217&lumis=40%2C169&lumis=1%2C886&lumis=39%2C997&lumis=47%2C988&lumis=15%2C239&lumis=1%2C667&lumis=1%2C3&lumis=1%2C15&lumis=1%2C1&lumis=1%2C107&lumis=1%2C72&lumis=38%2C932&lumis=23%2C1209&lumis=41%2C838
DEBUG 2026-03-23 09:51:03.598 UTC: 	 Result: {'result': [{'RequestName': '260323_095103:bibehera_crab_2pc_OO_SM_V0_corr_cent70to80_v1_IP25'}]}
INFO 2026-03-23 09:51:03.609 UTC: 	 Success: Your task has been delivered to the prod CRAB3 server.
INFO 2026-03-23 09:51:03.610 UTC: 	 Task name: 260323_095103:bibehera_crab_2pc_OO_SM_V0_corr_cent70to80_v1_IP25
INFO 2026-03-23 09:51:03.610 UTC: 	 Project dir: OO_Data_MINIAOD/crab_2pc_OO_SM_V0_corr_cent70to80_v1_IP25
INFO 2026-03-23 09:51:03.610 UTC: 	 Please use ' crab status -d OO_Data_MINIAOD/crab_2pc_OO_SM_V0_corr_cent70to80_v1_IP25 ' to check how the submission process proceeds.
DEBUG 2026-03-23 09:51:03.610 UTC: 	 About to return
INFO 2026-03-23 09:51:03.624 UTC: 	 Log file is /eos/home-b/bibehera/OO_Simfit_eff/CMSSW_15_0_6_patch1/src/Analyzer/RaghuV0Ana/cfg/OO_Data_MINIAOD/crab_2pc_OO_SM_V0_corr_cent70to80_v1_IP25/crab.log
