DEBUG 2025-09-01 22:17:07.256 UTC: 	 CRAB Client version: v3.250522
DEBUG 2025-09-01 22:17:07.256 UTC: 	 Running on: Linux lxplus965.cern.ch 5.14.0-570.28.1.el9_6.x86_64 #1 SMP PREEMPT_DYNAMIC Wed Jul 16 02:51:06 EDT 2025 x86_64 x86_64 x86_64 GNU/Linux
DEBUG 2025-09-01 22:17:07.256 UTC: 	 Not using Singularity
DEBUG 2025-09-01 22:17:07.256 UTC: 	 Operating System: Red Hat Enterprise Linux 9.6 (Plow)
DEBUG 2025-09-01 22:17:07.256 UTC: 	 Executing command: 'submit'
DEBUG 2025-09-01 22:17:07.256 UTC: 	 Found CRAB cache file /afs/cern.ch/user/b/bibehera/.crab3
INFO 2025-09-01 22:17:07.259 UTC: 	 Will use CRAB configuration file crab_config2.py
DEBUG 2025-09-01 22:17:07.259 UTC: 	 Loading CRAB configuration file.
DEBUG 2025-09-01 22:17:07.291 UTC: 	 Will use CRAB plugin ANALYSIS (i.e. will run an analysis job type).
DEBUG 2025-09-01 22:17:07.304 UTC: 	 Checking credentials
DEBUG 2025-09-01 22:17:07.304 UTC: 	 Found proxy file /tmp/x509up_u177753
DEBUG 2025-09-01 22:17:07.304 UTC: 	 Making sure it has proper VOMS extension
DEBUG 2025-09-01 22:17:07.304 UTC: 	 Executing command :
 voms-proxy-info --vo --file /tmp/x509up_u177753
DEBUG 2025-09-01 22:17:07.336 UTC: 	 output : cms

 error: 
 retcode : 0
DEBUG 2025-09-01 22:17:07.336 UTC: 	 Getting proxy life time left
DEBUG 2025-09-01 22:17:07.336 UTC: 	 Executing command :
 voms-proxy-info --actimeleft --timeleft --file /tmp/x509up_u177753
DEBUG 2025-09-01 22:17:07.364 UTC: 	 output : 23873
23873

 error: 
 retcode : 0
DEBUG 2025-09-01 22:17:07.364 UTC: 	 Proxy valid for 06:37:53 hours
DEBUG 2025-09-01 22:17:07.365 UTC: 	 Encoded data for curl request: subresource=delegatedn
DEBUG 2025-09-01 22:17:07.451 UTC: 	 Registering user credentials on myproxy for /DC=ch/DC=cern/OU=computers/CN=crab-(preprod|prod)-tw(01|02).cern.ch|/DC=ch/DC=cern/OU=computers/CN=crab-dev-tw(01|02|03|04).cern.ch|/DC=ch/DC=cern/OU=Organic Units/OU=Users/CN=cmscrab/CN=(817881|373708)/CN=Robot: cms crab|/DC=ch/DC=cern/OU=Organic Units/OU=Users/CN=crabint1/CN=373708/CN=Robot: CMS CRAB Integration 1
DEBUG 2025-09-01 22:17:07.451 UTC: 	 Executing command :
 voms-proxy-info --identity --file /tmp/x509up_u177753
DEBUG 2025-09-01 22:17:07.490 UTC: 	 output : /DC=ch/DC=cern/OU=Organic Units/OU=Users/CN=bibehera/CN=882295/CN=Bismita Behera

 error: 
 retcode : 0
DEBUG 2025-09-01 22:17:07.491 UTC: 	 Getting myproxy life time left for bfbdf12a5670e45fdd055ff115afbb0f25b8a072
DEBUG 2025-09-01 22:17:07.491 UTC: 	 Executing command :
 myproxy-info -s myproxy.cern.ch -l bfbdf12a5670e45fdd055ff115afbb0f25b8a072
DEBUG 2025-09-01 22:17:08.000 UTC: 	 output : username: bfbdf12a5670e45fdd055ff115afbb0f25b8a072
owner: /DC=ch/DC=cern/OU=Organic Units/OU=Users/CN=bibehera/CN=882295/CN=Bismita Behera
  renewal policy: /DC=ch/DC=cern/OU=computers/CN=crab-(preprod|prod)-tw(01|02).cern.ch|/DC=ch/DC=cern/OU=computers/CN=crab-dev-tw(01|02|03|04).cern.ch|/DC=ch/DC=cern/OU=Organic Units/OU=Users/CN=cmscrab/CN=(817881|373708)/CN=Robot: cms crab|/DC=ch/DC=cern/OU=Organic Units/OU=Users/CN=crabint1/CN=373708/CN=Robot: CMS CRAB Integration 1
  trusted retrieval policy: /DC=ch/DC=cern/OU=computers/CN=crab-(preprod|prod)-tw(01|02).cern.ch|/DC=ch/DC=cern/OU=computers/CN=crab-dev-tw(01|02|03|04).cern.ch|/DC=ch/DC=cern/OU=Organic Units/OU=Users/CN=cmscrab/CN=(817881|373708)/CN=Robot: cms crab|/DC=ch/DC=cern/OU=Organic Units/OU=Users/CN=crabint1/CN=373708/CN=Robot: CMS CRAB Integration 1
  timeleft: 574:04:00  (23.9 days)

 error: 
 retcode : 0
DEBUG 2025-09-01 22:17:08.000 UTC: 	 Myproxy is valid: 2066640
DEBUG 2025-09-01 22:17:08.000 UTC: 	 Result of myproxy credential check:
  Credential exists on myproxy: username: bfbdf12a5670e45fdd055ff115afbb0f25b8a072  - validity: 23 days, 22:04:00
DEBUG 2025-09-01 22:17:08.000 UTC: 	 Command use: submit
DEBUG 2025-09-01 22:17:08.000 UTC: 	 Options use: ['-c', 'crab_config2.py']
DEBUG 2025-09-01 22:17:08.001 UTC: 	 Encoded data for curl request: subresource=version
DEBUG 2025-09-01 22:17:08.056 UTC: 	 CRABClient version: v3.250522
DEBUG 2025-09-01 22:17:08.056 UTC: 	 Instance is prod
DEBUG 2025-09-01 22:17:08.056 UTC: 	 Server base url is cmsweb.cern.ch
DEBUG 2025-09-01 22:17:08.056 UTC: 	 Command api workflow
DEBUG 2025-09-01 22:17:08.056 UTC: 	 Started submission
DEBUG 2025-09-01 22:17:08.057 UTC: 	 Working on /eos/home-b/bibehera/OO_Simfit/CMSSW_15_0_6_patch1/src/Analyzer/RaghuV0Ana/cfg/OO_Data_MINIAOD/crab_2pc_OO_V0_invmass_IP55
DEBUG 2025-09-01 22:17:08.057 UTC: 	 Encoded data for curl request: subresource=backendurls
DEBUG 2025-09-01 22:17:08.139 UTC: 	 Loading required information from the environment
DEBUG 2025-09-01 22:17:08.140 UTC: 	 Found CMSSW_15_0_6_patch1 for el9_amd64_gcc12 with base /eos/home-b/bibehera/OO_Simfit/CMSSW_15_0_6_patch1
DEBUG 2025-09-01 22:17:08.140 UTC: 	 Loading required information from the environment
DEBUG 2025-09-01 22:17:08.140 UTC: 	 Found CMSSW_15_0_6_patch1 for el9_amd64_gcc12 with base /eos/home-b/bibehera/OO_Simfit/CMSSW_15_0_6_patch1
DEBUG 2025-09-01 22:17:08.140 UTC: 	 UNIQUE NAME: tarUUID c65e7ba2-9215-425b-a158-3ba1ae97f120 
DEBUG 2025-09-01 22:17:08.140 UTC: 	 self.config: from WMCore.Configuration import Configuration
config = Configuration()
config.section_('General')
config.General.requestName = '2pc_OO_V0_invmass_IP55'
config.General.transferLogs = True
config.General.transferOutputs = True
config.General.workArea = 'OO_Data_MINIAOD'
config.section_('JobType')
config.JobType.pluginName = 'Analysis'
config.JobType.psetName = 'PbPb_2018_cfg.py'
config.section_('Data')
config.Data.inputDataset = '/IonPhysics55/bibehera-2pc_OO_V0_IP0-6b0f3ea44d7735a15be74aa96b0380e8/USER'
config.Data.outputDatasetTag = '2pc_OO_V0_IP0'
config.Data.totalUnits = -1
config.Data.lumiMask = 'generated_json.json'
config.Data.outLFNDirBase = '/store/user/bibehera/'
config.Data.inputDBS = 'phys03'
config.Data.unitsPerJob = 3
config.Data.publication = False
config.Data.secondaryInputDataset = '/IonPhysics55/OORun2025-PromptReco-v1/MINIAOD'
config.Data.splitting = 'LumiBased'
config.section_('Site')
config.Site.storageSite = 'T3_CH_CERNBOX'
config.section_('User')
config.section_('Debug')

DEBUG 2025-09-01 22:17:08.140 UTC: 	 self.config.JobType.psetName: PbPb_2018_cfg.py
INFO 2025-09-01 22:17:08.140 UTC: 	 Importing CMSSW configuration PbPb_2018_cfg.py
INFO 2025-09-01 22:17:09.467 UTC: 	 Finished importing CMSSW configuration PbPb_2018_cfg.py
DEBUG 2025-09-01 22:17:09.467 UTC: 	 Writing CMSSW configuration to /eos/home-b/bibehera/OO_Simfit/CMSSW_15_0_6_patch1/src/Analyzer/RaghuV0Ana/cfg/OO_Data_MINIAOD/crab_2pc_OO_V0_invmass_IP55/inputs/PSet.py
DEBUG 2025-09-01 22:17:09.521 UTC: 	 The following EDM output files will be collected: []
DEBUG 2025-09-01 22:17:09.522 UTC: 	 The following TFile output files will be collected: ['V0_test_pt_invariantmass1.root']
DEBUG 2025-09-01 22:17:09.522 UTC: 	 The following user output files (not listed as PoolOuputModule or TFileService in the CMSSW PSet) will be collected: 
DEBUG 2025-09-01 22:17:09.522 UTC: 	 Loading required information from the environment
DEBUG 2025-09-01 22:17:09.522 UTC: 	 Found CMSSW_15_0_6_patch1 for el9_amd64_gcc12 with base /eos/home-b/bibehera/OO_Simfit/CMSSW_15_0_6_patch1
DEBUG 2025-09-01 22:17:09.522 UTC: 	 Making tarball in /eos/home-b/bibehera/OO_Simfit/CMSSW_15_0_6_patch1/src/Analyzer/RaghuV0Ana/cfg/OO_Data_MINIAOD/crab_2pc_OO_V0_invmass_IP55/inputs/c65e7ba2-9215-425b-a158-3ba1ae97f120default.tgz
DEBUG 2025-09-01 22:17:09.524 UTC: 	 Checking directory /eos/home-b/bibehera/OO_Simfit/CMSSW_15_0_6_patch1/bin
DEBUG 2025-09-01 22:17:09.524 UTC: 	 Adding directory /eos/home-b/bibehera/OO_Simfit/CMSSW_15_0_6_patch1/bin to tarball
DEBUG 2025-09-01 22:17:09.536 UTC: 	 Checking directory /eos/home-b/bibehera/OO_Simfit/CMSSW_15_0_6_patch1/python
DEBUG 2025-09-01 22:17:09.536 UTC: 	 Adding directory /eos/home-b/bibehera/OO_Simfit/CMSSW_15_0_6_patch1/python to tarball
DEBUG 2025-09-01 22:17:09.683 UTC: 	 Checking directory /eos/home-b/bibehera/OO_Simfit/CMSSW_15_0_6_patch1/cfipython
DEBUG 2025-09-01 22:17:09.683 UTC: 	 Adding directory /eos/home-b/bibehera/OO_Simfit/CMSSW_15_0_6_patch1/cfipython to tarball
DEBUG 2025-09-01 22:17:10.035 UTC: 	 Checking directory /eos/home-b/bibehera/OO_Simfit/CMSSW_15_0_6_patch1/lib
DEBUG 2025-09-01 22:17:10.035 UTC: 	 Adding directory /eos/home-b/bibehera/OO_Simfit/CMSSW_15_0_6_patch1/lib to tarball
DEBUG 2025-09-01 22:17:10.324 UTC: 	 Checking directory /eos/home-b/bibehera/OO_Simfit/CMSSW_15_0_6_patch1/biglib
DEBUG 2025-09-01 22:17:10.324 UTC: 	 Adding directory /eos/home-b/bibehera/OO_Simfit/CMSSW_15_0_6_patch1/biglib to tarball
DEBUG 2025-09-01 22:17:10.331 UTC: 	 Checking directory /eos/home-b/bibehera/OO_Simfit/CMSSW_15_0_6_patch1/module
DEBUG 2025-09-01 22:17:10.332 UTC: 	 Checking directory /eos/home-b/bibehera/OO_Simfit/CMSSW_15_0_6_patch1/config/SCRAM/hooks
DEBUG 2025-09-01 22:17:10.332 UTC: 	 Adding directory /eos/home-b/bibehera/OO_Simfit/CMSSW_15_0_6_patch1/config/SCRAM/hooks to tarball
DEBUG 2025-09-01 22:17:10.644 UTC: 	 Adding directory /eos/home-b/bibehera/OO_Simfit/CMSSW_15_0_6_patch1/src/Analyzer/RaghuV0Ana/data to tarball
DEBUG 2025-09-01 22:17:11.152 UTC: 	 Adding directory /eos/home-b/bibehera/OO_Simfit/CMSSW_15_0_6_patch1/src/Analyzer/RaghuV0Ana/interface to tarball
DEBUG 2025-09-01 22:17:11.166 UTC: 	 Adding directory /eos/home-b/bibehera/OO_Simfit/CMSSW_15_0_6_patch1/src/Analyzer/RaghuV0Ana/python to tarball
DEBUG 2025-09-01 22:17:11.198 UTC: 	 Adding directory /eos/home-b/bibehera/OO_Simfit/CMSSW_15_0_6_patch1/src/HeavyIonsAnalysis/Configuration/data to tarball
DEBUG 2025-09-01 22:17:11.561 UTC: 	 Adding directory /eos/home-b/bibehera/OO_Simfit/CMSSW_15_0_6_patch1/src/HeavyIonsAnalysis/Configuration/python to tarball
DEBUG 2025-09-01 22:17:11.618 UTC: 	 Adding directory /eos/home-b/bibehera/OO_Simfit/CMSSW_15_0_6_patch1/src/HeavyIonsAnalysis/EGMAnalysis/data to tarball
DEBUG 2025-09-01 22:17:11.634 UTC: 	 Adding directory /eos/home-b/bibehera/OO_Simfit/CMSSW_15_0_6_patch1/src/HeavyIonsAnalysis/EGMAnalysis/interface to tarball
DEBUG 2025-09-01 22:17:11.642 UTC: 	 Adding directory /eos/home-b/bibehera/OO_Simfit/CMSSW_15_0_6_patch1/src/HeavyIonsAnalysis/EGMAnalysis/python to tarball
DEBUG 2025-09-01 22:17:11.661 UTC: 	 Adding directory /eos/home-b/bibehera/OO_Simfit/CMSSW_15_0_6_patch1/src/HeavyIonsAnalysis/EventAnalysis/python to tarball
DEBUG 2025-09-01 22:17:11.791 UTC: 	 Adding directory /eos/home-b/bibehera/OO_Simfit/CMSSW_15_0_6_patch1/src/HeavyIonsAnalysis/JetAnalysis/interface to tarball
DEBUG 2025-09-01 22:17:11.800 UTC: 	 Adding directory /eos/home-b/bibehera/OO_Simfit/CMSSW_15_0_6_patch1/src/HeavyIonsAnalysis/JetAnalysis/python to tarball
DEBUG 2025-09-01 22:17:11.873 UTC: 	 Adding directory /eos/home-b/bibehera/OO_Simfit/CMSSW_15_0_6_patch1/src/HeavyIonsAnalysis/MuonAnalysis/interface to tarball
DEBUG 2025-09-01 22:17:11.882 UTC: 	 Adding directory /eos/home-b/bibehera/OO_Simfit/CMSSW_15_0_6_patch1/src/HeavyIonsAnalysis/MuonAnalysis/python to tarball
DEBUG 2025-09-01 22:17:11.904 UTC: 	 Adding directory /eos/home-b/bibehera/OO_Simfit/CMSSW_15_0_6_patch1/src/HeavyIonsAnalysis/TrackAnalysis/interface to tarball
DEBUG 2025-09-01 22:17:11.911 UTC: 	 Adding directory /eos/home-b/bibehera/OO_Simfit/CMSSW_15_0_6_patch1/src/HeavyIonsAnalysis/TrackAnalysis/python to tarball
DEBUG 2025-09-01 22:17:12.002 UTC: 	 Adding directory /eos/home-b/bibehera/OO_Simfit/CMSSW_15_0_6_patch1/src/HeavyIonsAnalysis/VertexAnalysis/python to tarball
DEBUG 2025-09-01 22:17:12.031 UTC: 	 Adding directory /eos/home-b/bibehera/OO_Simfit/CMSSW_15_0_6_patch1/src/HeavyIonsAnalysis/ZDCAnalysis/python to tarball
DEBUG 2025-09-01 22:17:12.114 UTC: 	 Uploading archive /eos/home-b/bibehera/OO_Simfit/CMSSW_15_0_6_patch1/src/Analyzer/RaghuV0Ana/cfg/OO_Data_MINIAOD/crab_2pc_OO_V0_invmass_IP55/inputs/c65e7ba2-9215-425b-a158-3ba1ae97f120default.tgz (3.182617.1 MB) to the CRAB cache. Using URI https://cmsweb.cern.ch/S3/crabcache_prod
DEBUG 2025-09-01 22:17:12.943 UTC: 	 Encoded data for curl request: subresource=upload&objecttype=sandbox&tarballname=7d44b9c089608ee09c18abb8e6875206f75035c90ffac372516bf1959ca6e521.tar.gz
DEBUG 2025-09-01 22:17:13.019 UTC: 	 Will execute:
curl -f -v -X POST  -H "User-Agent: CRAB" -F "key=bibehera/sandboxes/7d44b9c089608ee09c18abb8e6875206f75035c90ffac372516bf1959ca6e521.tar.gz" -F "AWSAccessKeyId=715203df6482458ba839e73e6dab634b" -F "policy=eyJleHBpcmF0aW9uIjogIjIwMjUtMDktMDFUMjM6MTc6MTNaIiwgImNvbmRpdGlvbnMiOiBbeyJidWNrZXQiOiAiY3JhYmNhY2hlX3Byb2QifSwgeyJrZXkiOiAiYmliZWhlcmEvc2FuZGJveGVzLzdkNDRiOWMwODk2MDhlZTA5YzE4YWJiOGU2ODc1MjA2Zjc1MDM1YzkwZmZhYzM3MjUxNmJmMTk1OWNhNmU1MjEudGFyLmd6In1dfQ==" -F "signature=OkWfkJtys7WWRKqS/hWcR/zhUK8=" -F "file=@/eos/home-b/bibehera/OO_Simfit/CMSSW_15_0_6_patch1/src/Analyzer/RaghuV0Ana/cfg/OO_Data_MINIAOD/crab_2pc_OO_V0_invmass_IP55/inputs/c65e7ba2-9215-425b-a158-3ba1ae97f120default.tgz" "https://s3.cern.ch/crabcache_prod"
DEBUG 2025-09-01 22:17:14.138 UTC: 	 exitcode: 0
stdout: b''
DEBUG 2025-09-01 22:17:14.138 UTC: 	 upload to S3 of sandbox /eos/home-b/bibehera/OO_Simfit/CMSSW_15_0_6_patch1/src/Analyzer/RaghuV0Ana/cfg/OO_Data_MINIAOD/crab_2pc_OO_V0_invmass_IP55/inputs/c65e7ba2-9215-425b-a158-3ba1ae97f120default.tgz completed
DEBUG 2025-09-01 22:17:14.138 UTC: 	 make sure that object is ready for retrieve
DEBUG 2025-09-01 22:17:15.140 UTC: 	 Encoded data for curl request: subresource=download&objecttype=sandbox&tarballname=7d44b9c089608ee09c18abb8e6875206f75035c90ffac372516bf1959ca6e521.tar.gz&clientmethod=head_object
DEBUG 2025-09-01 22:17:15.190 UTC: 	 PreSignedUrl to download sandbox received OK
DEBUG 2025-09-01 22:17:15.193 UTC: 	 Will execute:
 curl -v -s -f -o /dev/null --head  "https://s3.cern.ch/crabcache_prod/bibehera/sandboxes/7d44b9c089608ee09c18abb8e6875206f75035c90ffac372516bf1959ca6e521.tar.gz?AWSAccessKeyId=715203df6482458ba839e73e6dab634b&Signature=vOnaNqvyBY6kKGjFpusZkJDB0r8%3D&Expires=1756768635"
DEBUG 2025-09-01 22:17:15.230 UTC: 	 exitcode: 0
stdout: b''
DEBUG 2025-09-01 22:17:15.230 UTC: 	 sandbox /eos/home-b/bibehera/OO_Simfit/CMSSW_15_0_6_patch1/src/Analyzer/RaghuV0Ana/cfg/OO_Data_MINIAOD/crab_2pc_OO_V0_invmass_IP55/inputs/c65e7ba2-9215-425b-a158-3ba1ae97f120default.tgz successfully uploaded to S3
DEBUG 2025-09-01 22:17:15.230 UTC: 	 Loading required information from the environment
DEBUG 2025-09-01 22:17:15.230 UTC: 	 Found CMSSW_15_0_6_patch1 for el9_amd64_gcc12 with base /eos/home-b/bibehera/OO_Simfit/CMSSW_15_0_6_patch1
DEBUG 2025-09-01 22:17:15.230 UTC: 	 Making tarball in /eos/home-b/bibehera/OO_Simfit/CMSSW_15_0_6_patch1/src/Analyzer/RaghuV0Ana/cfg/OO_Data_MINIAOD/crab_2pc_OO_V0_invmass_IP55/inputs/debugFiles.tgz
DEBUG 2025-09-01 22:17:15.241 UTC: 	 Uploading archive /eos/home-b/bibehera/OO_Simfit/CMSSW_15_0_6_patch1/src/Analyzer/RaghuV0Ana/cfg/OO_Data_MINIAOD/crab_2pc_OO_V0_invmass_IP55/inputs/debugFiles.tgz (3 KB) to the CRAB cache. Using URI https://cmsweb.cern.ch/S3/crabcache_prod
DEBUG 2025-09-01 22:17:15.337 UTC: 	 Encoded data for curl request: subresource=upload&objecttype=sandbox&tarballname=6218c59462c4785c11e76fbddddddc72061eb1925275b8ff0d1c803b6a41d229.tar.gz
DEBUG 2025-09-01 22:17:15.393 UTC: 	 Will execute:
curl -f -v -X POST  -H "User-Agent: CRAB" -F "key=bibehera/sandboxes/6218c59462c4785c11e76fbddddddc72061eb1925275b8ff0d1c803b6a41d229.tar.gz" -F "AWSAccessKeyId=715203df6482458ba839e73e6dab634b" -F "policy=eyJleHBpcmF0aW9uIjogIjIwMjUtMDktMDFUMjM6MTc6MTVaIiwgImNvbmRpdGlvbnMiOiBbeyJidWNrZXQiOiAiY3JhYmNhY2hlX3Byb2QifSwgeyJrZXkiOiAiYmliZWhlcmEvc2FuZGJveGVzLzYyMThjNTk0NjJjNDc4NWMxMWU3NmZiZGRkZGRkYzcyMDYxZWIxOTI1Mjc1YjhmZjBkMWM4MDNiNmE0MWQyMjkudGFyLmd6In1dfQ==" -F "signature=wmfWYfnDiU2Ovz+pK1yq+6/okAs=" -F "file=@/eos/home-b/bibehera/OO_Simfit/CMSSW_15_0_6_patch1/src/Analyzer/RaghuV0Ana/cfg/OO_Data_MINIAOD/crab_2pc_OO_V0_invmass_IP55/inputs/debugFiles.tgz" "https://s3.cern.ch/crabcache_prod"
DEBUG 2025-09-01 22:17:15.443 UTC: 	 exitcode: 0
stdout: b''
DEBUG 2025-09-01 22:17:15.443 UTC: 	 upload to S3 of sandbox /eos/home-b/bibehera/OO_Simfit/CMSSW_15_0_6_patch1/src/Analyzer/RaghuV0Ana/cfg/OO_Data_MINIAOD/crab_2pc_OO_V0_invmass_IP55/inputs/debugFiles.tgz completed
DEBUG 2025-09-01 22:17:15.443 UTC: 	 make sure that object is ready for retrieve
DEBUG 2025-09-01 22:17:16.444 UTC: 	 Encoded data for curl request: subresource=download&objecttype=sandbox&tarballname=6218c59462c4785c11e76fbddddddc72061eb1925275b8ff0d1c803b6a41d229.tar.gz&clientmethod=head_object
DEBUG 2025-09-01 22:17:16.511 UTC: 	 PreSignedUrl to download sandbox received OK
DEBUG 2025-09-01 22:17:16.514 UTC: 	 Will execute:
 curl -v -s -f -o /dev/null --head  "https://s3.cern.ch/crabcache_prod/bibehera/sandboxes/6218c59462c4785c11e76fbddddddc72061eb1925275b8ff0d1c803b6a41d229.tar.gz?AWSAccessKeyId=715203df6482458ba839e73e6dab634b&Signature=3JSjahi%2F4PAPa3AThYj6LU91lqs%3D&Expires=1756768636"
DEBUG 2025-09-01 22:17:16.552 UTC: 	 exitcode: 0
stdout: b''
DEBUG 2025-09-01 22:17:16.552 UTC: 	 sandbox /eos/home-b/bibehera/OO_Simfit/CMSSW_15_0_6_patch1/src/Analyzer/RaghuV0Ana/cfg/OO_Data_MINIAOD/crab_2pc_OO_V0_invmass_IP55/inputs/debugFiles.tgz successfully uploaded to S3
DEBUG 2025-09-01 22:17:16.552 UTC: 	 Result uploading input files: 7d44b9c089608ee09c18abb8e6875206f75035c90ffac372516bf1959ca6e521.tar.gz 
DEBUG 2025-09-01 22:17:16.552 UTC: 	 Attaching lumi mask generated_json.json to the request
DEBUG 2025-09-01 22:17:16.552 UTC: 	 Reading lumi-mask from generated_json.json
DEBUG 2025-09-01 22:17:16.554 UTC: 	 submit() - self.configuration from WMCore.Configuration import Configuration
config = Configuration()
config.section_('General')
config.General.requestName = '2pc_OO_V0_invmass_IP55'
config.General.transferLogs = True
config.General.transferOutputs = True
config.General.workArea = 'OO_Data_MINIAOD'
config.section_('JobType')
config.JobType.pluginName = 'Analysis'
config.JobType.psetName = 'PbPb_2018_cfg.py'
config.section_('Data')
config.Data.inputDataset = '/IonPhysics55/bibehera-2pc_OO_V0_IP0-6b0f3ea44d7735a15be74aa96b0380e8/USER'
config.Data.outputDatasetTag = '2pc_OO_V0_IP0'
config.Data.totalUnits = -1
config.Data.lumiMask = 'generated_json.json'
config.Data.outLFNDirBase = '/store/user/bibehera/'
config.Data.inputDBS = 'phys03'
config.Data.unitsPerJob = 3
config.Data.publication = False
config.Data.secondaryInputDataset = '/IonPhysics55/OORun2025-PromptReco-v1/MINIAOD'
config.Data.splitting = 'LumiBased'
config.section_('Site')
config.Site.storageSite = 'T3_CH_CERNBOX'
config.section_('User')
config.section_('Debug')

DEBUG 2025-09-01 22:17:16.554 UTC: 	 submit() - self.configreq {'dryrun': 0, 'workflow': 'crab_2pc_OO_V0_invmass_IP55', 'saveoutput': 1, 'savelogsflag': 1, 'inputdata': '/IonPhysics55/bibehera-2pc_OO_V0_IP0-6b0f3ea44d7735a15be74aa96b0380e8/USER', 'nonvaliddata': 0, 'userfiles': [], 'dbsurl': 'https://cmsweb.cern.ch/dbs/prod/phys03/DBSReader', 'useparent': 0, 'secondarydata': '/IonPhysics55/OORun2025-PromptReco-v1/MINIAOD', 'ignorelocality': 0, 'splitalgo': 'LumiBased', 'algoargs': 3, 'totalunits': -1, 'lfn': '/store/user/bibehera/', 'publication': 0, 'publishdbsurl': 'https://cmsweb.cern.ch/dbs/prod/phys03/DBSWriter', 'publishname2': '2pc_OO_V0_IP0', 'jobtype': 'Analysis', 'generator': 'pythia', 'addoutputfiles': [], 'maxjobruntime': 1250, 'numcores': 1, 'maxmemory': 2000, 'priority': 10, 'nonprodsw': 0, 'asyncdest': 'T3_CH_CERNBOX', 'requireaccelerator': 0, 'oneEventMode': 0, 'extrajdl': [], 'ignoreglobalblacklist': 0, 'partialdataset': 0, 'inputblocks': []}
DEBUG 2025-09-01 22:17:16.554 UTC: 	 submit() - jobconfig {'addoutputfiles': [], 'tfileoutfiles': ['V0_test_pt_invariantmass1.root'], 'edmoutfiles': [], 'jobarch': 'el9_amd64_gcc12', 'jobminuarch': 'x86-64-v3', 'jobsw': 'CMSSW_15_0_6_patch1', 'inputdata': '/IonPhysics55/bibehera-2pc_OO_V0_IP0-6b0f3ea44d7735a15be74aa96b0380e8/USER', 'cacheurl': 'https://cmsweb.cern.ch/S3/crabcache_prod', 'cachefilename': '7d44b9c089608ee09c18abb8e6875206f75035c90ffac372516bf1959ca6e521.tar.gz', 'debugfilename': '6218c59462c4785c11e76fbddddddc72061eb1925275b8ff0d1c803b6a41d229.tar.gz', 'runs': ['394153', '394154', '394169', '394175', '394183', '394184', '394185', '394186', '394187', '394188', '394189', '394204', '394209', '394217'], 'lumis': ['40,169', '1,886', '39,997', '47,988', '15,239', '1,667', '1,3', '1,15', '1,1', '1,107', '1,72', '38,932', '23,1209', '41,838'], 'jobtype': 'Analysis'}
INFO 2025-09-01 22:17:16.554 UTC: 	 Sending the request to the server at cmsweb.cern.ch
DEBUG 2025-09-01 22:17:16.554 UTC: 	 Submitting {'dryrun': 0, 'workflow': 'crab_2pc_OO_V0_invmass_IP55', 'saveoutput': 1, 'savelogsflag': 1, 'inputdata': '/IonPhysics55/bibehera-2pc_OO_V0_IP0-6b0f3ea44d7735a15be74aa96b0380e8/USER', 'nonvaliddata': 0, 'userfiles': [], 'dbsurl': 'https://cmsweb.cern.ch/dbs/prod/phys03/DBSReader', 'useparent': 0, 'secondarydata': '/IonPhysics55/OORun2025-PromptReco-v1/MINIAOD', 'ignorelocality': 0, 'splitalgo': 'LumiBased', 'algoargs': 3, 'totalunits': -1, 'lfn': '/store/user/bibehera/', 'publication': 0, 'publishdbsurl': 'https://cmsweb.cern.ch/dbs/prod/phys03/DBSWriter', 'publishname2': '2pc_OO_V0_IP0', 'jobtype': 'Analysis', 'generator': 'pythia', 'addoutputfiles': [], 'maxjobruntime': 1250, 'numcores': 1, 'maxmemory': 2000, 'priority': 10, 'nonprodsw': 0, 'asyncdest': 'T3_CH_CERNBOX', 'requireaccelerator': 0, 'oneEventMode': 0, 'extrajdl': [], 'ignoreglobalblacklist': 0, 'partialdataset': 0, 'inputblocks': [], 'tfileoutfiles': ['V0_test_pt_invariantmass1.root'], 'edmoutfiles': [], 'jobarch': 'el9_amd64_gcc12', 'jobminuarch': 'x86-64-v3', 'jobsw': 'CMSSW_15_0_6_patch1', 'cacheurl': 'https://cmsweb.cern.ch/S3/crabcache_prod', 'cachefilename': '7d44b9c089608ee09c18abb8e6875206f75035c90ffac372516bf1959ca6e521.tar.gz', 'debugfilename': '6218c59462c4785c11e76fbddddddc72061eb1925275b8ff0d1c803b6a41d229.tar.gz', 'runs': ['394153', '394154', '394169', '394175', '394183', '394184', '394185', '394186', '394187', '394188', '394189', '394204', '394209', '394217'], 'lumis': ['40,169', '1,886', '39,997', '47,988', '15,239', '1,667', '1,3', '1,15', '1,1', '1,107', '1,72', '38,932', '23,1209', '41,838']} 
DEBUG 2025-09-01 22:17:16.555 UTC: 	 Encoded data for curl request: dryrun=0&workflow=crab_2pc_OO_V0_invmass_IP55&saveoutput=1&savelogsflag=1&inputdata=%2FIonPhysics55%2Fbibehera-2pc_OO_V0_IP0-6b0f3ea44d7735a15be74aa96b0380e8%2FUSER&nonvaliddata=0&dbsurl=https%3A%2F%2Fcmsweb.cern.ch%2Fdbs%2Fprod%2Fphys03%2FDBSReader&useparent=0&secondarydata=%2FIonPhysics55%2FOORun2025-PromptReco-v1%2FMINIAOD&ignorelocality=0&splitalgo=LumiBased&algoargs=3&totalunits=-1&lfn=%2Fstore%2Fuser%2Fbibehera%2F&publication=0&publishdbsurl=https%3A%2F%2Fcmsweb.cern.ch%2Fdbs%2Fprod%2Fphys03%2FDBSWriter&publishname2=2pc_OO_V0_IP0&jobtype=Analysis&generator=pythia&maxjobruntime=1250&numcores=1&maxmemory=2000&priority=10&nonprodsw=0&asyncdest=T3_CH_CERNBOX&requireaccelerator=0&oneEventMode=0&ignoreglobalblacklist=0&partialdataset=0&jobarch=el9_amd64_gcc12&jobminuarch=x86-64-v3&jobsw=CMSSW_15_0_6_patch1&cacheurl=https%3A%2F%2Fcmsweb.cern.ch%2FS3%2Fcrabcache_prod&cachefilename=7d44b9c089608ee09c18abb8e6875206f75035c90ffac372516bf1959ca6e521.tar.gz&debugfilename=6218c59462c4785c11e76fbddddddc72061eb1925275b8ff0d1c803b6a41d229.tar.gz&tfileoutfiles=V0_test_pt_invariantmass1.root&runs=394153&runs=394154&runs=394169&runs=394175&runs=394183&runs=394184&runs=394185&runs=394186&runs=394187&runs=394188&runs=394189&runs=394204&runs=394209&runs=394217&lumis=40%2C169&lumis=1%2C886&lumis=39%2C997&lumis=47%2C988&lumis=15%2C239&lumis=1%2C667&lumis=1%2C3&lumis=1%2C15&lumis=1%2C1&lumis=1%2C107&lumis=1%2C72&lumis=38%2C932&lumis=23%2C1209&lumis=41%2C838
DEBUG 2025-09-01 22:17:16.908 UTC: 	 Result: {'result': [{'RequestName': '250901_221716:bibehera_crab_2pc_OO_V0_invmass_IP55'}]}
INFO 2025-09-01 22:17:16.916 UTC: 	 Success: Your task has been delivered to the prod CRAB3 server.
INFO 2025-09-01 22:17:16.916 UTC: 	 Task name: 250901_221716:bibehera_crab_2pc_OO_V0_invmass_IP55
INFO 2025-09-01 22:17:16.916 UTC: 	 Project dir: OO_Data_MINIAOD/crab_2pc_OO_V0_invmass_IP55
INFO 2025-09-01 22:17:16.916 UTC: 	 Please use ' crab status -d OO_Data_MINIAOD/crab_2pc_OO_V0_invmass_IP55 ' to check how the submission process proceeds.
DEBUG 2025-09-01 22:17:16.916 UTC: 	 About to return
INFO 2025-09-01 22:17:16.946 UTC: 	 Log file is /eos/home-b/bibehera/OO_Simfit/CMSSW_15_0_6_patch1/src/Analyzer/RaghuV0Ana/cfg/OO_Data_MINIAOD/crab_2pc_OO_V0_invmass_IP55/crab.log
DEBUG 2025-09-01 22:38:29.433 UTC: 	 CRAB Client version: v3.250522
DEBUG 2025-09-01 22:38:29.433 UTC: 	 Running on: Linux lxplus965.cern.ch 5.14.0-570.28.1.el9_6.x86_64 #1 SMP PREEMPT_DYNAMIC Wed Jul 16 02:51:06 EDT 2025 x86_64 x86_64 x86_64 GNU/Linux
DEBUG 2025-09-01 22:38:29.433 UTC: 	 Not using Singularity
DEBUG 2025-09-01 22:38:29.433 UTC: 	 Operating System: Red Hat Enterprise Linux 9.6 (Plow)
DEBUG 2025-09-01 22:38:29.433 UTC: 	 Executing command: 'kill'
DEBUG 2025-09-01 22:38:29.434 UTC: 	 Found CRAB cache file /afs/cern.ch/user/b/bibehera/.crab3
DEBUG 2025-09-01 22:38:29.443 UTC: 	 Checking credentials
DEBUG 2025-09-01 22:38:29.443 UTC: 	 Found proxy file /tmp/x509up_u177753
DEBUG 2025-09-01 22:38:29.443 UTC: 	 Making sure it has proper VOMS extension
DEBUG 2025-09-01 22:38:29.443 UTC: 	 Executing command :
 voms-proxy-info --vo --file /tmp/x509up_u177753
DEBUG 2025-09-01 22:38:29.470 UTC: 	 output : cms

 error: 
 retcode : 0
DEBUG 2025-09-01 22:38:29.470 UTC: 	 Getting proxy life time left
DEBUG 2025-09-01 22:38:29.470 UTC: 	 Executing command :
 voms-proxy-info --actimeleft --timeleft --file /tmp/x509up_u177753
DEBUG 2025-09-01 22:38:29.504 UTC: 	 output : 22591
22591

 error: 
 retcode : 0
DEBUG 2025-09-01 22:38:29.504 UTC: 	 Proxy valid for 06:16:31 hours
DEBUG 2025-09-01 22:38:29.505 UTC: 	 Encoded data for curl request: subresource=delegatedn
DEBUG 2025-09-01 22:38:29.562 UTC: 	 Registering user credentials on myproxy for /DC=ch/DC=cern/OU=computers/CN=crab-(preprod|prod)-tw(01|02).cern.ch|/DC=ch/DC=cern/OU=computers/CN=crab-dev-tw(01|02|03|04).cern.ch|/DC=ch/DC=cern/OU=Organic Units/OU=Users/CN=cmscrab/CN=(817881|373708)/CN=Robot: cms crab|/DC=ch/DC=cern/OU=Organic Units/OU=Users/CN=crabint1/CN=373708/CN=Robot: CMS CRAB Integration 1
DEBUG 2025-09-01 22:38:29.562 UTC: 	 Executing command :
 voms-proxy-info --identity --file /tmp/x509up_u177753
DEBUG 2025-09-01 22:38:29.594 UTC: 	 output : /DC=ch/DC=cern/OU=Organic Units/OU=Users/CN=bibehera/CN=882295/CN=Bismita Behera

 error: 
 retcode : 0
DEBUG 2025-09-01 22:38:29.595 UTC: 	 Getting myproxy life time left for bfbdf12a5670e45fdd055ff115afbb0f25b8a072
DEBUG 2025-09-01 22:38:29.595 UTC: 	 Executing command :
 myproxy-info -s myproxy.cern.ch -l bfbdf12a5670e45fdd055ff115afbb0f25b8a072
DEBUG 2025-09-01 22:38:29.885 UTC: 	 output : username: bfbdf12a5670e45fdd055ff115afbb0f25b8a072
owner: /DC=ch/DC=cern/OU=Organic Units/OU=Users/CN=bibehera/CN=882295/CN=Bismita Behera
  renewal policy: /DC=ch/DC=cern/OU=computers/CN=crab-(preprod|prod)-tw(01|02).cern.ch|/DC=ch/DC=cern/OU=computers/CN=crab-dev-tw(01|02|03|04).cern.ch|/DC=ch/DC=cern/OU=Organic Units/OU=Users/CN=cmscrab/CN=(817881|373708)/CN=Robot: cms crab|/DC=ch/DC=cern/OU=Organic Units/OU=Users/CN=crabint1/CN=373708/CN=Robot: CMS CRAB Integration 1
  trusted retrieval policy: /DC=ch/DC=cern/OU=computers/CN=crab-(preprod|prod)-tw(01|02).cern.ch|/DC=ch/DC=cern/OU=computers/CN=crab-dev-tw(01|02|03|04).cern.ch|/DC=ch/DC=cern/OU=Organic Units/OU=Users/CN=cmscrab/CN=(817881|373708)/CN=Robot: cms crab|/DC=ch/DC=cern/OU=Organic Units/OU=Users/CN=crabint1/CN=373708/CN=Robot: CMS CRAB Integration 1
  timeleft: 573:42:38  (23.9 days)

 error: 
 retcode : 0
DEBUG 2025-09-01 22:38:29.885 UTC: 	 Myproxy is valid: 2065320
DEBUG 2025-09-01 22:38:29.885 UTC: 	 Result of myproxy credential check:
  Credential exists on myproxy: username: bfbdf12a5670e45fdd055ff115afbb0f25b8a072  - validity: 23 days, 21:42:00
DEBUG 2025-09-01 22:38:29.887 UTC: 	 Command use: kill
DEBUG 2025-09-01 22:38:29.887 UTC: 	 Options use: ['-d', 'OO_Data_MINIAOD/crab_2pc_OO_V0_invmass_IP55']
DEBUG 2025-09-01 22:38:29.887 UTC: 	 Encoded data for curl request: subresource=version
DEBUG 2025-09-01 22:38:29.930 UTC: 	 CRABClient version: v3.250522
DEBUG 2025-09-01 22:38:29.930 UTC: 	 Instance is prod
DEBUG 2025-09-01 22:38:29.931 UTC: 	 Server base url is cmsweb.cern.ch
DEBUG 2025-09-01 22:38:29.931 UTC: 	 Command api workflow
DEBUG 2025-09-01 22:38:29.931 UTC: 	 Killing task 250901_221716:bibehera_crab_2pc_OO_V0_invmass_IP55
DEBUG 2025-09-01 22:38:29.931 UTC: 	 Encoded data for curl request: workflow=250901_221716%3Abibehera_crab_2pc_OO_V0_invmass_IP55
DEBUG 2025-09-01 22:38:30.133 UTC: 	 Result: {'desc': {'columns': ['tm_taskname', 'tm_task_status', 'tm_task_command', 'tm_user_role', 'tm_user_group', 'tm_task_failure', 'tm_split_algo', 'tm_split_args', 'tm_save_logs', 'tm_username', 'tm_user_dn', 'tm_arguments', 'tm_input_dataset', 'tm_dbs_url', 'tm_task_warnings', 'tm_publication', 'tm_user_webdir', 'tm_output_dataset', 'tm_collector', 'tm_schedd', 'tm_dry_run', 'clusterid', 'tm_start_time', 'tw_name', 'tm_dagman_status', 'tm_num_jobs', 'tm_uploaded']}, 'result': [{'result': 'ok'}]}
INFO 2025-09-01 22:38:30.133 UTC: 	 Kill request successfully sent
INFO 2025-09-01 22:38:30.141 UTC: 	 Log file is /eos/home-b/bibehera/OO_Simfit/CMSSW_15_0_6_patch1/src/Analyzer/RaghuV0Ana/cfg/OO_Data_MINIAOD/crab_2pc_OO_V0_invmass_IP55/crab.log
