DEBUG 2025-10-07 22:16:10.626 UTC: 	 CRAB Client version: v3.250820
DEBUG 2025-10-07 22:16:10.627 UTC: 	 Running on: Linux lxplus817.cern.ch 4.18.0-553.75.1.el8_10.x86_64 #1 SMP Wed Sep 10 00:05:32 EDT 2025 x86_64 x86_64 x86_64 GNU/Linux
DEBUG 2025-10-07 22:16:10.627 UTC: 	 Not using Singularity
DEBUG 2025-10-07 22:16:10.627 UTC: 	 Operating System: Red Hat Enterprise Linux 8.10 (Ootpa)
DEBUG 2025-10-07 22:16:10.627 UTC: 	 Executing command: 'submit'
DEBUG 2025-10-07 22:16:10.627 UTC: 	 Found CRAB cache file /afs/cern.ch/user/b/bibehera/.crab3
INFO 2025-10-07 22:16:10.629 UTC: 	 Will use CRAB configuration file crab_config2.py
DEBUG 2025-10-07 22:16:10.629 UTC: 	 Loading CRAB configuration file.
DEBUG 2025-10-07 22:16:10.675 UTC: 	 Will use CRAB plugin ANALYSIS (i.e. will run an analysis job type).
DEBUG 2025-10-07 22:16:10.688 UTC: 	 Checking credentials
DEBUG 2025-10-07 22:16:10.688 UTC: 	 Found proxy file /tmp/x509up_u177753
DEBUG 2025-10-07 22:16:10.688 UTC: 	 Making sure it has proper VOMS extension
DEBUG 2025-10-07 22:16:10.688 UTC: 	 Executing command :
 voms-proxy-info --vo --file /tmp/x509up_u177753
DEBUG 2025-10-07 22:16:10.722 UTC: 	 output : cms

 error: 
 retcode : 0
DEBUG 2025-10-07 22:16:10.723 UTC: 	 Getting proxy life time left
DEBUG 2025-10-07 22:16:10.723 UTC: 	 Executing command :
 voms-proxy-info --actimeleft --timeleft --file /tmp/x509up_u177753
DEBUG 2025-10-07 22:16:10.767 UTC: 	 output : 41777
41777

 error: 
 retcode : 0
DEBUG 2025-10-07 22:16:10.767 UTC: 	 Proxy valid for 11:36:17 hours
DEBUG 2025-10-07 22:16:10.767 UTC: 	 Encoded data for curl request: subresource=delegatedn
DEBUG 2025-10-07 22:16:10.821 UTC: 	 Registering user credentials on myproxy for /DC=ch/DC=cern/OU=computers/CN=crab-(preprod|prod)-tw(01|02).cern.ch|/DC=ch/DC=cern/OU=computers/CN=crab-dev-tw(01|02|03|04).cern.ch|/DC=ch/DC=cern/OU=Organic Units/OU=Users/CN=cmscrab/CN=(817881|373708)/CN=Robot: cms crab|/DC=ch/DC=cern/OU=Organic Units/OU=Users/CN=crabint1/CN=373708/CN=Robot: CMS CRAB Integration 1
DEBUG 2025-10-07 22:16:10.821 UTC: 	 Executing command :
 voms-proxy-info --identity --file /tmp/x509up_u177753
DEBUG 2025-10-07 22:16:10.853 UTC: 	 output : /DC=ch/DC=cern/OU=Organic Units/OU=Users/CN=bibehera/CN=882295/CN=Bismita Behera

 error: 
 retcode : 0
DEBUG 2025-10-07 22:16:10.853 UTC: 	 Getting myproxy life time left for bfbdf12a5670e45fdd055ff115afbb0f25b8a072
DEBUG 2025-10-07 22:16:10.854 UTC: 	 Executing command :
 myproxy-info -s myproxy.cern.ch -l bfbdf12a5670e45fdd055ff115afbb0f25b8a072
DEBUG 2025-10-07 22:16:11.141 UTC: 	 output : username: bfbdf12a5670e45fdd055ff115afbb0f25b8a072
owner: /DC=ch/DC=cern/OU=Organic Units/OU=Users/CN=bibehera/CN=882295/CN=Bismita Behera
  renewal policy: /DC=ch/DC=cern/OU=computers/CN=crab-(preprod|prod)-tw(01|02).cern.ch|/DC=ch/DC=cern/OU=computers/CN=crab-dev-tw(01|02|03|04).cern.ch|/DC=ch/DC=cern/OU=Organic Units/OU=Users/CN=cmscrab/CN=(817881|373708)/CN=Robot: cms crab|/DC=ch/DC=cern/OU=Organic Units/OU=Users/CN=crabint1/CN=373708/CN=Robot: CMS CRAB Integration 1
  trusted retrieval policy: /DC=ch/DC=cern/OU=computers/CN=crab-(preprod|prod)-tw(01|02).cern.ch|/DC=ch/DC=cern/OU=computers/CN=crab-dev-tw(01|02|03|04).cern.ch|/DC=ch/DC=cern/OU=Organic Units/OU=Users/CN=cmscrab/CN=(817881|373708)/CN=Robot: cms crab|/DC=ch/DC=cern/OU=Organic Units/OU=Users/CN=crabint1/CN=373708/CN=Robot: CMS CRAB Integration 1
  timeleft: 543:54:20  (22.7 days)

 error: 
 retcode : 0
DEBUG 2025-10-07 22:16:11.142 UTC: 	 Myproxy is valid: 1958040
DEBUG 2025-10-07 22:16:11.142 UTC: 	 Result of myproxy credential check:
  Credential exists on myproxy: username: bfbdf12a5670e45fdd055ff115afbb0f25b8a072  - validity: 22 days, 15:54:00
DEBUG 2025-10-07 22:16:11.142 UTC: 	 Command use: submit
DEBUG 2025-10-07 22:16:11.142 UTC: 	 Options use: ['-c', 'crab_config2.py']
DEBUG 2025-10-07 22:16:11.142 UTC: 	 Encoded data for curl request: subresource=version
DEBUG 2025-10-07 22:16:11.186 UTC: 	 CRABClient version: v3.250820
DEBUG 2025-10-07 22:16:11.186 UTC: 	 Instance is prod
DEBUG 2025-10-07 22:16:11.186 UTC: 	 Server base url is cmsweb.cern.ch
DEBUG 2025-10-07 22:16:11.186 UTC: 	 Command api workflow
DEBUG 2025-10-07 22:16:11.186 UTC: 	 Started submission
DEBUG 2025-10-07 22:16:11.186 UTC: 	 Working on /eos/home-b/bibehera/OO_Simfit_eff/CMSSW_15_0_6_patch1/src/Analyzer/RaghuV0Ana/cfg/OO_Data_MINIAOD/crab_2pc_OO_V0_IM_effcorr_v1_cent0to50_IP58
DEBUG 2025-10-07 22:16:11.187 UTC: 	 Encoded data for curl request: subresource=backendurls
DEBUG 2025-10-07 22:16:11.253 UTC: 	 Loading required information from the environment
DEBUG 2025-10-07 22:16:11.253 UTC: 	 Found CMSSW_15_0_6_patch1 for el8_amd64_gcc12 with base /eos/home-b/bibehera/OO_Simfit_eff/CMSSW_15_0_6_patch1
DEBUG 2025-10-07 22:16:11.253 UTC: 	 Loading required information from the environment
DEBUG 2025-10-07 22:16:11.253 UTC: 	 Found CMSSW_15_0_6_patch1 for el8_amd64_gcc12 with base /eos/home-b/bibehera/OO_Simfit_eff/CMSSW_15_0_6_patch1
DEBUG 2025-10-07 22:16:11.253 UTC: 	 UNIQUE NAME: tarUUID dc1bab53-2fbb-4e89-9414-c69d73082b52 
DEBUG 2025-10-07 22:16:11.254 UTC: 	 self.config: from WMCore.Configuration import Configuration
config = Configuration()
config.section_('General')
config.General.workArea = 'OO_Data_MINIAOD'
config.General.requestName = '2pc_OO_V0_IM_effcorr_v1_cent0to50_IP58'
config.General.transferOutputs = True
config.General.transferLogs = True
config.section_('JobType')
config.JobType.psetName = 'PbPb_2018_cfg.py'
config.JobType.pluginName = 'Analysis'
config.section_('Data')
config.Data.outputDatasetTag = '2pc_OO_V0_IM_effcorr_v1_cent0to50_IP58'
config.Data.outLFNDirBase = '/store/user/bibehera/'
config.Data.publication = False
config.Data.inputDBS = 'phys03'
config.Data.totalUnits = -1
config.Data.secondaryInputDataset = '/IonPhysics58/OORun2025-PromptReco-v1/MINIAOD'
config.Data.lumiMask = 'generated_json.json'
config.Data.splitting = 'LumiBased'
config.Data.unitsPerJob = 3
config.Data.inputDataset = '/IonPhysics58/bibehera-2pc_OO_V0_IP0-6b0f3ea44d7735a15be74aa96b0380e8/USER'
config.section_('Site')
config.Site.storageSite = 'T3_CH_CERNBOX'
config.section_('User')
config.section_('Debug')

DEBUG 2025-10-07 22:16:11.254 UTC: 	 self.config.JobType.psetName: PbPb_2018_cfg.py
INFO 2025-10-07 22:16:11.254 UTC: 	 Importing CMSSW configuration PbPb_2018_cfg.py
INFO 2025-10-07 22:16:12.249 UTC: 	 Finished importing CMSSW configuration PbPb_2018_cfg.py
DEBUG 2025-10-07 22:16:12.249 UTC: 	 Writing CMSSW configuration to /eos/home-b/bibehera/OO_Simfit_eff/CMSSW_15_0_6_patch1/src/Analyzer/RaghuV0Ana/cfg/OO_Data_MINIAOD/crab_2pc_OO_V0_IM_effcorr_v1_cent0to50_IP58/inputs/PSet.py
DEBUG 2025-10-07 22:16:12.299 UTC: 	 The following EDM output files will be collected: []
DEBUG 2025-10-07 22:16:12.299 UTC: 	 The following TFile output files will be collected: ['V0_test_IM_wgt.root']
DEBUG 2025-10-07 22:16:12.300 UTC: 	 The following user output files (not listed as PoolOuputModule or TFileService in the CMSSW PSet) will be collected: 
DEBUG 2025-10-07 22:16:12.300 UTC: 	 Loading required information from the environment
DEBUG 2025-10-07 22:16:12.300 UTC: 	 Found CMSSW_15_0_6_patch1 for el8_amd64_gcc12 with base /eos/home-b/bibehera/OO_Simfit_eff/CMSSW_15_0_6_patch1
DEBUG 2025-10-07 22:16:12.300 UTC: 	 Making tarball in /eos/home-b/bibehera/OO_Simfit_eff/CMSSW_15_0_6_patch1/src/Analyzer/RaghuV0Ana/cfg/OO_Data_MINIAOD/crab_2pc_OO_V0_IM_effcorr_v1_cent0to50_IP58/inputs/dc1bab53-2fbb-4e89-9414-c69d73082b52default.tgz
DEBUG 2025-10-07 22:16:12.302 UTC: 	 Checking directory /eos/home-b/bibehera/OO_Simfit_eff/CMSSW_15_0_6_patch1/bin
DEBUG 2025-10-07 22:16:12.302 UTC: 	 Adding directory /eos/home-b/bibehera/OO_Simfit_eff/CMSSW_15_0_6_patch1/bin to tarball
DEBUG 2025-10-07 22:16:12.307 UTC: 	 Checking directory /eos/home-b/bibehera/OO_Simfit_eff/CMSSW_15_0_6_patch1/python
DEBUG 2025-10-07 22:16:12.307 UTC: 	 Adding directory /eos/home-b/bibehera/OO_Simfit_eff/CMSSW_15_0_6_patch1/python to tarball
DEBUG 2025-10-07 22:16:12.362 UTC: 	 Checking directory /eos/home-b/bibehera/OO_Simfit_eff/CMSSW_15_0_6_patch1/cfipython
DEBUG 2025-10-07 22:16:12.362 UTC: 	 Adding directory /eos/home-b/bibehera/OO_Simfit_eff/CMSSW_15_0_6_patch1/cfipython to tarball
DEBUG 2025-10-07 22:16:12.510 UTC: 	 Checking directory /eos/home-b/bibehera/OO_Simfit_eff/CMSSW_15_0_6_patch1/lib
DEBUG 2025-10-07 22:16:12.510 UTC: 	 Adding directory /eos/home-b/bibehera/OO_Simfit_eff/CMSSW_15_0_6_patch1/lib to tarball
DEBUG 2025-10-07 22:16:12.711 UTC: 	 Checking directory /eos/home-b/bibehera/OO_Simfit_eff/CMSSW_15_0_6_patch1/biglib
DEBUG 2025-10-07 22:16:12.711 UTC: 	 Adding directory /eos/home-b/bibehera/OO_Simfit_eff/CMSSW_15_0_6_patch1/biglib to tarball
DEBUG 2025-10-07 22:16:12.714 UTC: 	 Checking directory /eos/home-b/bibehera/OO_Simfit_eff/CMSSW_15_0_6_patch1/module
DEBUG 2025-10-07 22:16:12.714 UTC: 	 Checking directory /eos/home-b/bibehera/OO_Simfit_eff/CMSSW_15_0_6_patch1/config/SCRAM/hooks
DEBUG 2025-10-07 22:16:12.714 UTC: 	 Adding directory /eos/home-b/bibehera/OO_Simfit_eff/CMSSW_15_0_6_patch1/config/SCRAM/hooks to tarball
DEBUG 2025-10-07 22:16:13.063 UTC: 	 Adding directory /eos/home-b/bibehera/OO_Simfit_eff/CMSSW_15_0_6_patch1/src/Analyzer/RaghuV0Ana/data to tarball
DEBUG 2025-10-07 22:16:13.616 UTC: 	 Adding directory /eos/home-b/bibehera/OO_Simfit_eff/CMSSW_15_0_6_patch1/src/Analyzer/RaghuV0Ana/interface to tarball
DEBUG 2025-10-07 22:16:13.624 UTC: 	 Adding directory /eos/home-b/bibehera/OO_Simfit_eff/CMSSW_15_0_6_patch1/src/Analyzer/RaghuV0Ana/python to tarball
DEBUG 2025-10-07 22:16:13.635 UTC: 	 Adding directory /eos/home-b/bibehera/OO_Simfit_eff/CMSSW_15_0_6_patch1/src/HeavyIonsAnalysis/Configuration/data to tarball
DEBUG 2025-10-07 22:16:13.978 UTC: 	 Adding directory /eos/home-b/bibehera/OO_Simfit_eff/CMSSW_15_0_6_patch1/src/HeavyIonsAnalysis/Configuration/python to tarball
DEBUG 2025-10-07 22:16:14.010 UTC: 	 Adding directory /eos/home-b/bibehera/OO_Simfit_eff/CMSSW_15_0_6_patch1/src/HeavyIonsAnalysis/EGMAnalysis/data to tarball
DEBUG 2025-10-07 22:16:14.017 UTC: 	 Adding directory /eos/home-b/bibehera/OO_Simfit_eff/CMSSW_15_0_6_patch1/src/HeavyIonsAnalysis/EGMAnalysis/interface to tarball
DEBUG 2025-10-07 22:16:14.022 UTC: 	 Adding directory /eos/home-b/bibehera/OO_Simfit_eff/CMSSW_15_0_6_patch1/src/HeavyIonsAnalysis/EGMAnalysis/python to tarball
DEBUG 2025-10-07 22:16:14.033 UTC: 	 Adding directory /eos/home-b/bibehera/OO_Simfit_eff/CMSSW_15_0_6_patch1/src/HeavyIonsAnalysis/EventAnalysis/python to tarball
DEBUG 2025-10-07 22:16:14.132 UTC: 	 Adding directory /eos/home-b/bibehera/OO_Simfit_eff/CMSSW_15_0_6_patch1/src/HeavyIonsAnalysis/JetAnalysis/interface to tarball
DEBUG 2025-10-07 22:16:14.137 UTC: 	 Adding directory /eos/home-b/bibehera/OO_Simfit_eff/CMSSW_15_0_6_patch1/src/HeavyIonsAnalysis/JetAnalysis/python to tarball
DEBUG 2025-10-07 22:16:14.175 UTC: 	 Adding directory /eos/home-b/bibehera/OO_Simfit_eff/CMSSW_15_0_6_patch1/src/HeavyIonsAnalysis/MuonAnalysis/interface to tarball
DEBUG 2025-10-07 22:16:14.181 UTC: 	 Adding directory /eos/home-b/bibehera/OO_Simfit_eff/CMSSW_15_0_6_patch1/src/HeavyIonsAnalysis/MuonAnalysis/python to tarball
DEBUG 2025-10-07 22:16:14.193 UTC: 	 Adding directory /eos/home-b/bibehera/OO_Simfit_eff/CMSSW_15_0_6_patch1/src/HeavyIonsAnalysis/TrackAnalysis/interface to tarball
DEBUG 2025-10-07 22:16:14.197 UTC: 	 Adding directory /eos/home-b/bibehera/OO_Simfit_eff/CMSSW_15_0_6_patch1/src/HeavyIonsAnalysis/TrackAnalysis/python to tarball
DEBUG 2025-10-07 22:16:14.219 UTC: 	 Adding directory /eos/home-b/bibehera/OO_Simfit_eff/CMSSW_15_0_6_patch1/src/HeavyIonsAnalysis/VertexAnalysis/python to tarball
DEBUG 2025-10-07 22:16:14.226 UTC: 	 Adding directory /eos/home-b/bibehera/OO_Simfit_eff/CMSSW_15_0_6_patch1/src/HeavyIonsAnalysis/ZDCAnalysis/python to tarball
DEBUG 2025-10-07 22:16:14.418 UTC: 	 Uploading archive /eos/home-b/bibehera/OO_Simfit_eff/CMSSW_15_0_6_patch1/src/Analyzer/RaghuV0Ana/cfg/OO_Data_MINIAOD/crab_2pc_OO_V0_IM_effcorr_v1_cent0to50_IP58/inputs/dc1bab53-2fbb-4e89-9414-c69d73082b52default.tgz (4.677734.1 MB) to the CRAB cache. Using URI https://s3.cern.ch/crabcache
DEBUG 2025-10-07 22:16:15.424 UTC: 	 Encoded data for curl request: subresource=upload&objecttype=sandbox&tarballname=336f4a365ffd5a6e4697ef22b7544dda3255e00794f414a0c8e405d2b2365c48.tar.gz
DEBUG 2025-10-07 22:16:15.484 UTC: 	 sandbox 336f4a365ffd5a6e4697ef22b7544dda3255e00794f414a0c8e405d2b2365c48.tar.gz is already in the S3 store, will not upload again
DEBUG 2025-10-07 22:16:15.484 UTC: 	 Loading required information from the environment
DEBUG 2025-10-07 22:16:15.484 UTC: 	 Found CMSSW_15_0_6_patch1 for el8_amd64_gcc12 with base /eos/home-b/bibehera/OO_Simfit_eff/CMSSW_15_0_6_patch1
DEBUG 2025-10-07 22:16:15.484 UTC: 	 Making tarball in /eos/home-b/bibehera/OO_Simfit_eff/CMSSW_15_0_6_patch1/src/Analyzer/RaghuV0Ana/cfg/OO_Data_MINIAOD/crab_2pc_OO_V0_IM_effcorr_v1_cent0to50_IP58/inputs/debugFiles.tgz
DEBUG 2025-10-07 22:16:15.503 UTC: 	 Uploading archive /eos/home-b/bibehera/OO_Simfit_eff/CMSSW_15_0_6_patch1/src/Analyzer/RaghuV0Ana/cfg/OO_Data_MINIAOD/crab_2pc_OO_V0_IM_effcorr_v1_cent0to50_IP58/inputs/debugFiles.tgz (3 KB) to the CRAB cache. Using URI https://s3.cern.ch/crabcache
DEBUG 2025-10-07 22:16:15.508 UTC: 	 Encoded data for curl request: subresource=upload&objecttype=sandbox&tarballname=339a59248288632b66b1ae74d38ff5a6cf3e2f62b9ddd1cd4d4a268cb4d84717.tar.gz
DEBUG 2025-10-07 22:16:15.557 UTC: 	 Will execute:
curl -f -v -X POST  -H "User-Agent: CRAB" -F "key=bibehera/sandboxes/339a59248288632b66b1ae74d38ff5a6cf3e2f62b9ddd1cd4d4a268cb4d84717.tar.gz" -F "AWSAccessKeyId=715203df6482458ba839e73e6dab634b" -F "policy=eyJleHBpcmF0aW9uIjogIjIwMjUtMTAtMDdUMjM6MTY6MTVaIiwgImNvbmRpdGlvbnMiOiBbeyJidWNrZXQiOiAiY3JhYmNhY2hlX3Byb2QifSwgeyJrZXkiOiAiYmliZWhlcmEvc2FuZGJveGVzLzMzOWE1OTI0ODI4ODYzMmI2NmIxYWU3NGQzOGZmNWE2Y2YzZTJmNjJiOWRkZDFjZDRkNGEyNjhjYjRkODQ3MTcudGFyLmd6In1dfQ==" -F "signature=nkujIcP0JH8431KuaAuMce85t6M=" -F "file=@/eos/home-b/bibehera/OO_Simfit_eff/CMSSW_15_0_6_patch1/src/Analyzer/RaghuV0Ana/cfg/OO_Data_MINIAOD/crab_2pc_OO_V0_IM_effcorr_v1_cent0to50_IP58/inputs/debugFiles.tgz" "https://s3.cern.ch/crabcache_prod"
DEBUG 2025-10-07 22:16:15.592 UTC: 	 exitcode: 0
stdout: b''
DEBUG 2025-10-07 22:16:15.592 UTC: 	 upload to S3 of sandbox /eos/home-b/bibehera/OO_Simfit_eff/CMSSW_15_0_6_patch1/src/Analyzer/RaghuV0Ana/cfg/OO_Data_MINIAOD/crab_2pc_OO_V0_IM_effcorr_v1_cent0to50_IP58/inputs/debugFiles.tgz completed
DEBUG 2025-10-07 22:16:15.592 UTC: 	 make sure that object is ready for retrieve
DEBUG 2025-10-07 22:16:16.593 UTC: 	 Encoded data for curl request: subresource=download&objecttype=sandbox&tarballname=339a59248288632b66b1ae74d38ff5a6cf3e2f62b9ddd1cd4d4a268cb4d84717.tar.gz&clientmethod=head_object
DEBUG 2025-10-07 22:16:16.642 UTC: 	 PreSignedUrl to download sandbox received OK
DEBUG 2025-10-07 22:16:16.644 UTC: 	 Will execute:
 curl -v -s -f -o /dev/null --head  "https://s3.cern.ch/crabcache_prod/bibehera/sandboxes/339a59248288632b66b1ae74d38ff5a6cf3e2f62b9ddd1cd4d4a268cb4d84717.tar.gz?AWSAccessKeyId=715203df6482458ba839e73e6dab634b&Signature=e5u46vwrs66cj3UYjO%2Fa9eqwcqs%3D&Expires=1759878976"
DEBUG 2025-10-07 22:16:16.689 UTC: 	 exitcode: 0
stdout: b''
DEBUG 2025-10-07 22:16:16.689 UTC: 	 sandbox /eos/home-b/bibehera/OO_Simfit_eff/CMSSW_15_0_6_patch1/src/Analyzer/RaghuV0Ana/cfg/OO_Data_MINIAOD/crab_2pc_OO_V0_IM_effcorr_v1_cent0to50_IP58/inputs/debugFiles.tgz successfully uploaded to S3
DEBUG 2025-10-07 22:16:16.689 UTC: 	 Result uploading input files: 336f4a365ffd5a6e4697ef22b7544dda3255e00794f414a0c8e405d2b2365c48.tar.gz 
DEBUG 2025-10-07 22:16:16.689 UTC: 	 Attaching lumi mask generated_json.json to the request
DEBUG 2025-10-07 22:16:16.689 UTC: 	 Reading lumi-mask from generated_json.json
DEBUG 2025-10-07 22:16:16.691 UTC: 	 submit() - self.configuration from WMCore.Configuration import Configuration
config = Configuration()
config.section_('General')
config.General.workArea = 'OO_Data_MINIAOD'
config.General.requestName = '2pc_OO_V0_IM_effcorr_v1_cent0to50_IP58'
config.General.transferOutputs = True
config.General.transferLogs = True
config.section_('JobType')
config.JobType.psetName = 'PbPb_2018_cfg.py'
config.JobType.pluginName = 'Analysis'
config.section_('Data')
config.Data.outputDatasetTag = '2pc_OO_V0_IM_effcorr_v1_cent0to50_IP58'
config.Data.outLFNDirBase = '/store/user/bibehera/'
config.Data.publication = False
config.Data.inputDBS = 'phys03'
config.Data.totalUnits = -1
config.Data.secondaryInputDataset = '/IonPhysics58/OORun2025-PromptReco-v1/MINIAOD'
config.Data.lumiMask = 'generated_json.json'
config.Data.splitting = 'LumiBased'
config.Data.unitsPerJob = 3
config.Data.inputDataset = '/IonPhysics58/bibehera-2pc_OO_V0_IP0-6b0f3ea44d7735a15be74aa96b0380e8/USER'
config.section_('Site')
config.Site.storageSite = 'T3_CH_CERNBOX'
config.section_('User')
config.section_('Debug')

DEBUG 2025-10-07 22:16:16.691 UTC: 	 submit() - self.configreq {'dryrun': 0, 'workflow': 'crab_2pc_OO_V0_IM_effcorr_v1_cent0to50_IP58', 'saveoutput': 1, 'savelogsflag': 1, 'inputdata': '/IonPhysics58/bibehera-2pc_OO_V0_IP0-6b0f3ea44d7735a15be74aa96b0380e8/USER', 'nonvaliddata': 0, 'userfiles': [], 'dbsurl': 'https://cmsweb.cern.ch/dbs/prod/phys03/DBSReader', 'useparent': 0, 'secondarydata': '/IonPhysics58/OORun2025-PromptReco-v1/MINIAOD', 'ignorelocality': 0, 'splitalgo': 'LumiBased', 'algoargs': 3, 'totalunits': -1, 'lfn': '/store/user/bibehera/', 'publication': 0, 'publishdbsurl': 'https://cmsweb.cern.ch/dbs/prod/phys03/DBSWriter', 'publishname2': '2pc_OO_V0_IM_effcorr_v1_cent0to50_IP58', 'jobtype': 'Analysis', 'generator': 'pythia', 'addoutputfiles': [], 'maxjobruntime': 1250, 'numcores': 1, 'maxmemory': 2000, 'priority': 10, 'nonprodsw': 0, 'asyncdest': 'T3_CH_CERNBOX', 'requireaccelerator': 0, 'oneEventMode': 0, 'extrajdl': [], 'ignoreglobalblacklist': 0, 'partialdataset': 0, 'inputblocks': []}
DEBUG 2025-10-07 22:16:16.691 UTC: 	 submit() - jobconfig {'addoutputfiles': [], 'tfileoutfiles': ['V0_test_IM_wgt.root'], 'edmoutfiles': [], 'jobarch': 'el8_amd64_gcc12', 'jobminuarch': 'x86-64-v3', 'jobsw': 'CMSSW_15_0_6_patch1', 'inputdata': '/IonPhysics58/bibehera-2pc_OO_V0_IP0-6b0f3ea44d7735a15be74aa96b0380e8/USER', 'cacheurl': 'https://s3.cern.ch/crabcache', 'cachefilename': '336f4a365ffd5a6e4697ef22b7544dda3255e00794f414a0c8e405d2b2365c48.tar.gz', 'debugfilename': '339a59248288632b66b1ae74d38ff5a6cf3e2f62b9ddd1cd4d4a268cb4d84717.tar.gz', 'runs': ['394153', '394154', '394169', '394175', '394183', '394184', '394185', '394186', '394187', '394188', '394189', '394204', '394209', '394217'], 'lumis': ['40,169', '1,886', '39,997', '47,988', '15,239', '1,667', '1,3', '1,15', '1,1', '1,107', '1,72', '38,932', '23,1209', '41,838'], 'jobtype': 'Analysis'}
INFO 2025-10-07 22:16:16.691 UTC: 	 Sending the request to the server at cmsweb.cern.ch
DEBUG 2025-10-07 22:16:16.691 UTC: 	 Submitting {'dryrun': 0, 'workflow': 'crab_2pc_OO_V0_IM_effcorr_v1_cent0to50_IP58', 'saveoutput': 1, 'savelogsflag': 1, 'inputdata': '/IonPhysics58/bibehera-2pc_OO_V0_IP0-6b0f3ea44d7735a15be74aa96b0380e8/USER', 'nonvaliddata': 0, 'userfiles': [], 'dbsurl': 'https://cmsweb.cern.ch/dbs/prod/phys03/DBSReader', 'useparent': 0, 'secondarydata': '/IonPhysics58/OORun2025-PromptReco-v1/MINIAOD', 'ignorelocality': 0, 'splitalgo': 'LumiBased', 'algoargs': 3, 'totalunits': -1, 'lfn': '/store/user/bibehera/', 'publication': 0, 'publishdbsurl': 'https://cmsweb.cern.ch/dbs/prod/phys03/DBSWriter', 'publishname2': '2pc_OO_V0_IM_effcorr_v1_cent0to50_IP58', 'jobtype': 'Analysis', 'generator': 'pythia', 'addoutputfiles': [], 'maxjobruntime': 1250, 'numcores': 1, 'maxmemory': 2000, 'priority': 10, 'nonprodsw': 0, 'asyncdest': 'T3_CH_CERNBOX', 'requireaccelerator': 0, 'oneEventMode': 0, 'extrajdl': [], 'ignoreglobalblacklist': 0, 'partialdataset': 0, 'inputblocks': [], 'tfileoutfiles': ['V0_test_IM_wgt.root'], 'edmoutfiles': [], 'jobarch': 'el8_amd64_gcc12', 'jobminuarch': 'x86-64-v3', 'jobsw': 'CMSSW_15_0_6_patch1', 'cacheurl': 'https://s3.cern.ch/crabcache', 'cachefilename': '336f4a365ffd5a6e4697ef22b7544dda3255e00794f414a0c8e405d2b2365c48.tar.gz', 'debugfilename': '339a59248288632b66b1ae74d38ff5a6cf3e2f62b9ddd1cd4d4a268cb4d84717.tar.gz', 'runs': ['394153', '394154', '394169', '394175', '394183', '394184', '394185', '394186', '394187', '394188', '394189', '394204', '394209', '394217'], 'lumis': ['40,169', '1,886', '39,997', '47,988', '15,239', '1,667', '1,3', '1,15', '1,1', '1,107', '1,72', '38,932', '23,1209', '41,838']} 
DEBUG 2025-10-07 22:16:16.691 UTC: 	 Encoded data for curl request: dryrun=0&workflow=crab_2pc_OO_V0_IM_effcorr_v1_cent0to50_IP58&saveoutput=1&savelogsflag=1&inputdata=%2FIonPhysics58%2Fbibehera-2pc_OO_V0_IP0-6b0f3ea44d7735a15be74aa96b0380e8%2FUSER&nonvaliddata=0&dbsurl=https%3A%2F%2Fcmsweb.cern.ch%2Fdbs%2Fprod%2Fphys03%2FDBSReader&useparent=0&secondarydata=%2FIonPhysics58%2FOORun2025-PromptReco-v1%2FMINIAOD&ignorelocality=0&splitalgo=LumiBased&algoargs=3&totalunits=-1&lfn=%2Fstore%2Fuser%2Fbibehera%2F&publication=0&publishdbsurl=https%3A%2F%2Fcmsweb.cern.ch%2Fdbs%2Fprod%2Fphys03%2FDBSWriter&publishname2=2pc_OO_V0_IM_effcorr_v1_cent0to50_IP58&jobtype=Analysis&generator=pythia&maxjobruntime=1250&numcores=1&maxmemory=2000&priority=10&nonprodsw=0&asyncdest=T3_CH_CERNBOX&requireaccelerator=0&oneEventMode=0&ignoreglobalblacklist=0&partialdataset=0&jobarch=el8_amd64_gcc12&jobminuarch=x86-64-v3&jobsw=CMSSW_15_0_6_patch1&cacheurl=https%3A%2F%2Fs3.cern.ch%2Fcrabcache&cachefilename=336f4a365ffd5a6e4697ef22b7544dda3255e00794f414a0c8e405d2b2365c48.tar.gz&debugfilename=339a59248288632b66b1ae74d38ff5a6cf3e2f62b9ddd1cd4d4a268cb4d84717.tar.gz&tfileoutfiles=V0_test_IM_wgt.root&runs=394153&runs=394154&runs=394169&runs=394175&runs=394183&runs=394184&runs=394185&runs=394186&runs=394187&runs=394188&runs=394189&runs=394204&runs=394209&runs=394217&lumis=40%2C169&lumis=1%2C886&lumis=39%2C997&lumis=47%2C988&lumis=15%2C239&lumis=1%2C667&lumis=1%2C3&lumis=1%2C15&lumis=1%2C1&lumis=1%2C107&lumis=1%2C72&lumis=38%2C932&lumis=23%2C1209&lumis=41%2C838
DEBUG 2025-10-07 22:16:16.757 UTC: 	 Result: {'result': [{'RequestName': '251007_221616:bibehera_crab_2pc_OO_V0_IM_effcorr_v1_cent0to50_IP58'}]}
INFO 2025-10-07 22:16:16.768 UTC: 	 Success: Your task has been delivered to the prod CRAB3 server.
INFO 2025-10-07 22:16:16.768 UTC: 	 Task name: 251007_221616:bibehera_crab_2pc_OO_V0_IM_effcorr_v1_cent0to50_IP58
INFO 2025-10-07 22:16:16.768 UTC: 	 Project dir: OO_Data_MINIAOD/crab_2pc_OO_V0_IM_effcorr_v1_cent0to50_IP58
INFO 2025-10-07 22:16:16.768 UTC: 	 Please use ' crab status -d OO_Data_MINIAOD/crab_2pc_OO_V0_IM_effcorr_v1_cent0to50_IP58 ' to check how the submission process proceeds.
DEBUG 2025-10-07 22:16:16.768 UTC: 	 About to return
INFO 2025-10-07 22:16:16.793 UTC: 	 Log file is /eos/home-b/bibehera/OO_Simfit_eff/CMSSW_15_0_6_patch1/src/Analyzer/RaghuV0Ana/cfg/OO_Data_MINIAOD/crab_2pc_OO_V0_IM_effcorr_v1_cent0to50_IP58/crab.log
