DEBUG 2025-10-07 22:25:26.336 UTC: 	 CRAB Client version: v3.250820
DEBUG 2025-10-07 22:25:26.336 UTC: 	 Running on: Linux lxplus817.cern.ch 4.18.0-553.75.1.el8_10.x86_64 #1 SMP Wed Sep 10 00:05:32 EDT 2025 x86_64 x86_64 x86_64 GNU/Linux
DEBUG 2025-10-07 22:25:26.336 UTC: 	 Not using Singularity
DEBUG 2025-10-07 22:25:26.336 UTC: 	 Operating System: Red Hat Enterprise Linux 8.10 (Ootpa)
DEBUG 2025-10-07 22:25:26.336 UTC: 	 Executing command: 'submit'
DEBUG 2025-10-07 22:25:26.336 UTC: 	 Found CRAB cache file /afs/cern.ch/user/b/bibehera/.crab3
INFO 2025-10-07 22:25:26.337 UTC: 	 Will use CRAB configuration file crab_config2.py
DEBUG 2025-10-07 22:25:26.337 UTC: 	 Loading CRAB configuration file.
DEBUG 2025-10-07 22:25:26.345 UTC: 	 Overriden parameter General.requestName with '2pc_OO_V0_IM_effcorr_v1_cent0to50_IP49'
DEBUG 2025-10-07 22:25:26.345 UTC: 	 Overriden parameter Data.inputDataset with '/IonPhysics49/bibehera-2pc_OO_V0_IP49-ca42279dfc2dce710b3991c24f27a617/USER'
DEBUG 2025-10-07 22:25:26.345 UTC: 	 Overriden parameter Data.secondaryInputDataset with '/IonPhysics49/OORun2025-PromptReco-v1/MINIAOD'
DEBUG 2025-10-07 22:25:26.345 UTC: 	 Overriden parameter Data.outputDatasetTag with '2pc_OO_V0_IM_effcorr_v1_cent0to50_IP49'
DEBUG 2025-10-07 22:25:26.345 UTC: 	 Will use CRAB plugin ANALYSIS (i.e. will run an analysis job type).
DEBUG 2025-10-07 22:25:26.379 UTC: 	 Checking credentials
DEBUG 2025-10-07 22:25:26.379 UTC: 	 Found proxy file /tmp/x509up_u177753
DEBUG 2025-10-07 22:25:26.379 UTC: 	 Making sure it has proper VOMS extension
DEBUG 2025-10-07 22:25:26.379 UTC: 	 Executing command :
 voms-proxy-info --vo --file /tmp/x509up_u177753
DEBUG 2025-10-07 22:25:26.408 UTC: 	 output : cms

 error: 
 retcode : 0
DEBUG 2025-10-07 22:25:26.408 UTC: 	 Getting proxy life time left
DEBUG 2025-10-07 22:25:26.408 UTC: 	 Executing command :
 voms-proxy-info --actimeleft --timeleft --file /tmp/x509up_u177753
DEBUG 2025-10-07 22:25:26.435 UTC: 	 output : 41221
41221

 error: 
 retcode : 0
DEBUG 2025-10-07 22:25:26.435 UTC: 	 Proxy valid for 11:27:01 hours
DEBUG 2025-10-07 22:25:26.436 UTC: 	 Encoded data for curl request: subresource=delegatedn
DEBUG 2025-10-07 22:25:26.492 UTC: 	 Registering user credentials on myproxy for /DC=ch/DC=cern/OU=computers/CN=crab-(preprod|prod)-tw(01|02).cern.ch|/DC=ch/DC=cern/OU=computers/CN=crab-dev-tw(01|02|03|04).cern.ch|/DC=ch/DC=cern/OU=Organic Units/OU=Users/CN=cmscrab/CN=(817881|373708)/CN=Robot: cms crab|/DC=ch/DC=cern/OU=Organic Units/OU=Users/CN=crabint1/CN=373708/CN=Robot: CMS CRAB Integration 1
DEBUG 2025-10-07 22:25:26.492 UTC: 	 Executing command :
 voms-proxy-info --identity --file /tmp/x509up_u177753
DEBUG 2025-10-07 22:25:26.519 UTC: 	 output : /DC=ch/DC=cern/OU=Organic Units/OU=Users/CN=bibehera/CN=882295/CN=Bismita Behera

 error: 
 retcode : 0
DEBUG 2025-10-07 22:25:26.519 UTC: 	 Getting myproxy life time left for bfbdf12a5670e45fdd055ff115afbb0f25b8a072
DEBUG 2025-10-07 22:25:26.520 UTC: 	 Executing command :
 myproxy-info -s myproxy.cern.ch -l bfbdf12a5670e45fdd055ff115afbb0f25b8a072
DEBUG 2025-10-07 22:25:26.797 UTC: 	 output : username: bfbdf12a5670e45fdd055ff115afbb0f25b8a072
owner: /DC=ch/DC=cern/OU=Organic Units/OU=Users/CN=bibehera/CN=882295/CN=Bismita Behera
  renewal policy: /DC=ch/DC=cern/OU=computers/CN=crab-(preprod|prod)-tw(01|02).cern.ch|/DC=ch/DC=cern/OU=computers/CN=crab-dev-tw(01|02|03|04).cern.ch|/DC=ch/DC=cern/OU=Organic Units/OU=Users/CN=cmscrab/CN=(817881|373708)/CN=Robot: cms crab|/DC=ch/DC=cern/OU=Organic Units/OU=Users/CN=crabint1/CN=373708/CN=Robot: CMS CRAB Integration 1
  trusted retrieval policy: /DC=ch/DC=cern/OU=computers/CN=crab-(preprod|prod)-tw(01|02).cern.ch|/DC=ch/DC=cern/OU=computers/CN=crab-dev-tw(01|02|03|04).cern.ch|/DC=ch/DC=cern/OU=Organic Units/OU=Users/CN=cmscrab/CN=(817881|373708)/CN=Robot: cms crab|/DC=ch/DC=cern/OU=Organic Units/OU=Users/CN=crabint1/CN=373708/CN=Robot: CMS CRAB Integration 1
  timeleft: 543:45:05  (22.7 days)

 error: 
 retcode : 0
DEBUG 2025-10-07 22:25:26.797 UTC: 	 Myproxy is valid: 1957500
DEBUG 2025-10-07 22:25:26.797 UTC: 	 Result of myproxy credential check:
  Credential exists on myproxy: username: bfbdf12a5670e45fdd055ff115afbb0f25b8a072  - validity: 22 days, 15:45:00
DEBUG 2025-10-07 22:25:26.797 UTC: 	 Command use: submit
DEBUG 2025-10-07 22:25:26.797 UTC: 	 Options use: ['-c', 'crab_config2.py', 'General.requestName=2pc_OO_V0_IM_effcorr_v1_cent0to50_IP49', 'Data.inputDataset=/IonPhysics49/bibehera-2pc_OO_V0_IP49-ca42279dfc2dce710b3991c24f27a617/USER', 'Data.secondaryInputDataset=/IonPhysics49/OORun2025-PromptReco-v1/MINIAOD', 'Data.outputDatasetTag=2pc_OO_V0_IM_effcorr_v1_cent0to50_IP49']
DEBUG 2025-10-07 22:25:26.797 UTC: 	 Encoded data for curl request: subresource=version
DEBUG 2025-10-07 22:25:26.840 UTC: 	 CRABClient version: v3.250820
DEBUG 2025-10-07 22:25:26.840 UTC: 	 Instance is prod
DEBUG 2025-10-07 22:25:26.840 UTC: 	 Server base url is cmsweb.cern.ch
DEBUG 2025-10-07 22:25:26.840 UTC: 	 Command api workflow
DEBUG 2025-10-07 22:25:26.840 UTC: 	 Started submission
DEBUG 2025-10-07 22:25:26.840 UTC: 	 Working on /eos/home-b/bibehera/OO_Simfit_eff/CMSSW_15_0_6_patch1/src/Analyzer/RaghuV0Ana/cfg/OO_Data_MINIAOD/crab_2pc_OO_V0_IM_effcorr_v1_cent0to50_IP49
DEBUG 2025-10-07 22:25:26.840 UTC: 	 Encoded data for curl request: subresource=backendurls
DEBUG 2025-10-07 22:25:26.905 UTC: 	 Loading required information from the environment
DEBUG 2025-10-07 22:25:26.905 UTC: 	 Found CMSSW_15_0_6_patch1 for el8_amd64_gcc12 with base /eos/home-b/bibehera/OO_Simfit_eff/CMSSW_15_0_6_patch1
DEBUG 2025-10-07 22:25:26.905 UTC: 	 Loading required information from the environment
DEBUG 2025-10-07 22:25:26.905 UTC: 	 Found CMSSW_15_0_6_patch1 for el8_amd64_gcc12 with base /eos/home-b/bibehera/OO_Simfit_eff/CMSSW_15_0_6_patch1
DEBUG 2025-10-07 22:25:26.905 UTC: 	 UNIQUE NAME: tarUUID 21688582-a64b-4426-a66a-c6bb1f19c639 
DEBUG 2025-10-07 22:25:26.905 UTC: 	 self.config: from WMCore.Configuration import Configuration
config = Configuration()
config.section_('General')
config.General.transferLogs = True
config.General.workArea = 'OO_Data_MINIAOD'
config.General.transferOutputs = True
config.General.requestName = '2pc_OO_V0_IM_effcorr_v1_cent0to50_IP49'
config.section_('JobType')
config.JobType.psetName = 'PbPb_2018_cfg.py'
config.JobType.pluginName = 'Analysis'
config.section_('Data')
config.Data.inputDBS = 'phys03'
config.Data.lumiMask = 'generated_json.json'
config.Data.totalUnits = -1
config.Data.outputDatasetTag = '2pc_OO_V0_IM_effcorr_v1_cent0to50_IP49'
config.Data.inputDataset = '/IonPhysics49/bibehera-2pc_OO_V0_IP49-ca42279dfc2dce710b3991c24f27a617/USER'
config.Data.unitsPerJob = 3
config.Data.splitting = 'LumiBased'
config.Data.secondaryInputDataset = '/IonPhysics49/OORun2025-PromptReco-v1/MINIAOD'
config.Data.outLFNDirBase = '/store/user/bibehera/'
config.Data.publication = False
config.section_('Site')
config.Site.storageSite = 'T3_CH_CERNBOX'
config.section_('User')
config.section_('Debug')

DEBUG 2025-10-07 22:25:26.905 UTC: 	 self.config.JobType.psetName: PbPb_2018_cfg.py
INFO 2025-10-07 22:25:26.906 UTC: 	 Importing CMSSW configuration PbPb_2018_cfg.py
INFO 2025-10-07 22:25:27.816 UTC: 	 Finished importing CMSSW configuration PbPb_2018_cfg.py
DEBUG 2025-10-07 22:25:27.817 UTC: 	 Writing CMSSW configuration to /eos/home-b/bibehera/OO_Simfit_eff/CMSSW_15_0_6_patch1/src/Analyzer/RaghuV0Ana/cfg/OO_Data_MINIAOD/crab_2pc_OO_V0_IM_effcorr_v1_cent0to50_IP49/inputs/PSet.py
DEBUG 2025-10-07 22:25:27.886 UTC: 	 The following EDM output files will be collected: []
DEBUG 2025-10-07 22:25:27.886 UTC: 	 The following TFile output files will be collected: ['V0_test_IM_wgt.root']
DEBUG 2025-10-07 22:25:27.886 UTC: 	 The following user output files (not listed as PoolOuputModule or TFileService in the CMSSW PSet) will be collected: 
DEBUG 2025-10-07 22:25:27.886 UTC: 	 Loading required information from the environment
DEBUG 2025-10-07 22:25:27.886 UTC: 	 Found CMSSW_15_0_6_patch1 for el8_amd64_gcc12 with base /eos/home-b/bibehera/OO_Simfit_eff/CMSSW_15_0_6_patch1
DEBUG 2025-10-07 22:25:27.886 UTC: 	 Making tarball in /eos/home-b/bibehera/OO_Simfit_eff/CMSSW_15_0_6_patch1/src/Analyzer/RaghuV0Ana/cfg/OO_Data_MINIAOD/crab_2pc_OO_V0_IM_effcorr_v1_cent0to50_IP49/inputs/21688582-a64b-4426-a66a-c6bb1f19c639default.tgz
DEBUG 2025-10-07 22:25:27.888 UTC: 	 Checking directory /eos/home-b/bibehera/OO_Simfit_eff/CMSSW_15_0_6_patch1/bin
DEBUG 2025-10-07 22:25:27.889 UTC: 	 Adding directory /eos/home-b/bibehera/OO_Simfit_eff/CMSSW_15_0_6_patch1/bin to tarball
DEBUG 2025-10-07 22:25:27.893 UTC: 	 Checking directory /eos/home-b/bibehera/OO_Simfit_eff/CMSSW_15_0_6_patch1/python
DEBUG 2025-10-07 22:25:27.893 UTC: 	 Adding directory /eos/home-b/bibehera/OO_Simfit_eff/CMSSW_15_0_6_patch1/python to tarball
DEBUG 2025-10-07 22:25:27.940 UTC: 	 Checking directory /eos/home-b/bibehera/OO_Simfit_eff/CMSSW_15_0_6_patch1/cfipython
DEBUG 2025-10-07 22:25:27.940 UTC: 	 Adding directory /eos/home-b/bibehera/OO_Simfit_eff/CMSSW_15_0_6_patch1/cfipython to tarball
DEBUG 2025-10-07 22:25:28.063 UTC: 	 Checking directory /eos/home-b/bibehera/OO_Simfit_eff/CMSSW_15_0_6_patch1/lib
DEBUG 2025-10-07 22:25:28.063 UTC: 	 Adding directory /eos/home-b/bibehera/OO_Simfit_eff/CMSSW_15_0_6_patch1/lib to tarball
DEBUG 2025-10-07 22:25:28.267 UTC: 	 Checking directory /eos/home-b/bibehera/OO_Simfit_eff/CMSSW_15_0_6_patch1/biglib
DEBUG 2025-10-07 22:25:28.267 UTC: 	 Adding directory /eos/home-b/bibehera/OO_Simfit_eff/CMSSW_15_0_6_patch1/biglib to tarball
DEBUG 2025-10-07 22:25:28.270 UTC: 	 Checking directory /eos/home-b/bibehera/OO_Simfit_eff/CMSSW_15_0_6_patch1/module
DEBUG 2025-10-07 22:25:28.270 UTC: 	 Checking directory /eos/home-b/bibehera/OO_Simfit_eff/CMSSW_15_0_6_patch1/config/SCRAM/hooks
DEBUG 2025-10-07 22:25:28.271 UTC: 	 Adding directory /eos/home-b/bibehera/OO_Simfit_eff/CMSSW_15_0_6_patch1/config/SCRAM/hooks to tarball
DEBUG 2025-10-07 22:25:28.663 UTC: 	 Adding directory /eos/home-b/bibehera/OO_Simfit_eff/CMSSW_15_0_6_patch1/src/Analyzer/RaghuV0Ana/data to tarball
DEBUG 2025-10-07 22:25:29.211 UTC: 	 Adding directory /eos/home-b/bibehera/OO_Simfit_eff/CMSSW_15_0_6_patch1/src/Analyzer/RaghuV0Ana/interface to tarball
DEBUG 2025-10-07 22:25:29.217 UTC: 	 Adding directory /eos/home-b/bibehera/OO_Simfit_eff/CMSSW_15_0_6_patch1/src/Analyzer/RaghuV0Ana/python to tarball
DEBUG 2025-10-07 22:25:29.226 UTC: 	 Adding directory /eos/home-b/bibehera/OO_Simfit_eff/CMSSW_15_0_6_patch1/src/HeavyIonsAnalysis/Configuration/data to tarball
DEBUG 2025-10-07 22:25:29.554 UTC: 	 Adding directory /eos/home-b/bibehera/OO_Simfit_eff/CMSSW_15_0_6_patch1/src/HeavyIonsAnalysis/Configuration/python to tarball
DEBUG 2025-10-07 22:25:29.578 UTC: 	 Adding directory /eos/home-b/bibehera/OO_Simfit_eff/CMSSW_15_0_6_patch1/src/HeavyIonsAnalysis/EGMAnalysis/data to tarball
DEBUG 2025-10-07 22:25:29.583 UTC: 	 Adding directory /eos/home-b/bibehera/OO_Simfit_eff/CMSSW_15_0_6_patch1/src/HeavyIonsAnalysis/EGMAnalysis/interface to tarball
DEBUG 2025-10-07 22:25:29.587 UTC: 	 Adding directory /eos/home-b/bibehera/OO_Simfit_eff/CMSSW_15_0_6_patch1/src/HeavyIonsAnalysis/EGMAnalysis/python to tarball
DEBUG 2025-10-07 22:25:29.596 UTC: 	 Adding directory /eos/home-b/bibehera/OO_Simfit_eff/CMSSW_15_0_6_patch1/src/HeavyIonsAnalysis/EventAnalysis/python to tarball
DEBUG 2025-10-07 22:25:29.675 UTC: 	 Adding directory /eos/home-b/bibehera/OO_Simfit_eff/CMSSW_15_0_6_patch1/src/HeavyIonsAnalysis/JetAnalysis/interface to tarball
DEBUG 2025-10-07 22:25:29.680 UTC: 	 Adding directory /eos/home-b/bibehera/OO_Simfit_eff/CMSSW_15_0_6_patch1/src/HeavyIonsAnalysis/JetAnalysis/python to tarball
DEBUG 2025-10-07 22:25:29.711 UTC: 	 Adding directory /eos/home-b/bibehera/OO_Simfit_eff/CMSSW_15_0_6_patch1/src/HeavyIonsAnalysis/MuonAnalysis/interface to tarball
DEBUG 2025-10-07 22:25:29.716 UTC: 	 Adding directory /eos/home-b/bibehera/OO_Simfit_eff/CMSSW_15_0_6_patch1/src/HeavyIonsAnalysis/MuonAnalysis/python to tarball
DEBUG 2025-10-07 22:25:29.725 UTC: 	 Adding directory /eos/home-b/bibehera/OO_Simfit_eff/CMSSW_15_0_6_patch1/src/HeavyIonsAnalysis/TrackAnalysis/interface to tarball
DEBUG 2025-10-07 22:25:29.728 UTC: 	 Adding directory /eos/home-b/bibehera/OO_Simfit_eff/CMSSW_15_0_6_patch1/src/HeavyIonsAnalysis/TrackAnalysis/python to tarball
DEBUG 2025-10-07 22:25:29.745 UTC: 	 Adding directory /eos/home-b/bibehera/OO_Simfit_eff/CMSSW_15_0_6_patch1/src/HeavyIonsAnalysis/VertexAnalysis/python to tarball
DEBUG 2025-10-07 22:25:29.750 UTC: 	 Adding directory /eos/home-b/bibehera/OO_Simfit_eff/CMSSW_15_0_6_patch1/src/HeavyIonsAnalysis/ZDCAnalysis/python to tarball
DEBUG 2025-10-07 22:25:29.814 UTC: 	 Uploading archive /eos/home-b/bibehera/OO_Simfit_eff/CMSSW_15_0_6_patch1/src/Analyzer/RaghuV0Ana/cfg/OO_Data_MINIAOD/crab_2pc_OO_V0_IM_effcorr_v1_cent0to50_IP49/inputs/21688582-a64b-4426-a66a-c6bb1f19c639default.tgz (4.677734.1 MB) to the CRAB cache. Using URI https://s3.cern.ch/crabcache
DEBUG 2025-10-07 22:25:30.786 UTC: 	 Encoded data for curl request: subresource=upload&objecttype=sandbox&tarballname=336f4a365ffd5a6e4697ef22b7544dda3255e00794f414a0c8e405d2b2365c48.tar.gz
DEBUG 2025-10-07 22:25:30.855 UTC: 	 sandbox 336f4a365ffd5a6e4697ef22b7544dda3255e00794f414a0c8e405d2b2365c48.tar.gz is already in the S3 store, will not upload again
DEBUG 2025-10-07 22:25:30.855 UTC: 	 Loading required information from the environment
DEBUG 2025-10-07 22:25:30.856 UTC: 	 Found CMSSW_15_0_6_patch1 for el8_amd64_gcc12 with base /eos/home-b/bibehera/OO_Simfit_eff/CMSSW_15_0_6_patch1
DEBUG 2025-10-07 22:25:30.856 UTC: 	 Making tarball in /eos/home-b/bibehera/OO_Simfit_eff/CMSSW_15_0_6_patch1/src/Analyzer/RaghuV0Ana/cfg/OO_Data_MINIAOD/crab_2pc_OO_V0_IM_effcorr_v1_cent0to50_IP49/inputs/debugFiles.tgz
DEBUG 2025-10-07 22:25:30.863 UTC: 	 Uploading archive /eos/home-b/bibehera/OO_Simfit_eff/CMSSW_15_0_6_patch1/src/Analyzer/RaghuV0Ana/cfg/OO_Data_MINIAOD/crab_2pc_OO_V0_IM_effcorr_v1_cent0to50_IP49/inputs/debugFiles.tgz (3 KB) to the CRAB cache. Using URI https://s3.cern.ch/crabcache
DEBUG 2025-10-07 22:25:30.867 UTC: 	 Encoded data for curl request: subresource=upload&objecttype=sandbox&tarballname=e743bd52836734900ad268ca3a19821a99eebbc1bf53341ccbf054011440516d.tar.gz
DEBUG 2025-10-07 22:25:30.925 UTC: 	 Will execute:
curl -f -v -X POST  -H "User-Agent: CRAB" -F "key=bibehera/sandboxes/e743bd52836734900ad268ca3a19821a99eebbc1bf53341ccbf054011440516d.tar.gz" -F "AWSAccessKeyId=715203df6482458ba839e73e6dab634b" -F "policy=eyJleHBpcmF0aW9uIjogIjIwMjUtMTAtMDdUMjM6MjU6MzBaIiwgImNvbmRpdGlvbnMiOiBbeyJidWNrZXQiOiAiY3JhYmNhY2hlX3Byb2QifSwgeyJrZXkiOiAiYmliZWhlcmEvc2FuZGJveGVzL2U3NDNiZDUyODM2NzM0OTAwYWQyNjhjYTNhMTk4MjFhOTllZWJiYzFiZjUzMzQxY2NiZjA1NDAxMTQ0MDUxNmQudGFyLmd6In1dfQ==" -F "signature=AeEb6WSG0gKuWYd2hEZ8PY7qGas=" -F "file=@/eos/home-b/bibehera/OO_Simfit_eff/CMSSW_15_0_6_patch1/src/Analyzer/RaghuV0Ana/cfg/OO_Data_MINIAOD/crab_2pc_OO_V0_IM_effcorr_v1_cent0to50_IP49/inputs/debugFiles.tgz" "https://s3.cern.ch/crabcache_prod"
DEBUG 2025-10-07 22:25:30.959 UTC: 	 exitcode: 0
stdout: b''
DEBUG 2025-10-07 22:25:30.959 UTC: 	 upload to S3 of sandbox /eos/home-b/bibehera/OO_Simfit_eff/CMSSW_15_0_6_patch1/src/Analyzer/RaghuV0Ana/cfg/OO_Data_MINIAOD/crab_2pc_OO_V0_IM_effcorr_v1_cent0to50_IP49/inputs/debugFiles.tgz completed
DEBUG 2025-10-07 22:25:30.959 UTC: 	 make sure that object is ready for retrieve
DEBUG 2025-10-07 22:25:31.960 UTC: 	 Encoded data for curl request: subresource=download&objecttype=sandbox&tarballname=e743bd52836734900ad268ca3a19821a99eebbc1bf53341ccbf054011440516d.tar.gz&clientmethod=head_object
DEBUG 2025-10-07 22:25:32.003 UTC: 	 PreSignedUrl to download sandbox received OK
DEBUG 2025-10-07 22:25:32.006 UTC: 	 Will execute:
 curl -v -s -f -o /dev/null --head  "https://s3.cern.ch/crabcache_prod/bibehera/sandboxes/e743bd52836734900ad268ca3a19821a99eebbc1bf53341ccbf054011440516d.tar.gz?AWSAccessKeyId=715203df6482458ba839e73e6dab634b&Signature=7BXUJtxdZ8SYM8xYm%2F0Ih%2BfEG8U%3D&Expires=1759879531"
DEBUG 2025-10-07 22:25:32.038 UTC: 	 exitcode: 0
stdout: b''
DEBUG 2025-10-07 22:25:32.038 UTC: 	 sandbox /eos/home-b/bibehera/OO_Simfit_eff/CMSSW_15_0_6_patch1/src/Analyzer/RaghuV0Ana/cfg/OO_Data_MINIAOD/crab_2pc_OO_V0_IM_effcorr_v1_cent0to50_IP49/inputs/debugFiles.tgz successfully uploaded to S3
DEBUG 2025-10-07 22:25:32.038 UTC: 	 Result uploading input files: 336f4a365ffd5a6e4697ef22b7544dda3255e00794f414a0c8e405d2b2365c48.tar.gz 
DEBUG 2025-10-07 22:25:32.038 UTC: 	 Attaching lumi mask generated_json.json to the request
DEBUG 2025-10-07 22:25:32.038 UTC: 	 Reading lumi-mask from generated_json.json
DEBUG 2025-10-07 22:25:32.040 UTC: 	 submit() - self.configuration from WMCore.Configuration import Configuration
config = Configuration()
config.section_('General')
config.General.transferLogs = True
config.General.workArea = 'OO_Data_MINIAOD'
config.General.transferOutputs = True
config.General.requestName = '2pc_OO_V0_IM_effcorr_v1_cent0to50_IP49'
config.section_('JobType')
config.JobType.psetName = 'PbPb_2018_cfg.py'
config.JobType.pluginName = 'Analysis'
config.section_('Data')
config.Data.inputDBS = 'phys03'
config.Data.lumiMask = 'generated_json.json'
config.Data.totalUnits = -1
config.Data.outputDatasetTag = '2pc_OO_V0_IM_effcorr_v1_cent0to50_IP49'
config.Data.inputDataset = '/IonPhysics49/bibehera-2pc_OO_V0_IP49-ca42279dfc2dce710b3991c24f27a617/USER'
config.Data.unitsPerJob = 3
config.Data.splitting = 'LumiBased'
config.Data.secondaryInputDataset = '/IonPhysics49/OORun2025-PromptReco-v1/MINIAOD'
config.Data.outLFNDirBase = '/store/user/bibehera/'
config.Data.publication = False
config.section_('Site')
config.Site.storageSite = 'T3_CH_CERNBOX'
config.section_('User')
config.section_('Debug')

DEBUG 2025-10-07 22:25:32.040 UTC: 	 submit() - self.configreq {'dryrun': 0, 'workflow': 'crab_2pc_OO_V0_IM_effcorr_v1_cent0to50_IP49', 'saveoutput': 1, 'savelogsflag': 1, 'inputdata': '/IonPhysics49/bibehera-2pc_OO_V0_IP49-ca42279dfc2dce710b3991c24f27a617/USER', 'nonvaliddata': 0, 'userfiles': [], 'dbsurl': 'https://cmsweb.cern.ch/dbs/prod/phys03/DBSReader', 'useparent': 0, 'secondarydata': '/IonPhysics49/OORun2025-PromptReco-v1/MINIAOD', 'ignorelocality': 0, 'splitalgo': 'LumiBased', 'algoargs': 3, 'totalunits': -1, 'lfn': '/store/user/bibehera/', 'publication': 0, 'publishdbsurl': 'https://cmsweb.cern.ch/dbs/prod/phys03/DBSWriter', 'publishname2': '2pc_OO_V0_IM_effcorr_v1_cent0to50_IP49', 'jobtype': 'Analysis', 'generator': 'pythia', 'addoutputfiles': [], 'maxjobruntime': 1250, 'numcores': 1, 'maxmemory': 2000, 'priority': 10, 'nonprodsw': 0, 'asyncdest': 'T3_CH_CERNBOX', 'requireaccelerator': 0, 'oneEventMode': 0, 'extrajdl': [], 'ignoreglobalblacklist': 0, 'partialdataset': 0, 'inputblocks': []}
DEBUG 2025-10-07 22:25:32.040 UTC: 	 submit() - jobconfig {'addoutputfiles': [], 'tfileoutfiles': ['V0_test_IM_wgt.root'], 'edmoutfiles': [], 'jobarch': 'el8_amd64_gcc12', 'jobminuarch': 'x86-64-v3', 'jobsw': 'CMSSW_15_0_6_patch1', 'inputdata': '/IonPhysics49/bibehera-2pc_OO_V0_IP49-ca42279dfc2dce710b3991c24f27a617/USER', 'cacheurl': 'https://s3.cern.ch/crabcache', 'cachefilename': '336f4a365ffd5a6e4697ef22b7544dda3255e00794f414a0c8e405d2b2365c48.tar.gz', 'debugfilename': 'e743bd52836734900ad268ca3a19821a99eebbc1bf53341ccbf054011440516d.tar.gz', 'runs': ['394153', '394154', '394169', '394175', '394183', '394184', '394185', '394186', '394187', '394188', '394189', '394204', '394209', '394217'], 'lumis': ['40,169', '1,886', '39,997', '47,988', '15,239', '1,667', '1,3', '1,15', '1,1', '1,107', '1,72', '38,932', '23,1209', '41,838'], 'jobtype': 'Analysis'}
INFO 2025-10-07 22:25:32.040 UTC: 	 Sending the request to the server at cmsweb.cern.ch
DEBUG 2025-10-07 22:25:32.040 UTC: 	 Submitting {'dryrun': 0, 'workflow': 'crab_2pc_OO_V0_IM_effcorr_v1_cent0to50_IP49', 'saveoutput': 1, 'savelogsflag': 1, 'inputdata': '/IonPhysics49/bibehera-2pc_OO_V0_IP49-ca42279dfc2dce710b3991c24f27a617/USER', 'nonvaliddata': 0, 'userfiles': [], 'dbsurl': 'https://cmsweb.cern.ch/dbs/prod/phys03/DBSReader', 'useparent': 0, 'secondarydata': '/IonPhysics49/OORun2025-PromptReco-v1/MINIAOD', 'ignorelocality': 0, 'splitalgo': 'LumiBased', 'algoargs': 3, 'totalunits': -1, 'lfn': '/store/user/bibehera/', 'publication': 0, 'publishdbsurl': 'https://cmsweb.cern.ch/dbs/prod/phys03/DBSWriter', 'publishname2': '2pc_OO_V0_IM_effcorr_v1_cent0to50_IP49', 'jobtype': 'Analysis', 'generator': 'pythia', 'addoutputfiles': [], 'maxjobruntime': 1250, 'numcores': 1, 'maxmemory': 2000, 'priority': 10, 'nonprodsw': 0, 'asyncdest': 'T3_CH_CERNBOX', 'requireaccelerator': 0, 'oneEventMode': 0, 'extrajdl': [], 'ignoreglobalblacklist': 0, 'partialdataset': 0, 'inputblocks': [], 'tfileoutfiles': ['V0_test_IM_wgt.root'], 'edmoutfiles': [], 'jobarch': 'el8_amd64_gcc12', 'jobminuarch': 'x86-64-v3', 'jobsw': 'CMSSW_15_0_6_patch1', 'cacheurl': 'https://s3.cern.ch/crabcache', 'cachefilename': '336f4a365ffd5a6e4697ef22b7544dda3255e00794f414a0c8e405d2b2365c48.tar.gz', 'debugfilename': 'e743bd52836734900ad268ca3a19821a99eebbc1bf53341ccbf054011440516d.tar.gz', 'runs': ['394153', '394154', '394169', '394175', '394183', '394184', '394185', '394186', '394187', '394188', '394189', '394204', '394209', '394217'], 'lumis': ['40,169', '1,886', '39,997', '47,988', '15,239', '1,667', '1,3', '1,15', '1,1', '1,107', '1,72', '38,932', '23,1209', '41,838']} 
DEBUG 2025-10-07 22:25:32.041 UTC: 	 Encoded data for curl request: dryrun=0&workflow=crab_2pc_OO_V0_IM_effcorr_v1_cent0to50_IP49&saveoutput=1&savelogsflag=1&inputdata=%2FIonPhysics49%2Fbibehera-2pc_OO_V0_IP49-ca42279dfc2dce710b3991c24f27a617%2FUSER&nonvaliddata=0&dbsurl=https%3A%2F%2Fcmsweb.cern.ch%2Fdbs%2Fprod%2Fphys03%2FDBSReader&useparent=0&secondarydata=%2FIonPhysics49%2FOORun2025-PromptReco-v1%2FMINIAOD&ignorelocality=0&splitalgo=LumiBased&algoargs=3&totalunits=-1&lfn=%2Fstore%2Fuser%2Fbibehera%2F&publication=0&publishdbsurl=https%3A%2F%2Fcmsweb.cern.ch%2Fdbs%2Fprod%2Fphys03%2FDBSWriter&publishname2=2pc_OO_V0_IM_effcorr_v1_cent0to50_IP49&jobtype=Analysis&generator=pythia&maxjobruntime=1250&numcores=1&maxmemory=2000&priority=10&nonprodsw=0&asyncdest=T3_CH_CERNBOX&requireaccelerator=0&oneEventMode=0&ignoreglobalblacklist=0&partialdataset=0&jobarch=el8_amd64_gcc12&jobminuarch=x86-64-v3&jobsw=CMSSW_15_0_6_patch1&cacheurl=https%3A%2F%2Fs3.cern.ch%2Fcrabcache&cachefilename=336f4a365ffd5a6e4697ef22b7544dda3255e00794f414a0c8e405d2b2365c48.tar.gz&debugfilename=e743bd52836734900ad268ca3a19821a99eebbc1bf53341ccbf054011440516d.tar.gz&tfileoutfiles=V0_test_IM_wgt.root&runs=394153&runs=394154&runs=394169&runs=394175&runs=394183&runs=394184&runs=394185&runs=394186&runs=394187&runs=394188&runs=394189&runs=394204&runs=394209&runs=394217&lumis=40%2C169&lumis=1%2C886&lumis=39%2C997&lumis=47%2C988&lumis=15%2C239&lumis=1%2C667&lumis=1%2C3&lumis=1%2C15&lumis=1%2C1&lumis=1%2C107&lumis=1%2C72&lumis=38%2C932&lumis=23%2C1209&lumis=41%2C838
DEBUG 2025-10-07 22:25:32.191 UTC: 	 Result: {'result': [{'RequestName': '251007_222532:bibehera_crab_2pc_OO_V0_IM_effcorr_v1_cent0to50_IP49'}]}
INFO 2025-10-07 22:25:32.198 UTC: 	 Success: Your task has been delivered to the prod CRAB3 server.
INFO 2025-10-07 22:25:32.199 UTC: 	 Task name: 251007_222532:bibehera_crab_2pc_OO_V0_IM_effcorr_v1_cent0to50_IP49
INFO 2025-10-07 22:25:32.199 UTC: 	 Project dir: OO_Data_MINIAOD/crab_2pc_OO_V0_IM_effcorr_v1_cent0to50_IP49
INFO 2025-10-07 22:25:32.199 UTC: 	 Please use ' crab status -d OO_Data_MINIAOD/crab_2pc_OO_V0_IM_effcorr_v1_cent0to50_IP49 ' to check how the submission process proceeds.
DEBUG 2025-10-07 22:25:32.200 UTC: 	 About to return
INFO 2025-10-07 22:25:32.227 UTC: 	 Log file is /eos/home-b/bibehera/OO_Simfit_eff/CMSSW_15_0_6_patch1/src/Analyzer/RaghuV0Ana/cfg/OO_Data_MINIAOD/crab_2pc_OO_V0_IM_effcorr_v1_cent0to50_IP49/crab.log
