DEBUG 2025-10-02 18:23:33.974 UTC: 	 CRAB Client version: v3.250820
DEBUG 2025-10-02 18:23:33.974 UTC: 	 Running on: Linux lxplus815.cern.ch 4.18.0-553.75.1.el8_10.x86_64 #1 SMP Wed Sep 10 00:05:32 EDT 2025 x86_64 x86_64 x86_64 GNU/Linux
DEBUG 2025-10-02 18:23:33.974 UTC: 	 Not using Singularity
DEBUG 2025-10-02 18:23:33.974 UTC: 	 Operating System: Red Hat Enterprise Linux 8.10 (Ootpa)
DEBUG 2025-10-02 18:23:33.974 UTC: 	 Executing command: 'submit'
DEBUG 2025-10-02 18:23:33.974 UTC: 	 Found CRAB cache file /afs/cern.ch/user/b/bibehera/.crab3
INFO 2025-10-02 18:23:33.975 UTC: 	 Will use CRAB configuration file crab_config2.py
DEBUG 2025-10-02 18:23:33.976 UTC: 	 Loading CRAB configuration file.
DEBUG 2025-10-02 18:23:33.991 UTC: 	 Overriden parameter General.requestName with '2pc_OO_V0_IM_effcorr_cent0to50_IP30'
DEBUG 2025-10-02 18:23:33.991 UTC: 	 Overriden parameter Data.inputDataset with '/IonPhysics30/bibehera-2pc_OO_V0_IP30-ca42279dfc2dce710b3991c24f27a617/USER'
DEBUG 2025-10-02 18:23:33.991 UTC: 	 Overriden parameter Data.secondaryInputDataset with '/IonPhysics30/OORun2025-PromptReco-v1/MINIAOD'
DEBUG 2025-10-02 18:23:33.991 UTC: 	 Overriden parameter Data.outputDatasetTag with '2pc_OO_V0_IM_effcorr_cent0to50_IP30'
DEBUG 2025-10-02 18:23:33.991 UTC: 	 Will use CRAB plugin ANALYSIS (i.e. will run an analysis job type).
DEBUG 2025-10-02 18:23:34.005 UTC: 	 Checking credentials
DEBUG 2025-10-02 18:23:34.005 UTC: 	 Found proxy file /tmp/x509up_u177753
DEBUG 2025-10-02 18:23:34.005 UTC: 	 Making sure it has proper VOMS extension
DEBUG 2025-10-02 18:23:34.005 UTC: 	 Executing command :
 voms-proxy-info --vo --file /tmp/x509up_u177753
DEBUG 2025-10-02 18:23:34.032 UTC: 	 output : cms

 error: 
 retcode : 0
DEBUG 2025-10-02 18:23:34.032 UTC: 	 Getting proxy life time left
DEBUG 2025-10-02 18:23:34.032 UTC: 	 Executing command :
 voms-proxy-info --actimeleft --timeleft --file /tmp/x509up_u177753
DEBUG 2025-10-02 18:23:34.061 UTC: 	 output : 42985
42985

 error: 
 retcode : 0
DEBUG 2025-10-02 18:23:34.062 UTC: 	 Proxy valid for 11:56:25 hours
DEBUG 2025-10-02 18:23:34.062 UTC: 	 Encoded data for curl request: subresource=delegatedn
DEBUG 2025-10-02 18:23:34.104 UTC: 	 Registering user credentials on myproxy for /DC=ch/DC=cern/OU=computers/CN=crab-(preprod|prod)-tw(01|02).cern.ch|/DC=ch/DC=cern/OU=computers/CN=crab-dev-tw(01|02|03|04).cern.ch|/DC=ch/DC=cern/OU=Organic Units/OU=Users/CN=cmscrab/CN=(817881|373708)/CN=Robot: cms crab|/DC=ch/DC=cern/OU=Organic Units/OU=Users/CN=crabint1/CN=373708/CN=Robot: CMS CRAB Integration 1
DEBUG 2025-10-02 18:23:34.104 UTC: 	 Executing command :
 voms-proxy-info --identity --file /tmp/x509up_u177753
DEBUG 2025-10-02 18:23:34.136 UTC: 	 output : /DC=ch/DC=cern/OU=Organic Units/OU=Users/CN=bibehera/CN=882295/CN=Bismita Behera

 error: 
 retcode : 0
DEBUG 2025-10-02 18:23:34.136 UTC: 	 Getting myproxy life time left for bfbdf12a5670e45fdd055ff115afbb0f25b8a072
DEBUG 2025-10-02 18:23:34.136 UTC: 	 Executing command :
 myproxy-info -s myproxy.cern.ch -l bfbdf12a5670e45fdd055ff115afbb0f25b8a072
DEBUG 2025-10-02 18:23:34.442 UTC: 	 output : username: bfbdf12a5670e45fdd055ff115afbb0f25b8a072
owner: /DC=ch/DC=cern/OU=Organic Units/OU=Users/CN=bibehera/CN=882295/CN=Bismita Behera
  renewal policy: /DC=ch/DC=cern/OU=computers/CN=crab-(preprod|prod)-tw(01|02).cern.ch|/DC=ch/DC=cern/OU=computers/CN=crab-dev-tw(01|02|03|04).cern.ch|/DC=ch/DC=cern/OU=Organic Units/OU=Users/CN=cmscrab/CN=(817881|373708)/CN=Robot: cms crab|/DC=ch/DC=cern/OU=Organic Units/OU=Users/CN=crabint1/CN=373708/CN=Robot: CMS CRAB Integration 1
  trusted retrieval policy: /DC=ch/DC=cern/OU=computers/CN=crab-(preprod|prod)-tw(01|02).cern.ch|/DC=ch/DC=cern/OU=computers/CN=crab-dev-tw(01|02|03|04).cern.ch|/DC=ch/DC=cern/OU=Organic Units/OU=Users/CN=cmscrab/CN=(817881|373708)/CN=Robot: cms crab|/DC=ch/DC=cern/OU=Organic Units/OU=Users/CN=crabint1/CN=373708/CN=Robot: CMS CRAB Integration 1
  timeleft: 667:46:57  (27.8 days)

 error: 
 retcode : 0
DEBUG 2025-10-02 18:23:34.442 UTC: 	 Myproxy is valid: 2403960
DEBUG 2025-10-02 18:23:34.442 UTC: 	 Result of myproxy credential check:
  Credential exists on myproxy: username: bfbdf12a5670e45fdd055ff115afbb0f25b8a072  - validity: 27 days, 19:46:00
DEBUG 2025-10-02 18:23:34.442 UTC: 	 Command use: submit
DEBUG 2025-10-02 18:23:34.442 UTC: 	 Options use: ['-c', 'crab_config2.py', 'General.requestName=2pc_OO_V0_IM_effcorr_cent0to50_IP30', 'Data.inputDataset=/IonPhysics30/bibehera-2pc_OO_V0_IP30-ca42279dfc2dce710b3991c24f27a617/USER', 'Data.secondaryInputDataset=/IonPhysics30/OORun2025-PromptReco-v1/MINIAOD', 'Data.outputDatasetTag=2pc_OO_V0_IM_effcorr_cent0to50_IP30']
DEBUG 2025-10-02 18:23:34.442 UTC: 	 Encoded data for curl request: subresource=version
DEBUG 2025-10-02 18:23:34.480 UTC: 	 CRABClient version: v3.250820
DEBUG 2025-10-02 18:23:34.481 UTC: 	 Instance is prod
DEBUG 2025-10-02 18:23:34.481 UTC: 	 Server base url is cmsweb.cern.ch
DEBUG 2025-10-02 18:23:34.481 UTC: 	 Command api workflow
DEBUG 2025-10-02 18:23:34.481 UTC: 	 Started submission
DEBUG 2025-10-02 18:23:34.481 UTC: 	 Working on /eos/home-b/bibehera/OO_Simfit_eff/CMSSW_15_0_6_patch1/src/Analyzer/RaghuV0Ana/cfg/OO_Data_MINIAOD/crab_2pc_OO_V0_IM_effcorr_cent0to50_IP30
DEBUG 2025-10-02 18:23:34.481 UTC: 	 Encoded data for curl request: subresource=backendurls
DEBUG 2025-10-02 18:23:34.560 UTC: 	 Loading required information from the environment
DEBUG 2025-10-02 18:23:34.561 UTC: 	 Found CMSSW_15_0_6_patch1 for el8_amd64_gcc12 with base /eos/home-b/bibehera/OO_Simfit_eff/CMSSW_15_0_6_patch1
DEBUG 2025-10-02 18:23:34.561 UTC: 	 Loading required information from the environment
DEBUG 2025-10-02 18:23:34.561 UTC: 	 Found CMSSW_15_0_6_patch1 for el8_amd64_gcc12 with base /eos/home-b/bibehera/OO_Simfit_eff/CMSSW_15_0_6_patch1
DEBUG 2025-10-02 18:23:34.561 UTC: 	 UNIQUE NAME: tarUUID 615f9a45-7592-43f4-8dde-da4a3a511819 
DEBUG 2025-10-02 18:23:34.561 UTC: 	 self.config: from WMCore.Configuration import Configuration
config = Configuration()
config.section_('General')
config.General.transferOutputs = True
config.General.workArea = 'OO_Data_MINIAOD'
config.General.requestName = '2pc_OO_V0_IM_effcorr_cent0to50_IP30'
config.General.transferLogs = True
config.section_('JobType')
config.JobType.psetName = 'PbPb_2018_cfg.py'
config.JobType.pluginName = 'Analysis'
config.section_('Data')
config.Data.outLFNDirBase = '/store/user/bibehera/'
config.Data.outputDatasetTag = '2pc_OO_V0_IM_effcorr_cent0to50_IP30'
config.Data.inputDataset = '/IonPhysics30/bibehera-2pc_OO_V0_IP30-ca42279dfc2dce710b3991c24f27a617/USER'
config.Data.inputDBS = 'phys03'
config.Data.secondaryInputDataset = '/IonPhysics30/OORun2025-PromptReco-v1/MINIAOD'
config.Data.totalUnits = -1
config.Data.splitting = 'LumiBased'
config.Data.unitsPerJob = 3
config.Data.lumiMask = 'generated_json.json'
config.Data.publication = False
config.section_('Site')
config.Site.storageSite = 'T3_CH_CERNBOX'
config.section_('User')
config.section_('Debug')

DEBUG 2025-10-02 18:23:34.561 UTC: 	 self.config.JobType.psetName: PbPb_2018_cfg.py
INFO 2025-10-02 18:23:34.561 UTC: 	 Importing CMSSW configuration PbPb_2018_cfg.py
INFO 2025-10-02 18:23:35.820 UTC: 	 Finished importing CMSSW configuration PbPb_2018_cfg.py
DEBUG 2025-10-02 18:23:35.820 UTC: 	 Writing CMSSW configuration to /eos/home-b/bibehera/OO_Simfit_eff/CMSSW_15_0_6_patch1/src/Analyzer/RaghuV0Ana/cfg/OO_Data_MINIAOD/crab_2pc_OO_V0_IM_effcorr_cent0to50_IP30/inputs/PSet.py
DEBUG 2025-10-02 18:23:35.874 UTC: 	 The following EDM output files will be collected: []
DEBUG 2025-10-02 18:23:35.874 UTC: 	 The following TFile output files will be collected: ['V0_test_IM_wgt.root']
DEBUG 2025-10-02 18:23:35.874 UTC: 	 The following user output files (not listed as PoolOuputModule or TFileService in the CMSSW PSet) will be collected: 
DEBUG 2025-10-02 18:23:35.874 UTC: 	 Loading required information from the environment
DEBUG 2025-10-02 18:23:35.874 UTC: 	 Found CMSSW_15_0_6_patch1 for el8_amd64_gcc12 with base /eos/home-b/bibehera/OO_Simfit_eff/CMSSW_15_0_6_patch1
DEBUG 2025-10-02 18:23:35.874 UTC: 	 Making tarball in /eos/home-b/bibehera/OO_Simfit_eff/CMSSW_15_0_6_patch1/src/Analyzer/RaghuV0Ana/cfg/OO_Data_MINIAOD/crab_2pc_OO_V0_IM_effcorr_cent0to50_IP30/inputs/615f9a45-7592-43f4-8dde-da4a3a511819default.tgz
DEBUG 2025-10-02 18:23:35.877 UTC: 	 Checking directory /eos/home-b/bibehera/OO_Simfit_eff/CMSSW_15_0_6_patch1/bin
DEBUG 2025-10-02 18:23:35.878 UTC: 	 Adding directory /eos/home-b/bibehera/OO_Simfit_eff/CMSSW_15_0_6_patch1/bin to tarball
DEBUG 2025-10-02 18:23:35.882 UTC: 	 Checking directory /eos/home-b/bibehera/OO_Simfit_eff/CMSSW_15_0_6_patch1/python
DEBUG 2025-10-02 18:23:35.882 UTC: 	 Adding directory /eos/home-b/bibehera/OO_Simfit_eff/CMSSW_15_0_6_patch1/python to tarball
DEBUG 2025-10-02 18:23:35.952 UTC: 	 Checking directory /eos/home-b/bibehera/OO_Simfit_eff/CMSSW_15_0_6_patch1/cfipython
DEBUG 2025-10-02 18:23:35.952 UTC: 	 Adding directory /eos/home-b/bibehera/OO_Simfit_eff/CMSSW_15_0_6_patch1/cfipython to tarball
DEBUG 2025-10-02 18:23:36.088 UTC: 	 Checking directory /eos/home-b/bibehera/OO_Simfit_eff/CMSSW_15_0_6_patch1/lib
DEBUG 2025-10-02 18:23:36.089 UTC: 	 Adding directory /eos/home-b/bibehera/OO_Simfit_eff/CMSSW_15_0_6_patch1/lib to tarball
DEBUG 2025-10-02 18:23:36.282 UTC: 	 Checking directory /eos/home-b/bibehera/OO_Simfit_eff/CMSSW_15_0_6_patch1/biglib
DEBUG 2025-10-02 18:23:36.282 UTC: 	 Adding directory /eos/home-b/bibehera/OO_Simfit_eff/CMSSW_15_0_6_patch1/biglib to tarball
DEBUG 2025-10-02 18:23:36.284 UTC: 	 Checking directory /eos/home-b/bibehera/OO_Simfit_eff/CMSSW_15_0_6_patch1/module
DEBUG 2025-10-02 18:23:36.284 UTC: 	 Checking directory /eos/home-b/bibehera/OO_Simfit_eff/CMSSW_15_0_6_patch1/config/SCRAM/hooks
DEBUG 2025-10-02 18:23:36.285 UTC: 	 Adding directory /eos/home-b/bibehera/OO_Simfit_eff/CMSSW_15_0_6_patch1/config/SCRAM/hooks to tarball
DEBUG 2025-10-02 18:23:36.623 UTC: 	 Adding directory /eos/home-b/bibehera/OO_Simfit_eff/CMSSW_15_0_6_patch1/src/Analyzer/RaghuV0Ana/data to tarball
DEBUG 2025-10-02 18:23:37.194 UTC: 	 Adding directory /eos/home-b/bibehera/OO_Simfit_eff/CMSSW_15_0_6_patch1/src/Analyzer/RaghuV0Ana/interface to tarball
DEBUG 2025-10-02 18:23:37.200 UTC: 	 Adding directory /eos/home-b/bibehera/OO_Simfit_eff/CMSSW_15_0_6_patch1/src/Analyzer/RaghuV0Ana/python to tarball
DEBUG 2025-10-02 18:23:37.211 UTC: 	 Adding directory /eos/home-b/bibehera/OO_Simfit_eff/CMSSW_15_0_6_patch1/src/HeavyIonsAnalysis/Configuration/data to tarball
DEBUG 2025-10-02 18:23:37.544 UTC: 	 Adding directory /eos/home-b/bibehera/OO_Simfit_eff/CMSSW_15_0_6_patch1/src/HeavyIonsAnalysis/Configuration/python to tarball
DEBUG 2025-10-02 18:23:37.574 UTC: 	 Adding directory /eos/home-b/bibehera/OO_Simfit_eff/CMSSW_15_0_6_patch1/src/HeavyIonsAnalysis/EGMAnalysis/data to tarball
DEBUG 2025-10-02 18:23:37.584 UTC: 	 Adding directory /eos/home-b/bibehera/OO_Simfit_eff/CMSSW_15_0_6_patch1/src/HeavyIonsAnalysis/EGMAnalysis/interface to tarball
DEBUG 2025-10-02 18:23:37.588 UTC: 	 Adding directory /eos/home-b/bibehera/OO_Simfit_eff/CMSSW_15_0_6_patch1/src/HeavyIonsAnalysis/EGMAnalysis/python to tarball
DEBUG 2025-10-02 18:23:37.598 UTC: 	 Adding directory /eos/home-b/bibehera/OO_Simfit_eff/CMSSW_15_0_6_patch1/src/HeavyIonsAnalysis/EventAnalysis/python to tarball
DEBUG 2025-10-02 18:23:37.679 UTC: 	 Adding directory /eos/home-b/bibehera/OO_Simfit_eff/CMSSW_15_0_6_patch1/src/HeavyIonsAnalysis/JetAnalysis/interface to tarball
DEBUG 2025-10-02 18:23:37.685 UTC: 	 Adding directory /eos/home-b/bibehera/OO_Simfit_eff/CMSSW_15_0_6_patch1/src/HeavyIonsAnalysis/JetAnalysis/python to tarball
DEBUG 2025-10-02 18:23:37.720 UTC: 	 Adding directory /eos/home-b/bibehera/OO_Simfit_eff/CMSSW_15_0_6_patch1/src/HeavyIonsAnalysis/MuonAnalysis/interface to tarball
DEBUG 2025-10-02 18:23:37.726 UTC: 	 Adding directory /eos/home-b/bibehera/OO_Simfit_eff/CMSSW_15_0_6_patch1/src/HeavyIonsAnalysis/MuonAnalysis/python to tarball
DEBUG 2025-10-02 18:23:37.734 UTC: 	 Adding directory /eos/home-b/bibehera/OO_Simfit_eff/CMSSW_15_0_6_patch1/src/HeavyIonsAnalysis/TrackAnalysis/interface to tarball
DEBUG 2025-10-02 18:23:37.738 UTC: 	 Adding directory /eos/home-b/bibehera/OO_Simfit_eff/CMSSW_15_0_6_patch1/src/HeavyIonsAnalysis/TrackAnalysis/python to tarball
DEBUG 2025-10-02 18:23:37.757 UTC: 	 Adding directory /eos/home-b/bibehera/OO_Simfit_eff/CMSSW_15_0_6_patch1/src/HeavyIonsAnalysis/VertexAnalysis/python to tarball
DEBUG 2025-10-02 18:23:37.764 UTC: 	 Adding directory /eos/home-b/bibehera/OO_Simfit_eff/CMSSW_15_0_6_patch1/src/HeavyIonsAnalysis/ZDCAnalysis/python to tarball
DEBUG 2025-10-02 18:23:37.832 UTC: 	 Uploading archive /eos/home-b/bibehera/OO_Simfit_eff/CMSSW_15_0_6_patch1/src/Analyzer/RaghuV0Ana/cfg/OO_Data_MINIAOD/crab_2pc_OO_V0_IM_effcorr_cent0to50_IP30/inputs/615f9a45-7592-43f4-8dde-da4a3a511819default.tgz (4.678711.1 MB) to the CRAB cache. Using URI https://cmsweb.cern.ch/S3/crabcache_prod
DEBUG 2025-10-02 18:23:38.821 UTC: 	 Encoded data for curl request: subresource=upload&objecttype=sandbox&tarballname=865eae91578d5e477ac8ef23579dec402cdbef13f808ed86091ef08b12b54c62.tar.gz
DEBUG 2025-10-02 18:23:38.885 UTC: 	 sandbox 865eae91578d5e477ac8ef23579dec402cdbef13f808ed86091ef08b12b54c62.tar.gz is already in the S3 store, will not upload again
DEBUG 2025-10-02 18:23:38.885 UTC: 	 Loading required information from the environment
DEBUG 2025-10-02 18:23:38.885 UTC: 	 Found CMSSW_15_0_6_patch1 for el8_amd64_gcc12 with base /eos/home-b/bibehera/OO_Simfit_eff/CMSSW_15_0_6_patch1
DEBUG 2025-10-02 18:23:38.885 UTC: 	 Making tarball in /eos/home-b/bibehera/OO_Simfit_eff/CMSSW_15_0_6_patch1/src/Analyzer/RaghuV0Ana/cfg/OO_Data_MINIAOD/crab_2pc_OO_V0_IM_effcorr_cent0to50_IP30/inputs/debugFiles.tgz
DEBUG 2025-10-02 18:23:38.943 UTC: 	 Uploading archive /eos/home-b/bibehera/OO_Simfit_eff/CMSSW_15_0_6_patch1/src/Analyzer/RaghuV0Ana/cfg/OO_Data_MINIAOD/crab_2pc_OO_V0_IM_effcorr_cent0to50_IP30/inputs/debugFiles.tgz (3 KB) to the CRAB cache. Using URI https://cmsweb.cern.ch/S3/crabcache_prod
DEBUG 2025-10-02 18:23:38.948 UTC: 	 Encoded data for curl request: subresource=upload&objecttype=sandbox&tarballname=e780980af5e723e42bdd0bba947bc867489f1e69b4c0d5d203e7b237ff354c98.tar.gz
DEBUG 2025-10-02 18:23:39.002 UTC: 	 Will execute:
curl -f -v -X POST  -H "User-Agent: CRAB" -F "key=bibehera/sandboxes/e780980af5e723e42bdd0bba947bc867489f1e69b4c0d5d203e7b237ff354c98.tar.gz" -F "AWSAccessKeyId=715203df6482458ba839e73e6dab634b" -F "policy=eyJleHBpcmF0aW9uIjogIjIwMjUtMTAtMDJUMTk6MjM6MzhaIiwgImNvbmRpdGlvbnMiOiBbeyJidWNrZXQiOiAiY3JhYmNhY2hlX3Byb2QifSwgeyJrZXkiOiAiYmliZWhlcmEvc2FuZGJveGVzL2U3ODA5ODBhZjVlNzIzZTQyYmRkMGJiYTk0N2JjODY3NDg5ZjFlNjliNGMwZDVkMjAzZTdiMjM3ZmYzNTRjOTgudGFyLmd6In1dfQ==" -F "signature=c76oHkyK8EAHVQhy93DjbctN8jk=" -F "file=@/eos/home-b/bibehera/OO_Simfit_eff/CMSSW_15_0_6_patch1/src/Analyzer/RaghuV0Ana/cfg/OO_Data_MINIAOD/crab_2pc_OO_V0_IM_effcorr_cent0to50_IP30/inputs/debugFiles.tgz" "https://s3.cern.ch/crabcache_prod"
DEBUG 2025-10-02 18:23:39.035 UTC: 	 exitcode: 0
stdout: b''
DEBUG 2025-10-02 18:23:39.035 UTC: 	 upload to S3 of sandbox /eos/home-b/bibehera/OO_Simfit_eff/CMSSW_15_0_6_patch1/src/Analyzer/RaghuV0Ana/cfg/OO_Data_MINIAOD/crab_2pc_OO_V0_IM_effcorr_cent0to50_IP30/inputs/debugFiles.tgz completed
DEBUG 2025-10-02 18:23:39.035 UTC: 	 make sure that object is ready for retrieve
DEBUG 2025-10-02 18:23:40.036 UTC: 	 Encoded data for curl request: subresource=download&objecttype=sandbox&tarballname=e780980af5e723e42bdd0bba947bc867489f1e69b4c0d5d203e7b237ff354c98.tar.gz&clientmethod=head_object
DEBUG 2025-10-02 18:23:40.080 UTC: 	 PreSignedUrl to download sandbox received OK
DEBUG 2025-10-02 18:23:40.084 UTC: 	 Will execute:
 curl -v -s -f -o /dev/null --head  "https://s3.cern.ch/crabcache_prod/bibehera/sandboxes/e780980af5e723e42bdd0bba947bc867489f1e69b4c0d5d203e7b237ff354c98.tar.gz?AWSAccessKeyId=715203df6482458ba839e73e6dab634b&Signature=DHLhpkAUsqGxBzhwdwnIta%2BBTwU%3D&Expires=1759433020"
DEBUG 2025-10-02 18:23:40.115 UTC: 	 exitcode: 0
stdout: b''
DEBUG 2025-10-02 18:23:40.116 UTC: 	 sandbox /eos/home-b/bibehera/OO_Simfit_eff/CMSSW_15_0_6_patch1/src/Analyzer/RaghuV0Ana/cfg/OO_Data_MINIAOD/crab_2pc_OO_V0_IM_effcorr_cent0to50_IP30/inputs/debugFiles.tgz successfully uploaded to S3
DEBUG 2025-10-02 18:23:40.116 UTC: 	 Result uploading input files: 865eae91578d5e477ac8ef23579dec402cdbef13f808ed86091ef08b12b54c62.tar.gz 
DEBUG 2025-10-02 18:23:40.116 UTC: 	 Attaching lumi mask generated_json.json to the request
DEBUG 2025-10-02 18:23:40.116 UTC: 	 Reading lumi-mask from generated_json.json
DEBUG 2025-10-02 18:23:40.117 UTC: 	 submit() - self.configuration from WMCore.Configuration import Configuration
config = Configuration()
config.section_('General')
config.General.transferOutputs = True
config.General.workArea = 'OO_Data_MINIAOD'
config.General.requestName = '2pc_OO_V0_IM_effcorr_cent0to50_IP30'
config.General.transferLogs = True
config.section_('JobType')
config.JobType.psetName = 'PbPb_2018_cfg.py'
config.JobType.pluginName = 'Analysis'
config.section_('Data')
config.Data.outLFNDirBase = '/store/user/bibehera/'
config.Data.outputDatasetTag = '2pc_OO_V0_IM_effcorr_cent0to50_IP30'
config.Data.inputDataset = '/IonPhysics30/bibehera-2pc_OO_V0_IP30-ca42279dfc2dce710b3991c24f27a617/USER'
config.Data.inputDBS = 'phys03'
config.Data.secondaryInputDataset = '/IonPhysics30/OORun2025-PromptReco-v1/MINIAOD'
config.Data.totalUnits = -1
config.Data.splitting = 'LumiBased'
config.Data.unitsPerJob = 3
config.Data.lumiMask = 'generated_json.json'
config.Data.publication = False
config.section_('Site')
config.Site.storageSite = 'T3_CH_CERNBOX'
config.section_('User')
config.section_('Debug')

DEBUG 2025-10-02 18:23:40.117 UTC: 	 submit() - self.configreq {'dryrun': 0, 'workflow': 'crab_2pc_OO_V0_IM_effcorr_cent0to50_IP30', 'saveoutput': 1, 'savelogsflag': 1, 'inputdata': '/IonPhysics30/bibehera-2pc_OO_V0_IP30-ca42279dfc2dce710b3991c24f27a617/USER', 'nonvaliddata': 0, 'userfiles': [], 'dbsurl': 'https://cmsweb.cern.ch/dbs/prod/phys03/DBSReader', 'useparent': 0, 'secondarydata': '/IonPhysics30/OORun2025-PromptReco-v1/MINIAOD', 'ignorelocality': 0, 'splitalgo': 'LumiBased', 'algoargs': 3, 'totalunits': -1, 'lfn': '/store/user/bibehera/', 'publication': 0, 'publishdbsurl': 'https://cmsweb.cern.ch/dbs/prod/phys03/DBSWriter', 'publishname2': '2pc_OO_V0_IM_effcorr_cent0to50_IP30', 'jobtype': 'Analysis', 'generator': 'pythia', 'addoutputfiles': [], 'maxjobruntime': 1250, 'numcores': 1, 'maxmemory': 2000, 'priority': 10, 'nonprodsw': 0, 'asyncdest': 'T3_CH_CERNBOX', 'requireaccelerator': 0, 'oneEventMode': 0, 'extrajdl': [], 'ignoreglobalblacklist': 0, 'partialdataset': 0, 'inputblocks': []}
DEBUG 2025-10-02 18:23:40.117 UTC: 	 submit() - jobconfig {'addoutputfiles': [], 'tfileoutfiles': ['V0_test_IM_wgt.root'], 'edmoutfiles': [], 'jobarch': 'el8_amd64_gcc12', 'jobminuarch': 'x86-64-v3', 'jobsw': 'CMSSW_15_0_6_patch1', 'inputdata': '/IonPhysics30/bibehera-2pc_OO_V0_IP30-ca42279dfc2dce710b3991c24f27a617/USER', 'cacheurl': 'https://cmsweb.cern.ch/S3/crabcache_prod', 'cachefilename': '865eae91578d5e477ac8ef23579dec402cdbef13f808ed86091ef08b12b54c62.tar.gz', 'debugfilename': 'e780980af5e723e42bdd0bba947bc867489f1e69b4c0d5d203e7b237ff354c98.tar.gz', 'runs': ['394153', '394154', '394169', '394175', '394183', '394184', '394185', '394186', '394187', '394188', '394189', '394204', '394209', '394217'], 'lumis': ['40,169', '1,886', '39,997', '47,988', '15,239', '1,667', '1,3', '1,15', '1,1', '1,107', '1,72', '38,932', '23,1209', '41,838'], 'jobtype': 'Analysis'}
INFO 2025-10-02 18:23:40.118 UTC: 	 Sending the request to the server at cmsweb.cern.ch
DEBUG 2025-10-02 18:23:40.118 UTC: 	 Submitting {'dryrun': 0, 'workflow': 'crab_2pc_OO_V0_IM_effcorr_cent0to50_IP30', 'saveoutput': 1, 'savelogsflag': 1, 'inputdata': '/IonPhysics30/bibehera-2pc_OO_V0_IP30-ca42279dfc2dce710b3991c24f27a617/USER', 'nonvaliddata': 0, 'userfiles': [], 'dbsurl': 'https://cmsweb.cern.ch/dbs/prod/phys03/DBSReader', 'useparent': 0, 'secondarydata': '/IonPhysics30/OORun2025-PromptReco-v1/MINIAOD', 'ignorelocality': 0, 'splitalgo': 'LumiBased', 'algoargs': 3, 'totalunits': -1, 'lfn': '/store/user/bibehera/', 'publication': 0, 'publishdbsurl': 'https://cmsweb.cern.ch/dbs/prod/phys03/DBSWriter', 'publishname2': '2pc_OO_V0_IM_effcorr_cent0to50_IP30', 'jobtype': 'Analysis', 'generator': 'pythia', 'addoutputfiles': [], 'maxjobruntime': 1250, 'numcores': 1, 'maxmemory': 2000, 'priority': 10, 'nonprodsw': 0, 'asyncdest': 'T3_CH_CERNBOX', 'requireaccelerator': 0, 'oneEventMode': 0, 'extrajdl': [], 'ignoreglobalblacklist': 0, 'partialdataset': 0, 'inputblocks': [], 'tfileoutfiles': ['V0_test_IM_wgt.root'], 'edmoutfiles': [], 'jobarch': 'el8_amd64_gcc12', 'jobminuarch': 'x86-64-v3', 'jobsw': 'CMSSW_15_0_6_patch1', 'cacheurl': 'https://cmsweb.cern.ch/S3/crabcache_prod', 'cachefilename': '865eae91578d5e477ac8ef23579dec402cdbef13f808ed86091ef08b12b54c62.tar.gz', 'debugfilename': 'e780980af5e723e42bdd0bba947bc867489f1e69b4c0d5d203e7b237ff354c98.tar.gz', 'runs': ['394153', '394154', '394169', '394175', '394183', '394184', '394185', '394186', '394187', '394188', '394189', '394204', '394209', '394217'], 'lumis': ['40,169', '1,886', '39,997', '47,988', '15,239', '1,667', '1,3', '1,15', '1,1', '1,107', '1,72', '38,932', '23,1209', '41,838']} 
DEBUG 2025-10-02 18:23:40.118 UTC: 	 Encoded data for curl request: dryrun=0&workflow=crab_2pc_OO_V0_IM_effcorr_cent0to50_IP30&saveoutput=1&savelogsflag=1&inputdata=%2FIonPhysics30%2Fbibehera-2pc_OO_V0_IP30-ca42279dfc2dce710b3991c24f27a617%2FUSER&nonvaliddata=0&dbsurl=https%3A%2F%2Fcmsweb.cern.ch%2Fdbs%2Fprod%2Fphys03%2FDBSReader&useparent=0&secondarydata=%2FIonPhysics30%2FOORun2025-PromptReco-v1%2FMINIAOD&ignorelocality=0&splitalgo=LumiBased&algoargs=3&totalunits=-1&lfn=%2Fstore%2Fuser%2Fbibehera%2F&publication=0&publishdbsurl=https%3A%2F%2Fcmsweb.cern.ch%2Fdbs%2Fprod%2Fphys03%2FDBSWriter&publishname2=2pc_OO_V0_IM_effcorr_cent0to50_IP30&jobtype=Analysis&generator=pythia&maxjobruntime=1250&numcores=1&maxmemory=2000&priority=10&nonprodsw=0&asyncdest=T3_CH_CERNBOX&requireaccelerator=0&oneEventMode=0&ignoreglobalblacklist=0&partialdataset=0&jobarch=el8_amd64_gcc12&jobminuarch=x86-64-v3&jobsw=CMSSW_15_0_6_patch1&cacheurl=https%3A%2F%2Fcmsweb.cern.ch%2FS3%2Fcrabcache_prod&cachefilename=865eae91578d5e477ac8ef23579dec402cdbef13f808ed86091ef08b12b54c62.tar.gz&debugfilename=e780980af5e723e42bdd0bba947bc867489f1e69b4c0d5d203e7b237ff354c98.tar.gz&tfileoutfiles=V0_test_IM_wgt.root&runs=394153&runs=394154&runs=394169&runs=394175&runs=394183&runs=394184&runs=394185&runs=394186&runs=394187&runs=394188&runs=394189&runs=394204&runs=394209&runs=394217&lumis=40%2C169&lumis=1%2C886&lumis=39%2C997&lumis=47%2C988&lumis=15%2C239&lumis=1%2C667&lumis=1%2C3&lumis=1%2C15&lumis=1%2C1&lumis=1%2C107&lumis=1%2C72&lumis=38%2C932&lumis=23%2C1209&lumis=41%2C838
DEBUG 2025-10-02 18:23:40.176 UTC: 	 Result: {'result': [{'RequestName': '251002_182340:bibehera_crab_2pc_OO_V0_IM_effcorr_cent0to50_IP30'}]}
INFO 2025-10-02 18:23:40.193 UTC: 	 Success: Your task has been delivered to the prod CRAB3 server.
INFO 2025-10-02 18:23:40.194 UTC: 	 Task name: 251002_182340:bibehera_crab_2pc_OO_V0_IM_effcorr_cent0to50_IP30
INFO 2025-10-02 18:23:40.194 UTC: 	 Project dir: OO_Data_MINIAOD/crab_2pc_OO_V0_IM_effcorr_cent0to50_IP30
INFO 2025-10-02 18:23:40.194 UTC: 	 Please use ' crab status -d OO_Data_MINIAOD/crab_2pc_OO_V0_IM_effcorr_cent0to50_IP30 ' to check how the submission process proceeds.
DEBUG 2025-10-02 18:23:40.194 UTC: 	 About to return
INFO 2025-10-02 18:23:40.219 UTC: 	 Log file is /eos/home-b/bibehera/OO_Simfit_eff/CMSSW_15_0_6_patch1/src/Analyzer/RaghuV0Ana/cfg/OO_Data_MINIAOD/crab_2pc_OO_V0_IM_effcorr_cent0to50_IP30/crab.log
