DEBUG 2025-09-09 11:46:36.996 UTC: 	 CRAB Client version: v3.250820
DEBUG 2025-09-09 11:46:36.996 UTC: 	 Running on: Linux lxplus975.cern.ch 5.14.0-570.30.1.el9_6.x86_64 #1 SMP PREEMPT_DYNAMIC Thu Jul 24 11:44:19 EDT 2025 x86_64 x86_64 x86_64 GNU/Linux
DEBUG 2025-09-09 11:46:36.996 UTC: 	 Not using Singularity
DEBUG 2025-09-09 11:46:36.996 UTC: 	 Operating System: Red Hat Enterprise Linux 9.6 (Plow)
DEBUG 2025-09-09 11:46:36.996 UTC: 	 Executing command: 'submit'
DEBUG 2025-09-09 11:46:36.996 UTC: 	 Found CRAB cache file /afs/cern.ch/user/b/bibehera/.crab3
INFO 2025-09-09 11:46:36.997 UTC: 	 Will use CRAB configuration file crab_config2.py
DEBUG 2025-09-09 11:46:36.997 UTC: 	 Loading CRAB configuration file.
DEBUG 2025-09-09 11:46:37.005 UTC: 	 Overriden parameter General.requestName with '2pc_OO_V0_InMass_IP27'
DEBUG 2025-09-09 11:46:37.005 UTC: 	 Overriden parameter Data.inputDataset with '/IonPhysics27/bibehera-2pc_OO_V0_IP27-ca42279dfc2dce710b3991c24f27a617/USER'
DEBUG 2025-09-09 11:46:37.005 UTC: 	 Overriden parameter Data.secondaryInputDataset with '/IonPhysics27/OORun2025-PromptReco-v1/MINIAOD'
DEBUG 2025-09-09 11:46:37.005 UTC: 	 Overriden parameter Data.outputDatasetTag with '2pc_OO_V0_InMass_IP27'
DEBUG 2025-09-09 11:46:37.005 UTC: 	 Will use CRAB plugin ANALYSIS (i.e. will run an analysis job type).
DEBUG 2025-09-09 11:46:37.018 UTC: 	 Checking credentials
DEBUG 2025-09-09 11:46:37.018 UTC: 	 Found proxy file /tmp/x509up_u177753
DEBUG 2025-09-09 11:46:37.018 UTC: 	 Making sure it has proper VOMS extension
DEBUG 2025-09-09 11:46:37.018 UTC: 	 Executing command :
 voms-proxy-info --vo --file /tmp/x509up_u177753
DEBUG 2025-09-09 11:46:37.046 UTC: 	 output : cms

 error: 
 retcode : 0
DEBUG 2025-09-09 11:46:37.046 UTC: 	 Getting proxy life time left
DEBUG 2025-09-09 11:46:37.046 UTC: 	 Executing command :
 voms-proxy-info --actimeleft --timeleft --file /tmp/x509up_u177753
DEBUG 2025-09-09 11:46:37.079 UTC: 	 output : 41982
41982

 error: 
 retcode : 0
DEBUG 2025-09-09 11:46:37.079 UTC: 	 Proxy valid for 11:39:42 hours
DEBUG 2025-09-09 11:46:37.079 UTC: 	 Encoded data for curl request: subresource=delegatedn
DEBUG 2025-09-09 11:46:37.141 UTC: 	 Registering user credentials on myproxy for /DC=ch/DC=cern/OU=computers/CN=crab-(preprod|prod)-tw(01|02).cern.ch|/DC=ch/DC=cern/OU=computers/CN=crab-dev-tw(01|02|03|04).cern.ch|/DC=ch/DC=cern/OU=Organic Units/OU=Users/CN=cmscrab/CN=(817881|373708)/CN=Robot: cms crab|/DC=ch/DC=cern/OU=Organic Units/OU=Users/CN=crabint1/CN=373708/CN=Robot: CMS CRAB Integration 1
DEBUG 2025-09-09 11:46:37.141 UTC: 	 Executing command :
 voms-proxy-info --identity --file /tmp/x509up_u177753
DEBUG 2025-09-09 11:46:37.172 UTC: 	 output : /DC=ch/DC=cern/OU=Organic Units/OU=Users/CN=bibehera/CN=882295/CN=Bismita Behera

 error: 
 retcode : 0
DEBUG 2025-09-09 11:46:37.172 UTC: 	 Getting myproxy life time left for bfbdf12a5670e45fdd055ff115afbb0f25b8a072
DEBUG 2025-09-09 11:46:37.172 UTC: 	 Executing command :
 myproxy-info -s myproxy.cern.ch -l bfbdf12a5670e45fdd055ff115afbb0f25b8a072
DEBUG 2025-09-09 11:46:37.444 UTC: 	 output : username: bfbdf12a5670e45fdd055ff115afbb0f25b8a072
owner: /DC=ch/DC=cern/OU=Organic Units/OU=Users/CN=bibehera/CN=882295/CN=Bismita Behera
  renewal policy: /DC=ch/DC=cern/OU=computers/CN=crab-(preprod|prod)-tw(01|02).cern.ch|/DC=ch/DC=cern/OU=computers/CN=crab-dev-tw(01|02|03|04).cern.ch|/DC=ch/DC=cern/OU=Organic Units/OU=Users/CN=cmscrab/CN=(817881|373708)/CN=Robot: cms crab|/DC=ch/DC=cern/OU=Organic Units/OU=Users/CN=crabint1/CN=373708/CN=Robot: CMS CRAB Integration 1
  trusted retrieval policy: /DC=ch/DC=cern/OU=computers/CN=crab-(preprod|prod)-tw(01|02).cern.ch|/DC=ch/DC=cern/OU=computers/CN=crab-dev-tw(01|02|03|04).cern.ch|/DC=ch/DC=cern/OU=Organic Units/OU=Users/CN=cmscrab/CN=(817881|373708)/CN=Robot: cms crab|/DC=ch/DC=cern/OU=Organic Units/OU=Users/CN=crabint1/CN=373708/CN=Robot: CMS CRAB Integration 1
  timeleft: 392:34:30  (16.4 days)

 error: 
 retcode : 0
DEBUG 2025-09-09 11:46:37.445 UTC: 	 Myproxy is valid: 1413240
DEBUG 2025-09-09 11:46:37.445 UTC: 	 Result of myproxy credential check:
  Credential exists on myproxy: username: bfbdf12a5670e45fdd055ff115afbb0f25b8a072  - validity: 16 days, 8:34:00
DEBUG 2025-09-09 11:46:37.445 UTC: 	 Command use: submit
DEBUG 2025-09-09 11:46:37.445 UTC: 	 Options use: ['-c', 'crab_config2.py', 'General.requestName=2pc_OO_V0_InMass_IP27', 'Data.inputDataset=/IonPhysics27/bibehera-2pc_OO_V0_IP27-ca42279dfc2dce710b3991c24f27a617/USER', 'Data.secondaryInputDataset=/IonPhysics27/OORun2025-PromptReco-v1/MINIAOD', 'Data.outputDatasetTag=2pc_OO_V0_InMass_IP27']
DEBUG 2025-09-09 11:46:37.445 UTC: 	 Encoded data for curl request: subresource=version
DEBUG 2025-09-09 11:46:37.504 UTC: 	 CRABClient version: v3.250820
DEBUG 2025-09-09 11:46:37.504 UTC: 	 Instance is prod
DEBUG 2025-09-09 11:46:37.504 UTC: 	 Server base url is cmsweb.cern.ch
DEBUG 2025-09-09 11:46:37.504 UTC: 	 Command api workflow
DEBUG 2025-09-09 11:46:37.504 UTC: 	 Started submission
DEBUG 2025-09-09 11:46:37.504 UTC: 	 Working on /eos/home-b/bibehera/OO_Simfit/CMSSW_15_0_6_patch1/src/Analyzer/RaghuV0Ana/cfg/OO_Data_MINIAOD/crab_2pc_OO_V0_InMass_IP27
DEBUG 2025-09-09 11:46:37.505 UTC: 	 Encoded data for curl request: subresource=backendurls
DEBUG 2025-09-09 11:46:37.600 UTC: 	 Loading required information from the environment
DEBUG 2025-09-09 11:46:37.600 UTC: 	 Found CMSSW_15_0_6_patch1 for el9_amd64_gcc12 with base /eos/home-b/bibehera/OO_Simfit/CMSSW_15_0_6_patch1
DEBUG 2025-09-09 11:46:37.600 UTC: 	 Loading required information from the environment
DEBUG 2025-09-09 11:46:37.600 UTC: 	 Found CMSSW_15_0_6_patch1 for el9_amd64_gcc12 with base /eos/home-b/bibehera/OO_Simfit/CMSSW_15_0_6_patch1
DEBUG 2025-09-09 11:46:37.600 UTC: 	 UNIQUE NAME: tarUUID 70c25064-7194-4983-a730-9b1c9da54730 
DEBUG 2025-09-09 11:46:37.600 UTC: 	 self.config: from WMCore.Configuration import Configuration
config = Configuration()
config.section_('General')
config.General.transferLogs = True
config.General.transferOutputs = True
config.General.workArea = 'OO_Data_MINIAOD'
config.General.requestName = '2pc_OO_V0_InMass_IP27'
config.section_('JobType')
config.JobType.psetName = 'PbPb_2018_cfg.py'
config.JobType.pluginName = 'Analysis'
config.section_('Data')
config.Data.totalUnits = -1
config.Data.outLFNDirBase = '/store/user/bibehera/'
config.Data.inputDBS = 'phys03'
config.Data.unitsPerJob = 3
config.Data.inputDataset = '/IonPhysics27/bibehera-2pc_OO_V0_IP27-ca42279dfc2dce710b3991c24f27a617/USER'
config.Data.outputDatasetTag = '2pc_OO_V0_InMass_IP27'
config.Data.lumiMask = 'generated_json.json'
config.Data.secondaryInputDataset = '/IonPhysics27/OORun2025-PromptReco-v1/MINIAOD'
config.Data.publication = False
config.Data.splitting = 'LumiBased'
config.section_('Site')
config.Site.storageSite = 'T3_CH_CERNBOX'
config.section_('User')
config.section_('Debug')

DEBUG 2025-09-09 11:46:37.600 UTC: 	 self.config.JobType.psetName: PbPb_2018_cfg.py
INFO 2025-09-09 11:46:37.601 UTC: 	 Importing CMSSW configuration PbPb_2018_cfg.py
INFO 2025-09-09 11:46:38.584 UTC: 	 Finished importing CMSSW configuration PbPb_2018_cfg.py
DEBUG 2025-09-09 11:46:38.584 UTC: 	 Writing CMSSW configuration to /eos/home-b/bibehera/OO_Simfit/CMSSW_15_0_6_patch1/src/Analyzer/RaghuV0Ana/cfg/OO_Data_MINIAOD/crab_2pc_OO_V0_InMass_IP27/inputs/PSet.py
DEBUG 2025-09-09 11:46:38.665 UTC: 	 The following EDM output files will be collected: []
DEBUG 2025-09-09 11:46:38.665 UTC: 	 The following TFile output files will be collected: ['V0_test_pt_invariantmass1.root']
DEBUG 2025-09-09 11:46:38.665 UTC: 	 The following user output files (not listed as PoolOuputModule or TFileService in the CMSSW PSet) will be collected: 
DEBUG 2025-09-09 11:46:38.665 UTC: 	 Loading required information from the environment
DEBUG 2025-09-09 11:46:38.665 UTC: 	 Found CMSSW_15_0_6_patch1 for el9_amd64_gcc12 with base /eos/home-b/bibehera/OO_Simfit/CMSSW_15_0_6_patch1
DEBUG 2025-09-09 11:46:38.665 UTC: 	 Making tarball in /eos/home-b/bibehera/OO_Simfit/CMSSW_15_0_6_patch1/src/Analyzer/RaghuV0Ana/cfg/OO_Data_MINIAOD/crab_2pc_OO_V0_InMass_IP27/inputs/70c25064-7194-4983-a730-9b1c9da54730default.tgz
DEBUG 2025-09-09 11:46:38.667 UTC: 	 Checking directory /eos/home-b/bibehera/OO_Simfit/CMSSW_15_0_6_patch1/bin
DEBUG 2025-09-09 11:46:38.667 UTC: 	 Adding directory /eos/home-b/bibehera/OO_Simfit/CMSSW_15_0_6_patch1/bin to tarball
DEBUG 2025-09-09 11:46:38.674 UTC: 	 Checking directory /eos/home-b/bibehera/OO_Simfit/CMSSW_15_0_6_patch1/python
DEBUG 2025-09-09 11:46:38.674 UTC: 	 Adding directory /eos/home-b/bibehera/OO_Simfit/CMSSW_15_0_6_patch1/python to tarball
DEBUG 2025-09-09 11:46:38.796 UTC: 	 Checking directory /eos/home-b/bibehera/OO_Simfit/CMSSW_15_0_6_patch1/cfipython
DEBUG 2025-09-09 11:46:38.796 UTC: 	 Adding directory /eos/home-b/bibehera/OO_Simfit/CMSSW_15_0_6_patch1/cfipython to tarball
DEBUG 2025-09-09 11:46:39.077 UTC: 	 Checking directory /eos/home-b/bibehera/OO_Simfit/CMSSW_15_0_6_patch1/lib
DEBUG 2025-09-09 11:46:39.078 UTC: 	 Adding directory /eos/home-b/bibehera/OO_Simfit/CMSSW_15_0_6_patch1/lib to tarball
DEBUG 2025-09-09 11:46:39.351 UTC: 	 Checking directory /eos/home-b/bibehera/OO_Simfit/CMSSW_15_0_6_patch1/biglib
DEBUG 2025-09-09 11:46:39.351 UTC: 	 Adding directory /eos/home-b/bibehera/OO_Simfit/CMSSW_15_0_6_patch1/biglib to tarball
DEBUG 2025-09-09 11:46:39.356 UTC: 	 Checking directory /eos/home-b/bibehera/OO_Simfit/CMSSW_15_0_6_patch1/module
DEBUG 2025-09-09 11:46:39.356 UTC: 	 Checking directory /eos/home-b/bibehera/OO_Simfit/CMSSW_15_0_6_patch1/config/SCRAM/hooks
DEBUG 2025-09-09 11:46:39.356 UTC: 	 Adding directory /eos/home-b/bibehera/OO_Simfit/CMSSW_15_0_6_patch1/config/SCRAM/hooks to tarball
DEBUG 2025-09-09 11:46:39.527 UTC: 	 Adding directory /eos/home-b/bibehera/OO_Simfit/CMSSW_15_0_6_patch1/src/Analyzer/RaghuV0Ana/data to tarball
DEBUG 2025-09-09 11:46:39.951 UTC: 	 Adding directory /eos/home-b/bibehera/OO_Simfit/CMSSW_15_0_6_patch1/src/Analyzer/RaghuV0Ana/interface to tarball
DEBUG 2025-09-09 11:46:39.966 UTC: 	 Adding directory /eos/home-b/bibehera/OO_Simfit/CMSSW_15_0_6_patch1/src/Analyzer/RaghuV0Ana/python to tarball
DEBUG 2025-09-09 11:46:39.986 UTC: 	 Adding directory /eos/home-b/bibehera/OO_Simfit/CMSSW_15_0_6_patch1/src/HeavyIonsAnalysis/Configuration/data to tarball
DEBUG 2025-09-09 11:46:40.387 UTC: 	 Adding directory /eos/home-b/bibehera/OO_Simfit/CMSSW_15_0_6_patch1/src/HeavyIonsAnalysis/Configuration/python to tarball
DEBUG 2025-09-09 11:46:40.430 UTC: 	 Adding directory /eos/home-b/bibehera/OO_Simfit/CMSSW_15_0_6_patch1/src/HeavyIonsAnalysis/EGMAnalysis/data to tarball
DEBUG 2025-09-09 11:46:40.438 UTC: 	 Adding directory /eos/home-b/bibehera/OO_Simfit/CMSSW_15_0_6_patch1/src/HeavyIonsAnalysis/EGMAnalysis/interface to tarball
DEBUG 2025-09-09 11:46:40.446 UTC: 	 Adding directory /eos/home-b/bibehera/OO_Simfit/CMSSW_15_0_6_patch1/src/HeavyIonsAnalysis/EGMAnalysis/python to tarball
DEBUG 2025-09-09 11:46:40.462 UTC: 	 Adding directory /eos/home-b/bibehera/OO_Simfit/CMSSW_15_0_6_patch1/src/HeavyIonsAnalysis/EventAnalysis/python to tarball
DEBUG 2025-09-09 11:46:40.589 UTC: 	 Adding directory /eos/home-b/bibehera/OO_Simfit/CMSSW_15_0_6_patch1/src/HeavyIonsAnalysis/JetAnalysis/interface to tarball
DEBUG 2025-09-09 11:46:40.601 UTC: 	 Adding directory /eos/home-b/bibehera/OO_Simfit/CMSSW_15_0_6_patch1/src/HeavyIonsAnalysis/JetAnalysis/python to tarball
DEBUG 2025-09-09 11:46:40.663 UTC: 	 Adding directory /eos/home-b/bibehera/OO_Simfit/CMSSW_15_0_6_patch1/src/HeavyIonsAnalysis/MuonAnalysis/interface to tarball
DEBUG 2025-09-09 11:46:40.671 UTC: 	 Adding directory /eos/home-b/bibehera/OO_Simfit/CMSSW_15_0_6_patch1/src/HeavyIonsAnalysis/MuonAnalysis/python to tarball
DEBUG 2025-09-09 11:46:40.685 UTC: 	 Adding directory /eos/home-b/bibehera/OO_Simfit/CMSSW_15_0_6_patch1/src/HeavyIonsAnalysis/TrackAnalysis/interface to tarball
DEBUG 2025-09-09 11:46:40.690 UTC: 	 Adding directory /eos/home-b/bibehera/OO_Simfit/CMSSW_15_0_6_patch1/src/HeavyIonsAnalysis/TrackAnalysis/python to tarball
DEBUG 2025-09-09 11:46:40.715 UTC: 	 Adding directory /eos/home-b/bibehera/OO_Simfit/CMSSW_15_0_6_patch1/src/HeavyIonsAnalysis/VertexAnalysis/python to tarball
DEBUG 2025-09-09 11:46:40.725 UTC: 	 Adding directory /eos/home-b/bibehera/OO_Simfit/CMSSW_15_0_6_patch1/src/HeavyIonsAnalysis/ZDCAnalysis/python to tarball
DEBUG 2025-09-09 11:46:40.809 UTC: 	 Uploading archive /eos/home-b/bibehera/OO_Simfit/CMSSW_15_0_6_patch1/src/Analyzer/RaghuV0Ana/cfg/OO_Data_MINIAOD/crab_2pc_OO_V0_InMass_IP27/inputs/70c25064-7194-4983-a730-9b1c9da54730default.tgz (3.182617.1 MB) to the CRAB cache. Using URI https://cmsweb.cern.ch/S3/crabcache_prod
DEBUG 2025-09-09 11:46:41.663 UTC: 	 Encoded data for curl request: subresource=upload&objecttype=sandbox&tarballname=51e72922afa6ee5eb35f179f5e4f814b2fd77b87b948a015995de24a8135229a.tar.gz
DEBUG 2025-09-09 11:46:41.765 UTC: 	 sandbox 51e72922afa6ee5eb35f179f5e4f814b2fd77b87b948a015995de24a8135229a.tar.gz is already in the S3 store, will not upload again
DEBUG 2025-09-09 11:46:41.765 UTC: 	 Loading required information from the environment
DEBUG 2025-09-09 11:46:41.765 UTC: 	 Found CMSSW_15_0_6_patch1 for el9_amd64_gcc12 with base /eos/home-b/bibehera/OO_Simfit/CMSSW_15_0_6_patch1
DEBUG 2025-09-09 11:46:41.765 UTC: 	 Making tarball in /eos/home-b/bibehera/OO_Simfit/CMSSW_15_0_6_patch1/src/Analyzer/RaghuV0Ana/cfg/OO_Data_MINIAOD/crab_2pc_OO_V0_InMass_IP27/inputs/debugFiles.tgz
DEBUG 2025-09-09 11:46:41.778 UTC: 	 Uploading archive /eos/home-b/bibehera/OO_Simfit/CMSSW_15_0_6_patch1/src/Analyzer/RaghuV0Ana/cfg/OO_Data_MINIAOD/crab_2pc_OO_V0_InMass_IP27/inputs/debugFiles.tgz (3 KB) to the CRAB cache. Using URI https://cmsweb.cern.ch/S3/crabcache_prod
DEBUG 2025-09-09 11:46:41.783 UTC: 	 Encoded data for curl request: subresource=upload&objecttype=sandbox&tarballname=7abcb47de7799872f04fef9a4fa37c5a0e409139db22ec796e58927ee58e8b75.tar.gz
DEBUG 2025-09-09 11:46:41.918 UTC: 	 Will execute:
curl -f -v -X POST  -H "User-Agent: CRAB" -F "key=bibehera/sandboxes/7abcb47de7799872f04fef9a4fa37c5a0e409139db22ec796e58927ee58e8b75.tar.gz" -F "AWSAccessKeyId=715203df6482458ba839e73e6dab634b" -F "policy=eyJleHBpcmF0aW9uIjogIjIwMjUtMDktMDlUMTI6NDY6NDFaIiwgImNvbmRpdGlvbnMiOiBbeyJidWNrZXQiOiAiY3JhYmNhY2hlX3Byb2QifSwgeyJrZXkiOiAiYmliZWhlcmEvc2FuZGJveGVzLzdhYmNiNDdkZTc3OTk4NzJmMDRmZWY5YTRmYTM3YzVhMGU0MDkxMzlkYjIyZWM3OTZlNTg5MjdlZTU4ZThiNzUudGFyLmd6In1dfQ==" -F "signature=1+viSaVXe7VhhpljOUXDgooxgCQ=" -F "file=@/eos/home-b/bibehera/OO_Simfit/CMSSW_15_0_6_patch1/src/Analyzer/RaghuV0Ana/cfg/OO_Data_MINIAOD/crab_2pc_OO_V0_InMass_IP27/inputs/debugFiles.tgz" "https://s3.cern.ch/crabcache_prod"
DEBUG 2025-09-09 11:46:42.007 UTC: 	 exitcode: 0
stdout: b''
DEBUG 2025-09-09 11:46:42.007 UTC: 	 upload to S3 of sandbox /eos/home-b/bibehera/OO_Simfit/CMSSW_15_0_6_patch1/src/Analyzer/RaghuV0Ana/cfg/OO_Data_MINIAOD/crab_2pc_OO_V0_InMass_IP27/inputs/debugFiles.tgz completed
DEBUG 2025-09-09 11:46:42.007 UTC: 	 make sure that object is ready for retrieve
DEBUG 2025-09-09 11:46:43.008 UTC: 	 Encoded data for curl request: subresource=download&objecttype=sandbox&tarballname=7abcb47de7799872f04fef9a4fa37c5a0e409139db22ec796e58927ee58e8b75.tar.gz&clientmethod=head_object
DEBUG 2025-09-09 11:46:43.089 UTC: 	 PreSignedUrl to download sandbox received OK
DEBUG 2025-09-09 11:46:43.093 UTC: 	 Will execute:
 curl -v -s -f -o /dev/null --head  "https://s3.cern.ch/crabcache_prod/bibehera/sandboxes/7abcb47de7799872f04fef9a4fa37c5a0e409139db22ec796e58927ee58e8b75.tar.gz?AWSAccessKeyId=715203df6482458ba839e73e6dab634b&Signature=k9XXcA9CKTomq7Qg4fuUPOT9hdQ%3D&Expires=1757422003"
DEBUG 2025-09-09 11:46:43.130 UTC: 	 exitcode: 0
stdout: b''
DEBUG 2025-09-09 11:46:43.130 UTC: 	 sandbox /eos/home-b/bibehera/OO_Simfit/CMSSW_15_0_6_patch1/src/Analyzer/RaghuV0Ana/cfg/OO_Data_MINIAOD/crab_2pc_OO_V0_InMass_IP27/inputs/debugFiles.tgz successfully uploaded to S3
DEBUG 2025-09-09 11:46:43.130 UTC: 	 Result uploading input files: 51e72922afa6ee5eb35f179f5e4f814b2fd77b87b948a015995de24a8135229a.tar.gz 
DEBUG 2025-09-09 11:46:43.130 UTC: 	 Attaching lumi mask generated_json.json to the request
DEBUG 2025-09-09 11:46:43.131 UTC: 	 Reading lumi-mask from generated_json.json
DEBUG 2025-09-09 11:46:43.132 UTC: 	 submit() - self.configuration from WMCore.Configuration import Configuration
config = Configuration()
config.section_('General')
config.General.transferLogs = True
config.General.transferOutputs = True
config.General.workArea = 'OO_Data_MINIAOD'
config.General.requestName = '2pc_OO_V0_InMass_IP27'
config.section_('JobType')
config.JobType.psetName = 'PbPb_2018_cfg.py'
config.JobType.pluginName = 'Analysis'
config.section_('Data')
config.Data.totalUnits = -1
config.Data.outLFNDirBase = '/store/user/bibehera/'
config.Data.inputDBS = 'phys03'
config.Data.unitsPerJob = 3
config.Data.inputDataset = '/IonPhysics27/bibehera-2pc_OO_V0_IP27-ca42279dfc2dce710b3991c24f27a617/USER'
config.Data.outputDatasetTag = '2pc_OO_V0_InMass_IP27'
config.Data.lumiMask = 'generated_json.json'
config.Data.secondaryInputDataset = '/IonPhysics27/OORun2025-PromptReco-v1/MINIAOD'
config.Data.publication = False
config.Data.splitting = 'LumiBased'
config.section_('Site')
config.Site.storageSite = 'T3_CH_CERNBOX'
config.section_('User')
config.section_('Debug')

DEBUG 2025-09-09 11:46:43.133 UTC: 	 submit() - self.configreq {'dryrun': 0, 'workflow': 'crab_2pc_OO_V0_InMass_IP27', 'saveoutput': 1, 'savelogsflag': 1, 'inputdata': '/IonPhysics27/bibehera-2pc_OO_V0_IP27-ca42279dfc2dce710b3991c24f27a617/USER', 'nonvaliddata': 0, 'userfiles': [], 'dbsurl': 'https://cmsweb.cern.ch/dbs/prod/phys03/DBSReader', 'useparent': 0, 'secondarydata': '/IonPhysics27/OORun2025-PromptReco-v1/MINIAOD', 'ignorelocality': 0, 'splitalgo': 'LumiBased', 'algoargs': 3, 'totalunits': -1, 'lfn': '/store/user/bibehera/', 'publication': 0, 'publishdbsurl': 'https://cmsweb.cern.ch/dbs/prod/phys03/DBSWriter', 'publishname2': '2pc_OO_V0_InMass_IP27', 'jobtype': 'Analysis', 'generator': 'pythia', 'addoutputfiles': [], 'maxjobruntime': 1250, 'numcores': 1, 'maxmemory': 2000, 'priority': 10, 'nonprodsw': 0, 'asyncdest': 'T3_CH_CERNBOX', 'requireaccelerator': 0, 'oneEventMode': 0, 'extrajdl': [], 'ignoreglobalblacklist': 0, 'partialdataset': 0, 'inputblocks': []}
DEBUG 2025-09-09 11:46:43.133 UTC: 	 submit() - jobconfig {'addoutputfiles': [], 'tfileoutfiles': ['V0_test_pt_invariantmass1.root'], 'edmoutfiles': [], 'jobarch': 'el9_amd64_gcc12', 'jobminuarch': 'x86-64-v3', 'jobsw': 'CMSSW_15_0_6_patch1', 'inputdata': '/IonPhysics27/bibehera-2pc_OO_V0_IP27-ca42279dfc2dce710b3991c24f27a617/USER', 'cacheurl': 'https://cmsweb.cern.ch/S3/crabcache_prod', 'cachefilename': '51e72922afa6ee5eb35f179f5e4f814b2fd77b87b948a015995de24a8135229a.tar.gz', 'debugfilename': '7abcb47de7799872f04fef9a4fa37c5a0e409139db22ec796e58927ee58e8b75.tar.gz', 'runs': ['394153', '394154', '394169', '394175', '394183', '394184', '394185', '394186', '394187', '394188', '394189', '394204', '394209', '394217'], 'lumis': ['40,169', '1,886', '39,997', '47,988', '15,239', '1,667', '1,3', '1,15', '1,1', '1,107', '1,72', '38,932', '23,1209', '41,838'], 'jobtype': 'Analysis'}
INFO 2025-09-09 11:46:43.133 UTC: 	 Sending the request to the server at cmsweb.cern.ch
DEBUG 2025-09-09 11:46:43.133 UTC: 	 Submitting {'dryrun': 0, 'workflow': 'crab_2pc_OO_V0_InMass_IP27', 'saveoutput': 1, 'savelogsflag': 1, 'inputdata': '/IonPhysics27/bibehera-2pc_OO_V0_IP27-ca42279dfc2dce710b3991c24f27a617/USER', 'nonvaliddata': 0, 'userfiles': [], 'dbsurl': 'https://cmsweb.cern.ch/dbs/prod/phys03/DBSReader', 'useparent': 0, 'secondarydata': '/IonPhysics27/OORun2025-PromptReco-v1/MINIAOD', 'ignorelocality': 0, 'splitalgo': 'LumiBased', 'algoargs': 3, 'totalunits': -1, 'lfn': '/store/user/bibehera/', 'publication': 0, 'publishdbsurl': 'https://cmsweb.cern.ch/dbs/prod/phys03/DBSWriter', 'publishname2': '2pc_OO_V0_InMass_IP27', 'jobtype': 'Analysis', 'generator': 'pythia', 'addoutputfiles': [], 'maxjobruntime': 1250, 'numcores': 1, 'maxmemory': 2000, 'priority': 10, 'nonprodsw': 0, 'asyncdest': 'T3_CH_CERNBOX', 'requireaccelerator': 0, 'oneEventMode': 0, 'extrajdl': [], 'ignoreglobalblacklist': 0, 'partialdataset': 0, 'inputblocks': [], 'tfileoutfiles': ['V0_test_pt_invariantmass1.root'], 'edmoutfiles': [], 'jobarch': 'el9_amd64_gcc12', 'jobminuarch': 'x86-64-v3', 'jobsw': 'CMSSW_15_0_6_patch1', 'cacheurl': 'https://cmsweb.cern.ch/S3/crabcache_prod', 'cachefilename': '51e72922afa6ee5eb35f179f5e4f814b2fd77b87b948a015995de24a8135229a.tar.gz', 'debugfilename': '7abcb47de7799872f04fef9a4fa37c5a0e409139db22ec796e58927ee58e8b75.tar.gz', 'runs': ['394153', '394154', '394169', '394175', '394183', '394184', '394185', '394186', '394187', '394188', '394189', '394204', '394209', '394217'], 'lumis': ['40,169', '1,886', '39,997', '47,988', '15,239', '1,667', '1,3', '1,15', '1,1', '1,107', '1,72', '38,932', '23,1209', '41,838']} 
DEBUG 2025-09-09 11:46:43.134 UTC: 	 Encoded data for curl request: dryrun=0&workflow=crab_2pc_OO_V0_InMass_IP27&saveoutput=1&savelogsflag=1&inputdata=%2FIonPhysics27%2Fbibehera-2pc_OO_V0_IP27-ca42279dfc2dce710b3991c24f27a617%2FUSER&nonvaliddata=0&dbsurl=https%3A%2F%2Fcmsweb.cern.ch%2Fdbs%2Fprod%2Fphys03%2FDBSReader&useparent=0&secondarydata=%2FIonPhysics27%2FOORun2025-PromptReco-v1%2FMINIAOD&ignorelocality=0&splitalgo=LumiBased&algoargs=3&totalunits=-1&lfn=%2Fstore%2Fuser%2Fbibehera%2F&publication=0&publishdbsurl=https%3A%2F%2Fcmsweb.cern.ch%2Fdbs%2Fprod%2Fphys03%2FDBSWriter&publishname2=2pc_OO_V0_InMass_IP27&jobtype=Analysis&generator=pythia&maxjobruntime=1250&numcores=1&maxmemory=2000&priority=10&nonprodsw=0&asyncdest=T3_CH_CERNBOX&requireaccelerator=0&oneEventMode=0&ignoreglobalblacklist=0&partialdataset=0&jobarch=el9_amd64_gcc12&jobminuarch=x86-64-v3&jobsw=CMSSW_15_0_6_patch1&cacheurl=https%3A%2F%2Fcmsweb.cern.ch%2FS3%2Fcrabcache_prod&cachefilename=51e72922afa6ee5eb35f179f5e4f814b2fd77b87b948a015995de24a8135229a.tar.gz&debugfilename=7abcb47de7799872f04fef9a4fa37c5a0e409139db22ec796e58927ee58e8b75.tar.gz&tfileoutfiles=V0_test_pt_invariantmass1.root&runs=394153&runs=394154&runs=394169&runs=394175&runs=394183&runs=394184&runs=394185&runs=394186&runs=394187&runs=394188&runs=394189&runs=394204&runs=394209&runs=394217&lumis=40%2C169&lumis=1%2C886&lumis=39%2C997&lumis=47%2C988&lumis=15%2C239&lumis=1%2C667&lumis=1%2C3&lumis=1%2C15&lumis=1%2C1&lumis=1%2C107&lumis=1%2C72&lumis=38%2C932&lumis=23%2C1209&lumis=41%2C838
DEBUG 2025-09-09 11:46:43.250 UTC: 	 Result: {'result': [{'RequestName': '250909_114643:bibehera_crab_2pc_OO_V0_InMass_IP27'}]}
INFO 2025-09-09 11:46:43.260 UTC: 	 Success: Your task has been delivered to the prod CRAB3 server.
INFO 2025-09-09 11:46:43.261 UTC: 	 Task name: 250909_114643:bibehera_crab_2pc_OO_V0_InMass_IP27
INFO 2025-09-09 11:46:43.261 UTC: 	 Project dir: OO_Data_MINIAOD/crab_2pc_OO_V0_InMass_IP27
INFO 2025-09-09 11:46:43.261 UTC: 	 Please use ' crab status -d OO_Data_MINIAOD/crab_2pc_OO_V0_InMass_IP27 ' to check how the submission process proceeds.
DEBUG 2025-09-09 11:46:43.261 UTC: 	 About to return
INFO 2025-09-09 11:46:43.290 UTC: 	 Log file is /eos/home-b/bibehera/OO_Simfit/CMSSW_15_0_6_patch1/src/Analyzer/RaghuV0Ana/cfg/OO_Data_MINIAOD/crab_2pc_OO_V0_InMass_IP27/crab.log
