DEBUG 2025-10-02 18:22:19.188 UTC: 	 CRAB Client version: v3.250820
DEBUG 2025-10-02 18:22:19.188 UTC: 	 Running on: Linux lxplus815.cern.ch 4.18.0-553.75.1.el8_10.x86_64 #1 SMP Wed Sep 10 00:05:32 EDT 2025 x86_64 x86_64 x86_64 GNU/Linux
DEBUG 2025-10-02 18:22:19.188 UTC: 	 Not using Singularity
DEBUG 2025-10-02 18:22:19.188 UTC: 	 Operating System: Red Hat Enterprise Linux 8.10 (Ootpa)
DEBUG 2025-10-02 18:22:19.188 UTC: 	 Executing command: 'submit'
DEBUG 2025-10-02 18:22:19.188 UTC: 	 Found CRAB cache file /afs/cern.ch/user/b/bibehera/.crab3
INFO 2025-10-02 18:22:19.189 UTC: 	 Will use CRAB configuration file crab_config2.py
DEBUG 2025-10-02 18:22:19.189 UTC: 	 Loading CRAB configuration file.
DEBUG 2025-10-02 18:22:19.196 UTC: 	 Overriden parameter General.requestName with '2pc_OO_V0_IM_effcorr_cent0to50_IP22'
DEBUG 2025-10-02 18:22:19.196 UTC: 	 Overriden parameter Data.inputDataset with '/IonPhysics22/bibehera-2pc_OO_V0_IP22-ca42279dfc2dce710b3991c24f27a617/USER'
DEBUG 2025-10-02 18:22:19.196 UTC: 	 Overriden parameter Data.secondaryInputDataset with '/IonPhysics22/OORun2025-PromptReco-v1/MINIAOD'
DEBUG 2025-10-02 18:22:19.196 UTC: 	 Overriden parameter Data.outputDatasetTag with '2pc_OO_V0_IM_effcorr_cent0to50_IP22'
DEBUG 2025-10-02 18:22:19.197 UTC: 	 Will use CRAB plugin ANALYSIS (i.e. will run an analysis job type).
DEBUG 2025-10-02 18:22:19.206 UTC: 	 Checking credentials
DEBUG 2025-10-02 18:22:19.206 UTC: 	 Found proxy file /tmp/x509up_u177753
DEBUG 2025-10-02 18:22:19.206 UTC: 	 Making sure it has proper VOMS extension
DEBUG 2025-10-02 18:22:19.206 UTC: 	 Executing command :
 voms-proxy-info --vo --file /tmp/x509up_u177753
DEBUG 2025-10-02 18:22:19.232 UTC: 	 output : cms

 error: 
 retcode : 0
DEBUG 2025-10-02 18:22:19.232 UTC: 	 Getting proxy life time left
DEBUG 2025-10-02 18:22:19.232 UTC: 	 Executing command :
 voms-proxy-info --actimeleft --timeleft --file /tmp/x509up_u177753
DEBUG 2025-10-02 18:22:19.258 UTC: 	 output : 43060
43060

 error: 
 retcode : 0
DEBUG 2025-10-02 18:22:19.258 UTC: 	 Proxy valid for 11:57:40 hours
DEBUG 2025-10-02 18:22:19.259 UTC: 	 Encoded data for curl request: subresource=delegatedn
DEBUG 2025-10-02 18:22:19.297 UTC: 	 Registering user credentials on myproxy for /DC=ch/DC=cern/OU=computers/CN=crab-(preprod|prod)-tw(01|02).cern.ch|/DC=ch/DC=cern/OU=computers/CN=crab-dev-tw(01|02|03|04).cern.ch|/DC=ch/DC=cern/OU=Organic Units/OU=Users/CN=cmscrab/CN=(817881|373708)/CN=Robot: cms crab|/DC=ch/DC=cern/OU=Organic Units/OU=Users/CN=crabint1/CN=373708/CN=Robot: CMS CRAB Integration 1
DEBUG 2025-10-02 18:22:19.297 UTC: 	 Executing command :
 voms-proxy-info --identity --file /tmp/x509up_u177753
DEBUG 2025-10-02 18:22:19.328 UTC: 	 output : /DC=ch/DC=cern/OU=Organic Units/OU=Users/CN=bibehera/CN=882295/CN=Bismita Behera

 error: 
 retcode : 0
DEBUG 2025-10-02 18:22:19.328 UTC: 	 Getting myproxy life time left for bfbdf12a5670e45fdd055ff115afbb0f25b8a072
DEBUG 2025-10-02 18:22:19.328 UTC: 	 Executing command :
 myproxy-info -s myproxy.cern.ch -l bfbdf12a5670e45fdd055ff115afbb0f25b8a072
DEBUG 2025-10-02 18:22:19.589 UTC: 	 output : username: bfbdf12a5670e45fdd055ff115afbb0f25b8a072
owner: /DC=ch/DC=cern/OU=Organic Units/OU=Users/CN=bibehera/CN=882295/CN=Bismita Behera
  renewal policy: /DC=ch/DC=cern/OU=computers/CN=crab-(preprod|prod)-tw(01|02).cern.ch|/DC=ch/DC=cern/OU=computers/CN=crab-dev-tw(01|02|03|04).cern.ch|/DC=ch/DC=cern/OU=Organic Units/OU=Users/CN=cmscrab/CN=(817881|373708)/CN=Robot: cms crab|/DC=ch/DC=cern/OU=Organic Units/OU=Users/CN=crabint1/CN=373708/CN=Robot: CMS CRAB Integration 1
  trusted retrieval policy: /DC=ch/DC=cern/OU=computers/CN=crab-(preprod|prod)-tw(01|02).cern.ch|/DC=ch/DC=cern/OU=computers/CN=crab-dev-tw(01|02|03|04).cern.ch|/DC=ch/DC=cern/OU=Organic Units/OU=Users/CN=cmscrab/CN=(817881|373708)/CN=Robot: cms crab|/DC=ch/DC=cern/OU=Organic Units/OU=Users/CN=crabint1/CN=373708/CN=Robot: CMS CRAB Integration 1
  timeleft: 667:48:12  (27.8 days)

 error: 
 retcode : 0
DEBUG 2025-10-02 18:22:19.590 UTC: 	 Myproxy is valid: 2404080
DEBUG 2025-10-02 18:22:19.590 UTC: 	 Result of myproxy credential check:
  Credential exists on myproxy: username: bfbdf12a5670e45fdd055ff115afbb0f25b8a072  - validity: 27 days, 19:48:00
DEBUG 2025-10-02 18:22:19.590 UTC: 	 Command use: submit
DEBUG 2025-10-02 18:22:19.590 UTC: 	 Options use: ['-c', 'crab_config2.py', 'General.requestName=2pc_OO_V0_IM_effcorr_cent0to50_IP22', 'Data.inputDataset=/IonPhysics22/bibehera-2pc_OO_V0_IP22-ca42279dfc2dce710b3991c24f27a617/USER', 'Data.secondaryInputDataset=/IonPhysics22/OORun2025-PromptReco-v1/MINIAOD', 'Data.outputDatasetTag=2pc_OO_V0_IM_effcorr_cent0to50_IP22']
DEBUG 2025-10-02 18:22:19.590 UTC: 	 Encoded data for curl request: subresource=version
DEBUG 2025-10-02 18:22:19.638 UTC: 	 CRABClient version: v3.250820
DEBUG 2025-10-02 18:22:19.638 UTC: 	 Instance is prod
DEBUG 2025-10-02 18:22:19.638 UTC: 	 Server base url is cmsweb.cern.ch
DEBUG 2025-10-02 18:22:19.638 UTC: 	 Command api workflow
DEBUG 2025-10-02 18:22:19.638 UTC: 	 Started submission
DEBUG 2025-10-02 18:22:19.638 UTC: 	 Working on /eos/home-b/bibehera/OO_Simfit_eff/CMSSW_15_0_6_patch1/src/Analyzer/RaghuV0Ana/cfg/OO_Data_MINIAOD/crab_2pc_OO_V0_IM_effcorr_cent0to50_IP22
DEBUG 2025-10-02 18:22:19.638 UTC: 	 Encoded data for curl request: subresource=backendurls
DEBUG 2025-10-02 18:22:19.711 UTC: 	 Loading required information from the environment
DEBUG 2025-10-02 18:22:19.711 UTC: 	 Found CMSSW_15_0_6_patch1 for el8_amd64_gcc12 with base /eos/home-b/bibehera/OO_Simfit_eff/CMSSW_15_0_6_patch1
DEBUG 2025-10-02 18:22:19.711 UTC: 	 Loading required information from the environment
DEBUG 2025-10-02 18:22:19.711 UTC: 	 Found CMSSW_15_0_6_patch1 for el8_amd64_gcc12 with base /eos/home-b/bibehera/OO_Simfit_eff/CMSSW_15_0_6_patch1
DEBUG 2025-10-02 18:22:19.711 UTC: 	 UNIQUE NAME: tarUUID f4fe6100-7535-4c5e-9f80-c23676866672 
DEBUG 2025-10-02 18:22:19.711 UTC: 	 self.config: from WMCore.Configuration import Configuration
config = Configuration()
config.section_('General')
config.General.transferOutputs = True
config.General.workArea = 'OO_Data_MINIAOD'
config.General.requestName = '2pc_OO_V0_IM_effcorr_cent0to50_IP22'
config.General.transferLogs = True
config.section_('JobType')
config.JobType.psetName = 'PbPb_2018_cfg.py'
config.JobType.pluginName = 'Analysis'
config.section_('Data')
config.Data.outLFNDirBase = '/store/user/bibehera/'
config.Data.splitting = 'LumiBased'
config.Data.unitsPerJob = 3
config.Data.inputDataset = '/IonPhysics22/bibehera-2pc_OO_V0_IP22-ca42279dfc2dce710b3991c24f27a617/USER'
config.Data.inputDBS = 'phys03'
config.Data.lumiMask = 'generated_json.json'
config.Data.totalUnits = -1
config.Data.secondaryInputDataset = '/IonPhysics22/OORun2025-PromptReco-v1/MINIAOD'
config.Data.outputDatasetTag = '2pc_OO_V0_IM_effcorr_cent0to50_IP22'
config.Data.publication = False
config.section_('Site')
config.Site.storageSite = 'T3_CH_CERNBOX'
config.section_('User')
config.section_('Debug')

DEBUG 2025-10-02 18:22:19.711 UTC: 	 self.config.JobType.psetName: PbPb_2018_cfg.py
INFO 2025-10-02 18:22:19.711 UTC: 	 Importing CMSSW configuration PbPb_2018_cfg.py
INFO 2025-10-02 18:22:20.934 UTC: 	 Finished importing CMSSW configuration PbPb_2018_cfg.py
DEBUG 2025-10-02 18:22:20.934 UTC: 	 Writing CMSSW configuration to /eos/home-b/bibehera/OO_Simfit_eff/CMSSW_15_0_6_patch1/src/Analyzer/RaghuV0Ana/cfg/OO_Data_MINIAOD/crab_2pc_OO_V0_IM_effcorr_cent0to50_IP22/inputs/PSet.py
DEBUG 2025-10-02 18:22:20.993 UTC: 	 The following EDM output files will be collected: []
DEBUG 2025-10-02 18:22:20.993 UTC: 	 The following TFile output files will be collected: ['V0_test_IM_wgt.root']
DEBUG 2025-10-02 18:22:20.993 UTC: 	 The following user output files (not listed as PoolOuputModule or TFileService in the CMSSW PSet) will be collected: 
DEBUG 2025-10-02 18:22:20.993 UTC: 	 Loading required information from the environment
DEBUG 2025-10-02 18:22:20.993 UTC: 	 Found CMSSW_15_0_6_patch1 for el8_amd64_gcc12 with base /eos/home-b/bibehera/OO_Simfit_eff/CMSSW_15_0_6_patch1
DEBUG 2025-10-02 18:22:20.993 UTC: 	 Making tarball in /eos/home-b/bibehera/OO_Simfit_eff/CMSSW_15_0_6_patch1/src/Analyzer/RaghuV0Ana/cfg/OO_Data_MINIAOD/crab_2pc_OO_V0_IM_effcorr_cent0to50_IP22/inputs/f4fe6100-7535-4c5e-9f80-c23676866672default.tgz
DEBUG 2025-10-02 18:22:21.001 UTC: 	 Checking directory /eos/home-b/bibehera/OO_Simfit_eff/CMSSW_15_0_6_patch1/bin
DEBUG 2025-10-02 18:22:21.001 UTC: 	 Adding directory /eos/home-b/bibehera/OO_Simfit_eff/CMSSW_15_0_6_patch1/bin to tarball
DEBUG 2025-10-02 18:22:21.010 UTC: 	 Checking directory /eos/home-b/bibehera/OO_Simfit_eff/CMSSW_15_0_6_patch1/python
DEBUG 2025-10-02 18:22:21.010 UTC: 	 Adding directory /eos/home-b/bibehera/OO_Simfit_eff/CMSSW_15_0_6_patch1/python to tarball
DEBUG 2025-10-02 18:22:21.088 UTC: 	 Checking directory /eos/home-b/bibehera/OO_Simfit_eff/CMSSW_15_0_6_patch1/cfipython
DEBUG 2025-10-02 18:22:21.088 UTC: 	 Adding directory /eos/home-b/bibehera/OO_Simfit_eff/CMSSW_15_0_6_patch1/cfipython to tarball
DEBUG 2025-10-02 18:22:21.248 UTC: 	 Checking directory /eos/home-b/bibehera/OO_Simfit_eff/CMSSW_15_0_6_patch1/lib
DEBUG 2025-10-02 18:22:21.248 UTC: 	 Adding directory /eos/home-b/bibehera/OO_Simfit_eff/CMSSW_15_0_6_patch1/lib to tarball
DEBUG 2025-10-02 18:22:21.464 UTC: 	 Checking directory /eos/home-b/bibehera/OO_Simfit_eff/CMSSW_15_0_6_patch1/biglib
DEBUG 2025-10-02 18:22:21.464 UTC: 	 Adding directory /eos/home-b/bibehera/OO_Simfit_eff/CMSSW_15_0_6_patch1/biglib to tarball
DEBUG 2025-10-02 18:22:21.466 UTC: 	 Checking directory /eos/home-b/bibehera/OO_Simfit_eff/CMSSW_15_0_6_patch1/module
DEBUG 2025-10-02 18:22:21.466 UTC: 	 Checking directory /eos/home-b/bibehera/OO_Simfit_eff/CMSSW_15_0_6_patch1/config/SCRAM/hooks
DEBUG 2025-10-02 18:22:21.467 UTC: 	 Adding directory /eos/home-b/bibehera/OO_Simfit_eff/CMSSW_15_0_6_patch1/config/SCRAM/hooks to tarball
DEBUG 2025-10-02 18:22:21.816 UTC: 	 Adding directory /eos/home-b/bibehera/OO_Simfit_eff/CMSSW_15_0_6_patch1/src/Analyzer/RaghuV0Ana/data to tarball
DEBUG 2025-10-02 18:22:22.411 UTC: 	 Adding directory /eos/home-b/bibehera/OO_Simfit_eff/CMSSW_15_0_6_patch1/src/Analyzer/RaghuV0Ana/interface to tarball
DEBUG 2025-10-02 18:22:22.417 UTC: 	 Adding directory /eos/home-b/bibehera/OO_Simfit_eff/CMSSW_15_0_6_patch1/src/Analyzer/RaghuV0Ana/python to tarball
DEBUG 2025-10-02 18:22:22.429 UTC: 	 Adding directory /eos/home-b/bibehera/OO_Simfit_eff/CMSSW_15_0_6_patch1/src/HeavyIonsAnalysis/Configuration/data to tarball
DEBUG 2025-10-02 18:22:22.793 UTC: 	 Adding directory /eos/home-b/bibehera/OO_Simfit_eff/CMSSW_15_0_6_patch1/src/HeavyIonsAnalysis/Configuration/python to tarball
DEBUG 2025-10-02 18:22:22.820 UTC: 	 Adding directory /eos/home-b/bibehera/OO_Simfit_eff/CMSSW_15_0_6_patch1/src/HeavyIonsAnalysis/EGMAnalysis/data to tarball
DEBUG 2025-10-02 18:22:22.825 UTC: 	 Adding directory /eos/home-b/bibehera/OO_Simfit_eff/CMSSW_15_0_6_patch1/src/HeavyIonsAnalysis/EGMAnalysis/interface to tarball
DEBUG 2025-10-02 18:22:22.833 UTC: 	 Adding directory /eos/home-b/bibehera/OO_Simfit_eff/CMSSW_15_0_6_patch1/src/HeavyIonsAnalysis/EGMAnalysis/python to tarball
DEBUG 2025-10-02 18:22:22.844 UTC: 	 Adding directory /eos/home-b/bibehera/OO_Simfit_eff/CMSSW_15_0_6_patch1/src/HeavyIonsAnalysis/EventAnalysis/python to tarball
DEBUG 2025-10-02 18:22:22.938 UTC: 	 Adding directory /eos/home-b/bibehera/OO_Simfit_eff/CMSSW_15_0_6_patch1/src/HeavyIonsAnalysis/JetAnalysis/interface to tarball
DEBUG 2025-10-02 18:22:22.943 UTC: 	 Adding directory /eos/home-b/bibehera/OO_Simfit_eff/CMSSW_15_0_6_patch1/src/HeavyIonsAnalysis/JetAnalysis/python to tarball
DEBUG 2025-10-02 18:22:22.981 UTC: 	 Adding directory /eos/home-b/bibehera/OO_Simfit_eff/CMSSW_15_0_6_patch1/src/HeavyIonsAnalysis/MuonAnalysis/interface to tarball
DEBUG 2025-10-02 18:22:22.985 UTC: 	 Adding directory /eos/home-b/bibehera/OO_Simfit_eff/CMSSW_15_0_6_patch1/src/HeavyIonsAnalysis/MuonAnalysis/python to tarball
DEBUG 2025-10-02 18:22:22.996 UTC: 	 Adding directory /eos/home-b/bibehera/OO_Simfit_eff/CMSSW_15_0_6_patch1/src/HeavyIonsAnalysis/TrackAnalysis/interface to tarball
DEBUG 2025-10-02 18:22:23.000 UTC: 	 Adding directory /eos/home-b/bibehera/OO_Simfit_eff/CMSSW_15_0_6_patch1/src/HeavyIonsAnalysis/TrackAnalysis/python to tarball
DEBUG 2025-10-02 18:22:23.020 UTC: 	 Adding directory /eos/home-b/bibehera/OO_Simfit_eff/CMSSW_15_0_6_patch1/src/HeavyIonsAnalysis/VertexAnalysis/python to tarball
DEBUG 2025-10-02 18:22:23.027 UTC: 	 Adding directory /eos/home-b/bibehera/OO_Simfit_eff/CMSSW_15_0_6_patch1/src/HeavyIonsAnalysis/ZDCAnalysis/python to tarball
DEBUG 2025-10-02 18:22:23.123 UTC: 	 Uploading archive /eos/home-b/bibehera/OO_Simfit_eff/CMSSW_15_0_6_patch1/src/Analyzer/RaghuV0Ana/cfg/OO_Data_MINIAOD/crab_2pc_OO_V0_IM_effcorr_cent0to50_IP22/inputs/f4fe6100-7535-4c5e-9f80-c23676866672default.tgz (4.678711.1 MB) to the CRAB cache. Using URI https://cmsweb.cern.ch/S3/crabcache_prod
DEBUG 2025-10-02 18:22:24.149 UTC: 	 Encoded data for curl request: subresource=upload&objecttype=sandbox&tarballname=865eae91578d5e477ac8ef23579dec402cdbef13f808ed86091ef08b12b54c62.tar.gz
DEBUG 2025-10-02 18:22:24.212 UTC: 	 sandbox 865eae91578d5e477ac8ef23579dec402cdbef13f808ed86091ef08b12b54c62.tar.gz is already in the S3 store, will not upload again
DEBUG 2025-10-02 18:22:24.212 UTC: 	 Loading required information from the environment
DEBUG 2025-10-02 18:22:24.212 UTC: 	 Found CMSSW_15_0_6_patch1 for el8_amd64_gcc12 with base /eos/home-b/bibehera/OO_Simfit_eff/CMSSW_15_0_6_patch1
DEBUG 2025-10-02 18:22:24.212 UTC: 	 Making tarball in /eos/home-b/bibehera/OO_Simfit_eff/CMSSW_15_0_6_patch1/src/Analyzer/RaghuV0Ana/cfg/OO_Data_MINIAOD/crab_2pc_OO_V0_IM_effcorr_cent0to50_IP22/inputs/debugFiles.tgz
DEBUG 2025-10-02 18:22:24.245 UTC: 	 Uploading archive /eos/home-b/bibehera/OO_Simfit_eff/CMSSW_15_0_6_patch1/src/Analyzer/RaghuV0Ana/cfg/OO_Data_MINIAOD/crab_2pc_OO_V0_IM_effcorr_cent0to50_IP22/inputs/debugFiles.tgz (3 KB) to the CRAB cache. Using URI https://cmsweb.cern.ch/S3/crabcache_prod
DEBUG 2025-10-02 18:22:24.251 UTC: 	 Encoded data for curl request: subresource=upload&objecttype=sandbox&tarballname=ec8e963423b3de0d4fa2317ceea648343d1a53664966c810a054248336f4175b.tar.gz
DEBUG 2025-10-02 18:22:24.296 UTC: 	 Will execute:
curl -f -v -X POST  -H "User-Agent: CRAB" -F "key=bibehera/sandboxes/ec8e963423b3de0d4fa2317ceea648343d1a53664966c810a054248336f4175b.tar.gz" -F "AWSAccessKeyId=715203df6482458ba839e73e6dab634b" -F "policy=eyJleHBpcmF0aW9uIjogIjIwMjUtMTAtMDJUMTk6MjI6MjRaIiwgImNvbmRpdGlvbnMiOiBbeyJidWNrZXQiOiAiY3JhYmNhY2hlX3Byb2QifSwgeyJrZXkiOiAiYmliZWhlcmEvc2FuZGJveGVzL2VjOGU5NjM0MjNiM2RlMGQ0ZmEyMzE3Y2VlYTY0ODM0M2QxYTUzNjY0OTY2YzgxMGEwNTQyNDgzMzZmNDE3NWIudGFyLmd6In1dfQ==" -F "signature=sqfljZMHvF/OAkgEYY7Jr+mV6cM=" -F "file=@/eos/home-b/bibehera/OO_Simfit_eff/CMSSW_15_0_6_patch1/src/Analyzer/RaghuV0Ana/cfg/OO_Data_MINIAOD/crab_2pc_OO_V0_IM_effcorr_cent0to50_IP22/inputs/debugFiles.tgz" "https://s3.cern.ch/crabcache_prod"
DEBUG 2025-10-02 18:22:24.336 UTC: 	 exitcode: 0
stdout: b''
DEBUG 2025-10-02 18:22:24.336 UTC: 	 upload to S3 of sandbox /eos/home-b/bibehera/OO_Simfit_eff/CMSSW_15_0_6_patch1/src/Analyzer/RaghuV0Ana/cfg/OO_Data_MINIAOD/crab_2pc_OO_V0_IM_effcorr_cent0to50_IP22/inputs/debugFiles.tgz completed
DEBUG 2025-10-02 18:22:24.336 UTC: 	 make sure that object is ready for retrieve
DEBUG 2025-10-02 18:22:25.337 UTC: 	 Encoded data for curl request: subresource=download&objecttype=sandbox&tarballname=ec8e963423b3de0d4fa2317ceea648343d1a53664966c810a054248336f4175b.tar.gz&clientmethod=head_object
DEBUG 2025-10-02 18:22:25.386 UTC: 	 PreSignedUrl to download sandbox received OK
DEBUG 2025-10-02 18:22:25.389 UTC: 	 Will execute:
 curl -v -s -f -o /dev/null --head  "https://s3.cern.ch/crabcache_prod/bibehera/sandboxes/ec8e963423b3de0d4fa2317ceea648343d1a53664966c810a054248336f4175b.tar.gz?AWSAccessKeyId=715203df6482458ba839e73e6dab634b&Signature=dLF81jyC1BGFxMQdGFDBNyPqQfE%3D&Expires=1759432945"
DEBUG 2025-10-02 18:22:25.424 UTC: 	 exitcode: 0
stdout: b''
DEBUG 2025-10-02 18:22:25.424 UTC: 	 sandbox /eos/home-b/bibehera/OO_Simfit_eff/CMSSW_15_0_6_patch1/src/Analyzer/RaghuV0Ana/cfg/OO_Data_MINIAOD/crab_2pc_OO_V0_IM_effcorr_cent0to50_IP22/inputs/debugFiles.tgz successfully uploaded to S3
DEBUG 2025-10-02 18:22:25.424 UTC: 	 Result uploading input files: 865eae91578d5e477ac8ef23579dec402cdbef13f808ed86091ef08b12b54c62.tar.gz 
DEBUG 2025-10-02 18:22:25.424 UTC: 	 Attaching lumi mask generated_json.json to the request
DEBUG 2025-10-02 18:22:25.424 UTC: 	 Reading lumi-mask from generated_json.json
DEBUG 2025-10-02 18:22:25.426 UTC: 	 submit() - self.configuration from WMCore.Configuration import Configuration
config = Configuration()
config.section_('General')
config.General.transferOutputs = True
config.General.workArea = 'OO_Data_MINIAOD'
config.General.requestName = '2pc_OO_V0_IM_effcorr_cent0to50_IP22'
config.General.transferLogs = True
config.section_('JobType')
config.JobType.psetName = 'PbPb_2018_cfg.py'
config.JobType.pluginName = 'Analysis'
config.section_('Data')
config.Data.outLFNDirBase = '/store/user/bibehera/'
config.Data.splitting = 'LumiBased'
config.Data.unitsPerJob = 3
config.Data.inputDataset = '/IonPhysics22/bibehera-2pc_OO_V0_IP22-ca42279dfc2dce710b3991c24f27a617/USER'
config.Data.inputDBS = 'phys03'
config.Data.lumiMask = 'generated_json.json'
config.Data.totalUnits = -1
config.Data.secondaryInputDataset = '/IonPhysics22/OORun2025-PromptReco-v1/MINIAOD'
config.Data.outputDatasetTag = '2pc_OO_V0_IM_effcorr_cent0to50_IP22'
config.Data.publication = False
config.section_('Site')
config.Site.storageSite = 'T3_CH_CERNBOX'
config.section_('User')
config.section_('Debug')

DEBUG 2025-10-02 18:22:25.426 UTC: 	 submit() - self.configreq {'dryrun': 0, 'workflow': 'crab_2pc_OO_V0_IM_effcorr_cent0to50_IP22', 'saveoutput': 1, 'savelogsflag': 1, 'inputdata': '/IonPhysics22/bibehera-2pc_OO_V0_IP22-ca42279dfc2dce710b3991c24f27a617/USER', 'nonvaliddata': 0, 'userfiles': [], 'dbsurl': 'https://cmsweb.cern.ch/dbs/prod/phys03/DBSReader', 'useparent': 0, 'secondarydata': '/IonPhysics22/OORun2025-PromptReco-v1/MINIAOD', 'ignorelocality': 0, 'splitalgo': 'LumiBased', 'algoargs': 3, 'totalunits': -1, 'lfn': '/store/user/bibehera/', 'publication': 0, 'publishdbsurl': 'https://cmsweb.cern.ch/dbs/prod/phys03/DBSWriter', 'publishname2': '2pc_OO_V0_IM_effcorr_cent0to50_IP22', 'jobtype': 'Analysis', 'generator': 'pythia', 'addoutputfiles': [], 'maxjobruntime': 1250, 'numcores': 1, 'maxmemory': 2000, 'priority': 10, 'nonprodsw': 0, 'asyncdest': 'T3_CH_CERNBOX', 'requireaccelerator': 0, 'oneEventMode': 0, 'extrajdl': [], 'ignoreglobalblacklist': 0, 'partialdataset': 0, 'inputblocks': []}
DEBUG 2025-10-02 18:22:25.426 UTC: 	 submit() - jobconfig {'addoutputfiles': [], 'tfileoutfiles': ['V0_test_IM_wgt.root'], 'edmoutfiles': [], 'jobarch': 'el8_amd64_gcc12', 'jobminuarch': 'x86-64-v3', 'jobsw': 'CMSSW_15_0_6_patch1', 'inputdata': '/IonPhysics22/bibehera-2pc_OO_V0_IP22-ca42279dfc2dce710b3991c24f27a617/USER', 'cacheurl': 'https://cmsweb.cern.ch/S3/crabcache_prod', 'cachefilename': '865eae91578d5e477ac8ef23579dec402cdbef13f808ed86091ef08b12b54c62.tar.gz', 'debugfilename': 'ec8e963423b3de0d4fa2317ceea648343d1a53664966c810a054248336f4175b.tar.gz', 'runs': ['394153', '394154', '394169', '394175', '394183', '394184', '394185', '394186', '394187', '394188', '394189', '394204', '394209', '394217'], 'lumis': ['40,169', '1,886', '39,997', '47,988', '15,239', '1,667', '1,3', '1,15', '1,1', '1,107', '1,72', '38,932', '23,1209', '41,838'], 'jobtype': 'Analysis'}
INFO 2025-10-02 18:22:25.427 UTC: 	 Sending the request to the server at cmsweb.cern.ch
DEBUG 2025-10-02 18:22:25.427 UTC: 	 Submitting {'dryrun': 0, 'workflow': 'crab_2pc_OO_V0_IM_effcorr_cent0to50_IP22', 'saveoutput': 1, 'savelogsflag': 1, 'inputdata': '/IonPhysics22/bibehera-2pc_OO_V0_IP22-ca42279dfc2dce710b3991c24f27a617/USER', 'nonvaliddata': 0, 'userfiles': [], 'dbsurl': 'https://cmsweb.cern.ch/dbs/prod/phys03/DBSReader', 'useparent': 0, 'secondarydata': '/IonPhysics22/OORun2025-PromptReco-v1/MINIAOD', 'ignorelocality': 0, 'splitalgo': 'LumiBased', 'algoargs': 3, 'totalunits': -1, 'lfn': '/store/user/bibehera/', 'publication': 0, 'publishdbsurl': 'https://cmsweb.cern.ch/dbs/prod/phys03/DBSWriter', 'publishname2': '2pc_OO_V0_IM_effcorr_cent0to50_IP22', 'jobtype': 'Analysis', 'generator': 'pythia', 'addoutputfiles': [], 'maxjobruntime': 1250, 'numcores': 1, 'maxmemory': 2000, 'priority': 10, 'nonprodsw': 0, 'asyncdest': 'T3_CH_CERNBOX', 'requireaccelerator': 0, 'oneEventMode': 0, 'extrajdl': [], 'ignoreglobalblacklist': 0, 'partialdataset': 0, 'inputblocks': [], 'tfileoutfiles': ['V0_test_IM_wgt.root'], 'edmoutfiles': [], 'jobarch': 'el8_amd64_gcc12', 'jobminuarch': 'x86-64-v3', 'jobsw': 'CMSSW_15_0_6_patch1', 'cacheurl': 'https://cmsweb.cern.ch/S3/crabcache_prod', 'cachefilename': '865eae91578d5e477ac8ef23579dec402cdbef13f808ed86091ef08b12b54c62.tar.gz', 'debugfilename': 'ec8e963423b3de0d4fa2317ceea648343d1a53664966c810a054248336f4175b.tar.gz', 'runs': ['394153', '394154', '394169', '394175', '394183', '394184', '394185', '394186', '394187', '394188', '394189', '394204', '394209', '394217'], 'lumis': ['40,169', '1,886', '39,997', '47,988', '15,239', '1,667', '1,3', '1,15', '1,1', '1,107', '1,72', '38,932', '23,1209', '41,838']} 
DEBUG 2025-10-02 18:22:25.427 UTC: 	 Encoded data for curl request: dryrun=0&workflow=crab_2pc_OO_V0_IM_effcorr_cent0to50_IP22&saveoutput=1&savelogsflag=1&inputdata=%2FIonPhysics22%2Fbibehera-2pc_OO_V0_IP22-ca42279dfc2dce710b3991c24f27a617%2FUSER&nonvaliddata=0&dbsurl=https%3A%2F%2Fcmsweb.cern.ch%2Fdbs%2Fprod%2Fphys03%2FDBSReader&useparent=0&secondarydata=%2FIonPhysics22%2FOORun2025-PromptReco-v1%2FMINIAOD&ignorelocality=0&splitalgo=LumiBased&algoargs=3&totalunits=-1&lfn=%2Fstore%2Fuser%2Fbibehera%2F&publication=0&publishdbsurl=https%3A%2F%2Fcmsweb.cern.ch%2Fdbs%2Fprod%2Fphys03%2FDBSWriter&publishname2=2pc_OO_V0_IM_effcorr_cent0to50_IP22&jobtype=Analysis&generator=pythia&maxjobruntime=1250&numcores=1&maxmemory=2000&priority=10&nonprodsw=0&asyncdest=T3_CH_CERNBOX&requireaccelerator=0&oneEventMode=0&ignoreglobalblacklist=0&partialdataset=0&jobarch=el8_amd64_gcc12&jobminuarch=x86-64-v3&jobsw=CMSSW_15_0_6_patch1&cacheurl=https%3A%2F%2Fcmsweb.cern.ch%2FS3%2Fcrabcache_prod&cachefilename=865eae91578d5e477ac8ef23579dec402cdbef13f808ed86091ef08b12b54c62.tar.gz&debugfilename=ec8e963423b3de0d4fa2317ceea648343d1a53664966c810a054248336f4175b.tar.gz&tfileoutfiles=V0_test_IM_wgt.root&runs=394153&runs=394154&runs=394169&runs=394175&runs=394183&runs=394184&runs=394185&runs=394186&runs=394187&runs=394188&runs=394189&runs=394204&runs=394209&runs=394217&lumis=40%2C169&lumis=1%2C886&lumis=39%2C997&lumis=47%2C988&lumis=15%2C239&lumis=1%2C667&lumis=1%2C3&lumis=1%2C15&lumis=1%2C1&lumis=1%2C107&lumis=1%2C72&lumis=38%2C932&lumis=23%2C1209&lumis=41%2C838
DEBUG 2025-10-02 18:22:25.487 UTC: 	 Result: {'result': [{'RequestName': '251002_182225:bibehera_crab_2pc_OO_V0_IM_effcorr_cent0to50_IP22'}]}
INFO 2025-10-02 18:22:25.498 UTC: 	 Success: Your task has been delivered to the prod CRAB3 server.
INFO 2025-10-02 18:22:25.498 UTC: 	 Task name: 251002_182225:bibehera_crab_2pc_OO_V0_IM_effcorr_cent0to50_IP22
INFO 2025-10-02 18:22:25.499 UTC: 	 Project dir: OO_Data_MINIAOD/crab_2pc_OO_V0_IM_effcorr_cent0to50_IP22
INFO 2025-10-02 18:22:25.499 UTC: 	 Please use ' crab status -d OO_Data_MINIAOD/crab_2pc_OO_V0_IM_effcorr_cent0to50_IP22 ' to check how the submission process proceeds.
DEBUG 2025-10-02 18:22:25.499 UTC: 	 About to return
INFO 2025-10-02 18:22:25.520 UTC: 	 Log file is /eos/home-b/bibehera/OO_Simfit_eff/CMSSW_15_0_6_patch1/src/Analyzer/RaghuV0Ana/cfg/OO_Data_MINIAOD/crab_2pc_OO_V0_IM_effcorr_cent0to50_IP22/crab.log
