DEBUG 2026-03-23 06:32:58.979 UTC: 	 CRAB Client version: v3.251020
DEBUG 2026-03-23 06:32:58.980 UTC: 	 Running on: Linux lxplus807.cern.ch 4.18.0-553.92.1.el8_10.x86_64 #1 SMP Tue Jan 6 00:53:45 EST 2026 x86_64 x86_64 x86_64 GNU/Linux
DEBUG 2026-03-23 06:32:58.980 UTC: 	 Not using Singularity
DEBUG 2026-03-23 06:32:58.980 UTC: 	 Operating System: Red Hat Enterprise Linux 8.10 (Ootpa)
DEBUG 2026-03-23 06:32:58.980 UTC: 	 Executing command: 'submit'
DEBUG 2026-03-23 06:32:58.980 UTC: 	 Found CRAB cache file /afs/cern.ch/user/b/bibehera/.crab3
INFO 2026-03-23 06:32:58.981 UTC: 	 Will use CRAB configuration file crab_config2.py
DEBUG 2026-03-23 06:32:58.981 UTC: 	 Loading CRAB configuration file.
DEBUG 2026-03-23 06:32:58.988 UTC: 	 Overriden parameter General.requestName with '2pc_OO_SM_V0_corr_cent70to80_v1_IP13'
DEBUG 2026-03-23 06:32:58.988 UTC: 	 Overriden parameter Data.inputDataset with '/IonPhysics13/bibehera-2pc_OO_V0_IP13-ca42279dfc2dce710b3991c24f27a617/USER'
DEBUG 2026-03-23 06:32:58.988 UTC: 	 Overriden parameter Data.secondaryInputDataset with '/IonPhysics13/OORun2025-PromptReco-v1/MINIAOD'
DEBUG 2026-03-23 06:32:58.988 UTC: 	 Overriden parameter Data.outputDatasetTag with '2pc_OO_SM_V0_corr_cent70to80_v1_IP13'
DEBUG 2026-03-23 06:32:58.988 UTC: 	 Will use CRAB plugin ANALYSIS (i.e. will run an analysis job type).
DEBUG 2026-03-23 06:32:59.000 UTC: 	 Checking credentials
DEBUG 2026-03-23 06:32:59.000 UTC: 	 Found proxy file /tmp/x509up_u177753
DEBUG 2026-03-23 06:32:59.000 UTC: 	 Making sure it has proper VOMS extension
DEBUG 2026-03-23 06:32:59.000 UTC: 	 Executing command :
 voms-proxy-info --vo --file /tmp/x509up_u177753
DEBUG 2026-03-23 06:32:59.019 UTC: 	 output : cms

 error: 
 retcode : 0
DEBUG 2026-03-23 06:32:59.019 UTC: 	 Getting proxy life time left
DEBUG 2026-03-23 06:32:59.019 UTC: 	 Executing command :
 voms-proxy-info --actimeleft --timeleft --file /tmp/x509up_u177753
DEBUG 2026-03-23 06:32:59.036 UTC: 	 output : 42756
42756

 error: 
 retcode : 0
DEBUG 2026-03-23 06:32:59.036 UTC: 	 Proxy valid for 11:52:36 hours
DEBUG 2026-03-23 06:32:59.037 UTC: 	 Encoded data for curl request: subresource=delegatedn
DEBUG 2026-03-23 06:32:59.068 UTC: 	 Registering user credentials on myproxy for /DC=ch/DC=cern/OU=Organic Units/OU=Users/CN=cmscrab/CN=(817881|373708)/CN=Robot: cms crab|/DC=ch/DC=cern/OU=Organic Units/OU=Users/CN=crabint1/CN=373708/CN=Robot: CMS CRAB Integration 1
DEBUG 2026-03-23 06:32:59.068 UTC: 	 Executing command :
 voms-proxy-info --identity --file /tmp/x509up_u177753
DEBUG 2026-03-23 06:32:59.091 UTC: 	 output : /DC=ch/DC=cern/OU=Organic Units/OU=Users/CN=bibehera/CN=882295/CN=Bismita Behera

 error: 
 retcode : 0
DEBUG 2026-03-23 06:32:59.091 UTC: 	 Getting myproxy life time left for bfbdf12a5670e45fdd055ff115afbb0f25b8a072
DEBUG 2026-03-23 06:32:59.091 UTC: 	 Executing command :
 myproxy-info -s myproxy.cern.ch -l bfbdf12a5670e45fdd055ff115afbb0f25b8a072
DEBUG 2026-03-23 06:32:59.354 UTC: 	 output : username: bfbdf12a5670e45fdd055ff115afbb0f25b8a072
owner: /DC=ch/DC=cern/OU=Organic Units/OU=Users/CN=bibehera/CN=882295/CN=Bismita Behera
  renewal policy: /DC=ch/DC=cern/OU=Organic Units/OU=Users/CN=cmscrab/CN=(817881|373708)/CN=Robot: cms crab|/DC=ch/DC=cern/OU=Organic Units/OU=Users/CN=crabint1/CN=373708/CN=Robot: CMS CRAB Integration 1
  trusted retrieval policy: /DC=ch/DC=cern/OU=Organic Units/OU=Users/CN=cmscrab/CN=(817881|373708)/CN=Robot: cms crab|/DC=ch/DC=cern/OU=Organic Units/OU=Users/CN=crabint1/CN=373708/CN=Robot: CMS CRAB Integration 1
  timeleft: 600:48:07  (25.0 days)

 error: 
 retcode : 0
DEBUG 2026-03-23 06:32:59.354 UTC: 	 Myproxy is valid: 2162880
DEBUG 2026-03-23 06:32:59.354 UTC: 	 Result of myproxy credential check:
  Credential exists on myproxy: username: bfbdf12a5670e45fdd055ff115afbb0f25b8a072  - validity: 25 days, 0:48:00
DEBUG 2026-03-23 06:32:59.354 UTC: 	 Command use: submit
DEBUG 2026-03-23 06:32:59.354 UTC: 	 Options use: ['-c', 'crab_config2.py', 'General.requestName=2pc_OO_SM_V0_corr_cent70to80_v1_IP13', 'Data.inputDataset=/IonPhysics13/bibehera-2pc_OO_V0_IP13-ca42279dfc2dce710b3991c24f27a617/USER', 'Data.secondaryInputDataset=/IonPhysics13/OORun2025-PromptReco-v1/MINIAOD', 'Data.outputDatasetTag=2pc_OO_SM_V0_corr_cent70to80_v1_IP13']
DEBUG 2026-03-23 06:32:59.354 UTC: 	 Encoded data for curl request: subresource=version
DEBUG 2026-03-23 06:32:59.403 UTC: 	 CRABClient version: v3.251020
DEBUG 2026-03-23 06:32:59.404 UTC: 	 Instance is prod
DEBUG 2026-03-23 06:32:59.404 UTC: 	 Server base url is cmsweb.cern.ch
DEBUG 2026-03-23 06:32:59.404 UTC: 	 Command api workflow
DEBUG 2026-03-23 06:32:59.404 UTC: 	 Started submission
DEBUG 2026-03-23 06:32:59.404 UTC: 	 Working on /eos/home-b/bibehera/OO_Simfit_eff/CMSSW_15_0_6_patch1/src/Analyzer/RaghuV0Ana/cfg/OO_Data_MINIAOD/crab_2pc_OO_SM_V0_corr_cent70to80_v1_IP13
DEBUG 2026-03-23 06:32:59.434 UTC: 	 Loading required information from the environment
DEBUG 2026-03-23 06:32:59.434 UTC: 	 Found CMSSW_15_0_6_patch1 for el8_amd64_gcc12 with base /eos/home-b/bibehera/OO_Simfit_eff/CMSSW_15_0_6_patch1
DEBUG 2026-03-23 06:32:59.434 UTC: 	 Loading required information from the environment
DEBUG 2026-03-23 06:32:59.434 UTC: 	 Found CMSSW_15_0_6_patch1 for el8_amd64_gcc12 with base /eos/home-b/bibehera/OO_Simfit_eff/CMSSW_15_0_6_patch1
DEBUG 2026-03-23 06:32:59.434 UTC: 	 UNIQUE NAME: tarUUID 1db663b9-7e3c-45b1-8a09-3e3091fe5244 
DEBUG 2026-03-23 06:32:59.434 UTC: 	 self.config: from WMCore.Configuration import Configuration
config = Configuration()
config.section_('General')
config.General.workArea = 'OO_Data_MINIAOD'
config.General.transferLogs = True
config.General.transferOutputs = True
config.General.requestName = '2pc_OO_SM_V0_corr_cent70to80_v1_IP13'
config.section_('JobType')
config.JobType.psetName = 'PbPb_2018_cfg.py'
config.JobType.pluginName = 'Analysis'
config.section_('Data')
config.Data.inputDBS = 'phys03'
config.Data.outLFNDirBase = '/store/user/bibehera/'
config.Data.secondaryInputDataset = '/IonPhysics13/OORun2025-PromptReco-v1/MINIAOD'
config.Data.publication = False
config.Data.lumiMask = 'generated_json.json'
config.Data.outputDatasetTag = '2pc_OO_SM_V0_corr_cent70to80_v1_IP13'
config.Data.inputDataset = '/IonPhysics13/bibehera-2pc_OO_V0_IP13-ca42279dfc2dce710b3991c24f27a617/USER'
config.Data.totalUnits = -1
config.Data.splitting = 'LumiBased'
config.Data.unitsPerJob = 3
config.section_('Site')
config.Site.storageSite = 'T3_CH_CERNBOX'
config.section_('User')
config.section_('Debug')

DEBUG 2026-03-23 06:32:59.434 UTC: 	 self.config.JobType.psetName: PbPb_2018_cfg.py
INFO 2026-03-23 06:32:59.434 UTC: 	 Importing CMSSW configuration PbPb_2018_cfg.py
INFO 2026-03-23 06:33:00.145 UTC: 	 Finished importing CMSSW configuration PbPb_2018_cfg.py
DEBUG 2026-03-23 06:33:00.145 UTC: 	 Writing CMSSW configuration to /eos/home-b/bibehera/OO_Simfit_eff/CMSSW_15_0_6_patch1/src/Analyzer/RaghuV0Ana/cfg/OO_Data_MINIAOD/crab_2pc_OO_SM_V0_corr_cent70to80_v1_IP13/inputs/PSet.py
DEBUG 2026-03-23 06:33:00.201 UTC: 	 The following EDM output files will be collected: []
DEBUG 2026-03-23 06:33:00.201 UTC: 	 The following TFile output files will be collected: ['V0_test_IM_newpT.root']
DEBUG 2026-03-23 06:33:00.201 UTC: 	 The following user output files (not listed as PoolOuputModule or TFileService in the CMSSW PSet) will be collected: 
DEBUG 2026-03-23 06:33:00.201 UTC: 	 Loading required information from the environment
DEBUG 2026-03-23 06:33:00.201 UTC: 	 Found CMSSW_15_0_6_patch1 for el8_amd64_gcc12 with base /eos/home-b/bibehera/OO_Simfit_eff/CMSSW_15_0_6_patch1
DEBUG 2026-03-23 06:33:00.201 UTC: 	 Making tarball in /eos/home-b/bibehera/OO_Simfit_eff/CMSSW_15_0_6_patch1/src/Analyzer/RaghuV0Ana/cfg/OO_Data_MINIAOD/crab_2pc_OO_SM_V0_corr_cent70to80_v1_IP13/inputs/1db663b9-7e3c-45b1-8a09-3e3091fe5244default.tgz
DEBUG 2026-03-23 06:33:00.203 UTC: 	 Checking directory /eos/home-b/bibehera/OO_Simfit_eff/CMSSW_15_0_6_patch1/bin
DEBUG 2026-03-23 06:33:00.204 UTC: 	 Adding directory /eos/home-b/bibehera/OO_Simfit_eff/CMSSW_15_0_6_patch1/bin to tarball
DEBUG 2026-03-23 06:33:00.208 UTC: 	 Checking directory /eos/home-b/bibehera/OO_Simfit_eff/CMSSW_15_0_6_patch1/python
DEBUG 2026-03-23 06:33:00.208 UTC: 	 Adding directory /eos/home-b/bibehera/OO_Simfit_eff/CMSSW_15_0_6_patch1/python to tarball
DEBUG 2026-03-23 06:33:00.257 UTC: 	 Checking directory /eos/home-b/bibehera/OO_Simfit_eff/CMSSW_15_0_6_patch1/cfipython
DEBUG 2026-03-23 06:33:00.257 UTC: 	 Adding directory /eos/home-b/bibehera/OO_Simfit_eff/CMSSW_15_0_6_patch1/cfipython to tarball
DEBUG 2026-03-23 06:33:00.381 UTC: 	 Checking directory /eos/home-b/bibehera/OO_Simfit_eff/CMSSW_15_0_6_patch1/lib
DEBUG 2026-03-23 06:33:00.381 UTC: 	 Adding directory /eos/home-b/bibehera/OO_Simfit_eff/CMSSW_15_0_6_patch1/lib to tarball
DEBUG 2026-03-23 06:33:00.569 UTC: 	 Checking directory /eos/home-b/bibehera/OO_Simfit_eff/CMSSW_15_0_6_patch1/biglib
DEBUG 2026-03-23 06:33:00.570 UTC: 	 Adding directory /eos/home-b/bibehera/OO_Simfit_eff/CMSSW_15_0_6_patch1/biglib to tarball
DEBUG 2026-03-23 06:33:00.571 UTC: 	 Checking directory /eos/home-b/bibehera/OO_Simfit_eff/CMSSW_15_0_6_patch1/module
DEBUG 2026-03-23 06:33:00.571 UTC: 	 Checking directory /eos/home-b/bibehera/OO_Simfit_eff/CMSSW_15_0_6_patch1/config/SCRAM/hooks
DEBUG 2026-03-23 06:33:00.572 UTC: 	 Adding directory /eos/home-b/bibehera/OO_Simfit_eff/CMSSW_15_0_6_patch1/config/SCRAM/hooks to tarball
DEBUG 2026-03-23 06:33:01.033 UTC: 	 Adding directory /eos/home-b/bibehera/OO_Simfit_eff/CMSSW_15_0_6_patch1/src/Analyzer/RaghuV0Ana/data to tarball
DEBUG 2026-03-23 06:33:01.521 UTC: 	 Adding directory /eos/home-b/bibehera/OO_Simfit_eff/CMSSW_15_0_6_patch1/src/Analyzer/RaghuV0Ana/interface to tarball
DEBUG 2026-03-23 06:33:01.525 UTC: 	 Adding directory /eos/home-b/bibehera/OO_Simfit_eff/CMSSW_15_0_6_patch1/src/Analyzer/RaghuV0Ana/python to tarball
DEBUG 2026-03-23 06:33:01.533 UTC: 	 Adding directory /eos/home-b/bibehera/OO_Simfit_eff/CMSSW_15_0_6_patch1/src/HeavyIonsAnalysis/Configuration/data to tarball
DEBUG 2026-03-23 06:33:01.826 UTC: 	 Adding directory /eos/home-b/bibehera/OO_Simfit_eff/CMSSW_15_0_6_patch1/src/HeavyIonsAnalysis/Configuration/python to tarball
DEBUG 2026-03-23 06:33:01.846 UTC: 	 Adding directory /eos/home-b/bibehera/OO_Simfit_eff/CMSSW_15_0_6_patch1/src/HeavyIonsAnalysis/EGMAnalysis/data to tarball
DEBUG 2026-03-23 06:33:01.850 UTC: 	 Adding directory /eos/home-b/bibehera/OO_Simfit_eff/CMSSW_15_0_6_patch1/src/HeavyIonsAnalysis/EGMAnalysis/interface to tarball
DEBUG 2026-03-23 06:33:01.860 UTC: 	 Adding directory /eos/home-b/bibehera/OO_Simfit_eff/CMSSW_15_0_6_patch1/src/HeavyIonsAnalysis/EGMAnalysis/python to tarball
DEBUG 2026-03-23 06:33:01.868 UTC: 	 Adding directory /eos/home-b/bibehera/OO_Simfit_eff/CMSSW_15_0_6_patch1/src/HeavyIonsAnalysis/EventAnalysis/python to tarball
DEBUG 2026-03-23 06:33:01.937 UTC: 	 Adding directory /eos/home-b/bibehera/OO_Simfit_eff/CMSSW_15_0_6_patch1/src/HeavyIonsAnalysis/JetAnalysis/interface to tarball
DEBUG 2026-03-23 06:33:01.941 UTC: 	 Adding directory /eos/home-b/bibehera/OO_Simfit_eff/CMSSW_15_0_6_patch1/src/HeavyIonsAnalysis/JetAnalysis/python to tarball
DEBUG 2026-03-23 06:33:01.969 UTC: 	 Adding directory /eos/home-b/bibehera/OO_Simfit_eff/CMSSW_15_0_6_patch1/src/HeavyIonsAnalysis/MuonAnalysis/interface to tarball
DEBUG 2026-03-23 06:33:01.972 UTC: 	 Adding directory /eos/home-b/bibehera/OO_Simfit_eff/CMSSW_15_0_6_patch1/src/HeavyIonsAnalysis/MuonAnalysis/python to tarball
DEBUG 2026-03-23 06:33:01.979 UTC: 	 Adding directory /eos/home-b/bibehera/OO_Simfit_eff/CMSSW_15_0_6_patch1/src/HeavyIonsAnalysis/TrackAnalysis/interface to tarball
DEBUG 2026-03-23 06:33:01.982 UTC: 	 Adding directory /eos/home-b/bibehera/OO_Simfit_eff/CMSSW_15_0_6_patch1/src/HeavyIonsAnalysis/TrackAnalysis/python to tarball
DEBUG 2026-03-23 06:33:01.996 UTC: 	 Adding directory /eos/home-b/bibehera/OO_Simfit_eff/CMSSW_15_0_6_patch1/src/HeavyIonsAnalysis/VertexAnalysis/python to tarball
DEBUG 2026-03-23 06:33:02.000 UTC: 	 Adding directory /eos/home-b/bibehera/OO_Simfit_eff/CMSSW_15_0_6_patch1/src/HeavyIonsAnalysis/ZDCAnalysis/python to tarball
DEBUG 2026-03-23 06:33:02.056 UTC: 	 Uploading archive /eos/home-b/bibehera/OO_Simfit_eff/CMSSW_15_0_6_patch1/src/Analyzer/RaghuV0Ana/cfg/OO_Data_MINIAOD/crab_2pc_OO_SM_V0_corr_cent70to80_v1_IP13/inputs/1db663b9-7e3c-45b1-8a09-3e3091fe5244default.tgz (4.675781.1 MB) to the CRAB cache.
DEBUG 2026-03-23 06:33:02.926 UTC: 	 Encoded data for curl request: subresource=upload&objecttype=sandbox&tarballname=b769163c4eb4335b2fca56794549dfe06680dca8609e8abd01769a65639158ed.tar.gz
DEBUG 2026-03-23 06:33:02.980 UTC: 	 sandbox b769163c4eb4335b2fca56794549dfe06680dca8609e8abd01769a65639158ed.tar.gz is already in the S3 store, will not upload again
DEBUG 2026-03-23 06:33:02.980 UTC: 	 Loading required information from the environment
DEBUG 2026-03-23 06:33:02.980 UTC: 	 Found CMSSW_15_0_6_patch1 for el8_amd64_gcc12 with base /eos/home-b/bibehera/OO_Simfit_eff/CMSSW_15_0_6_patch1
DEBUG 2026-03-23 06:33:02.980 UTC: 	 Making tarball in /eos/home-b/bibehera/OO_Simfit_eff/CMSSW_15_0_6_patch1/src/Analyzer/RaghuV0Ana/cfg/OO_Data_MINIAOD/crab_2pc_OO_SM_V0_corr_cent70to80_v1_IP13/inputs/debugFiles.tgz
DEBUG 2026-03-23 06:33:02.993 UTC: 	 Uploading archive /eos/home-b/bibehera/OO_Simfit_eff/CMSSW_15_0_6_patch1/src/Analyzer/RaghuV0Ana/cfg/OO_Data_MINIAOD/crab_2pc_OO_SM_V0_corr_cent70to80_v1_IP13/inputs/debugFiles.tgz (3 KB) to the CRAB cache.
DEBUG 2026-03-23 06:33:02.997 UTC: 	 Encoded data for curl request: subresource=upload&objecttype=sandbox&tarballname=91c34e51d5e7d4a7ae8288431d9bb3abd9df3e4d5c4df4d89958601420e075a9.tar.gz
DEBUG 2026-03-23 06:33:03.044 UTC: 	 Will execute:
curl -f -v -X POST  -H "User-Agent: CRAB" -F "key=bibehera/sandboxes/91c34e51d5e7d4a7ae8288431d9bb3abd9df3e4d5c4df4d89958601420e075a9.tar.gz" -F "AWSAccessKeyId=715203df6482458ba839e73e6dab634b" -F "policy=eyJleHBpcmF0aW9uIjogIjIwMjYtMDMtMjNUMDc6MzM6MDNaIiwgImNvbmRpdGlvbnMiOiBbeyJidWNrZXQiOiAiY3JhYmNhY2hlX3Byb2QifSwgeyJrZXkiOiAiYmliZWhlcmEvc2FuZGJveGVzLzkxYzM0ZTUxZDVlN2Q0YTdhZTgyODg0MzFkOWJiM2FiZDlkZjNlNGQ1YzRkZjRkODk5NTg2MDE0MjBlMDc1YTkudGFyLmd6In1dfQ==" -F "signature=wZ4RVSYTQm+USriobjKNF+Kylgw=" -F "file=@/eos/home-b/bibehera/OO_Simfit_eff/CMSSW_15_0_6_patch1/src/Analyzer/RaghuV0Ana/cfg/OO_Data_MINIAOD/crab_2pc_OO_SM_V0_corr_cent70to80_v1_IP13/inputs/debugFiles.tgz" "https://s3.cern.ch/crabcache_prod"
DEBUG 2026-03-23 06:33:03.131 UTC: 	 exitcode: 0
stdout: b''
DEBUG 2026-03-23 06:33:03.131 UTC: 	 upload to S3 of sandbox /eos/home-b/bibehera/OO_Simfit_eff/CMSSW_15_0_6_patch1/src/Analyzer/RaghuV0Ana/cfg/OO_Data_MINIAOD/crab_2pc_OO_SM_V0_corr_cent70to80_v1_IP13/inputs/debugFiles.tgz completed
DEBUG 2026-03-23 06:33:03.131 UTC: 	 make sure that object is ready for retrieve
DEBUG 2026-03-23 06:33:04.133 UTC: 	 Encoded data for curl request: subresource=download&objecttype=sandbox&tarballname=91c34e51d5e7d4a7ae8288431d9bb3abd9df3e4d5c4df4d89958601420e075a9.tar.gz&clientmethod=head_object
DEBUG 2026-03-23 06:33:04.166 UTC: 	 PreSignedUrl to download sandbox received OK
DEBUG 2026-03-23 06:33:04.168 UTC: 	 Will execute:
 curl -v -s -f -o /dev/null --head  "https://s3.cern.ch/crabcache_prod/bibehera/sandboxes/91c34e51d5e7d4a7ae8288431d9bb3abd9df3e4d5c4df4d89958601420e075a9.tar.gz?AWSAccessKeyId=715203df6482458ba839e73e6dab634b&Signature=8xQjOp%2Bzz8K83Mk3MWcGJx9OCfU%3D&Expires=1774251184"
DEBUG 2026-03-23 06:33:04.191 UTC: 	 exitcode: 0
stdout: b''
DEBUG 2026-03-23 06:33:04.191 UTC: 	 sandbox /eos/home-b/bibehera/OO_Simfit_eff/CMSSW_15_0_6_patch1/src/Analyzer/RaghuV0Ana/cfg/OO_Data_MINIAOD/crab_2pc_OO_SM_V0_corr_cent70to80_v1_IP13/inputs/debugFiles.tgz successfully uploaded to S3
DEBUG 2026-03-23 06:33:04.191 UTC: 	 Result uploading input files: b769163c4eb4335b2fca56794549dfe06680dca8609e8abd01769a65639158ed.tar.gz 
DEBUG 2026-03-23 06:33:04.192 UTC: 	 Attaching lumi mask generated_json.json to the request
DEBUG 2026-03-23 06:33:04.192 UTC: 	 Reading lumi-mask from generated_json.json
DEBUG 2026-03-23 06:33:04.193 UTC: 	 submit() - self.configuration from WMCore.Configuration import Configuration
config = Configuration()
config.section_('General')
config.General.workArea = 'OO_Data_MINIAOD'
config.General.transferLogs = True
config.General.transferOutputs = True
config.General.requestName = '2pc_OO_SM_V0_corr_cent70to80_v1_IP13'
config.section_('JobType')
config.JobType.psetName = 'PbPb_2018_cfg.py'
config.JobType.pluginName = 'Analysis'
config.section_('Data')
config.Data.inputDBS = 'phys03'
config.Data.outLFNDirBase = '/store/user/bibehera/'
config.Data.secondaryInputDataset = '/IonPhysics13/OORun2025-PromptReco-v1/MINIAOD'
config.Data.publication = False
config.Data.lumiMask = 'generated_json.json'
config.Data.outputDatasetTag = '2pc_OO_SM_V0_corr_cent70to80_v1_IP13'
config.Data.inputDataset = '/IonPhysics13/bibehera-2pc_OO_V0_IP13-ca42279dfc2dce710b3991c24f27a617/USER'
config.Data.totalUnits = -1
config.Data.splitting = 'LumiBased'
config.Data.unitsPerJob = 3
config.section_('Site')
config.Site.storageSite = 'T3_CH_CERNBOX'
config.section_('User')
config.section_('Debug')

DEBUG 2026-03-23 06:33:04.193 UTC: 	 submit() - self.configreq {'dryrun': 0, 'workflow': 'crab_2pc_OO_SM_V0_corr_cent70to80_v1_IP13', 'saveoutput': 1, 'savelogsflag': 1, 'inputdata': '/IonPhysics13/bibehera-2pc_OO_V0_IP13-ca42279dfc2dce710b3991c24f27a617/USER', 'nonvaliddata': 0, 'userfiles': [], 'dbsurl': 'https://cmsweb.cern.ch/dbs/prod/phys03/DBSReader', 'useparent': 0, 'secondarydata': '/IonPhysics13/OORun2025-PromptReco-v1/MINIAOD', 'ignorelocality': 0, 'splitalgo': 'LumiBased', 'algoargs': 3, 'totalunits': -1, 'lfn': '/store/user/bibehera/', 'publication': 0, 'publishdbsurl': 'https://cmsweb.cern.ch/dbs/prod/phys03/DBSWriter', 'publishname2': '2pc_OO_SM_V0_corr_cent70to80_v1_IP13', 'jobtype': 'Analysis', 'generator': 'pythia', 'addoutputfiles': [], 'maxjobruntime': 1250, 'numcores': 1, 'maxmemory': 2000, 'priority': 10, 'nonprodsw': 0, 'asyncdest': 'T3_CH_CERNBOX', 'requireaccelerator': 0, 'oneEventMode': 0, 'extrajdl': [], 'ignoreglobalblacklist': 0, 'partialdataset': 0, 'inputblocks': []}
DEBUG 2026-03-23 06:33:04.193 UTC: 	 submit() - jobconfig {'addoutputfiles': [], 'tfileoutfiles': ['V0_test_IM_newpT.root'], 'edmoutfiles': [], 'jobarch': 'el8_amd64_gcc12', 'jobminuarch': 'x86-64-v3', 'jobsw': 'CMSSW_15_0_6_patch1', 'inputdata': '/IonPhysics13/bibehera-2pc_OO_V0_IP13-ca42279dfc2dce710b3991c24f27a617/USER', 'cachefilename': 'b769163c4eb4335b2fca56794549dfe06680dca8609e8abd01769a65639158ed.tar.gz', 'debugfilename': '91c34e51d5e7d4a7ae8288431d9bb3abd9df3e4d5c4df4d89958601420e075a9.tar.gz', 'runs': ['394153', '394154', '394169', '394175', '394183', '394184', '394185', '394186', '394187', '394188', '394189', '394204', '394209', '394217'], 'lumis': ['40,169', '1,886', '39,997', '47,988', '15,239', '1,667', '1,3', '1,15', '1,1', '1,107', '1,72', '38,932', '23,1209', '41,838'], 'jobtype': 'Analysis'}
INFO 2026-03-23 06:33:04.193 UTC: 	 Sending the request to the server at cmsweb.cern.ch
DEBUG 2026-03-23 06:33:04.194 UTC: 	 Submitting {'dryrun': 0, 'workflow': 'crab_2pc_OO_SM_V0_corr_cent70to80_v1_IP13', 'saveoutput': 1, 'savelogsflag': 1, 'inputdata': '/IonPhysics13/bibehera-2pc_OO_V0_IP13-ca42279dfc2dce710b3991c24f27a617/USER', 'nonvaliddata': 0, 'userfiles': [], 'dbsurl': 'https://cmsweb.cern.ch/dbs/prod/phys03/DBSReader', 'useparent': 0, 'secondarydata': '/IonPhysics13/OORun2025-PromptReco-v1/MINIAOD', 'ignorelocality': 0, 'splitalgo': 'LumiBased', 'algoargs': 3, 'totalunits': -1, 'lfn': '/store/user/bibehera/', 'publication': 0, 'publishdbsurl': 'https://cmsweb.cern.ch/dbs/prod/phys03/DBSWriter', 'publishname2': '2pc_OO_SM_V0_corr_cent70to80_v1_IP13', 'jobtype': 'Analysis', 'generator': 'pythia', 'addoutputfiles': [], 'maxjobruntime': 1250, 'numcores': 1, 'maxmemory': 2000, 'priority': 10, 'nonprodsw': 0, 'asyncdest': 'T3_CH_CERNBOX', 'requireaccelerator': 0, 'oneEventMode': 0, 'extrajdl': [], 'ignoreglobalblacklist': 0, 'partialdataset': 0, 'inputblocks': [], 'tfileoutfiles': ['V0_test_IM_newpT.root'], 'edmoutfiles': [], 'jobarch': 'el8_amd64_gcc12', 'jobminuarch': 'x86-64-v3', 'jobsw': 'CMSSW_15_0_6_patch1', 'cachefilename': 'b769163c4eb4335b2fca56794549dfe06680dca8609e8abd01769a65639158ed.tar.gz', 'debugfilename': '91c34e51d5e7d4a7ae8288431d9bb3abd9df3e4d5c4df4d89958601420e075a9.tar.gz', 'runs': ['394153', '394154', '394169', '394175', '394183', '394184', '394185', '394186', '394187', '394188', '394189', '394204', '394209', '394217'], 'lumis': ['40,169', '1,886', '39,997', '47,988', '15,239', '1,667', '1,3', '1,15', '1,1', '1,107', '1,72', '38,932', '23,1209', '41,838']} 
DEBUG 2026-03-23 06:33:04.194 UTC: 	 Encoded data for curl request: dryrun=0&workflow=crab_2pc_OO_SM_V0_corr_cent70to80_v1_IP13&saveoutput=1&savelogsflag=1&inputdata=%2FIonPhysics13%2Fbibehera-2pc_OO_V0_IP13-ca42279dfc2dce710b3991c24f27a617%2FUSER&nonvaliddata=0&dbsurl=https%3A%2F%2Fcmsweb.cern.ch%2Fdbs%2Fprod%2Fphys03%2FDBSReader&useparent=0&secondarydata=%2FIonPhysics13%2FOORun2025-PromptReco-v1%2FMINIAOD&ignorelocality=0&splitalgo=LumiBased&algoargs=3&totalunits=-1&lfn=%2Fstore%2Fuser%2Fbibehera%2F&publication=0&publishdbsurl=https%3A%2F%2Fcmsweb.cern.ch%2Fdbs%2Fprod%2Fphys03%2FDBSWriter&publishname2=2pc_OO_SM_V0_corr_cent70to80_v1_IP13&jobtype=Analysis&generator=pythia&maxjobruntime=1250&numcores=1&maxmemory=2000&priority=10&nonprodsw=0&asyncdest=T3_CH_CERNBOX&requireaccelerator=0&oneEventMode=0&ignoreglobalblacklist=0&partialdataset=0&jobarch=el8_amd64_gcc12&jobminuarch=x86-64-v3&jobsw=CMSSW_15_0_6_patch1&cachefilename=b769163c4eb4335b2fca56794549dfe06680dca8609e8abd01769a65639158ed.tar.gz&debugfilename=91c34e51d5e7d4a7ae8288431d9bb3abd9df3e4d5c4df4d89958601420e075a9.tar.gz&tfileoutfiles=V0_test_IM_newpT.root&runs=394153&runs=394154&runs=394169&runs=394175&runs=394183&runs=394184&runs=394185&runs=394186&runs=394187&runs=394188&runs=394189&runs=394204&runs=394209&runs=394217&lumis=40%2C169&lumis=1%2C886&lumis=39%2C997&lumis=47%2C988&lumis=15%2C239&lumis=1%2C667&lumis=1%2C3&lumis=1%2C15&lumis=1%2C1&lumis=1%2C107&lumis=1%2C72&lumis=38%2C932&lumis=23%2C1209&lumis=41%2C838
DEBUG 2026-03-23 06:33:04.328 UTC: 	 Result: {'result': [{'RequestName': '260323_063304:bibehera_crab_2pc_OO_SM_V0_corr_cent70to80_v1_IP13'}]}
INFO 2026-03-23 06:33:04.340 UTC: 	 Success: Your task has been delivered to the prod CRAB3 server.
INFO 2026-03-23 06:33:04.341 UTC: 	 Task name: 260323_063304:bibehera_crab_2pc_OO_SM_V0_corr_cent70to80_v1_IP13
INFO 2026-03-23 06:33:04.341 UTC: 	 Project dir: OO_Data_MINIAOD/crab_2pc_OO_SM_V0_corr_cent70to80_v1_IP13
INFO 2026-03-23 06:33:04.341 UTC: 	 Please use ' crab status -d OO_Data_MINIAOD/crab_2pc_OO_SM_V0_corr_cent70to80_v1_IP13 ' to check how the submission process proceeds.
DEBUG 2026-03-23 06:33:04.341 UTC: 	 About to return
INFO 2026-03-23 06:33:04.356 UTC: 	 Log file is /eos/home-b/bibehera/OO_Simfit_eff/CMSSW_15_0_6_patch1/src/Analyzer/RaghuV0Ana/cfg/OO_Data_MINIAOD/crab_2pc_OO_SM_V0_corr_cent70to80_v1_IP13/crab.log
