DEBUG 2025-12-28 16:07:32.530 UTC: 	 CRAB Client version: v3.251020
DEBUG 2025-12-28 16:07:32.530 UTC: 	 Running on: Linux lxplus816.cern.ch 4.18.0-553.85.1.el8_10.x86_64 #1 SMP Thu Nov 13 12:55:12 EST 2025 x86_64 x86_64 x86_64 GNU/Linux
DEBUG 2025-12-28 16:07:32.530 UTC: 	 Not using Singularity
DEBUG 2025-12-28 16:07:32.530 UTC: 	 Operating System: Red Hat Enterprise Linux 8.10 (Ootpa)
DEBUG 2025-12-28 16:07:32.531 UTC: 	 Executing command: 'submit'
DEBUG 2025-12-28 16:07:32.531 UTC: 	 Found CRAB cache file /afs/cern.ch/user/b/bibehera/.crab3
INFO 2025-12-28 16:07:32.531 UTC: 	 Will use CRAB configuration file crab_config2.py
DEBUG 2025-12-28 16:07:32.532 UTC: 	 Loading CRAB configuration file.
DEBUG 2025-12-28 16:07:32.539 UTC: 	 Overriden parameter General.requestName with '2pc_OO_V0_IM_effcorr_cent0to50_newpT_IP12'
DEBUG 2025-12-28 16:07:32.539 UTC: 	 Overriden parameter Data.inputDataset with '/IonPhysics12/bibehera-2pc_OO_V0_IP12-ca42279dfc2dce710b3991c24f27a617/USER'
DEBUG 2025-12-28 16:07:32.539 UTC: 	 Overriden parameter Data.secondaryInputDataset with '/IonPhysics12/OORun2025-PromptReco-v1/MINIAOD'
DEBUG 2025-12-28 16:07:32.539 UTC: 	 Overriden parameter Data.outputDatasetTag with '2pc_OO_V0_IM_effcorr_cent0to50_newpT_IP12'
DEBUG 2025-12-28 16:07:32.539 UTC: 	 Will use CRAB plugin ANALYSIS (i.e. will run an analysis job type).
DEBUG 2025-12-28 16:07:32.550 UTC: 	 Checking credentials
DEBUG 2025-12-28 16:07:32.550 UTC: 	 Found proxy file /tmp/x509up_u177753
DEBUG 2025-12-28 16:07:32.550 UTC: 	 Making sure it has proper VOMS extension
DEBUG 2025-12-28 16:07:32.550 UTC: 	 Executing command :
 voms-proxy-info --vo --file /tmp/x509up_u177753
DEBUG 2025-12-28 16:07:32.571 UTC: 	 output : cms

 error: 
 retcode : 0
DEBUG 2025-12-28 16:07:32.571 UTC: 	 Getting proxy life time left
DEBUG 2025-12-28 16:07:32.571 UTC: 	 Executing command :
 voms-proxy-info --actimeleft --timeleft --file /tmp/x509up_u177753
DEBUG 2025-12-28 16:07:32.592 UTC: 	 output : 42554
42554

 error: 
 retcode : 0
DEBUG 2025-12-28 16:07:32.592 UTC: 	 Proxy valid for 11:49:14 hours
DEBUG 2025-12-28 16:07:32.592 UTC: 	 Encoded data for curl request: subresource=delegatedn
DEBUG 2025-12-28 16:07:32.630 UTC: 	 Registering user credentials on myproxy for /DC=ch/DC=cern/OU=Organic Units/OU=Users/CN=cmscrab/CN=(817881|373708)/CN=Robot: cms crab|/DC=ch/DC=cern/OU=Organic Units/OU=Users/CN=crabint1/CN=373708/CN=Robot: CMS CRAB Integration 1
DEBUG 2025-12-28 16:07:32.630 UTC: 	 Executing command :
 voms-proxy-info --identity --file /tmp/x509up_u177753
DEBUG 2025-12-28 16:07:32.650 UTC: 	 output : /DC=ch/DC=cern/OU=Organic Units/OU=Users/CN=bibehera/CN=882295/CN=Bismita Behera

 error: 
 retcode : 0
DEBUG 2025-12-28 16:07:32.650 UTC: 	 Getting myproxy life time left for bfbdf12a5670e45fdd055ff115afbb0f25b8a072
DEBUG 2025-12-28 16:07:32.650 UTC: 	 Executing command :
 myproxy-info -s myproxy.cern.ch -l bfbdf12a5670e45fdd055ff115afbb0f25b8a072
DEBUG 2025-12-28 16:07:32.913 UTC: 	 output : username: bfbdf12a5670e45fdd055ff115afbb0f25b8a072
owner: /DC=ch/DC=cern/OU=Organic Units/OU=Users/CN=bibehera/CN=882295/CN=Bismita Behera
  renewal policy: /DC=ch/DC=cern/OU=Organic Units/OU=Users/CN=cmscrab/CN=(817881|373708)/CN=Robot: cms crab|/DC=ch/DC=cern/OU=Organic Units/OU=Users/CN=crabint1/CN=373708/CN=Robot: CMS CRAB Integration 1
  trusted retrieval policy: /DC=ch/DC=cern/OU=Organic Units/OU=Users/CN=cmscrab/CN=(817881|373708)/CN=Robot: cms crab|/DC=ch/DC=cern/OU=Organic Units/OU=Users/CN=crabint1/CN=373708/CN=Robot: CMS CRAB Integration 1
  timeleft: 676:47:05  (28.2 days)

 error: 
 retcode : 0
DEBUG 2025-12-28 16:07:32.913 UTC: 	 Myproxy is valid: 2436420
DEBUG 2025-12-28 16:07:32.913 UTC: 	 Result of myproxy credential check:
  Credential exists on myproxy: username: bfbdf12a5670e45fdd055ff115afbb0f25b8a072  - validity: 28 days, 4:47:00
DEBUG 2025-12-28 16:07:32.913 UTC: 	 Command use: submit
DEBUG 2025-12-28 16:07:32.913 UTC: 	 Options use: ['-c', 'crab_config2.py', 'General.requestName=2pc_OO_V0_IM_effcorr_cent0to50_newpT_IP12', 'Data.inputDataset=/IonPhysics12/bibehera-2pc_OO_V0_IP12-ca42279dfc2dce710b3991c24f27a617/USER', 'Data.secondaryInputDataset=/IonPhysics12/OORun2025-PromptReco-v1/MINIAOD', 'Data.outputDatasetTag=2pc_OO_V0_IM_effcorr_cent0to50_newpT_IP12']
DEBUG 2025-12-28 16:07:32.913 UTC: 	 Encoded data for curl request: subresource=version
DEBUG 2025-12-28 16:07:32.952 UTC: 	 CRABClient version: v3.251020
DEBUG 2025-12-28 16:07:32.952 UTC: 	 Instance is prod
DEBUG 2025-12-28 16:07:32.952 UTC: 	 Server base url is cmsweb.cern.ch
DEBUG 2025-12-28 16:07:32.952 UTC: 	 Command api workflow
DEBUG 2025-12-28 16:07:32.952 UTC: 	 Started submission
DEBUG 2025-12-28 16:07:32.952 UTC: 	 Working on /eos/home-b/bibehera/OO_Simfit_eff/CMSSW_15_0_6_patch1/src/Analyzer/RaghuV0Ana/cfg/OO_Data_MINIAOD/crab_2pc_OO_V0_IM_effcorr_cent0to50_newpT_IP12
DEBUG 2025-12-28 16:07:32.978 UTC: 	 Loading required information from the environment
DEBUG 2025-12-28 16:07:32.979 UTC: 	 Found CMSSW_15_0_6_patch1 for el8_amd64_gcc12 with base /eos/home-b/bibehera/OO_Simfit_eff/CMSSW_15_0_6_patch1
DEBUG 2025-12-28 16:07:32.979 UTC: 	 Loading required information from the environment
DEBUG 2025-12-28 16:07:32.979 UTC: 	 Found CMSSW_15_0_6_patch1 for el8_amd64_gcc12 with base /eos/home-b/bibehera/OO_Simfit_eff/CMSSW_15_0_6_patch1
DEBUG 2025-12-28 16:07:32.979 UTC: 	 UNIQUE NAME: tarUUID c36fcf32-ab9f-49ad-8e5f-26cc4b398701 
DEBUG 2025-12-28 16:07:32.979 UTC: 	 self.config: from WMCore.Configuration import Configuration
config = Configuration()
config.section_('General')
config.General.transferOutputs = True
config.General.requestName = '2pc_OO_V0_IM_effcorr_cent0to50_newpT_IP12'
config.General.workArea = 'OO_Data_MINIAOD'
config.General.transferLogs = True
config.section_('JobType')
config.JobType.psetName = 'PbPb_2018_cfg.py'
config.JobType.pluginName = 'Analysis'
config.section_('Data')
config.Data.secondaryInputDataset = '/IonPhysics12/OORun2025-PromptReco-v1/MINIAOD'
config.Data.totalUnits = -1
config.Data.splitting = 'LumiBased'
config.Data.lumiMask = 'generated_json.json'
config.Data.outLFNDirBase = '/store/user/bibehera/'
config.Data.outputDatasetTag = '2pc_OO_V0_IM_effcorr_cent0to50_newpT_IP12'
config.Data.publication = False
config.Data.inputDataset = '/IonPhysics12/bibehera-2pc_OO_V0_IP12-ca42279dfc2dce710b3991c24f27a617/USER'
config.Data.unitsPerJob = 3
config.Data.inputDBS = 'phys03'
config.section_('Site')
config.Site.storageSite = 'T3_CH_CERNBOX'
config.section_('User')
config.section_('Debug')

DEBUG 2025-12-28 16:07:32.979 UTC: 	 self.config.JobType.psetName: PbPb_2018_cfg.py
INFO 2025-12-28 16:07:32.980 UTC: 	 Importing CMSSW configuration PbPb_2018_cfg.py
INFO 2025-12-28 16:07:33.719 UTC: 	 Finished importing CMSSW configuration PbPb_2018_cfg.py
DEBUG 2025-12-28 16:07:33.720 UTC: 	 Writing CMSSW configuration to /eos/home-b/bibehera/OO_Simfit_eff/CMSSW_15_0_6_patch1/src/Analyzer/RaghuV0Ana/cfg/OO_Data_MINIAOD/crab_2pc_OO_V0_IM_effcorr_cent0to50_newpT_IP12/inputs/PSet.py
DEBUG 2025-12-28 16:07:33.757 UTC: 	 The following EDM output files will be collected: []
DEBUG 2025-12-28 16:07:33.757 UTC: 	 The following TFile output files will be collected: ['V0_test_IM_newpT.root']
DEBUG 2025-12-28 16:07:33.757 UTC: 	 The following user output files (not listed as PoolOuputModule or TFileService in the CMSSW PSet) will be collected: 
DEBUG 2025-12-28 16:07:33.757 UTC: 	 Loading required information from the environment
DEBUG 2025-12-28 16:07:33.757 UTC: 	 Found CMSSW_15_0_6_patch1 for el8_amd64_gcc12 with base /eos/home-b/bibehera/OO_Simfit_eff/CMSSW_15_0_6_patch1
DEBUG 2025-12-28 16:07:33.757 UTC: 	 Making tarball in /eos/home-b/bibehera/OO_Simfit_eff/CMSSW_15_0_6_patch1/src/Analyzer/RaghuV0Ana/cfg/OO_Data_MINIAOD/crab_2pc_OO_V0_IM_effcorr_cent0to50_newpT_IP12/inputs/c36fcf32-ab9f-49ad-8e5f-26cc4b398701default.tgz
DEBUG 2025-12-28 16:07:33.759 UTC: 	 Checking directory /eos/home-b/bibehera/OO_Simfit_eff/CMSSW_15_0_6_patch1/bin
DEBUG 2025-12-28 16:07:33.759 UTC: 	 Adding directory /eos/home-b/bibehera/OO_Simfit_eff/CMSSW_15_0_6_patch1/bin to tarball
DEBUG 2025-12-28 16:07:33.763 UTC: 	 Checking directory /eos/home-b/bibehera/OO_Simfit_eff/CMSSW_15_0_6_patch1/python
DEBUG 2025-12-28 16:07:33.763 UTC: 	 Adding directory /eos/home-b/bibehera/OO_Simfit_eff/CMSSW_15_0_6_patch1/python to tarball
DEBUG 2025-12-28 16:07:33.819 UTC: 	 Checking directory /eos/home-b/bibehera/OO_Simfit_eff/CMSSW_15_0_6_patch1/cfipython
DEBUG 2025-12-28 16:07:33.820 UTC: 	 Adding directory /eos/home-b/bibehera/OO_Simfit_eff/CMSSW_15_0_6_patch1/cfipython to tarball
DEBUG 2025-12-28 16:07:33.940 UTC: 	 Checking directory /eos/home-b/bibehera/OO_Simfit_eff/CMSSW_15_0_6_patch1/lib
DEBUG 2025-12-28 16:07:33.940 UTC: 	 Adding directory /eos/home-b/bibehera/OO_Simfit_eff/CMSSW_15_0_6_patch1/lib to tarball
DEBUG 2025-12-28 16:07:34.130 UTC: 	 Checking directory /eos/home-b/bibehera/OO_Simfit_eff/CMSSW_15_0_6_patch1/biglib
DEBUG 2025-12-28 16:07:34.130 UTC: 	 Adding directory /eos/home-b/bibehera/OO_Simfit_eff/CMSSW_15_0_6_patch1/biglib to tarball
DEBUG 2025-12-28 16:07:34.132 UTC: 	 Checking directory /eos/home-b/bibehera/OO_Simfit_eff/CMSSW_15_0_6_patch1/module
DEBUG 2025-12-28 16:07:34.132 UTC: 	 Checking directory /eos/home-b/bibehera/OO_Simfit_eff/CMSSW_15_0_6_patch1/config/SCRAM/hooks
DEBUG 2025-12-28 16:07:34.132 UTC: 	 Adding directory /eos/home-b/bibehera/OO_Simfit_eff/CMSSW_15_0_6_patch1/config/SCRAM/hooks to tarball
DEBUG 2025-12-28 16:07:34.613 UTC: 	 Adding directory /eos/home-b/bibehera/OO_Simfit_eff/CMSSW_15_0_6_patch1/src/Analyzer/RaghuV0Ana/data to tarball
DEBUG 2025-12-28 16:07:35.122 UTC: 	 Adding directory /eos/home-b/bibehera/OO_Simfit_eff/CMSSW_15_0_6_patch1/src/Analyzer/RaghuV0Ana/interface to tarball
DEBUG 2025-12-28 16:07:35.128 UTC: 	 Adding directory /eos/home-b/bibehera/OO_Simfit_eff/CMSSW_15_0_6_patch1/src/Analyzer/RaghuV0Ana/python to tarball
DEBUG 2025-12-28 16:07:35.136 UTC: 	 Adding directory /eos/home-b/bibehera/OO_Simfit_eff/CMSSW_15_0_6_patch1/src/HeavyIonsAnalysis/Configuration/data to tarball
DEBUG 2025-12-28 16:07:35.431 UTC: 	 Adding directory /eos/home-b/bibehera/OO_Simfit_eff/CMSSW_15_0_6_patch1/src/HeavyIonsAnalysis/Configuration/python to tarball
DEBUG 2025-12-28 16:07:35.451 UTC: 	 Adding directory /eos/home-b/bibehera/OO_Simfit_eff/CMSSW_15_0_6_patch1/src/HeavyIonsAnalysis/EGMAnalysis/data to tarball
DEBUG 2025-12-28 16:07:35.455 UTC: 	 Adding directory /eos/home-b/bibehera/OO_Simfit_eff/CMSSW_15_0_6_patch1/src/HeavyIonsAnalysis/EGMAnalysis/interface to tarball
DEBUG 2025-12-28 16:07:35.458 UTC: 	 Adding directory /eos/home-b/bibehera/OO_Simfit_eff/CMSSW_15_0_6_patch1/src/HeavyIonsAnalysis/EGMAnalysis/python to tarball
DEBUG 2025-12-28 16:07:35.466 UTC: 	 Adding directory /eos/home-b/bibehera/OO_Simfit_eff/CMSSW_15_0_6_patch1/src/HeavyIonsAnalysis/EventAnalysis/python to tarball
DEBUG 2025-12-28 16:07:35.546 UTC: 	 Adding directory /eos/home-b/bibehera/OO_Simfit_eff/CMSSW_15_0_6_patch1/src/HeavyIonsAnalysis/JetAnalysis/interface to tarball
DEBUG 2025-12-28 16:07:35.550 UTC: 	 Adding directory /eos/home-b/bibehera/OO_Simfit_eff/CMSSW_15_0_6_patch1/src/HeavyIonsAnalysis/JetAnalysis/python to tarball
DEBUG 2025-12-28 16:07:35.577 UTC: 	 Adding directory /eos/home-b/bibehera/OO_Simfit_eff/CMSSW_15_0_6_patch1/src/HeavyIonsAnalysis/MuonAnalysis/interface to tarball
DEBUG 2025-12-28 16:07:35.581 UTC: 	 Adding directory /eos/home-b/bibehera/OO_Simfit_eff/CMSSW_15_0_6_patch1/src/HeavyIonsAnalysis/MuonAnalysis/python to tarball
DEBUG 2025-12-28 16:07:35.588 UTC: 	 Adding directory /eos/home-b/bibehera/OO_Simfit_eff/CMSSW_15_0_6_patch1/src/HeavyIonsAnalysis/TrackAnalysis/interface to tarball
DEBUG 2025-12-28 16:07:35.590 UTC: 	 Adding directory /eos/home-b/bibehera/OO_Simfit_eff/CMSSW_15_0_6_patch1/src/HeavyIonsAnalysis/TrackAnalysis/python to tarball
DEBUG 2025-12-28 16:07:35.604 UTC: 	 Adding directory /eos/home-b/bibehera/OO_Simfit_eff/CMSSW_15_0_6_patch1/src/HeavyIonsAnalysis/VertexAnalysis/python to tarball
DEBUG 2025-12-28 16:07:35.608 UTC: 	 Adding directory /eos/home-b/bibehera/OO_Simfit_eff/CMSSW_15_0_6_patch1/src/HeavyIonsAnalysis/ZDCAnalysis/python to tarball
DEBUG 2025-12-28 16:07:35.665 UTC: 	 Uploading archive /eos/home-b/bibehera/OO_Simfit_eff/CMSSW_15_0_6_patch1/src/Analyzer/RaghuV0Ana/cfg/OO_Data_MINIAOD/crab_2pc_OO_V0_IM_effcorr_cent0to50_newpT_IP12/inputs/c36fcf32-ab9f-49ad-8e5f-26cc4b398701default.tgz (4.678711.1 MB) to the CRAB cache.
DEBUG 2025-12-28 16:07:36.541 UTC: 	 Encoded data for curl request: subresource=upload&objecttype=sandbox&tarballname=dff6bf62356ce02994086c365b5a71f56e269f2d44606a8e4093d155e8651a1a.tar.gz
DEBUG 2025-12-28 16:07:36.620 UTC: 	 sandbox dff6bf62356ce02994086c365b5a71f56e269f2d44606a8e4093d155e8651a1a.tar.gz is already in the S3 store, will not upload again
DEBUG 2025-12-28 16:07:36.620 UTC: 	 Loading required information from the environment
DEBUG 2025-12-28 16:07:36.620 UTC: 	 Found CMSSW_15_0_6_patch1 for el8_amd64_gcc12 with base /eos/home-b/bibehera/OO_Simfit_eff/CMSSW_15_0_6_patch1
DEBUG 2025-12-28 16:07:36.620 UTC: 	 Making tarball in /eos/home-b/bibehera/OO_Simfit_eff/CMSSW_15_0_6_patch1/src/Analyzer/RaghuV0Ana/cfg/OO_Data_MINIAOD/crab_2pc_OO_V0_IM_effcorr_cent0to50_newpT_IP12/inputs/debugFiles.tgz
DEBUG 2025-12-28 16:07:36.631 UTC: 	 Uploading archive /eos/home-b/bibehera/OO_Simfit_eff/CMSSW_15_0_6_patch1/src/Analyzer/RaghuV0Ana/cfg/OO_Data_MINIAOD/crab_2pc_OO_V0_IM_effcorr_cent0to50_newpT_IP12/inputs/debugFiles.tgz (3 KB) to the CRAB cache.
DEBUG 2025-12-28 16:07:36.654 UTC: 	 Encoded data for curl request: subresource=upload&objecttype=sandbox&tarballname=668eabcfcf371d52bfa1c2a0bfa5de7a0538907b5b5e7ac35542c0e13c08996d.tar.gz
DEBUG 2025-12-28 16:07:36.699 UTC: 	 Will execute:
curl -f -v -X POST  -H "User-Agent: CRAB" -F "key=bibehera/sandboxes/668eabcfcf371d52bfa1c2a0bfa5de7a0538907b5b5e7ac35542c0e13c08996d.tar.gz" -F "AWSAccessKeyId=715203df6482458ba839e73e6dab634b" -F "policy=eyJleHBpcmF0aW9uIjogIjIwMjUtMTItMjhUMTc6MDc6MzZaIiwgImNvbmRpdGlvbnMiOiBbeyJidWNrZXQiOiAiY3JhYmNhY2hlX3Byb2QifSwgeyJrZXkiOiAiYmliZWhlcmEvc2FuZGJveGVzLzY2OGVhYmNmY2YzNzFkNTJiZmExYzJhMGJmYTVkZTdhMDUzODkwN2I1YjVlN2FjMzU1NDJjMGUxM2MwODk5NmQudGFyLmd6In1dfQ==" -F "signature=SboVDV1UpHKo1yRM0Lxn+ROEfVk=" -F "file=@/eos/home-b/bibehera/OO_Simfit_eff/CMSSW_15_0_6_patch1/src/Analyzer/RaghuV0Ana/cfg/OO_Data_MINIAOD/crab_2pc_OO_V0_IM_effcorr_cent0to50_newpT_IP12/inputs/debugFiles.tgz" "https://s3.cern.ch/crabcache_prod"
DEBUG 2025-12-28 16:07:36.899 UTC: 	 exitcode: 0
stdout: b''
DEBUG 2025-12-28 16:07:36.899 UTC: 	 upload to S3 of sandbox /eos/home-b/bibehera/OO_Simfit_eff/CMSSW_15_0_6_patch1/src/Analyzer/RaghuV0Ana/cfg/OO_Data_MINIAOD/crab_2pc_OO_V0_IM_effcorr_cent0to50_newpT_IP12/inputs/debugFiles.tgz completed
DEBUG 2025-12-28 16:07:36.899 UTC: 	 make sure that object is ready for retrieve
DEBUG 2025-12-28 16:07:37.900 UTC: 	 Encoded data for curl request: subresource=download&objecttype=sandbox&tarballname=668eabcfcf371d52bfa1c2a0bfa5de7a0538907b5b5e7ac35542c0e13c08996d.tar.gz&clientmethod=head_object
DEBUG 2025-12-28 16:07:37.953 UTC: 	 PreSignedUrl to download sandbox received OK
DEBUG 2025-12-28 16:07:37.955 UTC: 	 Will execute:
 curl -v -s -f -o /dev/null --head  "https://s3.cern.ch/crabcache_prod/bibehera/sandboxes/668eabcfcf371d52bfa1c2a0bfa5de7a0538907b5b5e7ac35542c0e13c08996d.tar.gz?AWSAccessKeyId=715203df6482458ba839e73e6dab634b&Signature=r4LDIfiGK1ZIjwED8RtAh%2FOmx44%3D&Expires=1766941657"
DEBUG 2025-12-28 16:07:37.987 UTC: 	 exitcode: 0
stdout: b''
DEBUG 2025-12-28 16:07:37.987 UTC: 	 sandbox /eos/home-b/bibehera/OO_Simfit_eff/CMSSW_15_0_6_patch1/src/Analyzer/RaghuV0Ana/cfg/OO_Data_MINIAOD/crab_2pc_OO_V0_IM_effcorr_cent0to50_newpT_IP12/inputs/debugFiles.tgz successfully uploaded to S3
DEBUG 2025-12-28 16:07:37.987 UTC: 	 Result uploading input files: dff6bf62356ce02994086c365b5a71f56e269f2d44606a8e4093d155e8651a1a.tar.gz 
DEBUG 2025-12-28 16:07:37.987 UTC: 	 Attaching lumi mask generated_json.json to the request
DEBUG 2025-12-28 16:07:37.987 UTC: 	 Reading lumi-mask from generated_json.json
DEBUG 2025-12-28 16:07:37.988 UTC: 	 submit() - self.configuration from WMCore.Configuration import Configuration
config = Configuration()
config.section_('General')
config.General.transferOutputs = True
config.General.requestName = '2pc_OO_V0_IM_effcorr_cent0to50_newpT_IP12'
config.General.workArea = 'OO_Data_MINIAOD'
config.General.transferLogs = True
config.section_('JobType')
config.JobType.psetName = 'PbPb_2018_cfg.py'
config.JobType.pluginName = 'Analysis'
config.section_('Data')
config.Data.secondaryInputDataset = '/IonPhysics12/OORun2025-PromptReco-v1/MINIAOD'
config.Data.totalUnits = -1
config.Data.splitting = 'LumiBased'
config.Data.lumiMask = 'generated_json.json'
config.Data.outLFNDirBase = '/store/user/bibehera/'
config.Data.outputDatasetTag = '2pc_OO_V0_IM_effcorr_cent0to50_newpT_IP12'
config.Data.publication = False
config.Data.inputDataset = '/IonPhysics12/bibehera-2pc_OO_V0_IP12-ca42279dfc2dce710b3991c24f27a617/USER'
config.Data.unitsPerJob = 3
config.Data.inputDBS = 'phys03'
config.section_('Site')
config.Site.storageSite = 'T3_CH_CERNBOX'
config.section_('User')
config.section_('Debug')

DEBUG 2025-12-28 16:07:37.988 UTC: 	 submit() - self.configreq {'dryrun': 0, 'workflow': 'crab_2pc_OO_V0_IM_effcorr_cent0to50_newpT_IP12', 'saveoutput': 1, 'savelogsflag': 1, 'inputdata': '/IonPhysics12/bibehera-2pc_OO_V0_IP12-ca42279dfc2dce710b3991c24f27a617/USER', 'nonvaliddata': 0, 'userfiles': [], 'dbsurl': 'https://cmsweb.cern.ch/dbs/prod/phys03/DBSReader', 'useparent': 0, 'secondarydata': '/IonPhysics12/OORun2025-PromptReco-v1/MINIAOD', 'ignorelocality': 0, 'splitalgo': 'LumiBased', 'algoargs': 3, 'totalunits': -1, 'lfn': '/store/user/bibehera/', 'publication': 0, 'publishdbsurl': 'https://cmsweb.cern.ch/dbs/prod/phys03/DBSWriter', 'publishname2': '2pc_OO_V0_IM_effcorr_cent0to50_newpT_IP12', 'jobtype': 'Analysis', 'generator': 'pythia', 'addoutputfiles': [], 'maxjobruntime': 1250, 'numcores': 1, 'maxmemory': 2000, 'priority': 10, 'nonprodsw': 0, 'asyncdest': 'T3_CH_CERNBOX', 'requireaccelerator': 0, 'oneEventMode': 0, 'extrajdl': [], 'ignoreglobalblacklist': 0, 'partialdataset': 0, 'inputblocks': []}
DEBUG 2025-12-28 16:07:37.988 UTC: 	 submit() - jobconfig {'addoutputfiles': [], 'tfileoutfiles': ['V0_test_IM_newpT.root'], 'edmoutfiles': [], 'jobarch': 'el8_amd64_gcc12', 'jobminuarch': 'x86-64-v3', 'jobsw': 'CMSSW_15_0_6_patch1', 'inputdata': '/IonPhysics12/bibehera-2pc_OO_V0_IP12-ca42279dfc2dce710b3991c24f27a617/USER', 'cachefilename': 'dff6bf62356ce02994086c365b5a71f56e269f2d44606a8e4093d155e8651a1a.tar.gz', 'debugfilename': '668eabcfcf371d52bfa1c2a0bfa5de7a0538907b5b5e7ac35542c0e13c08996d.tar.gz', 'runs': ['394153', '394154', '394169', '394175', '394183', '394184', '394185', '394186', '394187', '394188', '394189', '394204', '394209', '394217'], 'lumis': ['40,169', '1,886', '39,997', '47,988', '15,239', '1,667', '1,3', '1,15', '1,1', '1,107', '1,72', '38,932', '23,1209', '41,838'], 'jobtype': 'Analysis'}
INFO 2025-12-28 16:07:37.988 UTC: 	 Sending the request to the server at cmsweb.cern.ch
DEBUG 2025-12-28 16:07:37.989 UTC: 	 Submitting {'dryrun': 0, 'workflow': 'crab_2pc_OO_V0_IM_effcorr_cent0to50_newpT_IP12', 'saveoutput': 1, 'savelogsflag': 1, 'inputdata': '/IonPhysics12/bibehera-2pc_OO_V0_IP12-ca42279dfc2dce710b3991c24f27a617/USER', 'nonvaliddata': 0, 'userfiles': [], 'dbsurl': 'https://cmsweb.cern.ch/dbs/prod/phys03/DBSReader', 'useparent': 0, 'secondarydata': '/IonPhysics12/OORun2025-PromptReco-v1/MINIAOD', 'ignorelocality': 0, 'splitalgo': 'LumiBased', 'algoargs': 3, 'totalunits': -1, 'lfn': '/store/user/bibehera/', 'publication': 0, 'publishdbsurl': 'https://cmsweb.cern.ch/dbs/prod/phys03/DBSWriter', 'publishname2': '2pc_OO_V0_IM_effcorr_cent0to50_newpT_IP12', 'jobtype': 'Analysis', 'generator': 'pythia', 'addoutputfiles': [], 'maxjobruntime': 1250, 'numcores': 1, 'maxmemory': 2000, 'priority': 10, 'nonprodsw': 0, 'asyncdest': 'T3_CH_CERNBOX', 'requireaccelerator': 0, 'oneEventMode': 0, 'extrajdl': [], 'ignoreglobalblacklist': 0, 'partialdataset': 0, 'inputblocks': [], 'tfileoutfiles': ['V0_test_IM_newpT.root'], 'edmoutfiles': [], 'jobarch': 'el8_amd64_gcc12', 'jobminuarch': 'x86-64-v3', 'jobsw': 'CMSSW_15_0_6_patch1', 'cachefilename': 'dff6bf62356ce02994086c365b5a71f56e269f2d44606a8e4093d155e8651a1a.tar.gz', 'debugfilename': '668eabcfcf371d52bfa1c2a0bfa5de7a0538907b5b5e7ac35542c0e13c08996d.tar.gz', 'runs': ['394153', '394154', '394169', '394175', '394183', '394184', '394185', '394186', '394187', '394188', '394189', '394204', '394209', '394217'], 'lumis': ['40,169', '1,886', '39,997', '47,988', '15,239', '1,667', '1,3', '1,15', '1,1', '1,107', '1,72', '38,932', '23,1209', '41,838']} 
DEBUG 2025-12-28 16:07:37.989 UTC: 	 Encoded data for curl request: dryrun=0&workflow=crab_2pc_OO_V0_IM_effcorr_cent0to50_newpT_IP12&saveoutput=1&savelogsflag=1&inputdata=%2FIonPhysics12%2Fbibehera-2pc_OO_V0_IP12-ca42279dfc2dce710b3991c24f27a617%2FUSER&nonvaliddata=0&dbsurl=https%3A%2F%2Fcmsweb.cern.ch%2Fdbs%2Fprod%2Fphys03%2FDBSReader&useparent=0&secondarydata=%2FIonPhysics12%2FOORun2025-PromptReco-v1%2FMINIAOD&ignorelocality=0&splitalgo=LumiBased&algoargs=3&totalunits=-1&lfn=%2Fstore%2Fuser%2Fbibehera%2F&publication=0&publishdbsurl=https%3A%2F%2Fcmsweb.cern.ch%2Fdbs%2Fprod%2Fphys03%2FDBSWriter&publishname2=2pc_OO_V0_IM_effcorr_cent0to50_newpT_IP12&jobtype=Analysis&generator=pythia&maxjobruntime=1250&numcores=1&maxmemory=2000&priority=10&nonprodsw=0&asyncdest=T3_CH_CERNBOX&requireaccelerator=0&oneEventMode=0&ignoreglobalblacklist=0&partialdataset=0&jobarch=el8_amd64_gcc12&jobminuarch=x86-64-v3&jobsw=CMSSW_15_0_6_patch1&cachefilename=dff6bf62356ce02994086c365b5a71f56e269f2d44606a8e4093d155e8651a1a.tar.gz&debugfilename=668eabcfcf371d52bfa1c2a0bfa5de7a0538907b5b5e7ac35542c0e13c08996d.tar.gz&tfileoutfiles=V0_test_IM_newpT.root&runs=394153&runs=394154&runs=394169&runs=394175&runs=394183&runs=394184&runs=394185&runs=394186&runs=394187&runs=394188&runs=394189&runs=394204&runs=394209&runs=394217&lumis=40%2C169&lumis=1%2C886&lumis=39%2C997&lumis=47%2C988&lumis=15%2C239&lumis=1%2C667&lumis=1%2C3&lumis=1%2C15&lumis=1%2C1&lumis=1%2C107&lumis=1%2C72&lumis=38%2C932&lumis=23%2C1209&lumis=41%2C838
DEBUG 2025-12-28 16:07:38.043 UTC: 	 Result: {'result': [{'RequestName': '251228_160738:bibehera_crab_2pc_OO_V0_IM_effcorr_cent0to50_newpT_IP12'}]}
INFO 2025-12-28 16:07:38.053 UTC: 	 Success: Your task has been delivered to the prod CRAB3 server.
INFO 2025-12-28 16:07:38.053 UTC: 	 Task name: 251228_160738:bibehera_crab_2pc_OO_V0_IM_effcorr_cent0to50_newpT_IP12
INFO 2025-12-28 16:07:38.053 UTC: 	 Project dir: OO_Data_MINIAOD/crab_2pc_OO_V0_IM_effcorr_cent0to50_newpT_IP12
INFO 2025-12-28 16:07:38.053 UTC: 	 Please use ' crab status -d OO_Data_MINIAOD/crab_2pc_OO_V0_IM_effcorr_cent0to50_newpT_IP12 ' to check how the submission process proceeds.
DEBUG 2025-12-28 16:07:38.054 UTC: 	 About to return
INFO 2025-12-28 16:07:38.069 UTC: 	 Log file is /eos/home-b/bibehera/OO_Simfit_eff/CMSSW_15_0_6_patch1/src/Analyzer/RaghuV0Ana/cfg/OO_Data_MINIAOD/crab_2pc_OO_V0_IM_effcorr_cent0to50_newpT_IP12/crab.log
