DEBUG 2025-10-07 22:08:11.144 UTC: 	 CRAB Client version: v3.250820
DEBUG 2025-10-07 22:08:11.145 UTC: 	 Running on: Linux lxplus817.cern.ch 4.18.0-553.75.1.el8_10.x86_64 #1 SMP Wed Sep 10 00:05:32 EDT 2025 x86_64 x86_64 x86_64 GNU/Linux
DEBUG 2025-10-07 22:08:11.145 UTC: 	 Not using Singularity
DEBUG 2025-10-07 22:08:11.145 UTC: 	 Operating System: Red Hat Enterprise Linux 8.10 (Ootpa)
DEBUG 2025-10-07 22:08:11.145 UTC: 	 Executing command: 'submit'
DEBUG 2025-10-07 22:08:11.146 UTC: 	 Found CRAB cache file /afs/cern.ch/user/b/bibehera/.crab3
INFO 2025-10-07 22:08:11.192 UTC: 	 Will use CRAB configuration file crab_config2.py
DEBUG 2025-10-07 22:08:11.192 UTC: 	 Loading CRAB configuration file.
DEBUG 2025-10-07 22:08:11.262 UTC: 	 Will use CRAB plugin ANALYSIS (i.e. will run an analysis job type).
DEBUG 2025-10-07 22:08:11.294 UTC: 	 Checking credentials
DEBUG 2025-10-07 22:08:11.294 UTC: 	 Found proxy file /tmp/x509up_u177753
DEBUG 2025-10-07 22:08:11.294 UTC: 	 Making sure it has proper VOMS extension
DEBUG 2025-10-07 22:08:11.294 UTC: 	 Executing command :
 voms-proxy-info --vo --file /tmp/x509up_u177753
DEBUG 2025-10-07 22:08:11.326 UTC: 	 output : cms

 error: 
 retcode : 0
DEBUG 2025-10-07 22:08:11.326 UTC: 	 Getting proxy life time left
DEBUG 2025-10-07 22:08:11.326 UTC: 	 Executing command :
 voms-proxy-info --actimeleft --timeleft --file /tmp/x509up_u177753
DEBUG 2025-10-07 22:08:11.348 UTC: 	 output : 42256
42256

 error: 
 retcode : 0
DEBUG 2025-10-07 22:08:11.348 UTC: 	 Proxy valid for 11:44:16 hours
DEBUG 2025-10-07 22:08:11.348 UTC: 	 Encoded data for curl request: subresource=delegatedn
DEBUG 2025-10-07 22:08:11.400 UTC: 	 Registering user credentials on myproxy for /DC=ch/DC=cern/OU=computers/CN=crab-(preprod|prod)-tw(01|02).cern.ch|/DC=ch/DC=cern/OU=computers/CN=crab-dev-tw(01|02|03|04).cern.ch|/DC=ch/DC=cern/OU=Organic Units/OU=Users/CN=cmscrab/CN=(817881|373708)/CN=Robot: cms crab|/DC=ch/DC=cern/OU=Organic Units/OU=Users/CN=crabint1/CN=373708/CN=Robot: CMS CRAB Integration 1
DEBUG 2025-10-07 22:08:11.400 UTC: 	 Executing command :
 voms-proxy-info --identity --file /tmp/x509up_u177753
DEBUG 2025-10-07 22:08:11.423 UTC: 	 output : /DC=ch/DC=cern/OU=Organic Units/OU=Users/CN=bibehera/CN=882295/CN=Bismita Behera

 error: 
 retcode : 0
DEBUG 2025-10-07 22:08:11.423 UTC: 	 Getting myproxy life time left for bfbdf12a5670e45fdd055ff115afbb0f25b8a072
DEBUG 2025-10-07 22:08:11.423 UTC: 	 Executing command :
 myproxy-info -s myproxy.cern.ch -l bfbdf12a5670e45fdd055ff115afbb0f25b8a072
DEBUG 2025-10-07 22:08:11.727 UTC: 	 output : username: bfbdf12a5670e45fdd055ff115afbb0f25b8a072
owner: /DC=ch/DC=cern/OU=Organic Units/OU=Users/CN=bibehera/CN=882295/CN=Bismita Behera
  renewal policy: /DC=ch/DC=cern/OU=computers/CN=crab-(preprod|prod)-tw(01|02).cern.ch|/DC=ch/DC=cern/OU=computers/CN=crab-dev-tw(01|02|03|04).cern.ch|/DC=ch/DC=cern/OU=Organic Units/OU=Users/CN=cmscrab/CN=(817881|373708)/CN=Robot: cms crab|/DC=ch/DC=cern/OU=Organic Units/OU=Users/CN=crabint1/CN=373708/CN=Robot: CMS CRAB Integration 1
  trusted retrieval policy: /DC=ch/DC=cern/OU=computers/CN=crab-(preprod|prod)-tw(01|02).cern.ch|/DC=ch/DC=cern/OU=computers/CN=crab-dev-tw(01|02|03|04).cern.ch|/DC=ch/DC=cern/OU=Organic Units/OU=Users/CN=cmscrab/CN=(817881|373708)/CN=Robot: cms crab|/DC=ch/DC=cern/OU=Organic Units/OU=Users/CN=crabint1/CN=373708/CN=Robot: CMS CRAB Integration 1
  timeleft: 544:02:20  (22.7 days)

 error: 
 retcode : 0
DEBUG 2025-10-07 22:08:11.727 UTC: 	 Myproxy is valid: 1958520
DEBUG 2025-10-07 22:08:11.727 UTC: 	 Result of myproxy credential check:
  Credential exists on myproxy: username: bfbdf12a5670e45fdd055ff115afbb0f25b8a072  - validity: 22 days, 16:02:00
DEBUG 2025-10-07 22:08:11.727 UTC: 	 Command use: submit
DEBUG 2025-10-07 22:08:11.727 UTC: 	 Options use: ['-c', 'crab_config2.py']
DEBUG 2025-10-07 22:08:11.727 UTC: 	 Encoded data for curl request: subresource=version
DEBUG 2025-10-07 22:08:11.774 UTC: 	 CRABClient version: v3.250820
DEBUG 2025-10-07 22:08:11.774 UTC: 	 Instance is prod
DEBUG 2025-10-07 22:08:11.774 UTC: 	 Server base url is cmsweb.cern.ch
DEBUG 2025-10-07 22:08:11.774 UTC: 	 Command api workflow
DEBUG 2025-10-07 22:08:11.774 UTC: 	 Started submission
DEBUG 2025-10-07 22:08:11.774 UTC: 	 Working on /eos/home-b/bibehera/OO_Simfit_eff/CMSSW_15_0_6_patch1/src/Analyzer/RaghuV0Ana/cfg/OO_Data_MINIAOD/crab_2pc_OO_V0_IM_effcorr_v1_cent0to50_IP9
DEBUG 2025-10-07 22:08:11.774 UTC: 	 Encoded data for curl request: subresource=backendurls
DEBUG 2025-10-07 22:08:11.852 UTC: 	 Loading required information from the environment
DEBUG 2025-10-07 22:08:11.852 UTC: 	 Found CMSSW_15_0_6_patch1 for el8_amd64_gcc12 with base /eos/home-b/bibehera/OO_Simfit_eff/CMSSW_15_0_6_patch1
DEBUG 2025-10-07 22:08:11.852 UTC: 	 Loading required information from the environment
DEBUG 2025-10-07 22:08:11.852 UTC: 	 Found CMSSW_15_0_6_patch1 for el8_amd64_gcc12 with base /eos/home-b/bibehera/OO_Simfit_eff/CMSSW_15_0_6_patch1
DEBUG 2025-10-07 22:08:11.852 UTC: 	 UNIQUE NAME: tarUUID 3bf22f03-3b17-4f27-9351-f7d40d84b453 
DEBUG 2025-10-07 22:08:11.852 UTC: 	 self.config: from WMCore.Configuration import Configuration
config = Configuration()
config.section_('General')
config.General.transferOutputs = True
config.General.requestName = '2pc_OO_V0_IM_effcorr_v1_cent0to50_IP9'
config.General.workArea = 'OO_Data_MINIAOD'
config.General.transferLogs = True
config.section_('JobType')
config.JobType.psetName = 'PbPb_2018_cfg.py'
config.JobType.pluginName = 'Analysis'
config.section_('Data')
config.Data.publication = False
config.Data.secondaryInputDataset = '/IonPhysics9/OORun2025-PromptReco-v1/MINIAOD'
config.Data.lumiMask = 'generated_json.json'
config.Data.inputDataset = '/IonPhysics9/bibehera-2pc_OO_V0_IP0-6b0f3ea44d7735a15be74aa96b0380e8/USER'
config.Data.outputDatasetTag = '2pc_OO_V0_IM_effcorr_v1_cent0to50_IP9'
config.Data.outLFNDirBase = '/store/user/bibehera/'
config.Data.inputDBS = 'phys03'
config.Data.splitting = 'LumiBased'
config.Data.totalUnits = -1
config.Data.unitsPerJob = 3
config.section_('Site')
config.Site.storageSite = 'T3_CH_CERNBOX'
config.section_('User')
config.section_('Debug')

DEBUG 2025-10-07 22:08:11.852 UTC: 	 self.config.JobType.psetName: PbPb_2018_cfg.py
INFO 2025-10-07 22:08:11.853 UTC: 	 Importing CMSSW configuration PbPb_2018_cfg.py
INFO 2025-10-07 22:08:13.437 UTC: 	 Finished importing CMSSW configuration PbPb_2018_cfg.py
DEBUG 2025-10-07 22:08:13.437 UTC: 	 Writing CMSSW configuration to /eos/home-b/bibehera/OO_Simfit_eff/CMSSW_15_0_6_patch1/src/Analyzer/RaghuV0Ana/cfg/OO_Data_MINIAOD/crab_2pc_OO_V0_IM_effcorr_v1_cent0to50_IP9/inputs/PSet.py
DEBUG 2025-10-07 22:08:13.480 UTC: 	 The following EDM output files will be collected: []
DEBUG 2025-10-07 22:08:13.480 UTC: 	 The following TFile output files will be collected: ['V0_test_IM_wgt.root']
DEBUG 2025-10-07 22:08:13.480 UTC: 	 The following user output files (not listed as PoolOuputModule or TFileService in the CMSSW PSet) will be collected: 
DEBUG 2025-10-07 22:08:13.480 UTC: 	 Loading required information from the environment
DEBUG 2025-10-07 22:08:13.481 UTC: 	 Found CMSSW_15_0_6_patch1 for el8_amd64_gcc12 with base /eos/home-b/bibehera/OO_Simfit_eff/CMSSW_15_0_6_patch1
DEBUG 2025-10-07 22:08:13.481 UTC: 	 Making tarball in /eos/home-b/bibehera/OO_Simfit_eff/CMSSW_15_0_6_patch1/src/Analyzer/RaghuV0Ana/cfg/OO_Data_MINIAOD/crab_2pc_OO_V0_IM_effcorr_v1_cent0to50_IP9/inputs/3bf22f03-3b17-4f27-9351-f7d40d84b453default.tgz
DEBUG 2025-10-07 22:08:13.483 UTC: 	 Checking directory /eos/home-b/bibehera/OO_Simfit_eff/CMSSW_15_0_6_patch1/bin
DEBUG 2025-10-07 22:08:13.483 UTC: 	 Adding directory /eos/home-b/bibehera/OO_Simfit_eff/CMSSW_15_0_6_patch1/bin to tarball
DEBUG 2025-10-07 22:08:13.490 UTC: 	 Checking directory /eos/home-b/bibehera/OO_Simfit_eff/CMSSW_15_0_6_patch1/python
DEBUG 2025-10-07 22:08:13.491 UTC: 	 Adding directory /eos/home-b/bibehera/OO_Simfit_eff/CMSSW_15_0_6_patch1/python to tarball
DEBUG 2025-10-07 22:08:13.601 UTC: 	 Checking directory /eos/home-b/bibehera/OO_Simfit_eff/CMSSW_15_0_6_patch1/cfipython
DEBUG 2025-10-07 22:08:13.602 UTC: 	 Adding directory /eos/home-b/bibehera/OO_Simfit_eff/CMSSW_15_0_6_patch1/cfipython to tarball
DEBUG 2025-10-07 22:08:13.828 UTC: 	 Checking directory /eos/home-b/bibehera/OO_Simfit_eff/CMSSW_15_0_6_patch1/lib
DEBUG 2025-10-07 22:08:13.828 UTC: 	 Adding directory /eos/home-b/bibehera/OO_Simfit_eff/CMSSW_15_0_6_patch1/lib to tarball
DEBUG 2025-10-07 22:08:14.177 UTC: 	 Checking directory /eos/home-b/bibehera/OO_Simfit_eff/CMSSW_15_0_6_patch1/biglib
DEBUG 2025-10-07 22:08:14.177 UTC: 	 Adding directory /eos/home-b/bibehera/OO_Simfit_eff/CMSSW_15_0_6_patch1/biglib to tarball
DEBUG 2025-10-07 22:08:14.227 UTC: 	 Checking directory /eos/home-b/bibehera/OO_Simfit_eff/CMSSW_15_0_6_patch1/module
DEBUG 2025-10-07 22:08:14.235 UTC: 	 Checking directory /eos/home-b/bibehera/OO_Simfit_eff/CMSSW_15_0_6_patch1/config/SCRAM/hooks
DEBUG 2025-10-07 22:08:14.254 UTC: 	 Adding directory /eos/home-b/bibehera/OO_Simfit_eff/CMSSW_15_0_6_patch1/config/SCRAM/hooks to tarball
DEBUG 2025-10-07 22:08:17.485 UTC: 	 Adding directory /eos/home-b/bibehera/OO_Simfit_eff/CMSSW_15_0_6_patch1/src/Analyzer/RaghuV0Ana/data to tarball
DEBUG 2025-10-07 22:08:18.893 UTC: 	 Adding directory /eos/home-b/bibehera/OO_Simfit_eff/CMSSW_15_0_6_patch1/src/Analyzer/RaghuV0Ana/interface to tarball
DEBUG 2025-10-07 22:08:18.929 UTC: 	 Adding directory /eos/home-b/bibehera/OO_Simfit_eff/CMSSW_15_0_6_patch1/src/Analyzer/RaghuV0Ana/python to tarball
DEBUG 2025-10-07 22:08:19.093 UTC: 	 Adding directory /eos/home-b/bibehera/OO_Simfit_eff/CMSSW_15_0_6_patch1/src/HeavyIonsAnalysis/Configuration/data to tarball
DEBUG 2025-10-07 22:08:19.823 UTC: 	 Adding directory /eos/home-b/bibehera/OO_Simfit_eff/CMSSW_15_0_6_patch1/src/HeavyIonsAnalysis/Configuration/python to tarball
DEBUG 2025-10-07 22:08:19.875 UTC: 	 Adding directory /eos/home-b/bibehera/OO_Simfit_eff/CMSSW_15_0_6_patch1/src/HeavyIonsAnalysis/EGMAnalysis/data to tarball
DEBUG 2025-10-07 22:08:19.954 UTC: 	 Adding directory /eos/home-b/bibehera/OO_Simfit_eff/CMSSW_15_0_6_patch1/src/HeavyIonsAnalysis/EGMAnalysis/interface to tarball
DEBUG 2025-10-07 22:08:19.967 UTC: 	 Adding directory /eos/home-b/bibehera/OO_Simfit_eff/CMSSW_15_0_6_patch1/src/HeavyIonsAnalysis/EGMAnalysis/python to tarball
DEBUG 2025-10-07 22:08:19.990 UTC: 	 Adding directory /eos/home-b/bibehera/OO_Simfit_eff/CMSSW_15_0_6_patch1/src/HeavyIonsAnalysis/EventAnalysis/python to tarball
DEBUG 2025-10-07 22:08:20.145 UTC: 	 Adding directory /eos/home-b/bibehera/OO_Simfit_eff/CMSSW_15_0_6_patch1/src/HeavyIonsAnalysis/JetAnalysis/interface to tarball
DEBUG 2025-10-07 22:08:20.187 UTC: 	 Adding directory /eos/home-b/bibehera/OO_Simfit_eff/CMSSW_15_0_6_patch1/src/HeavyIonsAnalysis/JetAnalysis/python to tarball
DEBUG 2025-10-07 22:08:20.298 UTC: 	 Adding directory /eos/home-b/bibehera/OO_Simfit_eff/CMSSW_15_0_6_patch1/src/HeavyIonsAnalysis/MuonAnalysis/interface to tarball
DEBUG 2025-10-07 22:08:20.314 UTC: 	 Adding directory /eos/home-b/bibehera/OO_Simfit_eff/CMSSW_15_0_6_patch1/src/HeavyIonsAnalysis/MuonAnalysis/python to tarball
DEBUG 2025-10-07 22:08:20.341 UTC: 	 Adding directory /eos/home-b/bibehera/OO_Simfit_eff/CMSSW_15_0_6_patch1/src/HeavyIonsAnalysis/TrackAnalysis/interface to tarball
DEBUG 2025-10-07 22:08:20.350 UTC: 	 Adding directory /eos/home-b/bibehera/OO_Simfit_eff/CMSSW_15_0_6_patch1/src/HeavyIonsAnalysis/TrackAnalysis/python to tarball
DEBUG 2025-10-07 22:08:20.441 UTC: 	 Adding directory /eos/home-b/bibehera/OO_Simfit_eff/CMSSW_15_0_6_patch1/src/HeavyIonsAnalysis/VertexAnalysis/python to tarball
DEBUG 2025-10-07 22:08:20.459 UTC: 	 Adding directory /eos/home-b/bibehera/OO_Simfit_eff/CMSSW_15_0_6_patch1/src/HeavyIonsAnalysis/ZDCAnalysis/python to tarball
DEBUG 2025-10-07 22:08:20.555 UTC: 	 Uploading archive /eos/home-b/bibehera/OO_Simfit_eff/CMSSW_15_0_6_patch1/src/Analyzer/RaghuV0Ana/cfg/OO_Data_MINIAOD/crab_2pc_OO_V0_IM_effcorr_v1_cent0to50_IP9/inputs/3bf22f03-3b17-4f27-9351-f7d40d84b453default.tgz (4.677734.1 MB) to the CRAB cache. Using URI https://s3.cern.ch/crabcache
DEBUG 2025-10-07 22:08:21.810 UTC: 	 Encoded data for curl request: subresource=upload&objecttype=sandbox&tarballname=336f4a365ffd5a6e4697ef22b7544dda3255e00794f414a0c8e405d2b2365c48.tar.gz
DEBUG 2025-10-07 22:08:21.877 UTC: 	 Will execute:
curl -f -v -X POST  -H "User-Agent: CRAB" -F "key=bibehera/sandboxes/336f4a365ffd5a6e4697ef22b7544dda3255e00794f414a0c8e405d2b2365c48.tar.gz" -F "AWSAccessKeyId=715203df6482458ba839e73e6dab634b" -F "policy=eyJleHBpcmF0aW9uIjogIjIwMjUtMTAtMDdUMjM6MDg6MjFaIiwgImNvbmRpdGlvbnMiOiBbeyJidWNrZXQiOiAiY3JhYmNhY2hlX3Byb2QifSwgeyJrZXkiOiAiYmliZWhlcmEvc2FuZGJveGVzLzMzNmY0YTM2NWZmZDVhNmU0Njk3ZWYyMmI3NTQ0ZGRhMzI1NWUwMDc5NGY0MTRhMGM4ZTQwNWQyYjIzNjVjNDgudGFyLmd6In1dfQ==" -F "signature=NxXE9rMhO0JeALeOOkNRJpKmyHg=" -F "file=@/eos/home-b/bibehera/OO_Simfit_eff/CMSSW_15_0_6_patch1/src/Analyzer/RaghuV0Ana/cfg/OO_Data_MINIAOD/crab_2pc_OO_V0_IM_effcorr_v1_cent0to50_IP9/inputs/3bf22f03-3b17-4f27-9351-f7d40d84b453default.tgz" "https://s3.cern.ch/crabcache_prod"
DEBUG 2025-10-07 22:08:23.341 UTC: 	 exitcode: 0
stdout: b''
DEBUG 2025-10-07 22:08:23.341 UTC: 	 upload to S3 of sandbox /eos/home-b/bibehera/OO_Simfit_eff/CMSSW_15_0_6_patch1/src/Analyzer/RaghuV0Ana/cfg/OO_Data_MINIAOD/crab_2pc_OO_V0_IM_effcorr_v1_cent0to50_IP9/inputs/3bf22f03-3b17-4f27-9351-f7d40d84b453default.tgz completed
DEBUG 2025-10-07 22:08:23.341 UTC: 	 make sure that object is ready for retrieve
DEBUG 2025-10-07 22:08:24.343 UTC: 	 Encoded data for curl request: subresource=download&objecttype=sandbox&tarballname=336f4a365ffd5a6e4697ef22b7544dda3255e00794f414a0c8e405d2b2365c48.tar.gz&clientmethod=head_object
DEBUG 2025-10-07 22:08:24.385 UTC: 	 PreSignedUrl to download sandbox received OK
DEBUG 2025-10-07 22:08:24.388 UTC: 	 Will execute:
 curl -v -s -f -o /dev/null --head  "https://s3.cern.ch/crabcache_prod/bibehera/sandboxes/336f4a365ffd5a6e4697ef22b7544dda3255e00794f414a0c8e405d2b2365c48.tar.gz?AWSAccessKeyId=715203df6482458ba839e73e6dab634b&Signature=I6cFSItTLDi52yde4SuyaGEdGAY%3D&Expires=1759878504"
DEBUG 2025-10-07 22:08:24.425 UTC: 	 exitcode: 0
stdout: b''
DEBUG 2025-10-07 22:08:24.425 UTC: 	 sandbox /eos/home-b/bibehera/OO_Simfit_eff/CMSSW_15_0_6_patch1/src/Analyzer/RaghuV0Ana/cfg/OO_Data_MINIAOD/crab_2pc_OO_V0_IM_effcorr_v1_cent0to50_IP9/inputs/3bf22f03-3b17-4f27-9351-f7d40d84b453default.tgz successfully uploaded to S3
DEBUG 2025-10-07 22:08:24.425 UTC: 	 Loading required information from the environment
DEBUG 2025-10-07 22:08:24.425 UTC: 	 Found CMSSW_15_0_6_patch1 for el8_amd64_gcc12 with base /eos/home-b/bibehera/OO_Simfit_eff/CMSSW_15_0_6_patch1
DEBUG 2025-10-07 22:08:24.425 UTC: 	 Making tarball in /eos/home-b/bibehera/OO_Simfit_eff/CMSSW_15_0_6_patch1/src/Analyzer/RaghuV0Ana/cfg/OO_Data_MINIAOD/crab_2pc_OO_V0_IM_effcorr_v1_cent0to50_IP9/inputs/debugFiles.tgz
DEBUG 2025-10-07 22:08:24.437 UTC: 	 Uploading archive /eos/home-b/bibehera/OO_Simfit_eff/CMSSW_15_0_6_patch1/src/Analyzer/RaghuV0Ana/cfg/OO_Data_MINIAOD/crab_2pc_OO_V0_IM_effcorr_v1_cent0to50_IP9/inputs/debugFiles.tgz (3 KB) to the CRAB cache. Using URI https://s3.cern.ch/crabcache
DEBUG 2025-10-07 22:08:24.443 UTC: 	 Encoded data for curl request: subresource=upload&objecttype=sandbox&tarballname=26cab6ae192722fca70d23624d737d61eec5e1df24ed5f65664bc6c772e52697.tar.gz
DEBUG 2025-10-07 22:08:24.503 UTC: 	 Will execute:
curl -f -v -X POST  -H "User-Agent: CRAB" -F "key=bibehera/sandboxes/26cab6ae192722fca70d23624d737d61eec5e1df24ed5f65664bc6c772e52697.tar.gz" -F "AWSAccessKeyId=715203df6482458ba839e73e6dab634b" -F "policy=eyJleHBpcmF0aW9uIjogIjIwMjUtMTAtMDdUMjM6MDg6MjRaIiwgImNvbmRpdGlvbnMiOiBbeyJidWNrZXQiOiAiY3JhYmNhY2hlX3Byb2QifSwgeyJrZXkiOiAiYmliZWhlcmEvc2FuZGJveGVzLzI2Y2FiNmFlMTkyNzIyZmNhNzBkMjM2MjRkNzM3ZDYxZWVjNWUxZGYyNGVkNWY2NTY2NGJjNmM3NzJlNTI2OTcudGFyLmd6In1dfQ==" -F "signature=vwbzVYZBavrhsPjh1Ha6HqFzmYo=" -F "file=@/eos/home-b/bibehera/OO_Simfit_eff/CMSSW_15_0_6_patch1/src/Analyzer/RaghuV0Ana/cfg/OO_Data_MINIAOD/crab_2pc_OO_V0_IM_effcorr_v1_cent0to50_IP9/inputs/debugFiles.tgz" "https://s3.cern.ch/crabcache_prod"
DEBUG 2025-10-07 22:08:24.561 UTC: 	 exitcode: 0
stdout: b''
DEBUG 2025-10-07 22:08:24.561 UTC: 	 upload to S3 of sandbox /eos/home-b/bibehera/OO_Simfit_eff/CMSSW_15_0_6_patch1/src/Analyzer/RaghuV0Ana/cfg/OO_Data_MINIAOD/crab_2pc_OO_V0_IM_effcorr_v1_cent0to50_IP9/inputs/debugFiles.tgz completed
DEBUG 2025-10-07 22:08:24.561 UTC: 	 make sure that object is ready for retrieve
DEBUG 2025-10-07 22:08:25.562 UTC: 	 Encoded data for curl request: subresource=download&objecttype=sandbox&tarballname=26cab6ae192722fca70d23624d737d61eec5e1df24ed5f65664bc6c772e52697.tar.gz&clientmethod=head_object
DEBUG 2025-10-07 22:08:25.606 UTC: 	 PreSignedUrl to download sandbox received OK
DEBUG 2025-10-07 22:08:25.608 UTC: 	 Will execute:
 curl -v -s -f -o /dev/null --head  "https://s3.cern.ch/crabcache_prod/bibehera/sandboxes/26cab6ae192722fca70d23624d737d61eec5e1df24ed5f65664bc6c772e52697.tar.gz?AWSAccessKeyId=715203df6482458ba839e73e6dab634b&Signature=fyGhp7GU14F7Zfv1WgQlTbBLlAU%3D&Expires=1759878505"
DEBUG 2025-10-07 22:08:25.695 UTC: 	 exitcode: 0
stdout: b''
DEBUG 2025-10-07 22:08:25.695 UTC: 	 sandbox /eos/home-b/bibehera/OO_Simfit_eff/CMSSW_15_0_6_patch1/src/Analyzer/RaghuV0Ana/cfg/OO_Data_MINIAOD/crab_2pc_OO_V0_IM_effcorr_v1_cent0to50_IP9/inputs/debugFiles.tgz successfully uploaded to S3
DEBUG 2025-10-07 22:08:25.695 UTC: 	 Result uploading input files: 336f4a365ffd5a6e4697ef22b7544dda3255e00794f414a0c8e405d2b2365c48.tar.gz 
DEBUG 2025-10-07 22:08:25.695 UTC: 	 Attaching lumi mask generated_json.json to the request
DEBUG 2025-10-07 22:08:25.695 UTC: 	 Reading lumi-mask from generated_json.json
DEBUG 2025-10-07 22:08:25.714 UTC: 	 submit() - self.configuration from WMCore.Configuration import Configuration
config = Configuration()
config.section_('General')
config.General.transferOutputs = True
config.General.requestName = '2pc_OO_V0_IM_effcorr_v1_cent0to50_IP9'
config.General.workArea = 'OO_Data_MINIAOD'
config.General.transferLogs = True
config.section_('JobType')
config.JobType.psetName = 'PbPb_2018_cfg.py'
config.JobType.pluginName = 'Analysis'
config.section_('Data')
config.Data.publication = False
config.Data.secondaryInputDataset = '/IonPhysics9/OORun2025-PromptReco-v1/MINIAOD'
config.Data.lumiMask = 'generated_json.json'
config.Data.inputDataset = '/IonPhysics9/bibehera-2pc_OO_V0_IP0-6b0f3ea44d7735a15be74aa96b0380e8/USER'
config.Data.outputDatasetTag = '2pc_OO_V0_IM_effcorr_v1_cent0to50_IP9'
config.Data.outLFNDirBase = '/store/user/bibehera/'
config.Data.inputDBS = 'phys03'
config.Data.splitting = 'LumiBased'
config.Data.totalUnits = -1
config.Data.unitsPerJob = 3
config.section_('Site')
config.Site.storageSite = 'T3_CH_CERNBOX'
config.section_('User')
config.section_('Debug')

DEBUG 2025-10-07 22:08:25.714 UTC: 	 submit() - self.configreq {'dryrun': 0, 'workflow': 'crab_2pc_OO_V0_IM_effcorr_v1_cent0to50_IP9', 'saveoutput': 1, 'savelogsflag': 1, 'inputdata': '/IonPhysics9/bibehera-2pc_OO_V0_IP0-6b0f3ea44d7735a15be74aa96b0380e8/USER', 'nonvaliddata': 0, 'userfiles': [], 'dbsurl': 'https://cmsweb.cern.ch/dbs/prod/phys03/DBSReader', 'useparent': 0, 'secondarydata': '/IonPhysics9/OORun2025-PromptReco-v1/MINIAOD', 'ignorelocality': 0, 'splitalgo': 'LumiBased', 'algoargs': 3, 'totalunits': -1, 'lfn': '/store/user/bibehera/', 'publication': 0, 'publishdbsurl': 'https://cmsweb.cern.ch/dbs/prod/phys03/DBSWriter', 'publishname2': '2pc_OO_V0_IM_effcorr_v1_cent0to50_IP9', 'jobtype': 'Analysis', 'generator': 'pythia', 'addoutputfiles': [], 'maxjobruntime': 1250, 'numcores': 1, 'maxmemory': 2000, 'priority': 10, 'nonprodsw': 0, 'asyncdest': 'T3_CH_CERNBOX', 'requireaccelerator': 0, 'oneEventMode': 0, 'extrajdl': [], 'ignoreglobalblacklist': 0, 'partialdataset': 0, 'inputblocks': []}
DEBUG 2025-10-07 22:08:25.715 UTC: 	 submit() - jobconfig {'addoutputfiles': [], 'tfileoutfiles': ['V0_test_IM_wgt.root'], 'edmoutfiles': [], 'jobarch': 'el8_amd64_gcc12', 'jobminuarch': 'x86-64-v3', 'jobsw': 'CMSSW_15_0_6_patch1', 'inputdata': '/IonPhysics9/bibehera-2pc_OO_V0_IP0-6b0f3ea44d7735a15be74aa96b0380e8/USER', 'cacheurl': 'https://s3.cern.ch/crabcache', 'cachefilename': '336f4a365ffd5a6e4697ef22b7544dda3255e00794f414a0c8e405d2b2365c48.tar.gz', 'debugfilename': '26cab6ae192722fca70d23624d737d61eec5e1df24ed5f65664bc6c772e52697.tar.gz', 'runs': ['394153', '394154', '394169', '394175', '394183', '394184', '394185', '394186', '394187', '394188', '394189', '394204', '394209', '394217'], 'lumis': ['40,169', '1,886', '39,997', '47,988', '15,239', '1,667', '1,3', '1,15', '1,1', '1,107', '1,72', '38,932', '23,1209', '41,838'], 'jobtype': 'Analysis'}
INFO 2025-10-07 22:08:25.715 UTC: 	 Sending the request to the server at cmsweb.cern.ch
DEBUG 2025-10-07 22:08:25.715 UTC: 	 Submitting {'dryrun': 0, 'workflow': 'crab_2pc_OO_V0_IM_effcorr_v1_cent0to50_IP9', 'saveoutput': 1, 'savelogsflag': 1, 'inputdata': '/IonPhysics9/bibehera-2pc_OO_V0_IP0-6b0f3ea44d7735a15be74aa96b0380e8/USER', 'nonvaliddata': 0, 'userfiles': [], 'dbsurl': 'https://cmsweb.cern.ch/dbs/prod/phys03/DBSReader', 'useparent': 0, 'secondarydata': '/IonPhysics9/OORun2025-PromptReco-v1/MINIAOD', 'ignorelocality': 0, 'splitalgo': 'LumiBased', 'algoargs': 3, 'totalunits': -1, 'lfn': '/store/user/bibehera/', 'publication': 0, 'publishdbsurl': 'https://cmsweb.cern.ch/dbs/prod/phys03/DBSWriter', 'publishname2': '2pc_OO_V0_IM_effcorr_v1_cent0to50_IP9', 'jobtype': 'Analysis', 'generator': 'pythia', 'addoutputfiles': [], 'maxjobruntime': 1250, 'numcores': 1, 'maxmemory': 2000, 'priority': 10, 'nonprodsw': 0, 'asyncdest': 'T3_CH_CERNBOX', 'requireaccelerator': 0, 'oneEventMode': 0, 'extrajdl': [], 'ignoreglobalblacklist': 0, 'partialdataset': 0, 'inputblocks': [], 'tfileoutfiles': ['V0_test_IM_wgt.root'], 'edmoutfiles': [], 'jobarch': 'el8_amd64_gcc12', 'jobminuarch': 'x86-64-v3', 'jobsw': 'CMSSW_15_0_6_patch1', 'cacheurl': 'https://s3.cern.ch/crabcache', 'cachefilename': '336f4a365ffd5a6e4697ef22b7544dda3255e00794f414a0c8e405d2b2365c48.tar.gz', 'debugfilename': '26cab6ae192722fca70d23624d737d61eec5e1df24ed5f65664bc6c772e52697.tar.gz', 'runs': ['394153', '394154', '394169', '394175', '394183', '394184', '394185', '394186', '394187', '394188', '394189', '394204', '394209', '394217'], 'lumis': ['40,169', '1,886', '39,997', '47,988', '15,239', '1,667', '1,3', '1,15', '1,1', '1,107', '1,72', '38,932', '23,1209', '41,838']} 
DEBUG 2025-10-07 22:08:25.715 UTC: 	 Encoded data for curl request: dryrun=0&workflow=crab_2pc_OO_V0_IM_effcorr_v1_cent0to50_IP9&saveoutput=1&savelogsflag=1&inputdata=%2FIonPhysics9%2Fbibehera-2pc_OO_V0_IP0-6b0f3ea44d7735a15be74aa96b0380e8%2FUSER&nonvaliddata=0&dbsurl=https%3A%2F%2Fcmsweb.cern.ch%2Fdbs%2Fprod%2Fphys03%2FDBSReader&useparent=0&secondarydata=%2FIonPhysics9%2FOORun2025-PromptReco-v1%2FMINIAOD&ignorelocality=0&splitalgo=LumiBased&algoargs=3&totalunits=-1&lfn=%2Fstore%2Fuser%2Fbibehera%2F&publication=0&publishdbsurl=https%3A%2F%2Fcmsweb.cern.ch%2Fdbs%2Fprod%2Fphys03%2FDBSWriter&publishname2=2pc_OO_V0_IM_effcorr_v1_cent0to50_IP9&jobtype=Analysis&generator=pythia&maxjobruntime=1250&numcores=1&maxmemory=2000&priority=10&nonprodsw=0&asyncdest=T3_CH_CERNBOX&requireaccelerator=0&oneEventMode=0&ignoreglobalblacklist=0&partialdataset=0&jobarch=el8_amd64_gcc12&jobminuarch=x86-64-v3&jobsw=CMSSW_15_0_6_patch1&cacheurl=https%3A%2F%2Fs3.cern.ch%2Fcrabcache&cachefilename=336f4a365ffd5a6e4697ef22b7544dda3255e00794f414a0c8e405d2b2365c48.tar.gz&debugfilename=26cab6ae192722fca70d23624d737d61eec5e1df24ed5f65664bc6c772e52697.tar.gz&tfileoutfiles=V0_test_IM_wgt.root&runs=394153&runs=394154&runs=394169&runs=394175&runs=394183&runs=394184&runs=394185&runs=394186&runs=394187&runs=394188&runs=394189&runs=394204&runs=394209&runs=394217&lumis=40%2C169&lumis=1%2C886&lumis=39%2C997&lumis=47%2C988&lumis=15%2C239&lumis=1%2C667&lumis=1%2C3&lumis=1%2C15&lumis=1%2C1&lumis=1%2C107&lumis=1%2C72&lumis=38%2C932&lumis=23%2C1209&lumis=41%2C838
DEBUG 2025-10-07 22:08:25.931 UTC: 	 Result: {'result': [{'RequestName': '251007_220825:bibehera_crab_2pc_OO_V0_IM_effcorr_v1_cent0to50_IP9'}]}
INFO 2025-10-07 22:08:25.943 UTC: 	 Success: Your task has been delivered to the prod CRAB3 server.
INFO 2025-10-07 22:08:25.943 UTC: 	 Task name: 251007_220825:bibehera_crab_2pc_OO_V0_IM_effcorr_v1_cent0to50_IP9
INFO 2025-10-07 22:08:25.943 UTC: 	 Project dir: OO_Data_MINIAOD/crab_2pc_OO_V0_IM_effcorr_v1_cent0to50_IP9
INFO 2025-10-07 22:08:25.943 UTC: 	 Please use ' crab status -d OO_Data_MINIAOD/crab_2pc_OO_V0_IM_effcorr_v1_cent0to50_IP9 ' to check how the submission process proceeds.
DEBUG 2025-10-07 22:08:25.943 UTC: 	 About to return
INFO 2025-10-07 22:08:25.969 UTC: 	 Log file is /eos/home-b/bibehera/OO_Simfit_eff/CMSSW_15_0_6_patch1/src/Analyzer/RaghuV0Ana/cfg/OO_Data_MINIAOD/crab_2pc_OO_V0_IM_effcorr_v1_cent0to50_IP9/crab.log
