DEBUG 2022-01-24 20:40:23.387 UTC: 	 CRAB Client version: v3.211130
DEBUG 2022-01-24 20:40:23.387 UTC: 	 Running on: Linux lxplus776.cern.ch 3.10.0-1160.49.1.el7.x86_64 #1 SMP Tue Nov 30 15:51:32 UTC 2021 x86_64 x86_64 x86_64 GNU/Linux - CentOS Linux 7 (Core)
DEBUG 2022-01-24 20:40:23.387 UTC: 	 Executing command: 'submit'
DEBUG 2022-01-24 20:40:23.389 UTC: 	 Found CRAB cache file /afs/cern.ch/user/r/rpradhan/.crab3
INFO 2022-01-24 20:40:23.409 UTC: 	 Will use CRAB configuration file Hydjet_2018.py
DEBUG 2022-01-24 20:40:23.409 UTC: 	 Loading CRAB configuration file.
ERROR 2022-01-24 20:40:23.414 UTC: 	 Error while loading CRAB configuration:
Unable to find a Configuration object instance in file:
/afs/cern.ch/work/r/rpradhan/New_lxplus7/CMSSW_10_3_1_patch2/src/Analyzers/RaghuV0Ana/crab/Hydjet_2018.py

Please refer to https://twiki.cern.ch/twiki/bin/view/CMSPublic/CRAB3CommonErrors#Syntax_error_in_CRAB_configurati
See the ./crab.log file for more details.
The documentation about the CRAB configuration file can be found in https://twiki.cern.ch/twiki/bin/view/CMSPublic/CRAB3ConfigurationFile
ERROR 2022-01-24 20:40:23.415 UTC: 	 Caught ClientException exception
Traceback (most recent call last):
  File "/cvmfs/cms.cern.ch/share/cms/crab-prod/v3.211130.01/bin/crab.py", line 149, in <module>
    client()
  File "/cvmfs/cms.cern.ch/share/cms/crab-prod/v3.211130.01/bin/crab.py", line 134, in __call__
    self.cmd = sub_cmd(self.logger, args[1:])
  File "/cvmfs/cms.cern.ch/share/cms/crab-prod/v3.211130.01/lib/CRABClient/Commands/submit.py", line 36, in __init__
    SubCommand.__init__(self, logger, cmdargs, disable_interspersed_args=True)
  File "/cvmfs/cms.cern.ch/share/cms/crab-prod/v3.211130.01/lib/CRABClient/Commands/SubCommand.py", line 310, in __init__
    self.loadConfig(self.options.config, self.args)
  File "/cvmfs/cms.cern.ch/share/cms/crab-prod/v3.211130.01/lib/CRABClient/Commands/SubCommand.py", line 89, in loadConfig
    raise ConfigurationException(configmsg)
ConfigurationException: Error while loading CRAB configuration:
Unable to find a Configuration object instance in file:
/afs/cern.ch/work/r/rpradhan/New_lxplus7/CMSSW_10_3_1_patch2/src/Analyzers/RaghuV0Ana/crab/Hydjet_2018.py

Please refer to https://twiki.cern.ch/twiki/bin/view/CMSPublic/CRAB3CommonErrors#Syntax_error_in_CRAB_configurati
See the ./crab.log file for more details.
The documentation about the CRAB configuration file can be found in https://twiki.cern.ch/twiki/bin/view/CMSPublic/CRAB3ConfigurationFile
INFO 2022-01-24 20:40:23.422 UTC: 	 Log file is /afs/cern.ch/work/r/rpradhan/New_lxplus7/CMSSW_10_3_1_patch2/src/Analyzers/RaghuV0Ana/crab/crab.log
