DEBUG 2025-10-07 22:23:42.202 UTC: 	 CRAB Client version: v3.250820
DEBUG 2025-10-07 22:23:42.202 UTC: 	 Running on: Linux lxplus817.cern.ch 4.18.0-553.75.1.el8_10.x86_64 #1 SMP Wed Sep 10 00:05:32 EDT 2025 x86_64 x86_64 x86_64 GNU/Linux
DEBUG 2025-10-07 22:23:42.202 UTC: 	 Not using Singularity
DEBUG 2025-10-07 22:23:42.202 UTC: 	 Operating System: Red Hat Enterprise Linux 8.10 (Ootpa)
DEBUG 2025-10-07 22:23:42.202 UTC: 	 Executing command: 'submit'
DEBUG 2025-10-07 22:23:42.202 UTC: 	 Found CRAB cache file /afs/cern.ch/user/b/bibehera/.crab3
INFO 2025-10-07 22:23:42.203 UTC: 	 Will use CRAB configuration file crab_config2.py
DEBUG 2025-10-07 22:23:42.204 UTC: 	 Loading CRAB configuration file.
DEBUG 2025-10-07 22:23:42.218 UTC: 	 Overriden parameter General.requestName with '2pc_OO_V0_IM_effcorr_v1_cent0to50_IP37'
DEBUG 2025-10-07 22:23:42.218 UTC: 	 Overriden parameter Data.inputDataset with '/IonPhysics37/bibehera-2pc_OO_V0_IP37-ca42279dfc2dce710b3991c24f27a617/USER'
DEBUG 2025-10-07 22:23:42.218 UTC: 	 Overriden parameter Data.secondaryInputDataset with '/IonPhysics37/OORun2025-PromptReco-v1/MINIAOD'
DEBUG 2025-10-07 22:23:42.218 UTC: 	 Overriden parameter Data.outputDatasetTag with '2pc_OO_V0_IM_effcorr_v1_cent0to50_IP37'
DEBUG 2025-10-07 22:23:42.219 UTC: 	 Will use CRAB plugin ANALYSIS (i.e. will run an analysis job type).
DEBUG 2025-10-07 22:23:42.232 UTC: 	 Checking credentials
DEBUG 2025-10-07 22:23:42.232 UTC: 	 Found proxy file /tmp/x509up_u177753
DEBUG 2025-10-07 22:23:42.232 UTC: 	 Making sure it has proper VOMS extension
DEBUG 2025-10-07 22:23:42.232 UTC: 	 Executing command :
 voms-proxy-info --vo --file /tmp/x509up_u177753
DEBUG 2025-10-07 22:23:42.256 UTC: 	 output : cms

 error: 
 retcode : 0
DEBUG 2025-10-07 22:23:42.256 UTC: 	 Getting proxy life time left
DEBUG 2025-10-07 22:23:42.256 UTC: 	 Executing command :
 voms-proxy-info --actimeleft --timeleft --file /tmp/x509up_u177753
DEBUG 2025-10-07 22:23:42.282 UTC: 	 output : 41325
41325

 error: 
 retcode : 0
DEBUG 2025-10-07 22:23:42.282 UTC: 	 Proxy valid for 11:28:45 hours
DEBUG 2025-10-07 22:23:42.282 UTC: 	 Encoded data for curl request: subresource=delegatedn
DEBUG 2025-10-07 22:23:42.330 UTC: 	 Registering user credentials on myproxy for /DC=ch/DC=cern/OU=computers/CN=crab-(preprod|prod)-tw(01|02).cern.ch|/DC=ch/DC=cern/OU=computers/CN=crab-dev-tw(01|02|03|04).cern.ch|/DC=ch/DC=cern/OU=Organic Units/OU=Users/CN=cmscrab/CN=(817881|373708)/CN=Robot: cms crab|/DC=ch/DC=cern/OU=Organic Units/OU=Users/CN=crabint1/CN=373708/CN=Robot: CMS CRAB Integration 1
DEBUG 2025-10-07 22:23:42.330 UTC: 	 Executing command :
 voms-proxy-info --identity --file /tmp/x509up_u177753
DEBUG 2025-10-07 22:23:42.357 UTC: 	 output : /DC=ch/DC=cern/OU=Organic Units/OU=Users/CN=bibehera/CN=882295/CN=Bismita Behera

 error: 
 retcode : 0
DEBUG 2025-10-07 22:23:42.357 UTC: 	 Getting myproxy life time left for bfbdf12a5670e45fdd055ff115afbb0f25b8a072
DEBUG 2025-10-07 22:23:42.358 UTC: 	 Executing command :
 myproxy-info -s myproxy.cern.ch -l bfbdf12a5670e45fdd055ff115afbb0f25b8a072
DEBUG 2025-10-07 22:23:42.822 UTC: 	 output : username: bfbdf12a5670e45fdd055ff115afbb0f25b8a072
owner: /DC=ch/DC=cern/OU=Organic Units/OU=Users/CN=bibehera/CN=882295/CN=Bismita Behera
  renewal policy: /DC=ch/DC=cern/OU=computers/CN=crab-(preprod|prod)-tw(01|02).cern.ch|/DC=ch/DC=cern/OU=computers/CN=crab-dev-tw(01|02|03|04).cern.ch|/DC=ch/DC=cern/OU=Organic Units/OU=Users/CN=cmscrab/CN=(817881|373708)/CN=Robot: cms crab|/DC=ch/DC=cern/OU=Organic Units/OU=Users/CN=crabint1/CN=373708/CN=Robot: CMS CRAB Integration 1
  trusted retrieval policy: /DC=ch/DC=cern/OU=computers/CN=crab-(preprod|prod)-tw(01|02).cern.ch|/DC=ch/DC=cern/OU=computers/CN=crab-dev-tw(01|02|03|04).cern.ch|/DC=ch/DC=cern/OU=Organic Units/OU=Users/CN=cmscrab/CN=(817881|373708)/CN=Robot: cms crab|/DC=ch/DC=cern/OU=Organic Units/OU=Users/CN=crabint1/CN=373708/CN=Robot: CMS CRAB Integration 1
  timeleft: 543:46:49  (22.7 days)

 error: 
 retcode : 0
DEBUG 2025-10-07 22:23:42.822 UTC: 	 Myproxy is valid: 1957560
DEBUG 2025-10-07 22:23:42.822 UTC: 	 Result of myproxy credential check:
  Credential exists on myproxy: username: bfbdf12a5670e45fdd055ff115afbb0f25b8a072  - validity: 22 days, 15:46:00
DEBUG 2025-10-07 22:23:42.822 UTC: 	 Command use: submit
DEBUG 2025-10-07 22:23:42.822 UTC: 	 Options use: ['-c', 'crab_config2.py', 'General.requestName=2pc_OO_V0_IM_effcorr_v1_cent0to50_IP37', 'Data.inputDataset=/IonPhysics37/bibehera-2pc_OO_V0_IP37-ca42279dfc2dce710b3991c24f27a617/USER', 'Data.secondaryInputDataset=/IonPhysics37/OORun2025-PromptReco-v1/MINIAOD', 'Data.outputDatasetTag=2pc_OO_V0_IM_effcorr_v1_cent0to50_IP37']
DEBUG 2025-10-07 22:23:42.822 UTC: 	 Encoded data for curl request: subresource=version
DEBUG 2025-10-07 22:23:42.998 UTC: 	 CRABClient version: v3.250820
DEBUG 2025-10-07 22:23:42.998 UTC: 	 Instance is prod
DEBUG 2025-10-07 22:23:42.998 UTC: 	 Server base url is cmsweb.cern.ch
DEBUG 2025-10-07 22:23:42.998 UTC: 	 Command api workflow
DEBUG 2025-10-07 22:23:42.998 UTC: 	 Started submission
DEBUG 2025-10-07 22:23:42.998 UTC: 	 Working on /eos/home-b/bibehera/OO_Simfit_eff/CMSSW_15_0_6_patch1/src/Analyzer/RaghuV0Ana/cfg/OO_Data_MINIAOD/crab_2pc_OO_V0_IM_effcorr_v1_cent0to50_IP37
DEBUG 2025-10-07 22:23:42.999 UTC: 	 Encoded data for curl request: subresource=backendurls
DEBUG 2025-10-07 22:23:43.479 UTC: 	 Loading required information from the environment
DEBUG 2025-10-07 22:23:43.479 UTC: 	 Found CMSSW_15_0_6_patch1 for el8_amd64_gcc12 with base /eos/home-b/bibehera/OO_Simfit_eff/CMSSW_15_0_6_patch1
DEBUG 2025-10-07 22:23:43.479 UTC: 	 Loading required information from the environment
DEBUG 2025-10-07 22:23:43.479 UTC: 	 Found CMSSW_15_0_6_patch1 for el8_amd64_gcc12 with base /eos/home-b/bibehera/OO_Simfit_eff/CMSSW_15_0_6_patch1
DEBUG 2025-10-07 22:23:43.479 UTC: 	 UNIQUE NAME: tarUUID 1ce7af46-95c4-406f-95a5-11b955adb0b9 
DEBUG 2025-10-07 22:23:43.479 UTC: 	 self.config: from WMCore.Configuration import Configuration
config = Configuration()
config.section_('General')
config.General.workArea = 'OO_Data_MINIAOD'
config.General.transferLogs = True
config.General.requestName = '2pc_OO_V0_IM_effcorr_v1_cent0to50_IP37'
config.General.transferOutputs = True
config.section_('JobType')
config.JobType.psetName = 'PbPb_2018_cfg.py'
config.JobType.pluginName = 'Analysis'
config.section_('Data')
config.Data.inputDataset = '/IonPhysics37/bibehera-2pc_OO_V0_IP37-ca42279dfc2dce710b3991c24f27a617/USER'
config.Data.secondaryInputDataset = '/IonPhysics37/OORun2025-PromptReco-v1/MINIAOD'
config.Data.inputDBS = 'phys03'
config.Data.lumiMask = 'generated_json.json'
config.Data.publication = False
config.Data.splitting = 'LumiBased'
config.Data.outLFNDirBase = '/store/user/bibehera/'
config.Data.outputDatasetTag = '2pc_OO_V0_IM_effcorr_v1_cent0to50_IP37'
config.Data.unitsPerJob = 3
config.Data.totalUnits = -1
config.section_('Site')
config.Site.storageSite = 'T3_CH_CERNBOX'
config.section_('User')
config.section_('Debug')

DEBUG 2025-10-07 22:23:43.479 UTC: 	 self.config.JobType.psetName: PbPb_2018_cfg.py
INFO 2025-10-07 22:23:43.480 UTC: 	 Importing CMSSW configuration PbPb_2018_cfg.py
INFO 2025-10-07 22:23:44.726 UTC: 	 Finished importing CMSSW configuration PbPb_2018_cfg.py
DEBUG 2025-10-07 22:23:44.726 UTC: 	 Writing CMSSW configuration to /eos/home-b/bibehera/OO_Simfit_eff/CMSSW_15_0_6_patch1/src/Analyzer/RaghuV0Ana/cfg/OO_Data_MINIAOD/crab_2pc_OO_V0_IM_effcorr_v1_cent0to50_IP37/inputs/PSet.py
DEBUG 2025-10-07 22:23:44.801 UTC: 	 The following EDM output files will be collected: []
DEBUG 2025-10-07 22:23:44.801 UTC: 	 The following TFile output files will be collected: ['V0_test_IM_wgt.root']
DEBUG 2025-10-07 22:23:44.801 UTC: 	 The following user output files (not listed as PoolOuputModule or TFileService in the CMSSW PSet) will be collected: 
DEBUG 2025-10-07 22:23:44.801 UTC: 	 Loading required information from the environment
DEBUG 2025-10-07 22:23:44.801 UTC: 	 Found CMSSW_15_0_6_patch1 for el8_amd64_gcc12 with base /eos/home-b/bibehera/OO_Simfit_eff/CMSSW_15_0_6_patch1
DEBUG 2025-10-07 22:23:44.801 UTC: 	 Making tarball in /eos/home-b/bibehera/OO_Simfit_eff/CMSSW_15_0_6_patch1/src/Analyzer/RaghuV0Ana/cfg/OO_Data_MINIAOD/crab_2pc_OO_V0_IM_effcorr_v1_cent0to50_IP37/inputs/1ce7af46-95c4-406f-95a5-11b955adb0b9default.tgz
DEBUG 2025-10-07 22:23:44.803 UTC: 	 Checking directory /eos/home-b/bibehera/OO_Simfit_eff/CMSSW_15_0_6_patch1/bin
DEBUG 2025-10-07 22:23:44.803 UTC: 	 Adding directory /eos/home-b/bibehera/OO_Simfit_eff/CMSSW_15_0_6_patch1/bin to tarball
DEBUG 2025-10-07 22:23:44.809 UTC: 	 Checking directory /eos/home-b/bibehera/OO_Simfit_eff/CMSSW_15_0_6_patch1/python
DEBUG 2025-10-07 22:23:44.809 UTC: 	 Adding directory /eos/home-b/bibehera/OO_Simfit_eff/CMSSW_15_0_6_patch1/python to tarball
DEBUG 2025-10-07 22:23:44.863 UTC: 	 Checking directory /eos/home-b/bibehera/OO_Simfit_eff/CMSSW_15_0_6_patch1/cfipython
DEBUG 2025-10-07 22:23:44.863 UTC: 	 Adding directory /eos/home-b/bibehera/OO_Simfit_eff/CMSSW_15_0_6_patch1/cfipython to tarball
DEBUG 2025-10-07 22:23:44.982 UTC: 	 Checking directory /eos/home-b/bibehera/OO_Simfit_eff/CMSSW_15_0_6_patch1/lib
DEBUG 2025-10-07 22:23:44.982 UTC: 	 Adding directory /eos/home-b/bibehera/OO_Simfit_eff/CMSSW_15_0_6_patch1/lib to tarball
DEBUG 2025-10-07 22:23:45.184 UTC: 	 Checking directory /eos/home-b/bibehera/OO_Simfit_eff/CMSSW_15_0_6_patch1/biglib
DEBUG 2025-10-07 22:23:45.184 UTC: 	 Adding directory /eos/home-b/bibehera/OO_Simfit_eff/CMSSW_15_0_6_patch1/biglib to tarball
DEBUG 2025-10-07 22:23:45.186 UTC: 	 Checking directory /eos/home-b/bibehera/OO_Simfit_eff/CMSSW_15_0_6_patch1/module
DEBUG 2025-10-07 22:23:45.187 UTC: 	 Checking directory /eos/home-b/bibehera/OO_Simfit_eff/CMSSW_15_0_6_patch1/config/SCRAM/hooks
DEBUG 2025-10-07 22:23:45.187 UTC: 	 Adding directory /eos/home-b/bibehera/OO_Simfit_eff/CMSSW_15_0_6_patch1/config/SCRAM/hooks to tarball
DEBUG 2025-10-07 22:23:45.564 UTC: 	 Adding directory /eos/home-b/bibehera/OO_Simfit_eff/CMSSW_15_0_6_patch1/src/Analyzer/RaghuV0Ana/data to tarball
DEBUG 2025-10-07 22:23:46.136 UTC: 	 Adding directory /eos/home-b/bibehera/OO_Simfit_eff/CMSSW_15_0_6_patch1/src/Analyzer/RaghuV0Ana/interface to tarball
DEBUG 2025-10-07 22:23:46.143 UTC: 	 Adding directory /eos/home-b/bibehera/OO_Simfit_eff/CMSSW_15_0_6_patch1/src/Analyzer/RaghuV0Ana/python to tarball
DEBUG 2025-10-07 22:23:46.153 UTC: 	 Adding directory /eos/home-b/bibehera/OO_Simfit_eff/CMSSW_15_0_6_patch1/src/HeavyIonsAnalysis/Configuration/data to tarball
DEBUG 2025-10-07 22:23:46.484 UTC: 	 Adding directory /eos/home-b/bibehera/OO_Simfit_eff/CMSSW_15_0_6_patch1/src/HeavyIonsAnalysis/Configuration/python to tarball
DEBUG 2025-10-07 22:23:46.511 UTC: 	 Adding directory /eos/home-b/bibehera/OO_Simfit_eff/CMSSW_15_0_6_patch1/src/HeavyIonsAnalysis/EGMAnalysis/data to tarball
DEBUG 2025-10-07 22:23:46.516 UTC: 	 Adding directory /eos/home-b/bibehera/OO_Simfit_eff/CMSSW_15_0_6_patch1/src/HeavyIonsAnalysis/EGMAnalysis/interface to tarball
DEBUG 2025-10-07 22:23:46.520 UTC: 	 Adding directory /eos/home-b/bibehera/OO_Simfit_eff/CMSSW_15_0_6_patch1/src/HeavyIonsAnalysis/EGMAnalysis/python to tarball
DEBUG 2025-10-07 22:23:46.533 UTC: 	 Adding directory /eos/home-b/bibehera/OO_Simfit_eff/CMSSW_15_0_6_patch1/src/HeavyIonsAnalysis/EventAnalysis/python to tarball
DEBUG 2025-10-07 22:23:46.617 UTC: 	 Adding directory /eos/home-b/bibehera/OO_Simfit_eff/CMSSW_15_0_6_patch1/src/HeavyIonsAnalysis/JetAnalysis/interface to tarball
DEBUG 2025-10-07 22:23:46.622 UTC: 	 Adding directory /eos/home-b/bibehera/OO_Simfit_eff/CMSSW_15_0_6_patch1/src/HeavyIonsAnalysis/JetAnalysis/python to tarball
DEBUG 2025-10-07 22:23:46.656 UTC: 	 Adding directory /eos/home-b/bibehera/OO_Simfit_eff/CMSSW_15_0_6_patch1/src/HeavyIonsAnalysis/MuonAnalysis/interface to tarball
DEBUG 2025-10-07 22:23:46.661 UTC: 	 Adding directory /eos/home-b/bibehera/OO_Simfit_eff/CMSSW_15_0_6_patch1/src/HeavyIonsAnalysis/MuonAnalysis/python to tarball
DEBUG 2025-10-07 22:23:46.669 UTC: 	 Adding directory /eos/home-b/bibehera/OO_Simfit_eff/CMSSW_15_0_6_patch1/src/HeavyIonsAnalysis/TrackAnalysis/interface to tarball
DEBUG 2025-10-07 22:23:46.672 UTC: 	 Adding directory /eos/home-b/bibehera/OO_Simfit_eff/CMSSW_15_0_6_patch1/src/HeavyIonsAnalysis/TrackAnalysis/python to tarball
DEBUG 2025-10-07 22:23:46.689 UTC: 	 Adding directory /eos/home-b/bibehera/OO_Simfit_eff/CMSSW_15_0_6_patch1/src/HeavyIonsAnalysis/VertexAnalysis/python to tarball
DEBUG 2025-10-07 22:23:46.695 UTC: 	 Adding directory /eos/home-b/bibehera/OO_Simfit_eff/CMSSW_15_0_6_patch1/src/HeavyIonsAnalysis/ZDCAnalysis/python to tarball
DEBUG 2025-10-07 22:23:46.759 UTC: 	 Uploading archive /eos/home-b/bibehera/OO_Simfit_eff/CMSSW_15_0_6_patch1/src/Analyzer/RaghuV0Ana/cfg/OO_Data_MINIAOD/crab_2pc_OO_V0_IM_effcorr_v1_cent0to50_IP37/inputs/1ce7af46-95c4-406f-95a5-11b955adb0b9default.tgz (4.677734.1 MB) to the CRAB cache. Using URI https://s3.cern.ch/crabcache
DEBUG 2025-10-07 22:23:47.776 UTC: 	 Encoded data for curl request: subresource=upload&objecttype=sandbox&tarballname=336f4a365ffd5a6e4697ef22b7544dda3255e00794f414a0c8e405d2b2365c48.tar.gz
DEBUG 2025-10-07 22:23:47.831 UTC: 	 sandbox 336f4a365ffd5a6e4697ef22b7544dda3255e00794f414a0c8e405d2b2365c48.tar.gz is already in the S3 store, will not upload again
DEBUG 2025-10-07 22:23:47.831 UTC: 	 Loading required information from the environment
DEBUG 2025-10-07 22:23:47.831 UTC: 	 Found CMSSW_15_0_6_patch1 for el8_amd64_gcc12 with base /eos/home-b/bibehera/OO_Simfit_eff/CMSSW_15_0_6_patch1
DEBUG 2025-10-07 22:23:47.831 UTC: 	 Making tarball in /eos/home-b/bibehera/OO_Simfit_eff/CMSSW_15_0_6_patch1/src/Analyzer/RaghuV0Ana/cfg/OO_Data_MINIAOD/crab_2pc_OO_V0_IM_effcorr_v1_cent0to50_IP37/inputs/debugFiles.tgz
DEBUG 2025-10-07 22:23:47.842 UTC: 	 Uploading archive /eos/home-b/bibehera/OO_Simfit_eff/CMSSW_15_0_6_patch1/src/Analyzer/RaghuV0Ana/cfg/OO_Data_MINIAOD/crab_2pc_OO_V0_IM_effcorr_v1_cent0to50_IP37/inputs/debugFiles.tgz (3 KB) to the CRAB cache. Using URI https://s3.cern.ch/crabcache
DEBUG 2025-10-07 22:23:47.848 UTC: 	 Encoded data for curl request: subresource=upload&objecttype=sandbox&tarballname=7eeab096e84759a555730ad49d784181f60f74b868d86a7c82e9831277218977.tar.gz
DEBUG 2025-10-07 22:23:47.890 UTC: 	 Will execute:
curl -f -v -X POST  -H "User-Agent: CRAB" -F "key=bibehera/sandboxes/7eeab096e84759a555730ad49d784181f60f74b868d86a7c82e9831277218977.tar.gz" -F "AWSAccessKeyId=715203df6482458ba839e73e6dab634b" -F "policy=eyJleHBpcmF0aW9uIjogIjIwMjUtMTAtMDdUMjM6MjM6NDdaIiwgImNvbmRpdGlvbnMiOiBbeyJidWNrZXQiOiAiY3JhYmNhY2hlX3Byb2QifSwgeyJrZXkiOiAiYmliZWhlcmEvc2FuZGJveGVzLzdlZWFiMDk2ZTg0NzU5YTU1NTczMGFkNDlkNzg0MTgxZjYwZjc0Yjg2OGQ4NmE3YzgyZTk4MzEyNzcyMTg5NzcudGFyLmd6In1dfQ==" -F "signature=PWdH63v4ctL6xLwXo5lo6tEyk+U=" -F "file=@/eos/home-b/bibehera/OO_Simfit_eff/CMSSW_15_0_6_patch1/src/Analyzer/RaghuV0Ana/cfg/OO_Data_MINIAOD/crab_2pc_OO_V0_IM_effcorr_v1_cent0to50_IP37/inputs/debugFiles.tgz" "https://s3.cern.ch/crabcache_prod"
DEBUG 2025-10-07 22:23:47.924 UTC: 	 exitcode: 0
stdout: b''
DEBUG 2025-10-07 22:23:47.924 UTC: 	 upload to S3 of sandbox /eos/home-b/bibehera/OO_Simfit_eff/CMSSW_15_0_6_patch1/src/Analyzer/RaghuV0Ana/cfg/OO_Data_MINIAOD/crab_2pc_OO_V0_IM_effcorr_v1_cent0to50_IP37/inputs/debugFiles.tgz completed
DEBUG 2025-10-07 22:23:47.924 UTC: 	 make sure that object is ready for retrieve
DEBUG 2025-10-07 22:23:48.925 UTC: 	 Encoded data for curl request: subresource=download&objecttype=sandbox&tarballname=7eeab096e84759a555730ad49d784181f60f74b868d86a7c82e9831277218977.tar.gz&clientmethod=head_object
DEBUG 2025-10-07 22:23:48.971 UTC: 	 PreSignedUrl to download sandbox received OK
DEBUG 2025-10-07 22:23:48.975 UTC: 	 Will execute:
 curl -v -s -f -o /dev/null --head  "https://s3.cern.ch/crabcache_prod/bibehera/sandboxes/7eeab096e84759a555730ad49d784181f60f74b868d86a7c82e9831277218977.tar.gz?AWSAccessKeyId=715203df6482458ba839e73e6dab634b&Signature=zSHT7S0o47lnFmyegvAZ6XuOiQE%3D&Expires=1759879428"
DEBUG 2025-10-07 22:23:49.003 UTC: 	 exitcode: 0
stdout: b''
DEBUG 2025-10-07 22:23:49.003 UTC: 	 sandbox /eos/home-b/bibehera/OO_Simfit_eff/CMSSW_15_0_6_patch1/src/Analyzer/RaghuV0Ana/cfg/OO_Data_MINIAOD/crab_2pc_OO_V0_IM_effcorr_v1_cent0to50_IP37/inputs/debugFiles.tgz successfully uploaded to S3
DEBUG 2025-10-07 22:23:49.004 UTC: 	 Result uploading input files: 336f4a365ffd5a6e4697ef22b7544dda3255e00794f414a0c8e405d2b2365c48.tar.gz 
DEBUG 2025-10-07 22:23:49.004 UTC: 	 Attaching lumi mask generated_json.json to the request
DEBUG 2025-10-07 22:23:49.004 UTC: 	 Reading lumi-mask from generated_json.json
DEBUG 2025-10-07 22:23:49.005 UTC: 	 submit() - self.configuration from WMCore.Configuration import Configuration
config = Configuration()
config.section_('General')
config.General.workArea = 'OO_Data_MINIAOD'
config.General.transferLogs = True
config.General.requestName = '2pc_OO_V0_IM_effcorr_v1_cent0to50_IP37'
config.General.transferOutputs = True
config.section_('JobType')
config.JobType.psetName = 'PbPb_2018_cfg.py'
config.JobType.pluginName = 'Analysis'
config.section_('Data')
config.Data.inputDataset = '/IonPhysics37/bibehera-2pc_OO_V0_IP37-ca42279dfc2dce710b3991c24f27a617/USER'
config.Data.secondaryInputDataset = '/IonPhysics37/OORun2025-PromptReco-v1/MINIAOD'
config.Data.inputDBS = 'phys03'
config.Data.lumiMask = 'generated_json.json'
config.Data.publication = False
config.Data.splitting = 'LumiBased'
config.Data.outLFNDirBase = '/store/user/bibehera/'
config.Data.outputDatasetTag = '2pc_OO_V0_IM_effcorr_v1_cent0to50_IP37'
config.Data.unitsPerJob = 3
config.Data.totalUnits = -1
config.section_('Site')
config.Site.storageSite = 'T3_CH_CERNBOX'
config.section_('User')
config.section_('Debug')

DEBUG 2025-10-07 22:23:49.005 UTC: 	 submit() - self.configreq {'dryrun': 0, 'workflow': 'crab_2pc_OO_V0_IM_effcorr_v1_cent0to50_IP37', 'saveoutput': 1, 'savelogsflag': 1, 'inputdata': '/IonPhysics37/bibehera-2pc_OO_V0_IP37-ca42279dfc2dce710b3991c24f27a617/USER', 'nonvaliddata': 0, 'userfiles': [], 'dbsurl': 'https://cmsweb.cern.ch/dbs/prod/phys03/DBSReader', 'useparent': 0, 'secondarydata': '/IonPhysics37/OORun2025-PromptReco-v1/MINIAOD', 'ignorelocality': 0, 'splitalgo': 'LumiBased', 'algoargs': 3, 'totalunits': -1, 'lfn': '/store/user/bibehera/', 'publication': 0, 'publishdbsurl': 'https://cmsweb.cern.ch/dbs/prod/phys03/DBSWriter', 'publishname2': '2pc_OO_V0_IM_effcorr_v1_cent0to50_IP37', 'jobtype': 'Analysis', 'generator': 'pythia', 'addoutputfiles': [], 'maxjobruntime': 1250, 'numcores': 1, 'maxmemory': 2000, 'priority': 10, 'nonprodsw': 0, 'asyncdest': 'T3_CH_CERNBOX', 'requireaccelerator': 0, 'oneEventMode': 0, 'extrajdl': [], 'ignoreglobalblacklist': 0, 'partialdataset': 0, 'inputblocks': []}
DEBUG 2025-10-07 22:23:49.005 UTC: 	 submit() - jobconfig {'addoutputfiles': [], 'tfileoutfiles': ['V0_test_IM_wgt.root'], 'edmoutfiles': [], 'jobarch': 'el8_amd64_gcc12', 'jobminuarch': 'x86-64-v3', 'jobsw': 'CMSSW_15_0_6_patch1', 'inputdata': '/IonPhysics37/bibehera-2pc_OO_V0_IP37-ca42279dfc2dce710b3991c24f27a617/USER', 'cacheurl': 'https://s3.cern.ch/crabcache', 'cachefilename': '336f4a365ffd5a6e4697ef22b7544dda3255e00794f414a0c8e405d2b2365c48.tar.gz', 'debugfilename': '7eeab096e84759a555730ad49d784181f60f74b868d86a7c82e9831277218977.tar.gz', 'runs': ['394153', '394154', '394169', '394175', '394183', '394184', '394185', '394186', '394187', '394188', '394189', '394204', '394209', '394217'], 'lumis': ['40,169', '1,886', '39,997', '47,988', '15,239', '1,667', '1,3', '1,15', '1,1', '1,107', '1,72', '38,932', '23,1209', '41,838'], 'jobtype': 'Analysis'}
INFO 2025-10-07 22:23:49.005 UTC: 	 Sending the request to the server at cmsweb.cern.ch
DEBUG 2025-10-07 22:23:49.006 UTC: 	 Submitting {'dryrun': 0, 'workflow': 'crab_2pc_OO_V0_IM_effcorr_v1_cent0to50_IP37', 'saveoutput': 1, 'savelogsflag': 1, 'inputdata': '/IonPhysics37/bibehera-2pc_OO_V0_IP37-ca42279dfc2dce710b3991c24f27a617/USER', 'nonvaliddata': 0, 'userfiles': [], 'dbsurl': 'https://cmsweb.cern.ch/dbs/prod/phys03/DBSReader', 'useparent': 0, 'secondarydata': '/IonPhysics37/OORun2025-PromptReco-v1/MINIAOD', 'ignorelocality': 0, 'splitalgo': 'LumiBased', 'algoargs': 3, 'totalunits': -1, 'lfn': '/store/user/bibehera/', 'publication': 0, 'publishdbsurl': 'https://cmsweb.cern.ch/dbs/prod/phys03/DBSWriter', 'publishname2': '2pc_OO_V0_IM_effcorr_v1_cent0to50_IP37', 'jobtype': 'Analysis', 'generator': 'pythia', 'addoutputfiles': [], 'maxjobruntime': 1250, 'numcores': 1, 'maxmemory': 2000, 'priority': 10, 'nonprodsw': 0, 'asyncdest': 'T3_CH_CERNBOX', 'requireaccelerator': 0, 'oneEventMode': 0, 'extrajdl': [], 'ignoreglobalblacklist': 0, 'partialdataset': 0, 'inputblocks': [], 'tfileoutfiles': ['V0_test_IM_wgt.root'], 'edmoutfiles': [], 'jobarch': 'el8_amd64_gcc12', 'jobminuarch': 'x86-64-v3', 'jobsw': 'CMSSW_15_0_6_patch1', 'cacheurl': 'https://s3.cern.ch/crabcache', 'cachefilename': '336f4a365ffd5a6e4697ef22b7544dda3255e00794f414a0c8e405d2b2365c48.tar.gz', 'debugfilename': '7eeab096e84759a555730ad49d784181f60f74b868d86a7c82e9831277218977.tar.gz', 'runs': ['394153', '394154', '394169', '394175', '394183', '394184', '394185', '394186', '394187', '394188', '394189', '394204', '394209', '394217'], 'lumis': ['40,169', '1,886', '39,997', '47,988', '15,239', '1,667', '1,3', '1,15', '1,1', '1,107', '1,72', '38,932', '23,1209', '41,838']} 
DEBUG 2025-10-07 22:23:49.006 UTC: 	 Encoded data for curl request: dryrun=0&workflow=crab_2pc_OO_V0_IM_effcorr_v1_cent0to50_IP37&saveoutput=1&savelogsflag=1&inputdata=%2FIonPhysics37%2Fbibehera-2pc_OO_V0_IP37-ca42279dfc2dce710b3991c24f27a617%2FUSER&nonvaliddata=0&dbsurl=https%3A%2F%2Fcmsweb.cern.ch%2Fdbs%2Fprod%2Fphys03%2FDBSReader&useparent=0&secondarydata=%2FIonPhysics37%2FOORun2025-PromptReco-v1%2FMINIAOD&ignorelocality=0&splitalgo=LumiBased&algoargs=3&totalunits=-1&lfn=%2Fstore%2Fuser%2Fbibehera%2F&publication=0&publishdbsurl=https%3A%2F%2Fcmsweb.cern.ch%2Fdbs%2Fprod%2Fphys03%2FDBSWriter&publishname2=2pc_OO_V0_IM_effcorr_v1_cent0to50_IP37&jobtype=Analysis&generator=pythia&maxjobruntime=1250&numcores=1&maxmemory=2000&priority=10&nonprodsw=0&asyncdest=T3_CH_CERNBOX&requireaccelerator=0&oneEventMode=0&ignoreglobalblacklist=0&partialdataset=0&jobarch=el8_amd64_gcc12&jobminuarch=x86-64-v3&jobsw=CMSSW_15_0_6_patch1&cacheurl=https%3A%2F%2Fs3.cern.ch%2Fcrabcache&cachefilename=336f4a365ffd5a6e4697ef22b7544dda3255e00794f414a0c8e405d2b2365c48.tar.gz&debugfilename=7eeab096e84759a555730ad49d784181f60f74b868d86a7c82e9831277218977.tar.gz&tfileoutfiles=V0_test_IM_wgt.root&runs=394153&runs=394154&runs=394169&runs=394175&runs=394183&runs=394184&runs=394185&runs=394186&runs=394187&runs=394188&runs=394189&runs=394204&runs=394209&runs=394217&lumis=40%2C169&lumis=1%2C886&lumis=39%2C997&lumis=47%2C988&lumis=15%2C239&lumis=1%2C667&lumis=1%2C3&lumis=1%2C15&lumis=1%2C1&lumis=1%2C107&lumis=1%2C72&lumis=38%2C932&lumis=23%2C1209&lumis=41%2C838
DEBUG 2025-10-07 22:23:49.334 UTC: 	 Result: {'result': [{'RequestName': '251007_222349:bibehera_crab_2pc_OO_V0_IM_effcorr_v1_cent0to50_IP37'}]}
INFO 2025-10-07 22:23:49.356 UTC: 	 Success: Your task has been delivered to the prod CRAB3 server.
INFO 2025-10-07 22:23:49.356 UTC: 	 Task name: 251007_222349:bibehera_crab_2pc_OO_V0_IM_effcorr_v1_cent0to50_IP37
INFO 2025-10-07 22:23:49.356 UTC: 	 Project dir: OO_Data_MINIAOD/crab_2pc_OO_V0_IM_effcorr_v1_cent0to50_IP37
INFO 2025-10-07 22:23:49.357 UTC: 	 Please use ' crab status -d OO_Data_MINIAOD/crab_2pc_OO_V0_IM_effcorr_v1_cent0to50_IP37 ' to check how the submission process proceeds.
DEBUG 2025-10-07 22:23:49.357 UTC: 	 About to return
INFO 2025-10-07 22:23:49.379 UTC: 	 Log file is /eos/home-b/bibehera/OO_Simfit_eff/CMSSW_15_0_6_patch1/src/Analyzer/RaghuV0Ana/cfg/OO_Data_MINIAOD/crab_2pc_OO_V0_IM_effcorr_v1_cent0to50_IP37/crab.log
