DEBUG 2025-10-30 19:20:18.717 UTC: 	 CRAB Client version: v3.251020
DEBUG 2025-10-30 19:20:18.718 UTC: 	 Running on: Linux lxplus810.cern.ch 4.18.0-553.79.1.el8_10.x86_64 #1 SMP Fri Oct 3 10:58:12 EDT 2025 x86_64 x86_64 x86_64 GNU/Linux
DEBUG 2025-10-30 19:20:18.718 UTC: 	 Not using Singularity
DEBUG 2025-10-30 19:20:18.718 UTC: 	 Operating System: Red Hat Enterprise Linux 8.10 (Ootpa)
DEBUG 2025-10-30 19:20:18.718 UTC: 	 Executing command: 'submit'
DEBUG 2025-10-30 19:20:18.718 UTC: 	 Found CRAB cache file /afs/cern.ch/user/b/bibehera/.crab3
INFO 2025-10-30 19:20:18.719 UTC: 	 Will use CRAB configuration file crab_config2.py
DEBUG 2025-10-30 19:20:18.719 UTC: 	 Loading CRAB configuration file.
DEBUG 2025-10-30 19:20:18.725 UTC: 	 Overriden parameter General.requestName with '2pc_OO_V0_IM_effcorr_cent0to50_lowpT_IP22'
DEBUG 2025-10-30 19:20:18.725 UTC: 	 Overriden parameter Data.inputDataset with '/IonPhysics22/bibehera-2pc_OO_V0_IP22-ca42279dfc2dce710b3991c24f27a617/USER'
DEBUG 2025-10-30 19:20:18.725 UTC: 	 Overriden parameter Data.secondaryInputDataset with '/IonPhysics22/OORun2025-PromptReco-v1/MINIAOD'
DEBUG 2025-10-30 19:20:18.725 UTC: 	 Overriden parameter Data.outputDatasetTag with '2pc_OO_V0_IM_effcorr_cent0to50_lowpT_IP22'
DEBUG 2025-10-30 19:20:18.725 UTC: 	 Will use CRAB plugin ANALYSIS (i.e. will run an analysis job type).
DEBUG 2025-10-30 19:20:19.546 UTC: 	 Checking credentials
DEBUG 2025-10-30 19:20:19.546 UTC: 	 Found proxy file /tmp/x509up_u177753
DEBUG 2025-10-30 19:20:19.546 UTC: 	 Making sure it has proper VOMS extension
DEBUG 2025-10-30 19:20:19.546 UTC: 	 Executing command :
 voms-proxy-info --vo --file /tmp/x509up_u177753
DEBUG 2025-10-30 19:20:19.566 UTC: 	 output : cms

 error: 
 retcode : 0
DEBUG 2025-10-30 19:20:19.566 UTC: 	 Getting proxy life time left
DEBUG 2025-10-30 19:20:19.566 UTC: 	 Executing command :
 voms-proxy-info --actimeleft --timeleft --file /tmp/x509up_u177753
DEBUG 2025-10-30 19:20:19.585 UTC: 	 output : 43112
43112

 error: 
 retcode : 0
DEBUG 2025-10-30 19:20:19.586 UTC: 	 Proxy valid for 11:58:32 hours
DEBUG 2025-10-30 19:20:19.586 UTC: 	 Encoded data for curl request: subresource=delegatedn
DEBUG 2025-10-30 19:20:19.617 UTC: 	 Registering user credentials on myproxy for /DC=ch/DC=cern/OU=Organic Units/OU=Users/CN=cmscrab/CN=(817881|373708)/CN=Robot: cms crab|/DC=ch/DC=cern/OU=Organic Units/OU=Users/CN=crabint1/CN=373708/CN=Robot: CMS CRAB Integration 1
DEBUG 2025-10-30 19:20:19.617 UTC: 	 Executing command :
 voms-proxy-info --identity --file /tmp/x509up_u177753
DEBUG 2025-10-30 19:20:19.635 UTC: 	 output : /DC=ch/DC=cern/OU=Organic Units/OU=Users/CN=bibehera/CN=882295/CN=Bismita Behera

 error: 
 retcode : 0
DEBUG 2025-10-30 19:20:19.635 UTC: 	 Getting myproxy life time left for bfbdf12a5670e45fdd055ff115afbb0f25b8a072
DEBUG 2025-10-30 19:20:19.635 UTC: 	 Executing command :
 myproxy-info -s myproxy.cern.ch -l bfbdf12a5670e45fdd055ff115afbb0f25b8a072
DEBUG 2025-10-30 19:20:19.899 UTC: 	 output : username: bfbdf12a5670e45fdd055ff115afbb0f25b8a072
owner: /DC=ch/DC=cern/OU=Organic Units/OU=Users/CN=bibehera/CN=882295/CN=Bismita Behera
  renewal policy: /DC=ch/DC=cern/OU=Organic Units/OU=Users/CN=cmscrab/CN=(817881|373708)/CN=Robot: cms crab|/DC=ch/DC=cern/OU=Organic Units/OU=Users/CN=crabint1/CN=373708/CN=Robot: CMS CRAB Integration 1
  trusted retrieval policy: /DC=ch/DC=cern/OU=Organic Units/OU=Users/CN=cmscrab/CN=(817881|373708)/CN=Robot: cms crab|/DC=ch/DC=cern/OU=Organic Units/OU=Users/CN=crabint1/CN=373708/CN=Robot: CMS CRAB Integration 1
  timeleft: 719:59:48  (30.0 days)

 error: 
 retcode : 0
DEBUG 2025-10-30 19:20:19.899 UTC: 	 Myproxy is valid: 2591940
DEBUG 2025-10-30 19:20:19.900 UTC: 	 Result of myproxy credential check:
  Credential exists on myproxy: username: bfbdf12a5670e45fdd055ff115afbb0f25b8a072  - validity: 29 days, 23:59:00
DEBUG 2025-10-30 19:20:19.900 UTC: 	 Command use: submit
DEBUG 2025-10-30 19:20:19.900 UTC: 	 Options use: ['-c', 'crab_config2.py', 'General.requestName=2pc_OO_V0_IM_effcorr_cent0to50_lowpT_IP22', 'Data.inputDataset=/IonPhysics22/bibehera-2pc_OO_V0_IP22-ca42279dfc2dce710b3991c24f27a617/USER', 'Data.secondaryInputDataset=/IonPhysics22/OORun2025-PromptReco-v1/MINIAOD', 'Data.outputDatasetTag=2pc_OO_V0_IM_effcorr_cent0to50_lowpT_IP22']
DEBUG 2025-10-30 19:20:19.900 UTC: 	 Encoded data for curl request: subresource=version
DEBUG 2025-10-30 19:20:19.931 UTC: 	 CRABClient version: v3.251020
DEBUG 2025-10-30 19:20:19.931 UTC: 	 Instance is prod
DEBUG 2025-10-30 19:20:19.931 UTC: 	 Server base url is cmsweb.cern.ch
DEBUG 2025-10-30 19:20:19.931 UTC: 	 Command api workflow
DEBUG 2025-10-30 19:20:19.931 UTC: 	 Started submission
DEBUG 2025-10-30 19:20:19.931 UTC: 	 Working on /eos/home-b/bibehera/OO_Simfit_eff/CMSSW_15_0_6_patch1/src/Analyzer/RaghuV0Ana/cfg/OO_Data_MINIAOD/crab_2pc_OO_V0_IM_effcorr_cent0to50_lowpT_IP22
DEBUG 2025-10-30 19:20:19.954 UTC: 	 Loading required information from the environment
DEBUG 2025-10-30 19:20:19.954 UTC: 	 Found CMSSW_15_0_6_patch1 for el8_amd64_gcc12 with base /eos/home-b/bibehera/OO_Simfit_eff/CMSSW_15_0_6_patch1
DEBUG 2025-10-30 19:20:19.954 UTC: 	 Loading required information from the environment
DEBUG 2025-10-30 19:20:19.954 UTC: 	 Found CMSSW_15_0_6_patch1 for el8_amd64_gcc12 with base /eos/home-b/bibehera/OO_Simfit_eff/CMSSW_15_0_6_patch1
DEBUG 2025-10-30 19:20:19.954 UTC: 	 UNIQUE NAME: tarUUID 0acaee01-8050-48e0-b43b-97084cedb4d6 
DEBUG 2025-10-30 19:20:19.954 UTC: 	 self.config: from WMCore.Configuration import Configuration
config = Configuration()
config.section_('General')
config.General.transferLogs = True
config.General.workArea = 'OO_Data_MINIAOD'
config.General.transferOutputs = True
config.General.requestName = '2pc_OO_V0_IM_effcorr_cent0to50_lowpT_IP22'
config.section_('JobType')
config.JobType.psetName = 'PbPb_2018_cfg.py'
config.JobType.pluginName = 'Analysis'
config.section_('Data')
config.Data.outLFNDirBase = '/store/user/bibehera/'
config.Data.outputDatasetTag = '2pc_OO_V0_IM_effcorr_cent0to50_lowpT_IP22'
config.Data.lumiMask = 'generated_json.json'
config.Data.inputDataset = '/IonPhysics22/bibehera-2pc_OO_V0_IP22-ca42279dfc2dce710b3991c24f27a617/USER'
config.Data.splitting = 'LumiBased'
config.Data.secondaryInputDataset = '/IonPhysics22/OORun2025-PromptReco-v1/MINIAOD'
config.Data.unitsPerJob = 3
config.Data.publication = False
config.Data.totalUnits = -1
config.Data.inputDBS = 'phys03'
config.section_('Site')
config.Site.storageSite = 'T3_CH_CERNBOX'
config.section_('User')
config.section_('Debug')

DEBUG 2025-10-30 19:20:19.954 UTC: 	 self.config.JobType.psetName: PbPb_2018_cfg.py
INFO 2025-10-30 19:20:19.955 UTC: 	 Importing CMSSW configuration PbPb_2018_cfg.py
INFO 2025-10-30 19:20:20.605 UTC: 	 Finished importing CMSSW configuration PbPb_2018_cfg.py
DEBUG 2025-10-30 19:20:20.605 UTC: 	 Writing CMSSW configuration to /eos/home-b/bibehera/OO_Simfit_eff/CMSSW_15_0_6_patch1/src/Analyzer/RaghuV0Ana/cfg/OO_Data_MINIAOD/crab_2pc_OO_V0_IM_effcorr_cent0to50_lowpT_IP22/inputs/PSet.py
DEBUG 2025-10-30 19:20:20.800 UTC: 	 The following EDM output files will be collected: []
DEBUG 2025-10-30 19:20:20.800 UTC: 	 The following TFile output files will be collected: ['V0_test_IM_lowpT.root']
DEBUG 2025-10-30 19:20:20.800 UTC: 	 The following user output files (not listed as PoolOuputModule or TFileService in the CMSSW PSet) will be collected: 
DEBUG 2025-10-30 19:20:20.800 UTC: 	 Loading required information from the environment
DEBUG 2025-10-30 19:20:20.800 UTC: 	 Found CMSSW_15_0_6_patch1 for el8_amd64_gcc12 with base /eos/home-b/bibehera/OO_Simfit_eff/CMSSW_15_0_6_patch1
DEBUG 2025-10-30 19:20:20.800 UTC: 	 Making tarball in /eos/home-b/bibehera/OO_Simfit_eff/CMSSW_15_0_6_patch1/src/Analyzer/RaghuV0Ana/cfg/OO_Data_MINIAOD/crab_2pc_OO_V0_IM_effcorr_cent0to50_lowpT_IP22/inputs/0acaee01-8050-48e0-b43b-97084cedb4d6default.tgz
DEBUG 2025-10-30 19:20:20.802 UTC: 	 Checking directory /eos/home-b/bibehera/OO_Simfit_eff/CMSSW_15_0_6_patch1/bin
DEBUG 2025-10-30 19:20:20.803 UTC: 	 Adding directory /eos/home-b/bibehera/OO_Simfit_eff/CMSSW_15_0_6_patch1/bin to tarball
DEBUG 2025-10-30 19:20:20.806 UTC: 	 Checking directory /eos/home-b/bibehera/OO_Simfit_eff/CMSSW_15_0_6_patch1/python
DEBUG 2025-10-30 19:20:20.806 UTC: 	 Adding directory /eos/home-b/bibehera/OO_Simfit_eff/CMSSW_15_0_6_patch1/python to tarball
DEBUG 2025-10-30 19:20:20.850 UTC: 	 Checking directory /eos/home-b/bibehera/OO_Simfit_eff/CMSSW_15_0_6_patch1/cfipython
DEBUG 2025-10-30 19:20:20.850 UTC: 	 Adding directory /eos/home-b/bibehera/OO_Simfit_eff/CMSSW_15_0_6_patch1/cfipython to tarball
DEBUG 2025-10-30 19:20:20.970 UTC: 	 Checking directory /eos/home-b/bibehera/OO_Simfit_eff/CMSSW_15_0_6_patch1/lib
DEBUG 2025-10-30 19:20:20.970 UTC: 	 Adding directory /eos/home-b/bibehera/OO_Simfit_eff/CMSSW_15_0_6_patch1/lib to tarball
DEBUG 2025-10-30 19:20:21.156 UTC: 	 Checking directory /eos/home-b/bibehera/OO_Simfit_eff/CMSSW_15_0_6_patch1/biglib
DEBUG 2025-10-30 19:20:21.156 UTC: 	 Adding directory /eos/home-b/bibehera/OO_Simfit_eff/CMSSW_15_0_6_patch1/biglib to tarball
DEBUG 2025-10-30 19:20:21.158 UTC: 	 Checking directory /eos/home-b/bibehera/OO_Simfit_eff/CMSSW_15_0_6_patch1/module
DEBUG 2025-10-30 19:20:21.158 UTC: 	 Checking directory /eos/home-b/bibehera/OO_Simfit_eff/CMSSW_15_0_6_patch1/config/SCRAM/hooks
DEBUG 2025-10-30 19:20:21.158 UTC: 	 Adding directory /eos/home-b/bibehera/OO_Simfit_eff/CMSSW_15_0_6_patch1/config/SCRAM/hooks to tarball
DEBUG 2025-10-30 19:20:22.015 UTC: 	 Adding directory /eos/home-b/bibehera/OO_Simfit_eff/CMSSW_15_0_6_patch1/src/Analyzer/RaghuV0Ana/data to tarball
DEBUG 2025-10-30 19:20:22.501 UTC: 	 Adding directory /eos/home-b/bibehera/OO_Simfit_eff/CMSSW_15_0_6_patch1/src/Analyzer/RaghuV0Ana/interface to tarball
DEBUG 2025-10-30 19:20:22.506 UTC: 	 Adding directory /eos/home-b/bibehera/OO_Simfit_eff/CMSSW_15_0_6_patch1/src/Analyzer/RaghuV0Ana/python to tarball
DEBUG 2025-10-30 19:20:22.514 UTC: 	 Adding directory /eos/home-b/bibehera/OO_Simfit_eff/CMSSW_15_0_6_patch1/src/HeavyIonsAnalysis/Configuration/data to tarball
DEBUG 2025-10-30 19:20:22.802 UTC: 	 Adding directory /eos/home-b/bibehera/OO_Simfit_eff/CMSSW_15_0_6_patch1/src/HeavyIonsAnalysis/Configuration/python to tarball
DEBUG 2025-10-30 19:20:22.820 UTC: 	 Adding directory /eos/home-b/bibehera/OO_Simfit_eff/CMSSW_15_0_6_patch1/src/HeavyIonsAnalysis/EGMAnalysis/data to tarball
DEBUG 2025-10-30 19:20:22.824 UTC: 	 Adding directory /eos/home-b/bibehera/OO_Simfit_eff/CMSSW_15_0_6_patch1/src/HeavyIonsAnalysis/EGMAnalysis/interface to tarball
DEBUG 2025-10-30 19:20:22.827 UTC: 	 Adding directory /eos/home-b/bibehera/OO_Simfit_eff/CMSSW_15_0_6_patch1/src/HeavyIonsAnalysis/EGMAnalysis/python to tarball
DEBUG 2025-10-30 19:20:22.834 UTC: 	 Adding directory /eos/home-b/bibehera/OO_Simfit_eff/CMSSW_15_0_6_patch1/src/HeavyIonsAnalysis/EventAnalysis/python to tarball
DEBUG 2025-10-30 19:20:22.899 UTC: 	 Adding directory /eos/home-b/bibehera/OO_Simfit_eff/CMSSW_15_0_6_patch1/src/HeavyIonsAnalysis/JetAnalysis/interface to tarball
DEBUG 2025-10-30 19:20:22.902 UTC: 	 Adding directory /eos/home-b/bibehera/OO_Simfit_eff/CMSSW_15_0_6_patch1/src/HeavyIonsAnalysis/JetAnalysis/python to tarball
DEBUG 2025-10-30 19:20:22.930 UTC: 	 Adding directory /eos/home-b/bibehera/OO_Simfit_eff/CMSSW_15_0_6_patch1/src/HeavyIonsAnalysis/MuonAnalysis/interface to tarball
DEBUG 2025-10-30 19:20:22.933 UTC: 	 Adding directory /eos/home-b/bibehera/OO_Simfit_eff/CMSSW_15_0_6_patch1/src/HeavyIonsAnalysis/MuonAnalysis/python to tarball
DEBUG 2025-10-30 19:20:22.940 UTC: 	 Adding directory /eos/home-b/bibehera/OO_Simfit_eff/CMSSW_15_0_6_patch1/src/HeavyIonsAnalysis/TrackAnalysis/interface to tarball
DEBUG 2025-10-30 19:20:22.942 UTC: 	 Adding directory /eos/home-b/bibehera/OO_Simfit_eff/CMSSW_15_0_6_patch1/src/HeavyIonsAnalysis/TrackAnalysis/python to tarball
DEBUG 2025-10-30 19:20:22.954 UTC: 	 Adding directory /eos/home-b/bibehera/OO_Simfit_eff/CMSSW_15_0_6_patch1/src/HeavyIonsAnalysis/VertexAnalysis/python to tarball
DEBUG 2025-10-30 19:20:22.958 UTC: 	 Adding directory /eos/home-b/bibehera/OO_Simfit_eff/CMSSW_15_0_6_patch1/src/HeavyIonsAnalysis/ZDCAnalysis/python to tarball
DEBUG 2025-10-30 19:20:23.015 UTC: 	 Uploading archive /eos/home-b/bibehera/OO_Simfit_eff/CMSSW_15_0_6_patch1/src/Analyzer/RaghuV0Ana/cfg/OO_Data_MINIAOD/crab_2pc_OO_V0_IM_effcorr_cent0to50_lowpT_IP22/inputs/0acaee01-8050-48e0-b43b-97084cedb4d6default.tgz (4.677734.1 MB) to the CRAB cache.
DEBUG 2025-10-30 19:20:23.935 UTC: 	 Encoded data for curl request: subresource=upload&objecttype=sandbox&tarballname=52e5a0a4e876140586003f5f3a7fc5911406a2d3c15795a324e34805b87aadb4.tar.gz
DEBUG 2025-10-30 19:20:23.983 UTC: 	 sandbox 52e5a0a4e876140586003f5f3a7fc5911406a2d3c15795a324e34805b87aadb4.tar.gz is already in the S3 store, will not upload again
DEBUG 2025-10-30 19:20:23.983 UTC: 	 Loading required information from the environment
DEBUG 2025-10-30 19:20:23.983 UTC: 	 Found CMSSW_15_0_6_patch1 for el8_amd64_gcc12 with base /eos/home-b/bibehera/OO_Simfit_eff/CMSSW_15_0_6_patch1
DEBUG 2025-10-30 19:20:23.983 UTC: 	 Making tarball in /eos/home-b/bibehera/OO_Simfit_eff/CMSSW_15_0_6_patch1/src/Analyzer/RaghuV0Ana/cfg/OO_Data_MINIAOD/crab_2pc_OO_V0_IM_effcorr_cent0to50_lowpT_IP22/inputs/debugFiles.tgz
DEBUG 2025-10-30 19:20:23.994 UTC: 	 Uploading archive /eos/home-b/bibehera/OO_Simfit_eff/CMSSW_15_0_6_patch1/src/Analyzer/RaghuV0Ana/cfg/OO_Data_MINIAOD/crab_2pc_OO_V0_IM_effcorr_cent0to50_lowpT_IP22/inputs/debugFiles.tgz (3 KB) to the CRAB cache.
DEBUG 2025-10-30 19:20:24.002 UTC: 	 Encoded data for curl request: subresource=upload&objecttype=sandbox&tarballname=dafd02bfd6bc21051b2df4490df0de3db56ab3f2d1970166ab7162e5a0d70485.tar.gz
DEBUG 2025-10-30 19:20:24.056 UTC: 	 Will execute:
curl -f -v -X POST  -H "User-Agent: CRAB" -F "key=bibehera/sandboxes/dafd02bfd6bc21051b2df4490df0de3db56ab3f2d1970166ab7162e5a0d70485.tar.gz" -F "AWSAccessKeyId=715203df6482458ba839e73e6dab634b" -F "policy=eyJleHBpcmF0aW9uIjogIjIwMjUtMTAtMzBUMjA6MjA6MjRaIiwgImNvbmRpdGlvbnMiOiBbeyJidWNrZXQiOiAiY3JhYmNhY2hlX3Byb2QifSwgeyJrZXkiOiAiYmliZWhlcmEvc2FuZGJveGVzL2RhZmQwMmJmZDZiYzIxMDUxYjJkZjQ0OTBkZjBkZTNkYjU2YWIzZjJkMTk3MDE2NmFiNzE2MmU1YTBkNzA0ODUudGFyLmd6In1dfQ==" -F "signature=fyuFGR0a/4/xvBcnJjpnTgWF69U=" -F "file=@/eos/home-b/bibehera/OO_Simfit_eff/CMSSW_15_0_6_patch1/src/Analyzer/RaghuV0Ana/cfg/OO_Data_MINIAOD/crab_2pc_OO_V0_IM_effcorr_cent0to50_lowpT_IP22/inputs/debugFiles.tgz" "https://s3.cern.ch/crabcache_prod"
DEBUG 2025-10-30 19:20:24.136 UTC: 	 exitcode: 0
stdout: b''
DEBUG 2025-10-30 19:20:24.136 UTC: 	 upload to S3 of sandbox /eos/home-b/bibehera/OO_Simfit_eff/CMSSW_15_0_6_patch1/src/Analyzer/RaghuV0Ana/cfg/OO_Data_MINIAOD/crab_2pc_OO_V0_IM_effcorr_cent0to50_lowpT_IP22/inputs/debugFiles.tgz completed
DEBUG 2025-10-30 19:20:24.136 UTC: 	 make sure that object is ready for retrieve
DEBUG 2025-10-30 19:20:25.138 UTC: 	 Encoded data for curl request: subresource=download&objecttype=sandbox&tarballname=dafd02bfd6bc21051b2df4490df0de3db56ab3f2d1970166ab7162e5a0d70485.tar.gz&clientmethod=head_object
DEBUG 2025-10-30 19:20:25.175 UTC: 	 PreSignedUrl to download sandbox received OK
DEBUG 2025-10-30 19:20:25.178 UTC: 	 Will execute:
 curl -v -s -f -o /dev/null --head  "https://s3.cern.ch/crabcache_prod/bibehera/sandboxes/dafd02bfd6bc21051b2df4490df0de3db56ab3f2d1970166ab7162e5a0d70485.tar.gz?AWSAccessKeyId=715203df6482458ba839e73e6dab634b&Signature=1%2F9gYMFDA1%2BzOsJXczRbFQppNC0%3D&Expires=1761855625"
DEBUG 2025-10-30 19:20:25.203 UTC: 	 exitcode: 0
stdout: b''
DEBUG 2025-10-30 19:20:25.203 UTC: 	 sandbox /eos/home-b/bibehera/OO_Simfit_eff/CMSSW_15_0_6_patch1/src/Analyzer/RaghuV0Ana/cfg/OO_Data_MINIAOD/crab_2pc_OO_V0_IM_effcorr_cent0to50_lowpT_IP22/inputs/debugFiles.tgz successfully uploaded to S3
DEBUG 2025-10-30 19:20:25.203 UTC: 	 Result uploading input files: 52e5a0a4e876140586003f5f3a7fc5911406a2d3c15795a324e34805b87aadb4.tar.gz 
DEBUG 2025-10-30 19:20:25.203 UTC: 	 Attaching lumi mask generated_json.json to the request
DEBUG 2025-10-30 19:20:25.203 UTC: 	 Reading lumi-mask from generated_json.json
DEBUG 2025-10-30 19:20:25.204 UTC: 	 submit() - self.configuration from WMCore.Configuration import Configuration
config = Configuration()
config.section_('General')
config.General.transferLogs = True
config.General.workArea = 'OO_Data_MINIAOD'
config.General.transferOutputs = True
config.General.requestName = '2pc_OO_V0_IM_effcorr_cent0to50_lowpT_IP22'
config.section_('JobType')
config.JobType.psetName = 'PbPb_2018_cfg.py'
config.JobType.pluginName = 'Analysis'
config.section_('Data')
config.Data.outLFNDirBase = '/store/user/bibehera/'
config.Data.outputDatasetTag = '2pc_OO_V0_IM_effcorr_cent0to50_lowpT_IP22'
config.Data.lumiMask = 'generated_json.json'
config.Data.inputDataset = '/IonPhysics22/bibehera-2pc_OO_V0_IP22-ca42279dfc2dce710b3991c24f27a617/USER'
config.Data.splitting = 'LumiBased'
config.Data.secondaryInputDataset = '/IonPhysics22/OORun2025-PromptReco-v1/MINIAOD'
config.Data.unitsPerJob = 3
config.Data.publication = False
config.Data.totalUnits = -1
config.Data.inputDBS = 'phys03'
config.section_('Site')
config.Site.storageSite = 'T3_CH_CERNBOX'
config.section_('User')
config.section_('Debug')

DEBUG 2025-10-30 19:20:25.204 UTC: 	 submit() - self.configreq {'dryrun': 0, 'workflow': 'crab_2pc_OO_V0_IM_effcorr_cent0to50_lowpT_IP22', 'saveoutput': 1, 'savelogsflag': 1, 'inputdata': '/IonPhysics22/bibehera-2pc_OO_V0_IP22-ca42279dfc2dce710b3991c24f27a617/USER', 'nonvaliddata': 0, 'userfiles': [], 'dbsurl': 'https://cmsweb.cern.ch/dbs/prod/phys03/DBSReader', 'useparent': 0, 'secondarydata': '/IonPhysics22/OORun2025-PromptReco-v1/MINIAOD', 'ignorelocality': 0, 'splitalgo': 'LumiBased', 'algoargs': 3, 'totalunits': -1, 'lfn': '/store/user/bibehera/', 'publication': 0, 'publishdbsurl': 'https://cmsweb.cern.ch/dbs/prod/phys03/DBSWriter', 'publishname2': '2pc_OO_V0_IM_effcorr_cent0to50_lowpT_IP22', 'jobtype': 'Analysis', 'generator': 'pythia', 'addoutputfiles': [], 'maxjobruntime': 1250, 'numcores': 1, 'maxmemory': 2000, 'priority': 10, 'nonprodsw': 0, 'asyncdest': 'T3_CH_CERNBOX', 'requireaccelerator': 0, 'oneEventMode': 0, 'extrajdl': [], 'ignoreglobalblacklist': 0, 'partialdataset': 0, 'inputblocks': []}
DEBUG 2025-10-30 19:20:25.204 UTC: 	 submit() - jobconfig {'addoutputfiles': [], 'tfileoutfiles': ['V0_test_IM_lowpT.root'], 'edmoutfiles': [], 'jobarch': 'el8_amd64_gcc12', 'jobminuarch': 'x86-64-v3', 'jobsw': 'CMSSW_15_0_6_patch1', 'inputdata': '/IonPhysics22/bibehera-2pc_OO_V0_IP22-ca42279dfc2dce710b3991c24f27a617/USER', 'cachefilename': '52e5a0a4e876140586003f5f3a7fc5911406a2d3c15795a324e34805b87aadb4.tar.gz', 'debugfilename': 'dafd02bfd6bc21051b2df4490df0de3db56ab3f2d1970166ab7162e5a0d70485.tar.gz', 'runs': ['394153', '394154', '394169', '394175', '394183', '394184', '394185', '394186', '394187', '394188', '394189', '394204', '394209', '394217'], 'lumis': ['40,169', '1,886', '39,997', '47,988', '15,239', '1,667', '1,3', '1,15', '1,1', '1,107', '1,72', '38,932', '23,1209', '41,838'], 'jobtype': 'Analysis'}
INFO 2025-10-30 19:20:25.205 UTC: 	 Sending the request to the server at cmsweb.cern.ch
DEBUG 2025-10-30 19:20:25.205 UTC: 	 Submitting {'dryrun': 0, 'workflow': 'crab_2pc_OO_V0_IM_effcorr_cent0to50_lowpT_IP22', 'saveoutput': 1, 'savelogsflag': 1, 'inputdata': '/IonPhysics22/bibehera-2pc_OO_V0_IP22-ca42279dfc2dce710b3991c24f27a617/USER', 'nonvaliddata': 0, 'userfiles': [], 'dbsurl': 'https://cmsweb.cern.ch/dbs/prod/phys03/DBSReader', 'useparent': 0, 'secondarydata': '/IonPhysics22/OORun2025-PromptReco-v1/MINIAOD', 'ignorelocality': 0, 'splitalgo': 'LumiBased', 'algoargs': 3, 'totalunits': -1, 'lfn': '/store/user/bibehera/', 'publication': 0, 'publishdbsurl': 'https://cmsweb.cern.ch/dbs/prod/phys03/DBSWriter', 'publishname2': '2pc_OO_V0_IM_effcorr_cent0to50_lowpT_IP22', 'jobtype': 'Analysis', 'generator': 'pythia', 'addoutputfiles': [], 'maxjobruntime': 1250, 'numcores': 1, 'maxmemory': 2000, 'priority': 10, 'nonprodsw': 0, 'asyncdest': 'T3_CH_CERNBOX', 'requireaccelerator': 0, 'oneEventMode': 0, 'extrajdl': [], 'ignoreglobalblacklist': 0, 'partialdataset': 0, 'inputblocks': [], 'tfileoutfiles': ['V0_test_IM_lowpT.root'], 'edmoutfiles': [], 'jobarch': 'el8_amd64_gcc12', 'jobminuarch': 'x86-64-v3', 'jobsw': 'CMSSW_15_0_6_patch1', 'cachefilename': '52e5a0a4e876140586003f5f3a7fc5911406a2d3c15795a324e34805b87aadb4.tar.gz', 'debugfilename': 'dafd02bfd6bc21051b2df4490df0de3db56ab3f2d1970166ab7162e5a0d70485.tar.gz', 'runs': ['394153', '394154', '394169', '394175', '394183', '394184', '394185', '394186', '394187', '394188', '394189', '394204', '394209', '394217'], 'lumis': ['40,169', '1,886', '39,997', '47,988', '15,239', '1,667', '1,3', '1,15', '1,1', '1,107', '1,72', '38,932', '23,1209', '41,838']} 
DEBUG 2025-10-30 19:20:25.205 UTC: 	 Encoded data for curl request: dryrun=0&workflow=crab_2pc_OO_V0_IM_effcorr_cent0to50_lowpT_IP22&saveoutput=1&savelogsflag=1&inputdata=%2FIonPhysics22%2Fbibehera-2pc_OO_V0_IP22-ca42279dfc2dce710b3991c24f27a617%2FUSER&nonvaliddata=0&dbsurl=https%3A%2F%2Fcmsweb.cern.ch%2Fdbs%2Fprod%2Fphys03%2FDBSReader&useparent=0&secondarydata=%2FIonPhysics22%2FOORun2025-PromptReco-v1%2FMINIAOD&ignorelocality=0&splitalgo=LumiBased&algoargs=3&totalunits=-1&lfn=%2Fstore%2Fuser%2Fbibehera%2F&publication=0&publishdbsurl=https%3A%2F%2Fcmsweb.cern.ch%2Fdbs%2Fprod%2Fphys03%2FDBSWriter&publishname2=2pc_OO_V0_IM_effcorr_cent0to50_lowpT_IP22&jobtype=Analysis&generator=pythia&maxjobruntime=1250&numcores=1&maxmemory=2000&priority=10&nonprodsw=0&asyncdest=T3_CH_CERNBOX&requireaccelerator=0&oneEventMode=0&ignoreglobalblacklist=0&partialdataset=0&jobarch=el8_amd64_gcc12&jobminuarch=x86-64-v3&jobsw=CMSSW_15_0_6_patch1&cachefilename=52e5a0a4e876140586003f5f3a7fc5911406a2d3c15795a324e34805b87aadb4.tar.gz&debugfilename=dafd02bfd6bc21051b2df4490df0de3db56ab3f2d1970166ab7162e5a0d70485.tar.gz&tfileoutfiles=V0_test_IM_lowpT.root&runs=394153&runs=394154&runs=394169&runs=394175&runs=394183&runs=394184&runs=394185&runs=394186&runs=394187&runs=394188&runs=394189&runs=394204&runs=394209&runs=394217&lumis=40%2C169&lumis=1%2C886&lumis=39%2C997&lumis=47%2C988&lumis=15%2C239&lumis=1%2C667&lumis=1%2C3&lumis=1%2C15&lumis=1%2C1&lumis=1%2C107&lumis=1%2C72&lumis=38%2C932&lumis=23%2C1209&lumis=41%2C838
DEBUG 2025-10-30 19:20:25.577 UTC: 	 Result: {'result': [{'RequestName': '251030_192025:bibehera_crab_2pc_OO_V0_IM_effcorr_cent0to50_lowpT_IP22'}]}
INFO 2025-10-30 19:20:25.596 UTC: 	 Success: Your task has been delivered to the prod CRAB3 server.
INFO 2025-10-30 19:20:25.596 UTC: 	 Task name: 251030_192025:bibehera_crab_2pc_OO_V0_IM_effcorr_cent0to50_lowpT_IP22
INFO 2025-10-30 19:20:25.596 UTC: 	 Project dir: OO_Data_MINIAOD/crab_2pc_OO_V0_IM_effcorr_cent0to50_lowpT_IP22
INFO 2025-10-30 19:20:25.596 UTC: 	 Please use ' crab status -d OO_Data_MINIAOD/crab_2pc_OO_V0_IM_effcorr_cent0to50_lowpT_IP22 ' to check how the submission process proceeds.
DEBUG 2025-10-30 19:20:25.597 UTC: 	 About to return
INFO 2025-10-30 19:20:25.614 UTC: 	 Log file is /eos/home-b/bibehera/OO_Simfit_eff/CMSSW_15_0_6_patch1/src/Analyzer/RaghuV0Ana/cfg/OO_Data_MINIAOD/crab_2pc_OO_V0_IM_effcorr_cent0to50_lowpT_IP22/crab.log
