DEBUG 2025-10-29 15:27:42.683 UTC: 	 CRAB Client version: v3.250820
DEBUG 2025-10-29 15:27:42.683 UTC: 	 Running on: Linux lxplus810.cern.ch 4.18.0-553.79.1.el8_10.x86_64 #1 SMP Fri Oct 3 10:58:12 EDT 2025 x86_64 x86_64 x86_64 GNU/Linux
DEBUG 2025-10-29 15:27:42.683 UTC: 	 Not using Singularity
DEBUG 2025-10-29 15:27:42.683 UTC: 	 Operating System: Red Hat Enterprise Linux 8.10 (Ootpa)
DEBUG 2025-10-29 15:27:42.683 UTC: 	 Executing command: 'submit'
DEBUG 2025-10-29 15:27:42.683 UTC: 	 Found CRAB cache file /afs/cern.ch/user/b/bibehera/.crab3
INFO 2025-10-29 15:27:42.701 UTC: 	 Will use CRAB configuration file crab_config2.py
DEBUG 2025-10-29 15:27:42.711 UTC: 	 Loading CRAB configuration file.
DEBUG 2025-10-29 15:27:42.811 UTC: 	 Overriden parameter General.requestName with '2pc_OO_V0_IM_effcorr_cent0to50_lowpT_IP19'
DEBUG 2025-10-29 15:27:42.811 UTC: 	 Overriden parameter Data.inputDataset with '/IonPhysics19/bibehera-2pc_OO_V0_IP19-ca42279dfc2dce710b3991c24f27a617/USER'
DEBUG 2025-10-29 15:27:42.811 UTC: 	 Overriden parameter Data.secondaryInputDataset with '/IonPhysics19/OORun2025-PromptReco-v1/MINIAOD'
DEBUG 2025-10-29 15:27:42.811 UTC: 	 Overriden parameter Data.outputDatasetTag with '2pc_OO_V0_IM_effcorr_cent0to50_lowpT_IP19'
DEBUG 2025-10-29 15:27:42.811 UTC: 	 Will use CRAB plugin ANALYSIS (i.e. will run an analysis job type).
DEBUG 2025-10-29 15:27:43.026 UTC: 	 Checking credentials
DEBUG 2025-10-29 15:27:43.026 UTC: 	 Found proxy file /tmp/x509up_u177753
DEBUG 2025-10-29 15:27:43.026 UTC: 	 Making sure it has proper VOMS extension
DEBUG 2025-10-29 15:27:43.026 UTC: 	 Executing command :
 voms-proxy-info --vo --file /tmp/x509up_u177753
DEBUG 2025-10-29 15:27:43.934 UTC: 	 output : cms

 error: 
 retcode : 0
DEBUG 2025-10-29 15:27:43.934 UTC: 	 Getting proxy life time left
DEBUG 2025-10-29 15:27:43.934 UTC: 	 Executing command :
 voms-proxy-info --actimeleft --timeleft --file /tmp/x509up_u177753
DEBUG 2025-10-29 15:27:44.486 UTC: 	 output : 40629
40629

 error: 
 retcode : 0
DEBUG 2025-10-29 15:27:44.486 UTC: 	 Proxy valid for 11:17:09 hours
DEBUG 2025-10-29 15:27:44.486 UTC: 	 Encoded data for curl request: subresource=delegatedn
DEBUG 2025-10-29 15:27:45.372 UTC: 	 Registering user credentials on myproxy for /DC=ch/DC=cern/OU=Organic Units/OU=Users/CN=cmscrab/CN=(817881|373708)/CN=Robot: cms crab|/DC=ch/DC=cern/OU=Organic Units/OU=Users/CN=crabint1/CN=373708/CN=Robot: CMS CRAB Integration 1
DEBUG 2025-10-29 15:27:45.373 UTC: 	 Executing command :
 voms-proxy-info --identity --file /tmp/x509up_u177753
DEBUG 2025-10-29 15:27:45.961 UTC: 	 output : /DC=ch/DC=cern/OU=Organic Units/OU=Users/CN=bibehera/CN=882295/CN=Bismita Behera

 error: 
 retcode : 0
DEBUG 2025-10-29 15:27:45.961 UTC: 	 Getting myproxy life time left for bfbdf12a5670e45fdd055ff115afbb0f25b8a072
DEBUG 2025-10-29 15:27:45.961 UTC: 	 Executing command :
 myproxy-info -s myproxy.cern.ch -l bfbdf12a5670e45fdd055ff115afbb0f25b8a072
DEBUG 2025-10-29 15:27:47.012 UTC: 	 output : username: bfbdf12a5670e45fdd055ff115afbb0f25b8a072
owner: /DC=ch/DC=cern/OU=Organic Units/OU=Users/CN=bibehera/CN=882295/CN=Bismita Behera
  renewal policy: /DC=ch/DC=cern/OU=Organic Units/OU=Users/CN=cmscrab/CN=(817881|373708)/CN=Robot: cms crab|/DC=ch/DC=cern/OU=Organic Units/OU=Users/CN=crabint1/CN=373708/CN=Robot: CMS CRAB Integration 1
  trusted retrieval policy: /DC=ch/DC=cern/OU=Organic Units/OU=Users/CN=cmscrab/CN=(817881|373708)/CN=Robot: cms crab|/DC=ch/DC=cern/OU=Organic Units/OU=Users/CN=crabint1/CN=373708/CN=Robot: CMS CRAB Integration 1
  timeleft: 365:00:36  (15.2 days)

 error: 
 retcode : 0
DEBUG 2025-10-29 15:27:47.012 UTC: 	 Myproxy is valid: 1314000
DEBUG 2025-10-29 15:27:47.012 UTC: 	 Result of myproxy credential check:
  Credential exists on myproxy: username: bfbdf12a5670e45fdd055ff115afbb0f25b8a072  - validity: 15 days, 5:00:00
DEBUG 2025-10-29 15:27:47.012 UTC: 	 Command use: submit
DEBUG 2025-10-29 15:27:47.012 UTC: 	 Options use: ['-c', 'crab_config2.py', 'General.requestName=2pc_OO_V0_IM_effcorr_cent0to50_lowpT_IP19', 'Data.inputDataset=/IonPhysics19/bibehera-2pc_OO_V0_IP19-ca42279dfc2dce710b3991c24f27a617/USER', 'Data.secondaryInputDataset=/IonPhysics19/OORun2025-PromptReco-v1/MINIAOD', 'Data.outputDatasetTag=2pc_OO_V0_IM_effcorr_cent0to50_lowpT_IP19']
DEBUG 2025-10-29 15:27:47.012 UTC: 	 Encoded data for curl request: subresource=version
DEBUG 2025-10-29 15:27:47.364 UTC: 	 CRABClient version: v3.250820
DEBUG 2025-10-29 15:27:47.364 UTC: 	 Instance is prod
DEBUG 2025-10-29 15:27:47.364 UTC: 	 Server base url is cmsweb.cern.ch
DEBUG 2025-10-29 15:27:47.364 UTC: 	 Command api workflow
DEBUG 2025-10-29 15:27:47.364 UTC: 	 Started submission
DEBUG 2025-10-29 15:27:47.364 UTC: 	 Working on /eos/home-b/bibehera/OO_Simfit_eff/CMSSW_15_0_6_patch1/src/Analyzer/RaghuV0Ana/cfg/OO_Data_MINIAOD/crab_2pc_OO_V0_IM_effcorr_cent0to50_lowpT_IP19
DEBUG 2025-10-29 15:27:47.365 UTC: 	 Encoded data for curl request: subresource=backendurls
DEBUG 2025-10-29 15:27:49.218 UTC: 	 Loading required information from the environment
DEBUG 2025-10-29 15:27:49.218 UTC: 	 Found CMSSW_15_0_6_patch1 for el8_amd64_gcc12 with base /eos/home-b/bibehera/OO_Simfit_eff/CMSSW_15_0_6_patch1
DEBUG 2025-10-29 15:27:49.218 UTC: 	 Loading required information from the environment
DEBUG 2025-10-29 15:27:49.218 UTC: 	 Found CMSSW_15_0_6_patch1 for el8_amd64_gcc12 with base /eos/home-b/bibehera/OO_Simfit_eff/CMSSW_15_0_6_patch1
DEBUG 2025-10-29 15:27:49.218 UTC: 	 UNIQUE NAME: tarUUID d09e2d90-39e0-4d2b-9163-72a8a6f3af12 
DEBUG 2025-10-29 15:27:49.218 UTC: 	 self.config: from WMCore.Configuration import Configuration
config = Configuration()
config.section_('General')
config.General.transferLogs = True
config.General.workArea = 'OO_Data_MINIAOD'
config.General.requestName = '2pc_OO_V0_IM_effcorr_cent0to50_lowpT_IP19'
config.General.transferOutputs = True
config.section_('JobType')
config.JobType.psetName = 'PbPb_2018_cfg.py'
config.JobType.pluginName = 'Analysis'
config.section_('Data')
config.Data.unitsPerJob = 3
config.Data.totalUnits = -1
config.Data.outLFNDirBase = '/store/user/bibehera/'
config.Data.splitting = 'LumiBased'
config.Data.inputDBS = 'phys03'
config.Data.secondaryInputDataset = '/IonPhysics19/OORun2025-PromptReco-v1/MINIAOD'
config.Data.outputDatasetTag = '2pc_OO_V0_IM_effcorr_cent0to50_lowpT_IP19'
config.Data.inputDataset = '/IonPhysics19/bibehera-2pc_OO_V0_IP19-ca42279dfc2dce710b3991c24f27a617/USER'
config.Data.lumiMask = 'generated_json.json'
config.Data.publication = False
config.section_('Site')
config.Site.storageSite = 'T3_CH_CERNBOX'
config.section_('User')
config.section_('Debug')

DEBUG 2025-10-29 15:27:49.218 UTC: 	 self.config.JobType.psetName: PbPb_2018_cfg.py
INFO 2025-10-29 15:27:49.224 UTC: 	 Importing CMSSW configuration PbPb_2018_cfg.py
INFO 2025-10-29 15:27:56.278 UTC: 	 Finished importing CMSSW configuration PbPb_2018_cfg.py
DEBUG 2025-10-29 15:27:56.281 UTC: 	 Writing CMSSW configuration to /eos/home-b/bibehera/OO_Simfit_eff/CMSSW_15_0_6_patch1/src/Analyzer/RaghuV0Ana/cfg/OO_Data_MINIAOD/crab_2pc_OO_V0_IM_effcorr_cent0to50_lowpT_IP19/inputs/PSet.py
DEBUG 2025-10-29 15:27:56.535 UTC: 	 The following EDM output files will be collected: []
DEBUG 2025-10-29 15:27:56.535 UTC: 	 The following TFile output files will be collected: ['V0_test_IM_lowpT.root']
DEBUG 2025-10-29 15:27:56.535 UTC: 	 The following user output files (not listed as PoolOuputModule or TFileService in the CMSSW PSet) will be collected: 
DEBUG 2025-10-29 15:27:56.535 UTC: 	 Loading required information from the environment
DEBUG 2025-10-29 15:27:56.535 UTC: 	 Found CMSSW_15_0_6_patch1 for el8_amd64_gcc12 with base /eos/home-b/bibehera/OO_Simfit_eff/CMSSW_15_0_6_patch1
DEBUG 2025-10-29 15:27:56.535 UTC: 	 Making tarball in /eos/home-b/bibehera/OO_Simfit_eff/CMSSW_15_0_6_patch1/src/Analyzer/RaghuV0Ana/cfg/OO_Data_MINIAOD/crab_2pc_OO_V0_IM_effcorr_cent0to50_lowpT_IP19/inputs/d09e2d90-39e0-4d2b-9163-72a8a6f3af12default.tgz
DEBUG 2025-10-29 15:27:56.562 UTC: 	 Checking directory /eos/home-b/bibehera/OO_Simfit_eff/CMSSW_15_0_6_patch1/bin
DEBUG 2025-10-29 15:27:56.570 UTC: 	 Adding directory /eos/home-b/bibehera/OO_Simfit_eff/CMSSW_15_0_6_patch1/bin to tarball
DEBUG 2025-10-29 15:27:56.703 UTC: 	 Checking directory /eos/home-b/bibehera/OO_Simfit_eff/CMSSW_15_0_6_patch1/python
DEBUG 2025-10-29 15:27:56.706 UTC: 	 Adding directory /eos/home-b/bibehera/OO_Simfit_eff/CMSSW_15_0_6_patch1/python to tarball
DEBUG 2025-10-29 15:27:57.970 UTC: 	 Checking directory /eos/home-b/bibehera/OO_Simfit_eff/CMSSW_15_0_6_patch1/cfipython
DEBUG 2025-10-29 15:27:57.970 UTC: 	 Adding directory /eos/home-b/bibehera/OO_Simfit_eff/CMSSW_15_0_6_patch1/cfipython to tarball
DEBUG 2025-10-29 15:28:03.699 UTC: 	 Checking directory /eos/home-b/bibehera/OO_Simfit_eff/CMSSW_15_0_6_patch1/lib
DEBUG 2025-10-29 15:28:03.700 UTC: 	 Adding directory /eos/home-b/bibehera/OO_Simfit_eff/CMSSW_15_0_6_patch1/lib to tarball
DEBUG 2025-10-29 15:28:04.261 UTC: 	 Checking directory /eos/home-b/bibehera/OO_Simfit_eff/CMSSW_15_0_6_patch1/biglib
DEBUG 2025-10-29 15:28:04.261 UTC: 	 Adding directory /eos/home-b/bibehera/OO_Simfit_eff/CMSSW_15_0_6_patch1/biglib to tarball
DEBUG 2025-10-29 15:28:04.319 UTC: 	 Checking directory /eos/home-b/bibehera/OO_Simfit_eff/CMSSW_15_0_6_patch1/module
DEBUG 2025-10-29 15:28:04.320 UTC: 	 Checking directory /eos/home-b/bibehera/OO_Simfit_eff/CMSSW_15_0_6_patch1/config/SCRAM/hooks
DEBUG 2025-10-29 15:28:04.358 UTC: 	 Adding directory /eos/home-b/bibehera/OO_Simfit_eff/CMSSW_15_0_6_patch1/config/SCRAM/hooks to tarball
DEBUG 2025-10-29 15:28:25.917 UTC: 	 Adding directory /eos/home-b/bibehera/OO_Simfit_eff/CMSSW_15_0_6_patch1/src/Analyzer/RaghuV0Ana/data to tarball
DEBUG 2025-10-29 15:28:26.678 UTC: 	 Adding directory /eos/home-b/bibehera/OO_Simfit_eff/CMSSW_15_0_6_patch1/src/Analyzer/RaghuV0Ana/interface to tarball
DEBUG 2025-10-29 15:28:26.685 UTC: 	 Adding directory /eos/home-b/bibehera/OO_Simfit_eff/CMSSW_15_0_6_patch1/src/Analyzer/RaghuV0Ana/python to tarball
DEBUG 2025-10-29 15:28:26.735 UTC: 	 Adding directory /eos/home-b/bibehera/OO_Simfit_eff/CMSSW_15_0_6_patch1/src/HeavyIonsAnalysis/Configuration/data to tarball
DEBUG 2025-10-29 15:28:27.336 UTC: 	 Adding directory /eos/home-b/bibehera/OO_Simfit_eff/CMSSW_15_0_6_patch1/src/HeavyIonsAnalysis/Configuration/python to tarball
DEBUG 2025-10-29 15:28:27.963 UTC: 	 Adding directory /eos/home-b/bibehera/OO_Simfit_eff/CMSSW_15_0_6_patch1/src/HeavyIonsAnalysis/EGMAnalysis/data to tarball
DEBUG 2025-10-29 15:28:28.026 UTC: 	 Adding directory /eos/home-b/bibehera/OO_Simfit_eff/CMSSW_15_0_6_patch1/src/HeavyIonsAnalysis/EGMAnalysis/interface to tarball
DEBUG 2025-10-29 15:28:28.085 UTC: 	 Adding directory /eos/home-b/bibehera/OO_Simfit_eff/CMSSW_15_0_6_patch1/src/HeavyIonsAnalysis/EGMAnalysis/python to tarball
DEBUG 2025-10-29 15:28:28.190 UTC: 	 Adding directory /eos/home-b/bibehera/OO_Simfit_eff/CMSSW_15_0_6_patch1/src/HeavyIonsAnalysis/EventAnalysis/python to tarball
DEBUG 2025-10-29 15:28:28.389 UTC: 	 Adding directory /eos/home-b/bibehera/OO_Simfit_eff/CMSSW_15_0_6_patch1/src/HeavyIonsAnalysis/JetAnalysis/interface to tarball
DEBUG 2025-10-29 15:28:28.402 UTC: 	 Adding directory /eos/home-b/bibehera/OO_Simfit_eff/CMSSW_15_0_6_patch1/src/HeavyIonsAnalysis/JetAnalysis/python to tarball
DEBUG 2025-10-29 15:28:28.709 UTC: 	 Adding directory /eos/home-b/bibehera/OO_Simfit_eff/CMSSW_15_0_6_patch1/src/HeavyIonsAnalysis/MuonAnalysis/interface to tarball
DEBUG 2025-10-29 15:28:28.756 UTC: 	 Adding directory /eos/home-b/bibehera/OO_Simfit_eff/CMSSW_15_0_6_patch1/src/HeavyIonsAnalysis/MuonAnalysis/python to tarball
DEBUG 2025-10-29 15:28:28.824 UTC: 	 Adding directory /eos/home-b/bibehera/OO_Simfit_eff/CMSSW_15_0_6_patch1/src/HeavyIonsAnalysis/TrackAnalysis/interface to tarball
DEBUG 2025-10-29 15:28:28.891 UTC: 	 Adding directory /eos/home-b/bibehera/OO_Simfit_eff/CMSSW_15_0_6_patch1/src/HeavyIonsAnalysis/TrackAnalysis/python to tarball
DEBUG 2025-10-29 15:28:29.147 UTC: 	 Adding directory /eos/home-b/bibehera/OO_Simfit_eff/CMSSW_15_0_6_patch1/src/HeavyIonsAnalysis/VertexAnalysis/python to tarball
DEBUG 2025-10-29 15:28:29.261 UTC: 	 Adding directory /eos/home-b/bibehera/OO_Simfit_eff/CMSSW_15_0_6_patch1/src/HeavyIonsAnalysis/ZDCAnalysis/python to tarball
DEBUG 2025-10-29 15:28:29.501 UTC: 	 Uploading archive /eos/home-b/bibehera/OO_Simfit_eff/CMSSW_15_0_6_patch1/src/Analyzer/RaghuV0Ana/cfg/OO_Data_MINIAOD/crab_2pc_OO_V0_IM_effcorr_cent0to50_lowpT_IP19/inputs/d09e2d90-39e0-4d2b-9163-72a8a6f3af12default.tgz (4.679688.1 MB) to the CRAB cache. Using URI https://s3.cern.ch/crabcache
DEBUG 2025-10-29 15:28:30.462 UTC: 	 Encoded data for curl request: subresource=upload&objecttype=sandbox&tarballname=e527694e0fbccc0308ae0ae72376a61bd11878bd855fd4aeb0bf58884c1e4fda.tar.gz
DEBUG 2025-10-29 15:28:31.505 UTC: 	 sandbox e527694e0fbccc0308ae0ae72376a61bd11878bd855fd4aeb0bf58884c1e4fda.tar.gz is already in the S3 store, will not upload again
DEBUG 2025-10-29 15:28:31.505 UTC: 	 Loading required information from the environment
DEBUG 2025-10-29 15:28:31.505 UTC: 	 Found CMSSW_15_0_6_patch1 for el8_amd64_gcc12 with base /eos/home-b/bibehera/OO_Simfit_eff/CMSSW_15_0_6_patch1
DEBUG 2025-10-29 15:28:31.505 UTC: 	 Making tarball in /eos/home-b/bibehera/OO_Simfit_eff/CMSSW_15_0_6_patch1/src/Analyzer/RaghuV0Ana/cfg/OO_Data_MINIAOD/crab_2pc_OO_V0_IM_effcorr_cent0to50_lowpT_IP19/inputs/debugFiles.tgz
DEBUG 2025-10-29 15:28:31.647 UTC: 	 Uploading archive /eos/home-b/bibehera/OO_Simfit_eff/CMSSW_15_0_6_patch1/src/Analyzer/RaghuV0Ana/cfg/OO_Data_MINIAOD/crab_2pc_OO_V0_IM_effcorr_cent0to50_lowpT_IP19/inputs/debugFiles.tgz (3 KB) to the CRAB cache. Using URI https://s3.cern.ch/crabcache
DEBUG 2025-10-29 15:28:31.697 UTC: 	 Encoded data for curl request: subresource=upload&objecttype=sandbox&tarballname=c77a065a408f9793b7b376f7b8ab74f12729a3123393b9f75fc155c7f276f1ed.tar.gz
DEBUG 2025-10-29 15:28:32.083 UTC: 	 Will execute:
curl -f -v -X POST  -H "User-Agent: CRAB" -F "key=bibehera/sandboxes/c77a065a408f9793b7b376f7b8ab74f12729a3123393b9f75fc155c7f276f1ed.tar.gz" -F "AWSAccessKeyId=715203df6482458ba839e73e6dab634b" -F "policy=eyJleHBpcmF0aW9uIjogIjIwMjUtMTAtMjlUMTY6Mjg6MzJaIiwgImNvbmRpdGlvbnMiOiBbeyJidWNrZXQiOiAiY3JhYmNhY2hlX3Byb2QifSwgeyJrZXkiOiAiYmliZWhlcmEvc2FuZGJveGVzL2M3N2EwNjVhNDA4Zjk3OTNiN2IzNzZmN2I4YWI3NGYxMjcyOWEzMTIzMzkzYjlmNzVmYzE1NWM3ZjI3NmYxZWQudGFyLmd6In1dfQ==" -F "signature=qJroiwKjTWz+5DKOeo9LP/0mt4I=" -F "file=@/eos/home-b/bibehera/OO_Simfit_eff/CMSSW_15_0_6_patch1/src/Analyzer/RaghuV0Ana/cfg/OO_Data_MINIAOD/crab_2pc_OO_V0_IM_effcorr_cent0to50_lowpT_IP19/inputs/debugFiles.tgz" "https://s3.cern.ch/crabcache_prod"
DEBUG 2025-10-29 15:28:32.634 UTC: 	 exitcode: 0
stdout: b''
DEBUG 2025-10-29 15:28:32.635 UTC: 	 upload to S3 of sandbox /eos/home-b/bibehera/OO_Simfit_eff/CMSSW_15_0_6_patch1/src/Analyzer/RaghuV0Ana/cfg/OO_Data_MINIAOD/crab_2pc_OO_V0_IM_effcorr_cent0to50_lowpT_IP19/inputs/debugFiles.tgz completed
DEBUG 2025-10-29 15:28:32.635 UTC: 	 make sure that object is ready for retrieve
DEBUG 2025-10-29 15:28:33.640 UTC: 	 Encoded data for curl request: subresource=download&objecttype=sandbox&tarballname=c77a065a408f9793b7b376f7b8ab74f12729a3123393b9f75fc155c7f276f1ed.tar.gz&clientmethod=head_object
DEBUG 2025-10-29 15:28:34.270 UTC: 	 PreSignedUrl to download sandbox received OK
DEBUG 2025-10-29 15:28:34.297 UTC: 	 Will execute:
 curl -v -s -f -o /dev/null --head  "https://s3.cern.ch/crabcache_prod/bibehera/sandboxes/c77a065a408f9793b7b376f7b8ab74f12729a3123393b9f75fc155c7f276f1ed.tar.gz?AWSAccessKeyId=715203df6482458ba839e73e6dab634b&Signature=vFtfVsTnPj6RHyDi5hgHrIEeRtg%3D&Expires=1761755314"
DEBUG 2025-10-29 15:28:35.122 UTC: 	 exitcode: 0
stdout: b''
DEBUG 2025-10-29 15:28:35.122 UTC: 	 sandbox /eos/home-b/bibehera/OO_Simfit_eff/CMSSW_15_0_6_patch1/src/Analyzer/RaghuV0Ana/cfg/OO_Data_MINIAOD/crab_2pc_OO_V0_IM_effcorr_cent0to50_lowpT_IP19/inputs/debugFiles.tgz successfully uploaded to S3
DEBUG 2025-10-29 15:28:35.122 UTC: 	 Result uploading input files: e527694e0fbccc0308ae0ae72376a61bd11878bd855fd4aeb0bf58884c1e4fda.tar.gz 
DEBUG 2025-10-29 15:28:35.122 UTC: 	 Attaching lumi mask generated_json.json to the request
DEBUG 2025-10-29 15:28:35.122 UTC: 	 Reading lumi-mask from generated_json.json
DEBUG 2025-10-29 15:28:35.178 UTC: 	 submit() - self.configuration from WMCore.Configuration import Configuration
config = Configuration()
config.section_('General')
config.General.transferLogs = True
config.General.workArea = 'OO_Data_MINIAOD'
config.General.requestName = '2pc_OO_V0_IM_effcorr_cent0to50_lowpT_IP19'
config.General.transferOutputs = True
config.section_('JobType')
config.JobType.psetName = 'PbPb_2018_cfg.py'
config.JobType.pluginName = 'Analysis'
config.section_('Data')
config.Data.unitsPerJob = 3
config.Data.totalUnits = -1
config.Data.outLFNDirBase = '/store/user/bibehera/'
config.Data.splitting = 'LumiBased'
config.Data.inputDBS = 'phys03'
config.Data.secondaryInputDataset = '/IonPhysics19/OORun2025-PromptReco-v1/MINIAOD'
config.Data.outputDatasetTag = '2pc_OO_V0_IM_effcorr_cent0to50_lowpT_IP19'
config.Data.inputDataset = '/IonPhysics19/bibehera-2pc_OO_V0_IP19-ca42279dfc2dce710b3991c24f27a617/USER'
config.Data.lumiMask = 'generated_json.json'
config.Data.publication = False
config.section_('Site')
config.Site.storageSite = 'T3_CH_CERNBOX'
config.section_('User')
config.section_('Debug')

DEBUG 2025-10-29 15:28:35.178 UTC: 	 submit() - self.configreq {'dryrun': 0, 'workflow': 'crab_2pc_OO_V0_IM_effcorr_cent0to50_lowpT_IP19', 'saveoutput': 1, 'savelogsflag': 1, 'inputdata': '/IonPhysics19/bibehera-2pc_OO_V0_IP19-ca42279dfc2dce710b3991c24f27a617/USER', 'nonvaliddata': 0, 'userfiles': [], 'dbsurl': 'https://cmsweb.cern.ch/dbs/prod/phys03/DBSReader', 'useparent': 0, 'secondarydata': '/IonPhysics19/OORun2025-PromptReco-v1/MINIAOD', 'ignorelocality': 0, 'splitalgo': 'LumiBased', 'algoargs': 3, 'totalunits': -1, 'lfn': '/store/user/bibehera/', 'publication': 0, 'publishdbsurl': 'https://cmsweb.cern.ch/dbs/prod/phys03/DBSWriter', 'publishname2': '2pc_OO_V0_IM_effcorr_cent0to50_lowpT_IP19', 'jobtype': 'Analysis', 'generator': 'pythia', 'addoutputfiles': [], 'maxjobruntime': 1250, 'numcores': 1, 'maxmemory': 2000, 'priority': 10, 'nonprodsw': 0, 'asyncdest': 'T3_CH_CERNBOX', 'requireaccelerator': 0, 'oneEventMode': 0, 'extrajdl': [], 'ignoreglobalblacklist': 0, 'partialdataset': 0, 'inputblocks': []}
DEBUG 2025-10-29 15:28:35.178 UTC: 	 submit() - jobconfig {'addoutputfiles': [], 'tfileoutfiles': ['V0_test_IM_lowpT.root'], 'edmoutfiles': [], 'jobarch': 'el8_amd64_gcc12', 'jobminuarch': 'x86-64-v3', 'jobsw': 'CMSSW_15_0_6_patch1', 'inputdata': '/IonPhysics19/bibehera-2pc_OO_V0_IP19-ca42279dfc2dce710b3991c24f27a617/USER', 'cacheurl': 'https://s3.cern.ch/crabcache', 'cachefilename': 'e527694e0fbccc0308ae0ae72376a61bd11878bd855fd4aeb0bf58884c1e4fda.tar.gz', 'debugfilename': 'c77a065a408f9793b7b376f7b8ab74f12729a3123393b9f75fc155c7f276f1ed.tar.gz', 'runs': ['394153', '394154', '394169', '394175', '394183', '394184', '394185', '394186', '394187', '394188', '394189', '394204', '394209', '394217'], 'lumis': ['40,169', '1,886', '39,997', '47,988', '15,239', '1,667', '1,3', '1,15', '1,1', '1,107', '1,72', '38,932', '23,1209', '41,838'], 'jobtype': 'Analysis'}
INFO 2025-10-29 15:28:35.178 UTC: 	 Sending the request to the server at cmsweb.cern.ch
DEBUG 2025-10-29 15:28:35.182 UTC: 	 Submitting {'dryrun': 0, 'workflow': 'crab_2pc_OO_V0_IM_effcorr_cent0to50_lowpT_IP19', 'saveoutput': 1, 'savelogsflag': 1, 'inputdata': '/IonPhysics19/bibehera-2pc_OO_V0_IP19-ca42279dfc2dce710b3991c24f27a617/USER', 'nonvaliddata': 0, 'userfiles': [], 'dbsurl': 'https://cmsweb.cern.ch/dbs/prod/phys03/DBSReader', 'useparent': 0, 'secondarydata': '/IonPhysics19/OORun2025-PromptReco-v1/MINIAOD', 'ignorelocality': 0, 'splitalgo': 'LumiBased', 'algoargs': 3, 'totalunits': -1, 'lfn': '/store/user/bibehera/', 'publication': 0, 'publishdbsurl': 'https://cmsweb.cern.ch/dbs/prod/phys03/DBSWriter', 'publishname2': '2pc_OO_V0_IM_effcorr_cent0to50_lowpT_IP19', 'jobtype': 'Analysis', 'generator': 'pythia', 'addoutputfiles': [], 'maxjobruntime': 1250, 'numcores': 1, 'maxmemory': 2000, 'priority': 10, 'nonprodsw': 0, 'asyncdest': 'T3_CH_CERNBOX', 'requireaccelerator': 0, 'oneEventMode': 0, 'extrajdl': [], 'ignoreglobalblacklist': 0, 'partialdataset': 0, 'inputblocks': [], 'tfileoutfiles': ['V0_test_IM_lowpT.root'], 'edmoutfiles': [], 'jobarch': 'el8_amd64_gcc12', 'jobminuarch': 'x86-64-v3', 'jobsw': 'CMSSW_15_0_6_patch1', 'cacheurl': 'https://s3.cern.ch/crabcache', 'cachefilename': 'e527694e0fbccc0308ae0ae72376a61bd11878bd855fd4aeb0bf58884c1e4fda.tar.gz', 'debugfilename': 'c77a065a408f9793b7b376f7b8ab74f12729a3123393b9f75fc155c7f276f1ed.tar.gz', 'runs': ['394153', '394154', '394169', '394175', '394183', '394184', '394185', '394186', '394187', '394188', '394189', '394204', '394209', '394217'], 'lumis': ['40,169', '1,886', '39,997', '47,988', '15,239', '1,667', '1,3', '1,15', '1,1', '1,107', '1,72', '38,932', '23,1209', '41,838']} 
DEBUG 2025-10-29 15:28:35.182 UTC: 	 Encoded data for curl request: dryrun=0&workflow=crab_2pc_OO_V0_IM_effcorr_cent0to50_lowpT_IP19&saveoutput=1&savelogsflag=1&inputdata=%2FIonPhysics19%2Fbibehera-2pc_OO_V0_IP19-ca42279dfc2dce710b3991c24f27a617%2FUSER&nonvaliddata=0&dbsurl=https%3A%2F%2Fcmsweb.cern.ch%2Fdbs%2Fprod%2Fphys03%2FDBSReader&useparent=0&secondarydata=%2FIonPhysics19%2FOORun2025-PromptReco-v1%2FMINIAOD&ignorelocality=0&splitalgo=LumiBased&algoargs=3&totalunits=-1&lfn=%2Fstore%2Fuser%2Fbibehera%2F&publication=0&publishdbsurl=https%3A%2F%2Fcmsweb.cern.ch%2Fdbs%2Fprod%2Fphys03%2FDBSWriter&publishname2=2pc_OO_V0_IM_effcorr_cent0to50_lowpT_IP19&jobtype=Analysis&generator=pythia&maxjobruntime=1250&numcores=1&maxmemory=2000&priority=10&nonprodsw=0&asyncdest=T3_CH_CERNBOX&requireaccelerator=0&oneEventMode=0&ignoreglobalblacklist=0&partialdataset=0&jobarch=el8_amd64_gcc12&jobminuarch=x86-64-v3&jobsw=CMSSW_15_0_6_patch1&cacheurl=https%3A%2F%2Fs3.cern.ch%2Fcrabcache&cachefilename=e527694e0fbccc0308ae0ae72376a61bd11878bd855fd4aeb0bf58884c1e4fda.tar.gz&debugfilename=c77a065a408f9793b7b376f7b8ab74f12729a3123393b9f75fc155c7f276f1ed.tar.gz&tfileoutfiles=V0_test_IM_lowpT.root&runs=394153&runs=394154&runs=394169&runs=394175&runs=394183&runs=394184&runs=394185&runs=394186&runs=394187&runs=394188&runs=394189&runs=394204&runs=394209&runs=394217&lumis=40%2C169&lumis=1%2C886&lumis=39%2C997&lumis=47%2C988&lumis=15%2C239&lumis=1%2C667&lumis=1%2C3&lumis=1%2C15&lumis=1%2C1&lumis=1%2C107&lumis=1%2C72&lumis=38%2C932&lumis=23%2C1209&lumis=41%2C838
DEBUG 2025-10-29 15:28:35.582 UTC: 	 Result: {'result': [{'RequestName': '251029_152835:bibehera_crab_2pc_OO_V0_IM_effcorr_cent0to50_lowpT_IP19'}]}
INFO 2025-10-29 15:28:35.652 UTC: 	 Success: Your task has been delivered to the prod CRAB3 server.
INFO 2025-10-29 15:28:35.654 UTC: 	 Task name: 251029_152835:bibehera_crab_2pc_OO_V0_IM_effcorr_cent0to50_lowpT_IP19
INFO 2025-10-29 15:28:35.661 UTC: 	 Project dir: OO_Data_MINIAOD/crab_2pc_OO_V0_IM_effcorr_cent0to50_lowpT_IP19
INFO 2025-10-29 15:28:35.662 UTC: 	 Please use ' crab status -d OO_Data_MINIAOD/crab_2pc_OO_V0_IM_effcorr_cent0to50_lowpT_IP19 ' to check how the submission process proceeds.
DEBUG 2025-10-29 15:28:35.670 UTC: 	 About to return
INFO 2025-10-29 15:28:36.084 UTC: 	 Log file is /eos/home-b/bibehera/OO_Simfit_eff/CMSSW_15_0_6_patch1/src/Analyzer/RaghuV0Ana/cfg/OO_Data_MINIAOD/crab_2pc_OO_V0_IM_effcorr_cent0to50_lowpT_IP19/crab.log
