DEBUG 2026-01-11 11:14:00.295 UTC: 	 CRAB Client version: v3.251020
DEBUG 2026-01-11 11:14:00.295 UTC: 	 Running on: Linux lxplus802.cern.ch 4.18.0-553.85.1.el8_10.x86_64 #1 SMP Thu Nov 13 12:55:12 EST 2025 x86_64 x86_64 x86_64 GNU/Linux
DEBUG 2026-01-11 11:14:00.295 UTC: 	 Not using Singularity
DEBUG 2026-01-11 11:14:00.295 UTC: 	 Operating System: Red Hat Enterprise Linux 8.10 (Ootpa)
DEBUG 2026-01-11 11:14:00.295 UTC: 	 Executing command: 'submit'
DEBUG 2026-01-11 11:14:00.295 UTC: 	 Found CRAB cache file /afs/cern.ch/user/b/bibehera/.crab3
INFO 2026-01-11 11:14:00.296 UTC: 	 Will use CRAB configuration file crab_config2.py
DEBUG 2026-01-11 11:14:00.296 UTC: 	 Loading CRAB configuration file.
DEBUG 2026-01-11 11:14:00.303 UTC: 	 Overriden parameter General.requestName with '2pc_OO_V0_IM_effcorr_cent0to50_newpT_v1_IP11'
DEBUG 2026-01-11 11:14:00.303 UTC: 	 Overriden parameter Data.inputDataset with '/IonPhysics11/bibehera-2pc_OO_V0_IP11-ca42279dfc2dce710b3991c24f27a617/USER'
DEBUG 2026-01-11 11:14:00.303 UTC: 	 Overriden parameter Data.secondaryInputDataset with '/IonPhysics11/OORun2025-PromptReco-v1/MINIAOD'
DEBUG 2026-01-11 11:14:00.303 UTC: 	 Overriden parameter Data.outputDatasetTag with '2pc_OO_V0_IM_effcorr_cent0to50_newpT_v1_IP11'
DEBUG 2026-01-11 11:14:00.303 UTC: 	 Will use CRAB plugin ANALYSIS (i.e. will run an analysis job type).
DEBUG 2026-01-11 11:14:00.673 UTC: 	 Checking credentials
DEBUG 2026-01-11 11:14:00.674 UTC: 	 Found proxy file /tmp/x509up_u177753
DEBUG 2026-01-11 11:14:00.674 UTC: 	 Making sure it has proper VOMS extension
DEBUG 2026-01-11 11:14:00.674 UTC: 	 Executing command :
 voms-proxy-info --vo --file /tmp/x509up_u177753
DEBUG 2026-01-11 11:14:00.696 UTC: 	 output : cms

 error: 
 retcode : 0
DEBUG 2026-01-11 11:14:00.696 UTC: 	 Getting proxy life time left
DEBUG 2026-01-11 11:14:00.696 UTC: 	 Executing command :
 voms-proxy-info --actimeleft --timeleft --file /tmp/x509up_u177753
DEBUG 2026-01-11 11:14:00.714 UTC: 	 output : 41280
41280

 error: 
 retcode : 0
DEBUG 2026-01-11 11:14:00.714 UTC: 	 Proxy valid for 11:28:00 hours
DEBUG 2026-01-11 11:14:00.715 UTC: 	 Encoded data for curl request: subresource=delegatedn
DEBUG 2026-01-11 11:14:00.750 UTC: 	 Registering user credentials on myproxy for /DC=ch/DC=cern/OU=Organic Units/OU=Users/CN=cmscrab/CN=(817881|373708)/CN=Robot: cms crab|/DC=ch/DC=cern/OU=Organic Units/OU=Users/CN=crabint1/CN=373708/CN=Robot: CMS CRAB Integration 1
DEBUG 2026-01-11 11:14:00.750 UTC: 	 Executing command :
 voms-proxy-info --identity --file /tmp/x509up_u177753
DEBUG 2026-01-11 11:14:00.768 UTC: 	 output : /DC=ch/DC=cern/OU=Organic Units/OU=Users/CN=bibehera/CN=882295/CN=Bismita Behera

 error: 
 retcode : 0
DEBUG 2026-01-11 11:14:00.768 UTC: 	 Getting myproxy life time left for bfbdf12a5670e45fdd055ff115afbb0f25b8a072
DEBUG 2026-01-11 11:14:00.768 UTC: 	 Executing command :
 myproxy-info -s myproxy.cern.ch -l bfbdf12a5670e45fdd055ff115afbb0f25b8a072
DEBUG 2026-01-11 11:14:01.022 UTC: 	 output : username: bfbdf12a5670e45fdd055ff115afbb0f25b8a072
owner: /DC=ch/DC=cern/OU=Organic Units/OU=Users/CN=bibehera/CN=882295/CN=Bismita Behera
  renewal policy: /DC=ch/DC=cern/OU=Organic Units/OU=Users/CN=cmscrab/CN=(817881|373708)/CN=Robot: cms crab|/DC=ch/DC=cern/OU=Organic Units/OU=Users/CN=crabint1/CN=373708/CN=Robot: CMS CRAB Integration 1
  trusted retrieval policy: /DC=ch/DC=cern/OU=Organic Units/OU=Users/CN=cmscrab/CN=(817881|373708)/CN=Robot: cms crab|/DC=ch/DC=cern/OU=Organic Units/OU=Users/CN=crabint1/CN=373708/CN=Robot: CMS CRAB Integration 1
  timeleft: 345:40:36  (14.4 days)

 error: 
 retcode : 0
DEBUG 2026-01-11 11:14:01.022 UTC: 	 Myproxy is valid: 1244400
DEBUG 2026-01-11 11:14:01.022 UTC: 	 Executing command :
 openssl x509 -noout -dates -in ~/.globus/usercert.pem
DEBUG 2026-01-11 11:14:01.038 UTC: 	 output : notBefore=Dec 26 20:25:15 2025 GMT
notAfter=Jan 30 20:25:15 2027 GMT

 error: 
 retcode : 0
DEBUG 2026-01-11 11:14:01.044 UTC: 	 Delegating a myproxy for 720:00 hours
DEBUG 2026-01-11 11:14:01.044 UTC: 	 Executing command :
 export GT_PROXY_MODE=rfc ; myproxy-init -d -n -s myproxy.cern.ch -C ~/.globus/usercert.pem -y ~/.globus/userkey.pem -x -R '/DC=ch/DC=cern/OU=Organic Units/OU=Users/CN=cmscrab/CN=(817881|373708)/CN=Robot: cms crab|/DC=ch/DC=cern/OU=Organic Units/OU=Users/CN=crabint1/CN=373708/CN=Robot: CMS CRAB Integration 1' -x -Z '/DC=ch/DC=cern/OU=Organic Units/OU=Users/CN=cmscrab/CN=(817881|373708)/CN=Robot: cms crab|/DC=ch/DC=cern/OU=Organic Units/OU=Users/CN=crabint1/CN=373708/CN=Robot: CMS CRAB Integration 1' -l bfbdf12a5670e45fdd055ff115afbb0f25b8a072 -t 168 -c 720:00
DEBUG 2026-01-11 11:14:05.853 UTC: 	 output : Your identity: /DC=ch/DC=cern/OU=Organic Units/OU=Users/CN=bibehera/CN=882295/CN=Bismita Behera
Creating proxy ................................................................................................................................................................................................ Done
Proxy Verify OK
Your proxy is valid until: Tue Feb 10 12:14:05 2026
A proxy valid for 720 hours (30.0 days) for user bfbdf12a5670e45fdd055ff115afbb0f25b8a072 now exists on myproxy.cern.ch.

 error: 
 retcode : 0
DEBUG 2026-01-11 11:14:05.854 UTC: 	 Executing command :
 myproxy-info -s myproxy.cern.ch -l bfbdf12a5670e45fdd055ff115afbb0f25b8a072
DEBUG 2026-01-11 11:14:06.107 UTC: 	 output : username: bfbdf12a5670e45fdd055ff115afbb0f25b8a072
owner: /DC=ch/DC=cern/OU=Organic Units/OU=Users/CN=bibehera/CN=882295/CN=Bismita Behera
  renewal policy: /DC=ch/DC=cern/OU=Organic Units/OU=Users/CN=cmscrab/CN=(817881|373708)/CN=Robot: cms crab|/DC=ch/DC=cern/OU=Organic Units/OU=Users/CN=crabint1/CN=373708/CN=Robot: CMS CRAB Integration 1
  trusted retrieval policy: /DC=ch/DC=cern/OU=Organic Units/OU=Users/CN=cmscrab/CN=(817881|373708)/CN=Robot: cms crab|/DC=ch/DC=cern/OU=Organic Units/OU=Users/CN=crabint1/CN=373708/CN=Robot: CMS CRAB Integration 1
  timeleft: 719:59:59  (30.0 days)

 error: 
 retcode : 0
DEBUG 2026-01-11 11:14:06.107 UTC: 	 My-proxy delegated.
DEBUG 2026-01-11 11:14:06.107 UTC: 	 Result of myproxy credential check:
  Credential exists on myproxy: username: bfbdf12a5670e45fdd055ff115afbb0f25b8a072  - validity: 29 days, 23:59:00
DEBUG 2026-01-11 11:14:06.107 UTC: 	 Command use: submit
DEBUG 2026-01-11 11:14:06.107 UTC: 	 Options use: ['-c', 'crab_config2.py', 'General.requestName=2pc_OO_V0_IM_effcorr_cent0to50_newpT_v1_IP11', 'Data.inputDataset=/IonPhysics11/bibehera-2pc_OO_V0_IP11-ca42279dfc2dce710b3991c24f27a617/USER', 'Data.secondaryInputDataset=/IonPhysics11/OORun2025-PromptReco-v1/MINIAOD', 'Data.outputDatasetTag=2pc_OO_V0_IM_effcorr_cent0to50_newpT_v1_IP11']
DEBUG 2026-01-11 11:14:06.107 UTC: 	 Encoded data for curl request: subresource=version
DEBUG 2026-01-11 11:14:06.146 UTC: 	 CRABClient version: v3.251020
DEBUG 2026-01-11 11:14:06.146 UTC: 	 Instance is prod
DEBUG 2026-01-11 11:14:06.146 UTC: 	 Server base url is cmsweb.cern.ch
DEBUG 2026-01-11 11:14:06.147 UTC: 	 Command api workflow
DEBUG 2026-01-11 11:14:06.147 UTC: 	 Started submission
DEBUG 2026-01-11 11:14:06.147 UTC: 	 Working on /eos/home-b/bibehera/OO_Simfit_eff/CMSSW_15_0_6_patch1/src/Analyzer/RaghuV0Ana/cfg/OO_Data_MINIAOD/crab_2pc_OO_V0_IM_effcorr_cent0to50_newpT_v1_IP11
DEBUG 2026-01-11 11:14:06.178 UTC: 	 Loading required information from the environment
DEBUG 2026-01-11 11:14:06.178 UTC: 	 Found CMSSW_15_0_6_patch1 for el8_amd64_gcc12 with base /eos/home-b/bibehera/OO_Simfit_eff/CMSSW_15_0_6_patch1
DEBUG 2026-01-11 11:14:06.178 UTC: 	 Loading required information from the environment
DEBUG 2026-01-11 11:14:06.178 UTC: 	 Found CMSSW_15_0_6_patch1 for el8_amd64_gcc12 with base /eos/home-b/bibehera/OO_Simfit_eff/CMSSW_15_0_6_patch1
DEBUG 2026-01-11 11:14:06.178 UTC: 	 UNIQUE NAME: tarUUID 9f1624a0-e6e9-44f5-afcc-8490538f3081 
DEBUG 2026-01-11 11:14:06.178 UTC: 	 self.config: from WMCore.Configuration import Configuration
config = Configuration()
config.section_('General')
config.General.transferOutputs = True
config.General.requestName = '2pc_OO_V0_IM_effcorr_cent0to50_newpT_v1_IP11'
config.General.workArea = 'OO_Data_MINIAOD'
config.General.transferLogs = True
config.section_('JobType')
config.JobType.pluginName = 'Analysis'
config.JobType.psetName = 'PbPb_2018_cfg.py'
config.section_('Data')
config.Data.publication = False
config.Data.lumiMask = 'generated_json.json'
config.Data.unitsPerJob = 3
config.Data.secondaryInputDataset = '/IonPhysics11/OORun2025-PromptReco-v1/MINIAOD'
config.Data.splitting = 'LumiBased'
config.Data.inputDBS = 'phys03'
config.Data.totalUnits = -1
config.Data.inputDataset = '/IonPhysics11/bibehera-2pc_OO_V0_IP11-ca42279dfc2dce710b3991c24f27a617/USER'
config.Data.outLFNDirBase = '/store/user/bibehera/'
config.Data.outputDatasetTag = '2pc_OO_V0_IM_effcorr_cent0to50_newpT_v1_IP11'
config.section_('Site')
config.Site.storageSite = 'T3_CH_CERNBOX'
config.section_('User')
config.section_('Debug')

DEBUG 2026-01-11 11:14:06.178 UTC: 	 self.config.JobType.psetName: PbPb_2018_cfg.py
INFO 2026-01-11 11:14:06.179 UTC: 	 Importing CMSSW configuration PbPb_2018_cfg.py
INFO 2026-01-11 11:14:07.161 UTC: 	 Finished importing CMSSW configuration PbPb_2018_cfg.py
DEBUG 2026-01-11 11:14:07.161 UTC: 	 Writing CMSSW configuration to /eos/home-b/bibehera/OO_Simfit_eff/CMSSW_15_0_6_patch1/src/Analyzer/RaghuV0Ana/cfg/OO_Data_MINIAOD/crab_2pc_OO_V0_IM_effcorr_cent0to50_newpT_v1_IP11/inputs/PSet.py
DEBUG 2026-01-11 11:14:07.222 UTC: 	 The following EDM output files will be collected: []
DEBUG 2026-01-11 11:14:07.222 UTC: 	 The following TFile output files will be collected: ['V0_test_IM_newpT.root']
DEBUG 2026-01-11 11:14:07.222 UTC: 	 The following user output files (not listed as PoolOuputModule or TFileService in the CMSSW PSet) will be collected: 
DEBUG 2026-01-11 11:14:07.222 UTC: 	 Loading required information from the environment
DEBUG 2026-01-11 11:14:07.222 UTC: 	 Found CMSSW_15_0_6_patch1 for el8_amd64_gcc12 with base /eos/home-b/bibehera/OO_Simfit_eff/CMSSW_15_0_6_patch1
DEBUG 2026-01-11 11:14:07.222 UTC: 	 Making tarball in /eos/home-b/bibehera/OO_Simfit_eff/CMSSW_15_0_6_patch1/src/Analyzer/RaghuV0Ana/cfg/OO_Data_MINIAOD/crab_2pc_OO_V0_IM_effcorr_cent0to50_newpT_v1_IP11/inputs/9f1624a0-e6e9-44f5-afcc-8490538f3081default.tgz
DEBUG 2026-01-11 11:14:07.224 UTC: 	 Checking directory /eos/home-b/bibehera/OO_Simfit_eff/CMSSW_15_0_6_patch1/bin
DEBUG 2026-01-11 11:14:07.224 UTC: 	 Adding directory /eos/home-b/bibehera/OO_Simfit_eff/CMSSW_15_0_6_patch1/bin to tarball
DEBUG 2026-01-11 11:14:07.231 UTC: 	 Checking directory /eos/home-b/bibehera/OO_Simfit_eff/CMSSW_15_0_6_patch1/python
DEBUG 2026-01-11 11:14:07.231 UTC: 	 Adding directory /eos/home-b/bibehera/OO_Simfit_eff/CMSSW_15_0_6_patch1/python to tarball
DEBUG 2026-01-11 11:14:07.329 UTC: 	 Checking directory /eos/home-b/bibehera/OO_Simfit_eff/CMSSW_15_0_6_patch1/cfipython
DEBUG 2026-01-11 11:14:07.329 UTC: 	 Adding directory /eos/home-b/bibehera/OO_Simfit_eff/CMSSW_15_0_6_patch1/cfipython to tarball
DEBUG 2026-01-11 11:14:07.480 UTC: 	 Checking directory /eos/home-b/bibehera/OO_Simfit_eff/CMSSW_15_0_6_patch1/lib
DEBUG 2026-01-11 11:14:07.480 UTC: 	 Adding directory /eos/home-b/bibehera/OO_Simfit_eff/CMSSW_15_0_6_patch1/lib to tarball
DEBUG 2026-01-11 11:14:07.743 UTC: 	 Checking directory /eos/home-b/bibehera/OO_Simfit_eff/CMSSW_15_0_6_patch1/biglib
DEBUG 2026-01-11 11:14:07.743 UTC: 	 Adding directory /eos/home-b/bibehera/OO_Simfit_eff/CMSSW_15_0_6_patch1/biglib to tarball
DEBUG 2026-01-11 11:14:07.747 UTC: 	 Checking directory /eos/home-b/bibehera/OO_Simfit_eff/CMSSW_15_0_6_patch1/module
DEBUG 2026-01-11 11:14:07.748 UTC: 	 Checking directory /eos/home-b/bibehera/OO_Simfit_eff/CMSSW_15_0_6_patch1/config/SCRAM/hooks
DEBUG 2026-01-11 11:14:07.750 UTC: 	 Adding directory /eos/home-b/bibehera/OO_Simfit_eff/CMSSW_15_0_6_patch1/config/SCRAM/hooks to tarball
DEBUG 2026-01-11 11:14:11.479 UTC: 	 Adding directory /eos/home-b/bibehera/OO_Simfit_eff/CMSSW_15_0_6_patch1/src/Analyzer/RaghuV0Ana/data to tarball
DEBUG 2026-01-11 11:14:12.823 UTC: 	 Adding directory /eos/home-b/bibehera/OO_Simfit_eff/CMSSW_15_0_6_patch1/src/Analyzer/RaghuV0Ana/interface to tarball
DEBUG 2026-01-11 11:14:12.957 UTC: 	 Adding directory /eos/home-b/bibehera/OO_Simfit_eff/CMSSW_15_0_6_patch1/src/Analyzer/RaghuV0Ana/python to tarball
DEBUG 2026-01-11 11:14:13.003 UTC: 	 Adding directory /eos/home-b/bibehera/OO_Simfit_eff/CMSSW_15_0_6_patch1/src/HeavyIonsAnalysis/Configuration/data to tarball
DEBUG 2026-01-11 11:14:13.605 UTC: 	 Adding directory /eos/home-b/bibehera/OO_Simfit_eff/CMSSW_15_0_6_patch1/src/HeavyIonsAnalysis/Configuration/python to tarball
DEBUG 2026-01-11 11:14:13.656 UTC: 	 Adding directory /eos/home-b/bibehera/OO_Simfit_eff/CMSSW_15_0_6_patch1/src/HeavyIonsAnalysis/EGMAnalysis/data to tarball
DEBUG 2026-01-11 11:14:13.747 UTC: 	 Adding directory /eos/home-b/bibehera/OO_Simfit_eff/CMSSW_15_0_6_patch1/src/HeavyIonsAnalysis/EGMAnalysis/interface to tarball
DEBUG 2026-01-11 11:14:13.757 UTC: 	 Adding directory /eos/home-b/bibehera/OO_Simfit_eff/CMSSW_15_0_6_patch1/src/HeavyIonsAnalysis/EGMAnalysis/python to tarball
DEBUG 2026-01-11 11:14:13.774 UTC: 	 Adding directory /eos/home-b/bibehera/OO_Simfit_eff/CMSSW_15_0_6_patch1/src/HeavyIonsAnalysis/EventAnalysis/python to tarball
DEBUG 2026-01-11 11:14:13.852 UTC: 	 Adding directory /eos/home-b/bibehera/OO_Simfit_eff/CMSSW_15_0_6_patch1/src/HeavyIonsAnalysis/JetAnalysis/interface to tarball
DEBUG 2026-01-11 11:14:13.860 UTC: 	 Adding directory /eos/home-b/bibehera/OO_Simfit_eff/CMSSW_15_0_6_patch1/src/HeavyIonsAnalysis/JetAnalysis/python to tarball
DEBUG 2026-01-11 11:14:13.906 UTC: 	 Adding directory /eos/home-b/bibehera/OO_Simfit_eff/CMSSW_15_0_6_patch1/src/HeavyIonsAnalysis/MuonAnalysis/interface to tarball
DEBUG 2026-01-11 11:14:13.915 UTC: 	 Adding directory /eos/home-b/bibehera/OO_Simfit_eff/CMSSW_15_0_6_patch1/src/HeavyIonsAnalysis/MuonAnalysis/python to tarball
DEBUG 2026-01-11 11:14:13.931 UTC: 	 Adding directory /eos/home-b/bibehera/OO_Simfit_eff/CMSSW_15_0_6_patch1/src/HeavyIonsAnalysis/TrackAnalysis/interface to tarball
DEBUG 2026-01-11 11:14:13.936 UTC: 	 Adding directory /eos/home-b/bibehera/OO_Simfit_eff/CMSSW_15_0_6_patch1/src/HeavyIonsAnalysis/TrackAnalysis/python to tarball
DEBUG 2026-01-11 11:14:14.005 UTC: 	 Adding directory /eos/home-b/bibehera/OO_Simfit_eff/CMSSW_15_0_6_patch1/src/HeavyIonsAnalysis/VertexAnalysis/python to tarball
DEBUG 2026-01-11 11:14:14.017 UTC: 	 Adding directory /eos/home-b/bibehera/OO_Simfit_eff/CMSSW_15_0_6_patch1/src/HeavyIonsAnalysis/ZDCAnalysis/python to tarball
DEBUG 2026-01-11 11:14:14.076 UTC: 	 Uploading archive /eos/home-b/bibehera/OO_Simfit_eff/CMSSW_15_0_6_patch1/src/Analyzer/RaghuV0Ana/cfg/OO_Data_MINIAOD/crab_2pc_OO_V0_IM_effcorr_cent0to50_newpT_v1_IP11/inputs/9f1624a0-e6e9-44f5-afcc-8490538f3081default.tgz (4.677734.1 MB) to the CRAB cache.
DEBUG 2026-01-11 11:14:14.942 UTC: 	 Encoded data for curl request: subresource=upload&objecttype=sandbox&tarballname=a19be5fef8cd1b3627a344594ca4c011d1e229f0d93ca134a565de5508b1fcd4.tar.gz
DEBUG 2026-01-11 11:14:15.002 UTC: 	 Will execute:
curl -f -v -X POST  -H "User-Agent: CRAB" -F "key=bibehera/sandboxes/a19be5fef8cd1b3627a344594ca4c011d1e229f0d93ca134a565de5508b1fcd4.tar.gz" -F "AWSAccessKeyId=715203df6482458ba839e73e6dab634b" -F "policy=eyJleHBpcmF0aW9uIjogIjIwMjYtMDEtMTFUMTI6MTQ6MTRaIiwgImNvbmRpdGlvbnMiOiBbeyJidWNrZXQiOiAiY3JhYmNhY2hlX3Byb2QifSwgeyJrZXkiOiAiYmliZWhlcmEvc2FuZGJveGVzL2ExOWJlNWZlZjhjZDFiMzYyN2EzNDQ1OTRjYTRjMDExZDFlMjI5ZjBkOTNjYTEzNGE1NjVkZTU1MDhiMWZjZDQudGFyLmd6In1dfQ==" -F "signature=uyGNAl3StPkJoP0TzFteSavB2sA=" -F "file=@/eos/home-b/bibehera/OO_Simfit_eff/CMSSW_15_0_6_patch1/src/Analyzer/RaghuV0Ana/cfg/OO_Data_MINIAOD/crab_2pc_OO_V0_IM_effcorr_cent0to50_newpT_v1_IP11/inputs/9f1624a0-e6e9-44f5-afcc-8490538f3081default.tgz" "https://s3.cern.ch/crabcache_prod"
DEBUG 2026-01-11 11:14:16.236 UTC: 	 exitcode: 0
stdout: b''
DEBUG 2026-01-11 11:14:16.236 UTC: 	 upload to S3 of sandbox /eos/home-b/bibehera/OO_Simfit_eff/CMSSW_15_0_6_patch1/src/Analyzer/RaghuV0Ana/cfg/OO_Data_MINIAOD/crab_2pc_OO_V0_IM_effcorr_cent0to50_newpT_v1_IP11/inputs/9f1624a0-e6e9-44f5-afcc-8490538f3081default.tgz completed
DEBUG 2026-01-11 11:14:16.236 UTC: 	 make sure that object is ready for retrieve
DEBUG 2026-01-11 11:14:17.237 UTC: 	 Encoded data for curl request: subresource=download&objecttype=sandbox&tarballname=a19be5fef8cd1b3627a344594ca4c011d1e229f0d93ca134a565de5508b1fcd4.tar.gz&clientmethod=head_object
DEBUG 2026-01-11 11:14:17.274 UTC: 	 PreSignedUrl to download sandbox received OK
DEBUG 2026-01-11 11:14:17.276 UTC: 	 Will execute:
 curl -v -s -f -o /dev/null --head  "https://s3.cern.ch/crabcache_prod/bibehera/sandboxes/a19be5fef8cd1b3627a344594ca4c011d1e229f0d93ca134a565de5508b1fcd4.tar.gz?AWSAccessKeyId=715203df6482458ba839e73e6dab634b&Signature=80pZqTQJAEn%2FSpIGv2ET%2FBm4Xso%3D&Expires=1768133657"
DEBUG 2026-01-11 11:14:17.304 UTC: 	 exitcode: 0
stdout: b''
DEBUG 2026-01-11 11:14:17.304 UTC: 	 sandbox /eos/home-b/bibehera/OO_Simfit_eff/CMSSW_15_0_6_patch1/src/Analyzer/RaghuV0Ana/cfg/OO_Data_MINIAOD/crab_2pc_OO_V0_IM_effcorr_cent0to50_newpT_v1_IP11/inputs/9f1624a0-e6e9-44f5-afcc-8490538f3081default.tgz successfully uploaded to S3
DEBUG 2026-01-11 11:14:17.305 UTC: 	 Loading required information from the environment
DEBUG 2026-01-11 11:14:17.305 UTC: 	 Found CMSSW_15_0_6_patch1 for el8_amd64_gcc12 with base /eos/home-b/bibehera/OO_Simfit_eff/CMSSW_15_0_6_patch1
DEBUG 2026-01-11 11:14:17.305 UTC: 	 Making tarball in /eos/home-b/bibehera/OO_Simfit_eff/CMSSW_15_0_6_patch1/src/Analyzer/RaghuV0Ana/cfg/OO_Data_MINIAOD/crab_2pc_OO_V0_IM_effcorr_cent0to50_newpT_v1_IP11/inputs/debugFiles.tgz
DEBUG 2026-01-11 11:14:17.317 UTC: 	 Uploading archive /eos/home-b/bibehera/OO_Simfit_eff/CMSSW_15_0_6_patch1/src/Analyzer/RaghuV0Ana/cfg/OO_Data_MINIAOD/crab_2pc_OO_V0_IM_effcorr_cent0to50_newpT_v1_IP11/inputs/debugFiles.tgz (3 KB) to the CRAB cache.
DEBUG 2026-01-11 11:14:17.321 UTC: 	 Encoded data for curl request: subresource=upload&objecttype=sandbox&tarballname=16d4f83460baee84a32c460c2608b869465d621dc908c4f8d31271b0dd2276c7.tar.gz
DEBUG 2026-01-11 11:14:17.361 UTC: 	 Will execute:
curl -f -v -X POST  -H "User-Agent: CRAB" -F "key=bibehera/sandboxes/16d4f83460baee84a32c460c2608b869465d621dc908c4f8d31271b0dd2276c7.tar.gz" -F "AWSAccessKeyId=715203df6482458ba839e73e6dab634b" -F "policy=eyJleHBpcmF0aW9uIjogIjIwMjYtMDEtMTFUMTI6MTQ6MTdaIiwgImNvbmRpdGlvbnMiOiBbeyJidWNrZXQiOiAiY3JhYmNhY2hlX3Byb2QifSwgeyJrZXkiOiAiYmliZWhlcmEvc2FuZGJveGVzLzE2ZDRmODM0NjBiYWVlODRhMzJjNDYwYzI2MDhiODY5NDY1ZDYyMWRjOTA4YzRmOGQzMTI3MWIwZGQyMjc2YzcudGFyLmd6In1dfQ==" -F "signature=PskEJgIT9nUJ38M+r/SRI2VFHHI=" -F "file=@/eos/home-b/bibehera/OO_Simfit_eff/CMSSW_15_0_6_patch1/src/Analyzer/RaghuV0Ana/cfg/OO_Data_MINIAOD/crab_2pc_OO_V0_IM_effcorr_cent0to50_newpT_v1_IP11/inputs/debugFiles.tgz" "https://s3.cern.ch/crabcache_prod"
DEBUG 2026-01-11 11:14:17.396 UTC: 	 exitcode: 0
stdout: b''
DEBUG 2026-01-11 11:14:17.396 UTC: 	 upload to S3 of sandbox /eos/home-b/bibehera/OO_Simfit_eff/CMSSW_15_0_6_patch1/src/Analyzer/RaghuV0Ana/cfg/OO_Data_MINIAOD/crab_2pc_OO_V0_IM_effcorr_cent0to50_newpT_v1_IP11/inputs/debugFiles.tgz completed
DEBUG 2026-01-11 11:14:17.396 UTC: 	 make sure that object is ready for retrieve
DEBUG 2026-01-11 11:14:18.397 UTC: 	 Encoded data for curl request: subresource=download&objecttype=sandbox&tarballname=16d4f83460baee84a32c460c2608b869465d621dc908c4f8d31271b0dd2276c7.tar.gz&clientmethod=head_object
DEBUG 2026-01-11 11:14:18.435 UTC: 	 PreSignedUrl to download sandbox received OK
DEBUG 2026-01-11 11:14:18.438 UTC: 	 Will execute:
 curl -v -s -f -o /dev/null --head  "https://s3.cern.ch/crabcache_prod/bibehera/sandboxes/16d4f83460baee84a32c460c2608b869465d621dc908c4f8d31271b0dd2276c7.tar.gz?AWSAccessKeyId=715203df6482458ba839e73e6dab634b&Signature=X3OvY1aqSu3Kzn4zHvGOK5PC4cA%3D&Expires=1768133658"
DEBUG 2026-01-11 11:14:18.489 UTC: 	 exitcode: 0
stdout: b''
DEBUG 2026-01-11 11:14:18.489 UTC: 	 sandbox /eos/home-b/bibehera/OO_Simfit_eff/CMSSW_15_0_6_patch1/src/Analyzer/RaghuV0Ana/cfg/OO_Data_MINIAOD/crab_2pc_OO_V0_IM_effcorr_cent0to50_newpT_v1_IP11/inputs/debugFiles.tgz successfully uploaded to S3
DEBUG 2026-01-11 11:14:18.489 UTC: 	 Result uploading input files: a19be5fef8cd1b3627a344594ca4c011d1e229f0d93ca134a565de5508b1fcd4.tar.gz 
DEBUG 2026-01-11 11:14:18.489 UTC: 	 Attaching lumi mask generated_json.json to the request
DEBUG 2026-01-11 11:14:18.489 UTC: 	 Reading lumi-mask from generated_json.json
DEBUG 2026-01-11 11:14:18.508 UTC: 	 submit() - self.configuration from WMCore.Configuration import Configuration
config = Configuration()
config.section_('General')
config.General.transferOutputs = True
config.General.requestName = '2pc_OO_V0_IM_effcorr_cent0to50_newpT_v1_IP11'
config.General.workArea = 'OO_Data_MINIAOD'
config.General.transferLogs = True
config.section_('JobType')
config.JobType.pluginName = 'Analysis'
config.JobType.psetName = 'PbPb_2018_cfg.py'
config.section_('Data')
config.Data.publication = False
config.Data.lumiMask = 'generated_json.json'
config.Data.unitsPerJob = 3
config.Data.secondaryInputDataset = '/IonPhysics11/OORun2025-PromptReco-v1/MINIAOD'
config.Data.splitting = 'LumiBased'
config.Data.inputDBS = 'phys03'
config.Data.totalUnits = -1
config.Data.inputDataset = '/IonPhysics11/bibehera-2pc_OO_V0_IP11-ca42279dfc2dce710b3991c24f27a617/USER'
config.Data.outLFNDirBase = '/store/user/bibehera/'
config.Data.outputDatasetTag = '2pc_OO_V0_IM_effcorr_cent0to50_newpT_v1_IP11'
config.section_('Site')
config.Site.storageSite = 'T3_CH_CERNBOX'
config.section_('User')
config.section_('Debug')

DEBUG 2026-01-11 11:14:18.508 UTC: 	 submit() - self.configreq {'dryrun': 0, 'workflow': 'crab_2pc_OO_V0_IM_effcorr_cent0to50_newpT_v1_IP11', 'saveoutput': 1, 'savelogsflag': 1, 'inputdata': '/IonPhysics11/bibehera-2pc_OO_V0_IP11-ca42279dfc2dce710b3991c24f27a617/USER', 'nonvaliddata': 0, 'userfiles': [], 'dbsurl': 'https://cmsweb.cern.ch/dbs/prod/phys03/DBSReader', 'useparent': 0, 'secondarydata': '/IonPhysics11/OORun2025-PromptReco-v1/MINIAOD', 'ignorelocality': 0, 'splitalgo': 'LumiBased', 'algoargs': 3, 'totalunits': -1, 'lfn': '/store/user/bibehera/', 'publication': 0, 'publishdbsurl': 'https://cmsweb.cern.ch/dbs/prod/phys03/DBSWriter', 'publishname2': '2pc_OO_V0_IM_effcorr_cent0to50_newpT_v1_IP11', 'jobtype': 'Analysis', 'generator': 'pythia', 'addoutputfiles': [], 'maxjobruntime': 1250, 'numcores': 1, 'maxmemory': 2000, 'priority': 10, 'nonprodsw': 0, 'asyncdest': 'T3_CH_CERNBOX', 'requireaccelerator': 0, 'oneEventMode': 0, 'extrajdl': [], 'ignoreglobalblacklist': 0, 'partialdataset': 0, 'inputblocks': []}
DEBUG 2026-01-11 11:14:18.508 UTC: 	 submit() - jobconfig {'addoutputfiles': [], 'tfileoutfiles': ['V0_test_IM_newpT.root'], 'edmoutfiles': [], 'jobarch': 'el8_amd64_gcc12', 'jobminuarch': 'x86-64-v3', 'jobsw': 'CMSSW_15_0_6_patch1', 'inputdata': '/IonPhysics11/bibehera-2pc_OO_V0_IP11-ca42279dfc2dce710b3991c24f27a617/USER', 'cachefilename': 'a19be5fef8cd1b3627a344594ca4c011d1e229f0d93ca134a565de5508b1fcd4.tar.gz', 'debugfilename': '16d4f83460baee84a32c460c2608b869465d621dc908c4f8d31271b0dd2276c7.tar.gz', 'runs': ['394153', '394154', '394169', '394175', '394183', '394184', '394185', '394186', '394187', '394188', '394189', '394204', '394209', '394217'], 'lumis': ['40,169', '1,886', '39,997', '47,988', '15,239', '1,667', '1,3', '1,15', '1,1', '1,107', '1,72', '38,932', '23,1209', '41,838'], 'jobtype': 'Analysis'}
INFO 2026-01-11 11:14:18.508 UTC: 	 Sending the request to the server at cmsweb.cern.ch
DEBUG 2026-01-11 11:14:18.508 UTC: 	 Submitting {'dryrun': 0, 'workflow': 'crab_2pc_OO_V0_IM_effcorr_cent0to50_newpT_v1_IP11', 'saveoutput': 1, 'savelogsflag': 1, 'inputdata': '/IonPhysics11/bibehera-2pc_OO_V0_IP11-ca42279dfc2dce710b3991c24f27a617/USER', 'nonvaliddata': 0, 'userfiles': [], 'dbsurl': 'https://cmsweb.cern.ch/dbs/prod/phys03/DBSReader', 'useparent': 0, 'secondarydata': '/IonPhysics11/OORun2025-PromptReco-v1/MINIAOD', 'ignorelocality': 0, 'splitalgo': 'LumiBased', 'algoargs': 3, 'totalunits': -1, 'lfn': '/store/user/bibehera/', 'publication': 0, 'publishdbsurl': 'https://cmsweb.cern.ch/dbs/prod/phys03/DBSWriter', 'publishname2': '2pc_OO_V0_IM_effcorr_cent0to50_newpT_v1_IP11', 'jobtype': 'Analysis', 'generator': 'pythia', 'addoutputfiles': [], 'maxjobruntime': 1250, 'numcores': 1, 'maxmemory': 2000, 'priority': 10, 'nonprodsw': 0, 'asyncdest': 'T3_CH_CERNBOX', 'requireaccelerator': 0, 'oneEventMode': 0, 'extrajdl': [], 'ignoreglobalblacklist': 0, 'partialdataset': 0, 'inputblocks': [], 'tfileoutfiles': ['V0_test_IM_newpT.root'], 'edmoutfiles': [], 'jobarch': 'el8_amd64_gcc12', 'jobminuarch': 'x86-64-v3', 'jobsw': 'CMSSW_15_0_6_patch1', 'cachefilename': 'a19be5fef8cd1b3627a344594ca4c011d1e229f0d93ca134a565de5508b1fcd4.tar.gz', 'debugfilename': '16d4f83460baee84a32c460c2608b869465d621dc908c4f8d31271b0dd2276c7.tar.gz', 'runs': ['394153', '394154', '394169', '394175', '394183', '394184', '394185', '394186', '394187', '394188', '394189', '394204', '394209', '394217'], 'lumis': ['40,169', '1,886', '39,997', '47,988', '15,239', '1,667', '1,3', '1,15', '1,1', '1,107', '1,72', '38,932', '23,1209', '41,838']} 
DEBUG 2026-01-11 11:14:18.508 UTC: 	 Encoded data for curl request: dryrun=0&workflow=crab_2pc_OO_V0_IM_effcorr_cent0to50_newpT_v1_IP11&saveoutput=1&savelogsflag=1&inputdata=%2FIonPhysics11%2Fbibehera-2pc_OO_V0_IP11-ca42279dfc2dce710b3991c24f27a617%2FUSER&nonvaliddata=0&dbsurl=https%3A%2F%2Fcmsweb.cern.ch%2Fdbs%2Fprod%2Fphys03%2FDBSReader&useparent=0&secondarydata=%2FIonPhysics11%2FOORun2025-PromptReco-v1%2FMINIAOD&ignorelocality=0&splitalgo=LumiBased&algoargs=3&totalunits=-1&lfn=%2Fstore%2Fuser%2Fbibehera%2F&publication=0&publishdbsurl=https%3A%2F%2Fcmsweb.cern.ch%2Fdbs%2Fprod%2Fphys03%2FDBSWriter&publishname2=2pc_OO_V0_IM_effcorr_cent0to50_newpT_v1_IP11&jobtype=Analysis&generator=pythia&maxjobruntime=1250&numcores=1&maxmemory=2000&priority=10&nonprodsw=0&asyncdest=T3_CH_CERNBOX&requireaccelerator=0&oneEventMode=0&ignoreglobalblacklist=0&partialdataset=0&jobarch=el8_amd64_gcc12&jobminuarch=x86-64-v3&jobsw=CMSSW_15_0_6_patch1&cachefilename=a19be5fef8cd1b3627a344594ca4c011d1e229f0d93ca134a565de5508b1fcd4.tar.gz&debugfilename=16d4f83460baee84a32c460c2608b869465d621dc908c4f8d31271b0dd2276c7.tar.gz&tfileoutfiles=V0_test_IM_newpT.root&runs=394153&runs=394154&runs=394169&runs=394175&runs=394183&runs=394184&runs=394185&runs=394186&runs=394187&runs=394188&runs=394189&runs=394204&runs=394209&runs=394217&lumis=40%2C169&lumis=1%2C886&lumis=39%2C997&lumis=47%2C988&lumis=15%2C239&lumis=1%2C667&lumis=1%2C3&lumis=1%2C15&lumis=1%2C1&lumis=1%2C107&lumis=1%2C72&lumis=38%2C932&lumis=23%2C1209&lumis=41%2C838
DEBUG 2026-01-11 11:14:18.573 UTC: 	 Result: {'result': [{'RequestName': '260111_111418:bibehera_crab_2pc_OO_V0_IM_effcorr_cent0to50_newpT_v1_IP11'}]}
INFO 2026-01-11 11:14:18.586 UTC: 	 Success: Your task has been delivered to the prod CRAB3 server.
INFO 2026-01-11 11:14:18.586 UTC: 	 Task name: 260111_111418:bibehera_crab_2pc_OO_V0_IM_effcorr_cent0to50_newpT_v1_IP11
INFO 2026-01-11 11:14:18.586 UTC: 	 Project dir: OO_Data_MINIAOD/crab_2pc_OO_V0_IM_effcorr_cent0to50_newpT_v1_IP11
INFO 2026-01-11 11:14:18.587 UTC: 	 Please use ' crab status -d OO_Data_MINIAOD/crab_2pc_OO_V0_IM_effcorr_cent0to50_newpT_v1_IP11 ' to check how the submission process proceeds.
DEBUG 2026-01-11 11:14:18.587 UTC: 	 About to return
INFO 2026-01-11 11:14:18.601 UTC: 	 Log file is /eos/home-b/bibehera/OO_Simfit_eff/CMSSW_15_0_6_patch1/src/Analyzer/RaghuV0Ana/cfg/OO_Data_MINIAOD/crab_2pc_OO_V0_IM_effcorr_cent0to50_newpT_v1_IP11/crab.log
