DEBUG 2025-12-28 16:07:54.061 UTC: 	 CRAB Client version: v3.251020
DEBUG 2025-12-28 16:07:54.062 UTC: 	 Running on: Linux lxplus816.cern.ch 4.18.0-553.85.1.el8_10.x86_64 #1 SMP Thu Nov 13 12:55:12 EST 2025 x86_64 x86_64 x86_64 GNU/Linux
DEBUG 2025-12-28 16:07:54.062 UTC: 	 Not using Singularity
DEBUG 2025-12-28 16:07:54.062 UTC: 	 Operating System: Red Hat Enterprise Linux 8.10 (Ootpa)
DEBUG 2025-12-28 16:07:54.062 UTC: 	 Executing command: 'submit'
DEBUG 2025-12-28 16:07:54.062 UTC: 	 Found CRAB cache file /afs/cern.ch/user/b/bibehera/.crab3
INFO 2025-12-28 16:07:54.062 UTC: 	 Will use CRAB configuration file crab_config2.py
DEBUG 2025-12-28 16:07:54.063 UTC: 	 Loading CRAB configuration file.
DEBUG 2025-12-28 16:07:54.070 UTC: 	 Overriden parameter General.requestName with '2pc_OO_V0_IM_effcorr_cent0to50_newpT_IP15'
DEBUG 2025-12-28 16:07:54.070 UTC: 	 Overriden parameter Data.inputDataset with '/IonPhysics15/bibehera-2pc_OO_V0_IP15-ca42279dfc2dce710b3991c24f27a617/USER'
DEBUG 2025-12-28 16:07:54.070 UTC: 	 Overriden parameter Data.secondaryInputDataset with '/IonPhysics15/OORun2025-PromptReco-v1/MINIAOD'
DEBUG 2025-12-28 16:07:54.070 UTC: 	 Overriden parameter Data.outputDatasetTag with '2pc_OO_V0_IM_effcorr_cent0to50_newpT_IP15'
DEBUG 2025-12-28 16:07:54.071 UTC: 	 Will use CRAB plugin ANALYSIS (i.e. will run an analysis job type).
DEBUG 2025-12-28 16:07:54.080 UTC: 	 Checking credentials
DEBUG 2025-12-28 16:07:54.080 UTC: 	 Found proxy file /tmp/x509up_u177753
DEBUG 2025-12-28 16:07:54.080 UTC: 	 Making sure it has proper VOMS extension
DEBUG 2025-12-28 16:07:54.080 UTC: 	 Executing command :
 voms-proxy-info --vo --file /tmp/x509up_u177753
DEBUG 2025-12-28 16:07:54.102 UTC: 	 output : cms

 error: 
 retcode : 0
DEBUG 2025-12-28 16:07:54.103 UTC: 	 Getting proxy life time left
DEBUG 2025-12-28 16:07:54.103 UTC: 	 Executing command :
 voms-proxy-info --actimeleft --timeleft --file /tmp/x509up_u177753
DEBUG 2025-12-28 16:07:54.122 UTC: 	 output : 42532
42532

 error: 
 retcode : 0
DEBUG 2025-12-28 16:07:54.123 UTC: 	 Proxy valid for 11:48:52 hours
DEBUG 2025-12-28 16:07:54.123 UTC: 	 Encoded data for curl request: subresource=delegatedn
DEBUG 2025-12-28 16:07:54.162 UTC: 	 Registering user credentials on myproxy for /DC=ch/DC=cern/OU=Organic Units/OU=Users/CN=cmscrab/CN=(817881|373708)/CN=Robot: cms crab|/DC=ch/DC=cern/OU=Organic Units/OU=Users/CN=crabint1/CN=373708/CN=Robot: CMS CRAB Integration 1
DEBUG 2025-12-28 16:07:54.162 UTC: 	 Executing command :
 voms-proxy-info --identity --file /tmp/x509up_u177753
DEBUG 2025-12-28 16:07:54.182 UTC: 	 output : /DC=ch/DC=cern/OU=Organic Units/OU=Users/CN=bibehera/CN=882295/CN=Bismita Behera

 error: 
 retcode : 0
DEBUG 2025-12-28 16:07:54.183 UTC: 	 Getting myproxy life time left for bfbdf12a5670e45fdd055ff115afbb0f25b8a072
DEBUG 2025-12-28 16:07:54.183 UTC: 	 Executing command :
 myproxy-info -s myproxy.cern.ch -l bfbdf12a5670e45fdd055ff115afbb0f25b8a072
DEBUG 2025-12-28 16:07:54.495 UTC: 	 output : username: bfbdf12a5670e45fdd055ff115afbb0f25b8a072
owner: /DC=ch/DC=cern/OU=Organic Units/OU=Users/CN=bibehera/CN=882295/CN=Bismita Behera
  renewal policy: /DC=ch/DC=cern/OU=Organic Units/OU=Users/CN=cmscrab/CN=(817881|373708)/CN=Robot: cms crab|/DC=ch/DC=cern/OU=Organic Units/OU=Users/CN=crabint1/CN=373708/CN=Robot: CMS CRAB Integration 1
  trusted retrieval policy: /DC=ch/DC=cern/OU=Organic Units/OU=Users/CN=cmscrab/CN=(817881|373708)/CN=Robot: cms crab|/DC=ch/DC=cern/OU=Organic Units/OU=Users/CN=crabint1/CN=373708/CN=Robot: CMS CRAB Integration 1
  timeleft: 676:46:43  (28.2 days)

 error: 
 retcode : 0
DEBUG 2025-12-28 16:07:54.495 UTC: 	 Myproxy is valid: 2436360
DEBUG 2025-12-28 16:07:54.495 UTC: 	 Result of myproxy credential check:
  Credential exists on myproxy: username: bfbdf12a5670e45fdd055ff115afbb0f25b8a072  - validity: 28 days, 4:46:00
DEBUG 2025-12-28 16:07:54.495 UTC: 	 Command use: submit
DEBUG 2025-12-28 16:07:54.495 UTC: 	 Options use: ['-c', 'crab_config2.py', 'General.requestName=2pc_OO_V0_IM_effcorr_cent0to50_newpT_IP15', 'Data.inputDataset=/IonPhysics15/bibehera-2pc_OO_V0_IP15-ca42279dfc2dce710b3991c24f27a617/USER', 'Data.secondaryInputDataset=/IonPhysics15/OORun2025-PromptReco-v1/MINIAOD', 'Data.outputDatasetTag=2pc_OO_V0_IM_effcorr_cent0to50_newpT_IP15']
DEBUG 2025-12-28 16:07:54.495 UTC: 	 Encoded data for curl request: subresource=version
DEBUG 2025-12-28 16:07:54.531 UTC: 	 CRABClient version: v3.251020
DEBUG 2025-12-28 16:07:54.531 UTC: 	 Instance is prod
DEBUG 2025-12-28 16:07:54.531 UTC: 	 Server base url is cmsweb.cern.ch
DEBUG 2025-12-28 16:07:54.531 UTC: 	 Command api workflow
DEBUG 2025-12-28 16:07:54.531 UTC: 	 Started submission
DEBUG 2025-12-28 16:07:54.531 UTC: 	 Working on /eos/home-b/bibehera/OO_Simfit_eff/CMSSW_15_0_6_patch1/src/Analyzer/RaghuV0Ana/cfg/OO_Data_MINIAOD/crab_2pc_OO_V0_IM_effcorr_cent0to50_newpT_IP15
DEBUG 2025-12-28 16:07:54.555 UTC: 	 Loading required information from the environment
DEBUG 2025-12-28 16:07:54.555 UTC: 	 Found CMSSW_15_0_6_patch1 for el8_amd64_gcc12 with base /eos/home-b/bibehera/OO_Simfit_eff/CMSSW_15_0_6_patch1
DEBUG 2025-12-28 16:07:54.555 UTC: 	 Loading required information from the environment
DEBUG 2025-12-28 16:07:54.555 UTC: 	 Found CMSSW_15_0_6_patch1 for el8_amd64_gcc12 with base /eos/home-b/bibehera/OO_Simfit_eff/CMSSW_15_0_6_patch1
DEBUG 2025-12-28 16:07:54.556 UTC: 	 UNIQUE NAME: tarUUID 5b537259-f158-454e-b7b9-0e7174549759 
DEBUG 2025-12-28 16:07:54.556 UTC: 	 self.config: from WMCore.Configuration import Configuration
config = Configuration()
config.section_('General')
config.General.workArea = 'OO_Data_MINIAOD'
config.General.requestName = '2pc_OO_V0_IM_effcorr_cent0to50_newpT_IP15'
config.General.transferOutputs = True
config.General.transferLogs = True
config.section_('JobType')
config.JobType.pluginName = 'Analysis'
config.JobType.psetName = 'PbPb_2018_cfg.py'
config.section_('Data')
config.Data.secondaryInputDataset = '/IonPhysics15/OORun2025-PromptReco-v1/MINIAOD'
config.Data.publication = False
config.Data.inputDBS = 'phys03'
config.Data.outputDatasetTag = '2pc_OO_V0_IM_effcorr_cent0to50_newpT_IP15'
config.Data.outLFNDirBase = '/store/user/bibehera/'
config.Data.lumiMask = 'generated_json.json'
config.Data.splitting = 'LumiBased'
config.Data.unitsPerJob = 3
config.Data.inputDataset = '/IonPhysics15/bibehera-2pc_OO_V0_IP15-ca42279dfc2dce710b3991c24f27a617/USER'
config.Data.totalUnits = -1
config.section_('Site')
config.Site.storageSite = 'T3_CH_CERNBOX'
config.section_('User')
config.section_('Debug')

DEBUG 2025-12-28 16:07:54.556 UTC: 	 self.config.JobType.psetName: PbPb_2018_cfg.py
INFO 2025-12-28 16:07:54.556 UTC: 	 Importing CMSSW configuration PbPb_2018_cfg.py
INFO 2025-12-28 16:07:55.279 UTC: 	 Finished importing CMSSW configuration PbPb_2018_cfg.py
DEBUG 2025-12-28 16:07:55.280 UTC: 	 Writing CMSSW configuration to /eos/home-b/bibehera/OO_Simfit_eff/CMSSW_15_0_6_patch1/src/Analyzer/RaghuV0Ana/cfg/OO_Data_MINIAOD/crab_2pc_OO_V0_IM_effcorr_cent0to50_newpT_IP15/inputs/PSet.py
DEBUG 2025-12-28 16:07:55.318 UTC: 	 The following EDM output files will be collected: []
DEBUG 2025-12-28 16:07:55.318 UTC: 	 The following TFile output files will be collected: ['V0_test_IM_newpT.root']
DEBUG 2025-12-28 16:07:55.318 UTC: 	 The following user output files (not listed as PoolOuputModule or TFileService in the CMSSW PSet) will be collected: 
DEBUG 2025-12-28 16:07:55.318 UTC: 	 Loading required information from the environment
DEBUG 2025-12-28 16:07:55.318 UTC: 	 Found CMSSW_15_0_6_patch1 for el8_amd64_gcc12 with base /eos/home-b/bibehera/OO_Simfit_eff/CMSSW_15_0_6_patch1
DEBUG 2025-12-28 16:07:55.318 UTC: 	 Making tarball in /eos/home-b/bibehera/OO_Simfit_eff/CMSSW_15_0_6_patch1/src/Analyzer/RaghuV0Ana/cfg/OO_Data_MINIAOD/crab_2pc_OO_V0_IM_effcorr_cent0to50_newpT_IP15/inputs/5b537259-f158-454e-b7b9-0e7174549759default.tgz
DEBUG 2025-12-28 16:07:55.320 UTC: 	 Checking directory /eos/home-b/bibehera/OO_Simfit_eff/CMSSW_15_0_6_patch1/bin
DEBUG 2025-12-28 16:07:55.320 UTC: 	 Adding directory /eos/home-b/bibehera/OO_Simfit_eff/CMSSW_15_0_6_patch1/bin to tarball
DEBUG 2025-12-28 16:07:55.324 UTC: 	 Checking directory /eos/home-b/bibehera/OO_Simfit_eff/CMSSW_15_0_6_patch1/python
DEBUG 2025-12-28 16:07:55.324 UTC: 	 Adding directory /eos/home-b/bibehera/OO_Simfit_eff/CMSSW_15_0_6_patch1/python to tarball
DEBUG 2025-12-28 16:07:55.363 UTC: 	 Checking directory /eos/home-b/bibehera/OO_Simfit_eff/CMSSW_15_0_6_patch1/cfipython
DEBUG 2025-12-28 16:07:55.363 UTC: 	 Adding directory /eos/home-b/bibehera/OO_Simfit_eff/CMSSW_15_0_6_patch1/cfipython to tarball
DEBUG 2025-12-28 16:07:55.463 UTC: 	 Checking directory /eos/home-b/bibehera/OO_Simfit_eff/CMSSW_15_0_6_patch1/lib
DEBUG 2025-12-28 16:07:55.463 UTC: 	 Adding directory /eos/home-b/bibehera/OO_Simfit_eff/CMSSW_15_0_6_patch1/lib to tarball
DEBUG 2025-12-28 16:07:55.650 UTC: 	 Checking directory /eos/home-b/bibehera/OO_Simfit_eff/CMSSW_15_0_6_patch1/biglib
DEBUG 2025-12-28 16:07:55.650 UTC: 	 Adding directory /eos/home-b/bibehera/OO_Simfit_eff/CMSSW_15_0_6_patch1/biglib to tarball
DEBUG 2025-12-28 16:07:55.652 UTC: 	 Checking directory /eos/home-b/bibehera/OO_Simfit_eff/CMSSW_15_0_6_patch1/module
DEBUG 2025-12-28 16:07:55.652 UTC: 	 Checking directory /eos/home-b/bibehera/OO_Simfit_eff/CMSSW_15_0_6_patch1/config/SCRAM/hooks
DEBUG 2025-12-28 16:07:55.652 UTC: 	 Adding directory /eos/home-b/bibehera/OO_Simfit_eff/CMSSW_15_0_6_patch1/config/SCRAM/hooks to tarball
DEBUG 2025-12-28 16:07:56.014 UTC: 	 Adding directory /eos/home-b/bibehera/OO_Simfit_eff/CMSSW_15_0_6_patch1/src/Analyzer/RaghuV0Ana/data to tarball
DEBUG 2025-12-28 16:07:56.530 UTC: 	 Adding directory /eos/home-b/bibehera/OO_Simfit_eff/CMSSW_15_0_6_patch1/src/Analyzer/RaghuV0Ana/interface to tarball
DEBUG 2025-12-28 16:07:56.535 UTC: 	 Adding directory /eos/home-b/bibehera/OO_Simfit_eff/CMSSW_15_0_6_patch1/src/Analyzer/RaghuV0Ana/python to tarball
DEBUG 2025-12-28 16:07:56.542 UTC: 	 Adding directory /eos/home-b/bibehera/OO_Simfit_eff/CMSSW_15_0_6_patch1/src/HeavyIonsAnalysis/Configuration/data to tarball
DEBUG 2025-12-28 16:07:56.855 UTC: 	 Adding directory /eos/home-b/bibehera/OO_Simfit_eff/CMSSW_15_0_6_patch1/src/HeavyIonsAnalysis/Configuration/python to tarball
DEBUG 2025-12-28 16:07:56.877 UTC: 	 Adding directory /eos/home-b/bibehera/OO_Simfit_eff/CMSSW_15_0_6_patch1/src/HeavyIonsAnalysis/EGMAnalysis/data to tarball
DEBUG 2025-12-28 16:07:56.881 UTC: 	 Adding directory /eos/home-b/bibehera/OO_Simfit_eff/CMSSW_15_0_6_patch1/src/HeavyIonsAnalysis/EGMAnalysis/interface to tarball
DEBUG 2025-12-28 16:07:56.885 UTC: 	 Adding directory /eos/home-b/bibehera/OO_Simfit_eff/CMSSW_15_0_6_patch1/src/HeavyIonsAnalysis/EGMAnalysis/python to tarball
DEBUG 2025-12-28 16:07:56.894 UTC: 	 Adding directory /eos/home-b/bibehera/OO_Simfit_eff/CMSSW_15_0_6_patch1/src/HeavyIonsAnalysis/EventAnalysis/python to tarball
DEBUG 2025-12-28 16:07:56.965 UTC: 	 Adding directory /eos/home-b/bibehera/OO_Simfit_eff/CMSSW_15_0_6_patch1/src/HeavyIonsAnalysis/JetAnalysis/interface to tarball
DEBUG 2025-12-28 16:07:56.969 UTC: 	 Adding directory /eos/home-b/bibehera/OO_Simfit_eff/CMSSW_15_0_6_patch1/src/HeavyIonsAnalysis/JetAnalysis/python to tarball
DEBUG 2025-12-28 16:07:56.997 UTC: 	 Adding directory /eos/home-b/bibehera/OO_Simfit_eff/CMSSW_15_0_6_patch1/src/HeavyIonsAnalysis/MuonAnalysis/interface to tarball
DEBUG 2025-12-28 16:07:57.001 UTC: 	 Adding directory /eos/home-b/bibehera/OO_Simfit_eff/CMSSW_15_0_6_patch1/src/HeavyIonsAnalysis/MuonAnalysis/python to tarball
DEBUG 2025-12-28 16:07:57.009 UTC: 	 Adding directory /eos/home-b/bibehera/OO_Simfit_eff/CMSSW_15_0_6_patch1/src/HeavyIonsAnalysis/TrackAnalysis/interface to tarball
DEBUG 2025-12-28 16:07:57.011 UTC: 	 Adding directory /eos/home-b/bibehera/OO_Simfit_eff/CMSSW_15_0_6_patch1/src/HeavyIonsAnalysis/TrackAnalysis/python to tarball
DEBUG 2025-12-28 16:07:57.025 UTC: 	 Adding directory /eos/home-b/bibehera/OO_Simfit_eff/CMSSW_15_0_6_patch1/src/HeavyIonsAnalysis/VertexAnalysis/python to tarball
DEBUG 2025-12-28 16:07:57.031 UTC: 	 Adding directory /eos/home-b/bibehera/OO_Simfit_eff/CMSSW_15_0_6_patch1/src/HeavyIonsAnalysis/ZDCAnalysis/python to tarball
DEBUG 2025-12-28 16:07:57.087 UTC: 	 Uploading archive /eos/home-b/bibehera/OO_Simfit_eff/CMSSW_15_0_6_patch1/src/Analyzer/RaghuV0Ana/cfg/OO_Data_MINIAOD/crab_2pc_OO_V0_IM_effcorr_cent0to50_newpT_IP15/inputs/5b537259-f158-454e-b7b9-0e7174549759default.tgz (4.678711.1 MB) to the CRAB cache.
DEBUG 2025-12-28 16:07:58.047 UTC: 	 Encoded data for curl request: subresource=upload&objecttype=sandbox&tarballname=dff6bf62356ce02994086c365b5a71f56e269f2d44606a8e4093d155e8651a1a.tar.gz
DEBUG 2025-12-28 16:07:58.114 UTC: 	 sandbox dff6bf62356ce02994086c365b5a71f56e269f2d44606a8e4093d155e8651a1a.tar.gz is already in the S3 store, will not upload again
DEBUG 2025-12-28 16:07:58.114 UTC: 	 Loading required information from the environment
DEBUG 2025-12-28 16:07:58.114 UTC: 	 Found CMSSW_15_0_6_patch1 for el8_amd64_gcc12 with base /eos/home-b/bibehera/OO_Simfit_eff/CMSSW_15_0_6_patch1
DEBUG 2025-12-28 16:07:58.114 UTC: 	 Making tarball in /eos/home-b/bibehera/OO_Simfit_eff/CMSSW_15_0_6_patch1/src/Analyzer/RaghuV0Ana/cfg/OO_Data_MINIAOD/crab_2pc_OO_V0_IM_effcorr_cent0to50_newpT_IP15/inputs/debugFiles.tgz
DEBUG 2025-12-28 16:07:58.125 UTC: 	 Uploading archive /eos/home-b/bibehera/OO_Simfit_eff/CMSSW_15_0_6_patch1/src/Analyzer/RaghuV0Ana/cfg/OO_Data_MINIAOD/crab_2pc_OO_V0_IM_effcorr_cent0to50_newpT_IP15/inputs/debugFiles.tgz (3 KB) to the CRAB cache.
DEBUG 2025-12-28 16:07:58.130 UTC: 	 Encoded data for curl request: subresource=upload&objecttype=sandbox&tarballname=c596a630d701b61bc0e1e26abecd587ccb2352791cb1585b898feab49f63cefb.tar.gz
DEBUG 2025-12-28 16:07:58.174 UTC: 	 Will execute:
curl -f -v -X POST  -H "User-Agent: CRAB" -F "key=bibehera/sandboxes/c596a630d701b61bc0e1e26abecd587ccb2352791cb1585b898feab49f63cefb.tar.gz" -F "AWSAccessKeyId=715203df6482458ba839e73e6dab634b" -F "policy=eyJleHBpcmF0aW9uIjogIjIwMjUtMTItMjhUMTc6MDc6NThaIiwgImNvbmRpdGlvbnMiOiBbeyJidWNrZXQiOiAiY3JhYmNhY2hlX3Byb2QifSwgeyJrZXkiOiAiYmliZWhlcmEvc2FuZGJveGVzL2M1OTZhNjMwZDcwMWI2MWJjMGUxZTI2YWJlY2Q1ODdjY2IyMzUyNzkxY2IxNTg1Yjg5OGZlYWI0OWY2M2NlZmIudGFyLmd6In1dfQ==" -F "signature=8ECboDvcSlOtXkZjj4UnpedxxSA=" -F "file=@/eos/home-b/bibehera/OO_Simfit_eff/CMSSW_15_0_6_patch1/src/Analyzer/RaghuV0Ana/cfg/OO_Data_MINIAOD/crab_2pc_OO_V0_IM_effcorr_cent0to50_newpT_IP15/inputs/debugFiles.tgz" "https://s3.cern.ch/crabcache_prod"
DEBUG 2025-12-28 16:07:58.222 UTC: 	 exitcode: 0
stdout: b''
DEBUG 2025-12-28 16:07:58.222 UTC: 	 upload to S3 of sandbox /eos/home-b/bibehera/OO_Simfit_eff/CMSSW_15_0_6_patch1/src/Analyzer/RaghuV0Ana/cfg/OO_Data_MINIAOD/crab_2pc_OO_V0_IM_effcorr_cent0to50_newpT_IP15/inputs/debugFiles.tgz completed
DEBUG 2025-12-28 16:07:58.222 UTC: 	 make sure that object is ready for retrieve
DEBUG 2025-12-28 16:07:59.223 UTC: 	 Encoded data for curl request: subresource=download&objecttype=sandbox&tarballname=c596a630d701b61bc0e1e26abecd587ccb2352791cb1585b898feab49f63cefb.tar.gz&clientmethod=head_object
DEBUG 2025-12-28 16:07:59.268 UTC: 	 PreSignedUrl to download sandbox received OK
DEBUG 2025-12-28 16:07:59.270 UTC: 	 Will execute:
 curl -v -s -f -o /dev/null --head  "https://s3.cern.ch/crabcache_prod/bibehera/sandboxes/c596a630d701b61bc0e1e26abecd587ccb2352791cb1585b898feab49f63cefb.tar.gz?AWSAccessKeyId=715203df6482458ba839e73e6dab634b&Signature=iDXMnSLIsr2LFuGhFr2Ys3TXPjU%3D&Expires=1766941679"
DEBUG 2025-12-28 16:07:59.296 UTC: 	 exitcode: 0
stdout: b''
DEBUG 2025-12-28 16:07:59.296 UTC: 	 sandbox /eos/home-b/bibehera/OO_Simfit_eff/CMSSW_15_0_6_patch1/src/Analyzer/RaghuV0Ana/cfg/OO_Data_MINIAOD/crab_2pc_OO_V0_IM_effcorr_cent0to50_newpT_IP15/inputs/debugFiles.tgz successfully uploaded to S3
DEBUG 2025-12-28 16:07:59.296 UTC: 	 Result uploading input files: dff6bf62356ce02994086c365b5a71f56e269f2d44606a8e4093d155e8651a1a.tar.gz 
DEBUG 2025-12-28 16:07:59.296 UTC: 	 Attaching lumi mask generated_json.json to the request
DEBUG 2025-12-28 16:07:59.296 UTC: 	 Reading lumi-mask from generated_json.json
DEBUG 2025-12-28 16:07:59.297 UTC: 	 submit() - self.configuration from WMCore.Configuration import Configuration
config = Configuration()
config.section_('General')
config.General.workArea = 'OO_Data_MINIAOD'
config.General.requestName = '2pc_OO_V0_IM_effcorr_cent0to50_newpT_IP15'
config.General.transferOutputs = True
config.General.transferLogs = True
config.section_('JobType')
config.JobType.pluginName = 'Analysis'
config.JobType.psetName = 'PbPb_2018_cfg.py'
config.section_('Data')
config.Data.secondaryInputDataset = '/IonPhysics15/OORun2025-PromptReco-v1/MINIAOD'
config.Data.publication = False
config.Data.inputDBS = 'phys03'
config.Data.outputDatasetTag = '2pc_OO_V0_IM_effcorr_cent0to50_newpT_IP15'
config.Data.outLFNDirBase = '/store/user/bibehera/'
config.Data.lumiMask = 'generated_json.json'
config.Data.splitting = 'LumiBased'
config.Data.unitsPerJob = 3
config.Data.inputDataset = '/IonPhysics15/bibehera-2pc_OO_V0_IP15-ca42279dfc2dce710b3991c24f27a617/USER'
config.Data.totalUnits = -1
config.section_('Site')
config.Site.storageSite = 'T3_CH_CERNBOX'
config.section_('User')
config.section_('Debug')

DEBUG 2025-12-28 16:07:59.297 UTC: 	 submit() - self.configreq {'dryrun': 0, 'workflow': 'crab_2pc_OO_V0_IM_effcorr_cent0to50_newpT_IP15', 'saveoutput': 1, 'savelogsflag': 1, 'inputdata': '/IonPhysics15/bibehera-2pc_OO_V0_IP15-ca42279dfc2dce710b3991c24f27a617/USER', 'nonvaliddata': 0, 'userfiles': [], 'dbsurl': 'https://cmsweb.cern.ch/dbs/prod/phys03/DBSReader', 'useparent': 0, 'secondarydata': '/IonPhysics15/OORun2025-PromptReco-v1/MINIAOD', 'ignorelocality': 0, 'splitalgo': 'LumiBased', 'algoargs': 3, 'totalunits': -1, 'lfn': '/store/user/bibehera/', 'publication': 0, 'publishdbsurl': 'https://cmsweb.cern.ch/dbs/prod/phys03/DBSWriter', 'publishname2': '2pc_OO_V0_IM_effcorr_cent0to50_newpT_IP15', 'jobtype': 'Analysis', 'generator': 'pythia', 'addoutputfiles': [], 'maxjobruntime': 1250, 'numcores': 1, 'maxmemory': 2000, 'priority': 10, 'nonprodsw': 0, 'asyncdest': 'T3_CH_CERNBOX', 'requireaccelerator': 0, 'oneEventMode': 0, 'extrajdl': [], 'ignoreglobalblacklist': 0, 'partialdataset': 0, 'inputblocks': []}
DEBUG 2025-12-28 16:07:59.298 UTC: 	 submit() - jobconfig {'addoutputfiles': [], 'tfileoutfiles': ['V0_test_IM_newpT.root'], 'edmoutfiles': [], 'jobarch': 'el8_amd64_gcc12', 'jobminuarch': 'x86-64-v3', 'jobsw': 'CMSSW_15_0_6_patch1', 'inputdata': '/IonPhysics15/bibehera-2pc_OO_V0_IP15-ca42279dfc2dce710b3991c24f27a617/USER', 'cachefilename': 'dff6bf62356ce02994086c365b5a71f56e269f2d44606a8e4093d155e8651a1a.tar.gz', 'debugfilename': 'c596a630d701b61bc0e1e26abecd587ccb2352791cb1585b898feab49f63cefb.tar.gz', 'runs': ['394153', '394154', '394169', '394175', '394183', '394184', '394185', '394186', '394187', '394188', '394189', '394204', '394209', '394217'], 'lumis': ['40,169', '1,886', '39,997', '47,988', '15,239', '1,667', '1,3', '1,15', '1,1', '1,107', '1,72', '38,932', '23,1209', '41,838'], 'jobtype': 'Analysis'}
INFO 2025-12-28 16:07:59.298 UTC: 	 Sending the request to the server at cmsweb.cern.ch
DEBUG 2025-12-28 16:07:59.298 UTC: 	 Submitting {'dryrun': 0, 'workflow': 'crab_2pc_OO_V0_IM_effcorr_cent0to50_newpT_IP15', 'saveoutput': 1, 'savelogsflag': 1, 'inputdata': '/IonPhysics15/bibehera-2pc_OO_V0_IP15-ca42279dfc2dce710b3991c24f27a617/USER', 'nonvaliddata': 0, 'userfiles': [], 'dbsurl': 'https://cmsweb.cern.ch/dbs/prod/phys03/DBSReader', 'useparent': 0, 'secondarydata': '/IonPhysics15/OORun2025-PromptReco-v1/MINIAOD', 'ignorelocality': 0, 'splitalgo': 'LumiBased', 'algoargs': 3, 'totalunits': -1, 'lfn': '/store/user/bibehera/', 'publication': 0, 'publishdbsurl': 'https://cmsweb.cern.ch/dbs/prod/phys03/DBSWriter', 'publishname2': '2pc_OO_V0_IM_effcorr_cent0to50_newpT_IP15', 'jobtype': 'Analysis', 'generator': 'pythia', 'addoutputfiles': [], 'maxjobruntime': 1250, 'numcores': 1, 'maxmemory': 2000, 'priority': 10, 'nonprodsw': 0, 'asyncdest': 'T3_CH_CERNBOX', 'requireaccelerator': 0, 'oneEventMode': 0, 'extrajdl': [], 'ignoreglobalblacklist': 0, 'partialdataset': 0, 'inputblocks': [], 'tfileoutfiles': ['V0_test_IM_newpT.root'], 'edmoutfiles': [], 'jobarch': 'el8_amd64_gcc12', 'jobminuarch': 'x86-64-v3', 'jobsw': 'CMSSW_15_0_6_patch1', 'cachefilename': 'dff6bf62356ce02994086c365b5a71f56e269f2d44606a8e4093d155e8651a1a.tar.gz', 'debugfilename': 'c596a630d701b61bc0e1e26abecd587ccb2352791cb1585b898feab49f63cefb.tar.gz', 'runs': ['394153', '394154', '394169', '394175', '394183', '394184', '394185', '394186', '394187', '394188', '394189', '394204', '394209', '394217'], 'lumis': ['40,169', '1,886', '39,997', '47,988', '15,239', '1,667', '1,3', '1,15', '1,1', '1,107', '1,72', '38,932', '23,1209', '41,838']} 
DEBUG 2025-12-28 16:07:59.298 UTC: 	 Encoded data for curl request: dryrun=0&workflow=crab_2pc_OO_V0_IM_effcorr_cent0to50_newpT_IP15&saveoutput=1&savelogsflag=1&inputdata=%2FIonPhysics15%2Fbibehera-2pc_OO_V0_IP15-ca42279dfc2dce710b3991c24f27a617%2FUSER&nonvaliddata=0&dbsurl=https%3A%2F%2Fcmsweb.cern.ch%2Fdbs%2Fprod%2Fphys03%2FDBSReader&useparent=0&secondarydata=%2FIonPhysics15%2FOORun2025-PromptReco-v1%2FMINIAOD&ignorelocality=0&splitalgo=LumiBased&algoargs=3&totalunits=-1&lfn=%2Fstore%2Fuser%2Fbibehera%2F&publication=0&publishdbsurl=https%3A%2F%2Fcmsweb.cern.ch%2Fdbs%2Fprod%2Fphys03%2FDBSWriter&publishname2=2pc_OO_V0_IM_effcorr_cent0to50_newpT_IP15&jobtype=Analysis&generator=pythia&maxjobruntime=1250&numcores=1&maxmemory=2000&priority=10&nonprodsw=0&asyncdest=T3_CH_CERNBOX&requireaccelerator=0&oneEventMode=0&ignoreglobalblacklist=0&partialdataset=0&jobarch=el8_amd64_gcc12&jobminuarch=x86-64-v3&jobsw=CMSSW_15_0_6_patch1&cachefilename=dff6bf62356ce02994086c365b5a71f56e269f2d44606a8e4093d155e8651a1a.tar.gz&debugfilename=c596a630d701b61bc0e1e26abecd587ccb2352791cb1585b898feab49f63cefb.tar.gz&tfileoutfiles=V0_test_IM_newpT.root&runs=394153&runs=394154&runs=394169&runs=394175&runs=394183&runs=394184&runs=394185&runs=394186&runs=394187&runs=394188&runs=394189&runs=394204&runs=394209&runs=394217&lumis=40%2C169&lumis=1%2C886&lumis=39%2C997&lumis=47%2C988&lumis=15%2C239&lumis=1%2C667&lumis=1%2C3&lumis=1%2C15&lumis=1%2C1&lumis=1%2C107&lumis=1%2C72&lumis=38%2C932&lumis=23%2C1209&lumis=41%2C838
DEBUG 2025-12-28 16:07:59.446 UTC: 	 Result: {'result': [{'RequestName': '251228_160759:bibehera_crab_2pc_OO_V0_IM_effcorr_cent0to50_newpT_IP15'}]}
INFO 2025-12-28 16:07:59.456 UTC: 	 Success: Your task has been delivered to the prod CRAB3 server.
INFO 2025-12-28 16:07:59.456 UTC: 	 Task name: 251228_160759:bibehera_crab_2pc_OO_V0_IM_effcorr_cent0to50_newpT_IP15
INFO 2025-12-28 16:07:59.456 UTC: 	 Project dir: OO_Data_MINIAOD/crab_2pc_OO_V0_IM_effcorr_cent0to50_newpT_IP15
INFO 2025-12-28 16:07:59.457 UTC: 	 Please use ' crab status -d OO_Data_MINIAOD/crab_2pc_OO_V0_IM_effcorr_cent0to50_newpT_IP15 ' to check how the submission process proceeds.
DEBUG 2025-12-28 16:07:59.457 UTC: 	 About to return
INFO 2025-12-28 16:07:59.472 UTC: 	 Log file is /eos/home-b/bibehera/OO_Simfit_eff/CMSSW_15_0_6_patch1/src/Analyzer/RaghuV0Ana/cfg/OO_Data_MINIAOD/crab_2pc_OO_V0_IM_effcorr_cent0to50_newpT_IP15/crab.log
