DEBUG 2025-10-02 20:37:08.467 UTC: 	 CRAB Client version: v3.250820
DEBUG 2025-10-02 20:37:08.467 UTC: 	 Running on: Linux lxplus815.cern.ch 4.18.0-553.75.1.el8_10.x86_64 #1 SMP Wed Sep 10 00:05:32 EDT 2025 x86_64 x86_64 x86_64 GNU/Linux
DEBUG 2025-10-02 20:37:08.467 UTC: 	 Not using Singularity
DEBUG 2025-10-02 20:37:08.467 UTC: 	 Operating System: Red Hat Enterprise Linux 8.10 (Ootpa)
DEBUG 2025-10-02 20:37:08.467 UTC: 	 Executing command: 'submit'
DEBUG 2025-10-02 20:37:08.467 UTC: 	 Found CRAB cache file /afs/cern.ch/user/b/bibehera/.crab3
INFO 2025-10-02 20:37:08.470 UTC: 	 Will use CRAB configuration file crab_config2.py
DEBUG 2025-10-02 20:37:08.470 UTC: 	 Loading CRAB configuration file.
DEBUG 2025-10-02 20:37:08.516 UTC: 	 Will use CRAB plugin ANALYSIS (i.e. will run an analysis job type).
DEBUG 2025-10-02 20:37:08.529 UTC: 	 Checking credentials
DEBUG 2025-10-02 20:37:08.529 UTC: 	 Found proxy file /tmp/x509up_u177753
DEBUG 2025-10-02 20:37:08.529 UTC: 	 Making sure it has proper VOMS extension
DEBUG 2025-10-02 20:37:08.529 UTC: 	 Executing command :
 voms-proxy-info --vo --file /tmp/x509up_u177753
DEBUG 2025-10-02 20:37:08.553 UTC: 	 output : cms

 error: 
 retcode : 0
DEBUG 2025-10-02 20:37:08.553 UTC: 	 Getting proxy life time left
DEBUG 2025-10-02 20:37:08.553 UTC: 	 Executing command :
 voms-proxy-info --actimeleft --timeleft --file /tmp/x509up_u177753
DEBUG 2025-10-02 20:37:08.577 UTC: 	 output : 42731
42731

 error: 
 retcode : 0
DEBUG 2025-10-02 20:37:08.577 UTC: 	 Proxy valid for 11:52:11 hours
DEBUG 2025-10-02 20:37:08.577 UTC: 	 Encoded data for curl request: subresource=delegatedn
DEBUG 2025-10-02 20:37:08.636 UTC: 	 Registering user credentials on myproxy for /DC=ch/DC=cern/OU=computers/CN=crab-(preprod|prod)-tw(01|02).cern.ch|/DC=ch/DC=cern/OU=computers/CN=crab-dev-tw(01|02|03|04).cern.ch|/DC=ch/DC=cern/OU=Organic Units/OU=Users/CN=cmscrab/CN=(817881|373708)/CN=Robot: cms crab|/DC=ch/DC=cern/OU=Organic Units/OU=Users/CN=crabint1/CN=373708/CN=Robot: CMS CRAB Integration 1
DEBUG 2025-10-02 20:37:08.636 UTC: 	 Executing command :
 voms-proxy-info --identity --file /tmp/x509up_u177753
DEBUG 2025-10-02 20:37:08.664 UTC: 	 output : /DC=ch/DC=cern/OU=Organic Units/OU=Users/CN=bibehera/CN=882295/CN=Bismita Behera

 error: 
 retcode : 0
DEBUG 2025-10-02 20:37:08.665 UTC: 	 Getting myproxy life time left for bfbdf12a5670e45fdd055ff115afbb0f25b8a072
DEBUG 2025-10-02 20:37:08.665 UTC: 	 Executing command :
 myproxy-info -s myproxy.cern.ch -l bfbdf12a5670e45fdd055ff115afbb0f25b8a072
DEBUG 2025-10-02 20:37:08.911 UTC: 	 output : username: bfbdf12a5670e45fdd055ff115afbb0f25b8a072
owner: /DC=ch/DC=cern/OU=Organic Units/OU=Users/CN=bibehera/CN=882295/CN=Bismita Behera
  renewal policy: /DC=ch/DC=cern/OU=computers/CN=crab-(preprod|prod)-tw(01|02).cern.ch|/DC=ch/DC=cern/OU=computers/CN=crab-dev-tw(01|02|03|04).cern.ch|/DC=ch/DC=cern/OU=Organic Units/OU=Users/CN=cmscrab/CN=(817881|373708)/CN=Robot: cms crab|/DC=ch/DC=cern/OU=Organic Units/OU=Users/CN=crabint1/CN=373708/CN=Robot: CMS CRAB Integration 1
  trusted retrieval policy: /DC=ch/DC=cern/OU=computers/CN=crab-(preprod|prod)-tw(01|02).cern.ch|/DC=ch/DC=cern/OU=computers/CN=crab-dev-tw(01|02|03|04).cern.ch|/DC=ch/DC=cern/OU=Organic Units/OU=Users/CN=cmscrab/CN=(817881|373708)/CN=Robot: cms crab|/DC=ch/DC=cern/OU=Organic Units/OU=Users/CN=crabint1/CN=373708/CN=Robot: CMS CRAB Integration 1
  timeleft: 665:33:23  (27.7 days)

 error: 
 retcode : 0
DEBUG 2025-10-02 20:37:08.912 UTC: 	 Myproxy is valid: 2395980
DEBUG 2025-10-02 20:37:08.912 UTC: 	 Result of myproxy credential check:
  Credential exists on myproxy: username: bfbdf12a5670e45fdd055ff115afbb0f25b8a072  - validity: 27 days, 17:33:00
DEBUG 2025-10-02 20:37:08.912 UTC: 	 Command use: submit
DEBUG 2025-10-02 20:37:08.912 UTC: 	 Options use: ['-c', 'crab_config2.py']
DEBUG 2025-10-02 20:37:08.912 UTC: 	 Encoded data for curl request: subresource=version
DEBUG 2025-10-02 20:37:08.962 UTC: 	 CRABClient version: v3.250820
DEBUG 2025-10-02 20:37:08.962 UTC: 	 Instance is prod
DEBUG 2025-10-02 20:37:08.962 UTC: 	 Server base url is cmsweb.cern.ch
DEBUG 2025-10-02 20:37:08.962 UTC: 	 Command api workflow
DEBUG 2025-10-02 20:37:08.962 UTC: 	 Started submission
DEBUG 2025-10-02 20:37:08.962 UTC: 	 Working on /eos/home-b/bibehera/OO_Simfit_eff/CMSSW_15_0_6_patch1/src/Analyzer/RaghuV0Ana/cfg/OO_Data_MINIAOD/crab_2pc_OO_V0_IM_effcorr_cent0to50_IP7
DEBUG 2025-10-02 20:37:08.963 UTC: 	 Encoded data for curl request: subresource=backendurls
DEBUG 2025-10-02 20:37:09.035 UTC: 	 Loading required information from the environment
DEBUG 2025-10-02 20:37:09.035 UTC: 	 Found CMSSW_15_0_6_patch1 for el8_amd64_gcc12 with base /eos/home-b/bibehera/OO_Simfit_eff/CMSSW_15_0_6_patch1
DEBUG 2025-10-02 20:37:09.035 UTC: 	 Loading required information from the environment
DEBUG 2025-10-02 20:37:09.035 UTC: 	 Found CMSSW_15_0_6_patch1 for el8_amd64_gcc12 with base /eos/home-b/bibehera/OO_Simfit_eff/CMSSW_15_0_6_patch1
DEBUG 2025-10-02 20:37:09.035 UTC: 	 UNIQUE NAME: tarUUID f1d4b961-9d22-4517-b614-c0d59782498b 
DEBUG 2025-10-02 20:37:09.035 UTC: 	 self.config: from WMCore.Configuration import Configuration
config = Configuration()
config.section_('General')
config.General.requestName = '2pc_OO_V0_IM_effcorr_cent0to50_IP7'
config.General.workArea = 'OO_Data_MINIAOD'
config.General.transferOutputs = True
config.General.transferLogs = True
config.section_('JobType')
config.JobType.pluginName = 'Analysis'
config.JobType.psetName = 'PbPb_2018_cfg.py'
config.section_('Data')
config.Data.unitsPerJob = 3
config.Data.publication = False
config.Data.secondaryInputDataset = '/IonPhysics7/OORun2025-PromptReco-v1/MINIAOD'
config.Data.outputDatasetTag = '2pc_OO_V0_IM_effcorr_cent0to50_IP7'
config.Data.totalUnits = -1
config.Data.outLFNDirBase = '/store/user/bibehera/'
config.Data.inputDBS = 'phys03'
config.Data.inputDataset = '/IonPhysics7/bibehera-2pc_OO_V0_IP0-6b0f3ea44d7735a15be74aa96b0380e8/USER'
config.Data.lumiMask = 'generated_json.json'
config.Data.splitting = 'LumiBased'
config.section_('Site')
config.Site.storageSite = 'T3_CH_CERNBOX'
config.section_('User')
config.section_('Debug')

DEBUG 2025-10-02 20:37:09.035 UTC: 	 self.config.JobType.psetName: PbPb_2018_cfg.py
INFO 2025-10-02 20:37:09.036 UTC: 	 Importing CMSSW configuration PbPb_2018_cfg.py
INFO 2025-10-02 20:37:10.270 UTC: 	 Finished importing CMSSW configuration PbPb_2018_cfg.py
DEBUG 2025-10-02 20:37:10.271 UTC: 	 Writing CMSSW configuration to /eos/home-b/bibehera/OO_Simfit_eff/CMSSW_15_0_6_patch1/src/Analyzer/RaghuV0Ana/cfg/OO_Data_MINIAOD/crab_2pc_OO_V0_IM_effcorr_cent0to50_IP7/inputs/PSet.py
DEBUG 2025-10-02 20:37:10.332 UTC: 	 The following EDM output files will be collected: []
DEBUG 2025-10-02 20:37:10.332 UTC: 	 The following TFile output files will be collected: ['V0_test_IM_wgt.root']
DEBUG 2025-10-02 20:37:10.332 UTC: 	 The following user output files (not listed as PoolOuputModule or TFileService in the CMSSW PSet) will be collected: 
DEBUG 2025-10-02 20:37:10.332 UTC: 	 Loading required information from the environment
DEBUG 2025-10-02 20:37:10.332 UTC: 	 Found CMSSW_15_0_6_patch1 for el8_amd64_gcc12 with base /eos/home-b/bibehera/OO_Simfit_eff/CMSSW_15_0_6_patch1
DEBUG 2025-10-02 20:37:10.332 UTC: 	 Making tarball in /eos/home-b/bibehera/OO_Simfit_eff/CMSSW_15_0_6_patch1/src/Analyzer/RaghuV0Ana/cfg/OO_Data_MINIAOD/crab_2pc_OO_V0_IM_effcorr_cent0to50_IP7/inputs/f1d4b961-9d22-4517-b614-c0d59782498bdefault.tgz
DEBUG 2025-10-02 20:37:10.335 UTC: 	 Checking directory /eos/home-b/bibehera/OO_Simfit_eff/CMSSW_15_0_6_patch1/bin
DEBUG 2025-10-02 20:37:10.336 UTC: 	 Adding directory /eos/home-b/bibehera/OO_Simfit_eff/CMSSW_15_0_6_patch1/bin to tarball
DEBUG 2025-10-02 20:37:10.342 UTC: 	 Checking directory /eos/home-b/bibehera/OO_Simfit_eff/CMSSW_15_0_6_patch1/python
DEBUG 2025-10-02 20:37:10.342 UTC: 	 Adding directory /eos/home-b/bibehera/OO_Simfit_eff/CMSSW_15_0_6_patch1/python to tarball
DEBUG 2025-10-02 20:37:10.419 UTC: 	 Checking directory /eos/home-b/bibehera/OO_Simfit_eff/CMSSW_15_0_6_patch1/cfipython
DEBUG 2025-10-02 20:37:10.419 UTC: 	 Adding directory /eos/home-b/bibehera/OO_Simfit_eff/CMSSW_15_0_6_patch1/cfipython to tarball
DEBUG 2025-10-02 20:37:10.597 UTC: 	 Checking directory /eos/home-b/bibehera/OO_Simfit_eff/CMSSW_15_0_6_patch1/lib
DEBUG 2025-10-02 20:37:10.597 UTC: 	 Adding directory /eos/home-b/bibehera/OO_Simfit_eff/CMSSW_15_0_6_patch1/lib to tarball
DEBUG 2025-10-02 20:37:10.833 UTC: 	 Checking directory /eos/home-b/bibehera/OO_Simfit_eff/CMSSW_15_0_6_patch1/biglib
DEBUG 2025-10-02 20:37:10.834 UTC: 	 Adding directory /eos/home-b/bibehera/OO_Simfit_eff/CMSSW_15_0_6_patch1/biglib to tarball
DEBUG 2025-10-02 20:37:10.838 UTC: 	 Checking directory /eos/home-b/bibehera/OO_Simfit_eff/CMSSW_15_0_6_patch1/module
DEBUG 2025-10-02 20:37:10.838 UTC: 	 Checking directory /eos/home-b/bibehera/OO_Simfit_eff/CMSSW_15_0_6_patch1/config/SCRAM/hooks
DEBUG 2025-10-02 20:37:10.840 UTC: 	 Adding directory /eos/home-b/bibehera/OO_Simfit_eff/CMSSW_15_0_6_patch1/config/SCRAM/hooks to tarball
DEBUG 2025-10-02 20:37:12.537 UTC: 	 Adding directory /eos/home-b/bibehera/OO_Simfit_eff/CMSSW_15_0_6_patch1/src/Analyzer/RaghuV0Ana/data to tarball
DEBUG 2025-10-02 20:37:13.146 UTC: 	 Adding directory /eos/home-b/bibehera/OO_Simfit_eff/CMSSW_15_0_6_patch1/src/Analyzer/RaghuV0Ana/interface to tarball
DEBUG 2025-10-02 20:37:13.167 UTC: 	 Adding directory /eos/home-b/bibehera/OO_Simfit_eff/CMSSW_15_0_6_patch1/src/Analyzer/RaghuV0Ana/python to tarball
DEBUG 2025-10-02 20:37:13.414 UTC: 	 Adding directory /eos/home-b/bibehera/OO_Simfit_eff/CMSSW_15_0_6_patch1/src/HeavyIonsAnalysis/Configuration/data to tarball
DEBUG 2025-10-02 20:37:13.785 UTC: 	 Adding directory /eos/home-b/bibehera/OO_Simfit_eff/CMSSW_15_0_6_patch1/src/HeavyIonsAnalysis/Configuration/python to tarball
DEBUG 2025-10-02 20:37:13.823 UTC: 	 Adding directory /eos/home-b/bibehera/OO_Simfit_eff/CMSSW_15_0_6_patch1/src/HeavyIonsAnalysis/EGMAnalysis/data to tarball
DEBUG 2025-10-02 20:37:13.831 UTC: 	 Adding directory /eos/home-b/bibehera/OO_Simfit_eff/CMSSW_15_0_6_patch1/src/HeavyIonsAnalysis/EGMAnalysis/interface to tarball
DEBUG 2025-10-02 20:37:13.840 UTC: 	 Adding directory /eos/home-b/bibehera/OO_Simfit_eff/CMSSW_15_0_6_patch1/src/HeavyIonsAnalysis/EGMAnalysis/python to tarball
DEBUG 2025-10-02 20:37:13.860 UTC: 	 Adding directory /eos/home-b/bibehera/OO_Simfit_eff/CMSSW_15_0_6_patch1/src/HeavyIonsAnalysis/EventAnalysis/python to tarball
DEBUG 2025-10-02 20:37:13.956 UTC: 	 Adding directory /eos/home-b/bibehera/OO_Simfit_eff/CMSSW_15_0_6_patch1/src/HeavyIonsAnalysis/JetAnalysis/interface to tarball
DEBUG 2025-10-02 20:37:13.965 UTC: 	 Adding directory /eos/home-b/bibehera/OO_Simfit_eff/CMSSW_15_0_6_patch1/src/HeavyIonsAnalysis/JetAnalysis/python to tarball
DEBUG 2025-10-02 20:37:14.046 UTC: 	 Adding directory /eos/home-b/bibehera/OO_Simfit_eff/CMSSW_15_0_6_patch1/src/HeavyIonsAnalysis/MuonAnalysis/interface to tarball
DEBUG 2025-10-02 20:37:14.068 UTC: 	 Adding directory /eos/home-b/bibehera/OO_Simfit_eff/CMSSW_15_0_6_patch1/src/HeavyIonsAnalysis/MuonAnalysis/python to tarball
DEBUG 2025-10-02 20:37:14.106 UTC: 	 Adding directory /eos/home-b/bibehera/OO_Simfit_eff/CMSSW_15_0_6_patch1/src/HeavyIonsAnalysis/TrackAnalysis/interface to tarball
DEBUG 2025-10-02 20:37:14.127 UTC: 	 Adding directory /eos/home-b/bibehera/OO_Simfit_eff/CMSSW_15_0_6_patch1/src/HeavyIonsAnalysis/TrackAnalysis/python to tarball
DEBUG 2025-10-02 20:37:14.286 UTC: 	 Adding directory /eos/home-b/bibehera/OO_Simfit_eff/CMSSW_15_0_6_patch1/src/HeavyIonsAnalysis/VertexAnalysis/python to tarball
DEBUG 2025-10-02 20:37:14.312 UTC: 	 Adding directory /eos/home-b/bibehera/OO_Simfit_eff/CMSSW_15_0_6_patch1/src/HeavyIonsAnalysis/ZDCAnalysis/python to tarball
DEBUG 2025-10-02 20:37:14.400 UTC: 	 Uploading archive /eos/home-b/bibehera/OO_Simfit_eff/CMSSW_15_0_6_patch1/src/Analyzer/RaghuV0Ana/cfg/OO_Data_MINIAOD/crab_2pc_OO_V0_IM_effcorr_cent0to50_IP7/inputs/f1d4b961-9d22-4517-b614-c0d59782498bdefault.tgz (4.677734.1 MB) to the CRAB cache. Using URI https://cmsweb.cern.ch/S3/crabcache_prod
DEBUG 2025-10-02 20:37:15.468 UTC: 	 Encoded data for curl request: subresource=upload&objecttype=sandbox&tarballname=865eae91578d5e477ac8ef23579dec402cdbef13f808ed86091ef08b12b54c62.tar.gz
DEBUG 2025-10-02 20:37:15.632 UTC: 	 sandbox 865eae91578d5e477ac8ef23579dec402cdbef13f808ed86091ef08b12b54c62.tar.gz is already in the S3 store, will not upload again
DEBUG 2025-10-02 20:37:15.632 UTC: 	 Loading required information from the environment
DEBUG 2025-10-02 20:37:15.632 UTC: 	 Found CMSSW_15_0_6_patch1 for el8_amd64_gcc12 with base /eos/home-b/bibehera/OO_Simfit_eff/CMSSW_15_0_6_patch1
DEBUG 2025-10-02 20:37:15.632 UTC: 	 Making tarball in /eos/home-b/bibehera/OO_Simfit_eff/CMSSW_15_0_6_patch1/src/Analyzer/RaghuV0Ana/cfg/OO_Data_MINIAOD/crab_2pc_OO_V0_IM_effcorr_cent0to50_IP7/inputs/debugFiles.tgz
DEBUG 2025-10-02 20:37:15.644 UTC: 	 Uploading archive /eos/home-b/bibehera/OO_Simfit_eff/CMSSW_15_0_6_patch1/src/Analyzer/RaghuV0Ana/cfg/OO_Data_MINIAOD/crab_2pc_OO_V0_IM_effcorr_cent0to50_IP7/inputs/debugFiles.tgz (3 KB) to the CRAB cache. Using URI https://cmsweb.cern.ch/S3/crabcache_prod
DEBUG 2025-10-02 20:37:15.650 UTC: 	 Encoded data for curl request: subresource=upload&objecttype=sandbox&tarballname=eaeca01e23ac9e72f707d7798cbff3a34aa1d163aecd3215c0da5fa9228e3ce9.tar.gz
DEBUG 2025-10-02 20:37:15.702 UTC: 	 Will execute:
curl -f -v -X POST  -H "User-Agent: CRAB" -F "key=bibehera/sandboxes/eaeca01e23ac9e72f707d7798cbff3a34aa1d163aecd3215c0da5fa9228e3ce9.tar.gz" -F "AWSAccessKeyId=715203df6482458ba839e73e6dab634b" -F "policy=eyJleHBpcmF0aW9uIjogIjIwMjUtMTAtMDJUMjE6Mzc6MTVaIiwgImNvbmRpdGlvbnMiOiBbeyJidWNrZXQiOiAiY3JhYmNhY2hlX3Byb2QifSwgeyJrZXkiOiAiYmliZWhlcmEvc2FuZGJveGVzL2VhZWNhMDFlMjNhYzllNzJmNzA3ZDc3OThjYmZmM2EzNGFhMWQxNjNhZWNkMzIxNWMwZGE1ZmE5MjI4ZTNjZTkudGFyLmd6In1dfQ==" -F "signature=BRHdwp/4trexfb+K++eYV23kd/I=" -F "file=@/eos/home-b/bibehera/OO_Simfit_eff/CMSSW_15_0_6_patch1/src/Analyzer/RaghuV0Ana/cfg/OO_Data_MINIAOD/crab_2pc_OO_V0_IM_effcorr_cent0to50_IP7/inputs/debugFiles.tgz" "https://s3.cern.ch/crabcache_prod"
DEBUG 2025-10-02 20:37:15.749 UTC: 	 exitcode: 0
stdout: b''
DEBUG 2025-10-02 20:37:15.749 UTC: 	 upload to S3 of sandbox /eos/home-b/bibehera/OO_Simfit_eff/CMSSW_15_0_6_patch1/src/Analyzer/RaghuV0Ana/cfg/OO_Data_MINIAOD/crab_2pc_OO_V0_IM_effcorr_cent0to50_IP7/inputs/debugFiles.tgz completed
DEBUG 2025-10-02 20:37:15.749 UTC: 	 make sure that object is ready for retrieve
DEBUG 2025-10-02 20:37:16.751 UTC: 	 Encoded data for curl request: subresource=download&objecttype=sandbox&tarballname=eaeca01e23ac9e72f707d7798cbff3a34aa1d163aecd3215c0da5fa9228e3ce9.tar.gz&clientmethod=head_object
DEBUG 2025-10-02 20:37:16.799 UTC: 	 PreSignedUrl to download sandbox received OK
DEBUG 2025-10-02 20:37:16.802 UTC: 	 Will execute:
 curl -v -s -f -o /dev/null --head  "https://s3.cern.ch/crabcache_prod/bibehera/sandboxes/eaeca01e23ac9e72f707d7798cbff3a34aa1d163aecd3215c0da5fa9228e3ce9.tar.gz?AWSAccessKeyId=715203df6482458ba839e73e6dab634b&Signature=HuT0YXqzUArhzvtCuzOCW7bcSaM%3D&Expires=1759441036"
DEBUG 2025-10-02 20:37:16.840 UTC: 	 exitcode: 0
stdout: b''
DEBUG 2025-10-02 20:37:16.840 UTC: 	 sandbox /eos/home-b/bibehera/OO_Simfit_eff/CMSSW_15_0_6_patch1/src/Analyzer/RaghuV0Ana/cfg/OO_Data_MINIAOD/crab_2pc_OO_V0_IM_effcorr_cent0to50_IP7/inputs/debugFiles.tgz successfully uploaded to S3
DEBUG 2025-10-02 20:37:16.840 UTC: 	 Result uploading input files: 865eae91578d5e477ac8ef23579dec402cdbef13f808ed86091ef08b12b54c62.tar.gz 
DEBUG 2025-10-02 20:37:16.840 UTC: 	 Attaching lumi mask generated_json.json to the request
DEBUG 2025-10-02 20:37:16.840 UTC: 	 Reading lumi-mask from generated_json.json
DEBUG 2025-10-02 20:37:16.842 UTC: 	 submit() - self.configuration from WMCore.Configuration import Configuration
config = Configuration()
config.section_('General')
config.General.requestName = '2pc_OO_V0_IM_effcorr_cent0to50_IP7'
config.General.workArea = 'OO_Data_MINIAOD'
config.General.transferOutputs = True
config.General.transferLogs = True
config.section_('JobType')
config.JobType.pluginName = 'Analysis'
config.JobType.psetName = 'PbPb_2018_cfg.py'
config.section_('Data')
config.Data.unitsPerJob = 3
config.Data.publication = False
config.Data.secondaryInputDataset = '/IonPhysics7/OORun2025-PromptReco-v1/MINIAOD'
config.Data.outputDatasetTag = '2pc_OO_V0_IM_effcorr_cent0to50_IP7'
config.Data.totalUnits = -1
config.Data.outLFNDirBase = '/store/user/bibehera/'
config.Data.inputDBS = 'phys03'
config.Data.inputDataset = '/IonPhysics7/bibehera-2pc_OO_V0_IP0-6b0f3ea44d7735a15be74aa96b0380e8/USER'
config.Data.lumiMask = 'generated_json.json'
config.Data.splitting = 'LumiBased'
config.section_('Site')
config.Site.storageSite = 'T3_CH_CERNBOX'
config.section_('User')
config.section_('Debug')

DEBUG 2025-10-02 20:37:16.843 UTC: 	 submit() - self.configreq {'dryrun': 0, 'workflow': 'crab_2pc_OO_V0_IM_effcorr_cent0to50_IP7', 'saveoutput': 1, 'savelogsflag': 1, 'inputdata': '/IonPhysics7/bibehera-2pc_OO_V0_IP0-6b0f3ea44d7735a15be74aa96b0380e8/USER', 'nonvaliddata': 0, 'userfiles': [], 'dbsurl': 'https://cmsweb.cern.ch/dbs/prod/phys03/DBSReader', 'useparent': 0, 'secondarydata': '/IonPhysics7/OORun2025-PromptReco-v1/MINIAOD', 'ignorelocality': 0, 'splitalgo': 'LumiBased', 'algoargs': 3, 'totalunits': -1, 'lfn': '/store/user/bibehera/', 'publication': 0, 'publishdbsurl': 'https://cmsweb.cern.ch/dbs/prod/phys03/DBSWriter', 'publishname2': '2pc_OO_V0_IM_effcorr_cent0to50_IP7', 'jobtype': 'Analysis', 'generator': 'pythia', 'addoutputfiles': [], 'maxjobruntime': 1250, 'numcores': 1, 'maxmemory': 2000, 'priority': 10, 'nonprodsw': 0, 'asyncdest': 'T3_CH_CERNBOX', 'requireaccelerator': 0, 'oneEventMode': 0, 'extrajdl': [], 'ignoreglobalblacklist': 0, 'partialdataset': 0, 'inputblocks': []}
DEBUG 2025-10-02 20:37:16.843 UTC: 	 submit() - jobconfig {'addoutputfiles': [], 'tfileoutfiles': ['V0_test_IM_wgt.root'], 'edmoutfiles': [], 'jobarch': 'el8_amd64_gcc12', 'jobminuarch': 'x86-64-v3', 'jobsw': 'CMSSW_15_0_6_patch1', 'inputdata': '/IonPhysics7/bibehera-2pc_OO_V0_IP0-6b0f3ea44d7735a15be74aa96b0380e8/USER', 'cacheurl': 'https://cmsweb.cern.ch/S3/crabcache_prod', 'cachefilename': '865eae91578d5e477ac8ef23579dec402cdbef13f808ed86091ef08b12b54c62.tar.gz', 'debugfilename': 'eaeca01e23ac9e72f707d7798cbff3a34aa1d163aecd3215c0da5fa9228e3ce9.tar.gz', 'runs': ['394153', '394154', '394169', '394175', '394183', '394184', '394185', '394186', '394187', '394188', '394189', '394204', '394209', '394217'], 'lumis': ['40,169', '1,886', '39,997', '47,988', '15,239', '1,667', '1,3', '1,15', '1,1', '1,107', '1,72', '38,932', '23,1209', '41,838'], 'jobtype': 'Analysis'}
INFO 2025-10-02 20:37:16.843 UTC: 	 Sending the request to the server at cmsweb.cern.ch
DEBUG 2025-10-02 20:37:16.843 UTC: 	 Submitting {'dryrun': 0, 'workflow': 'crab_2pc_OO_V0_IM_effcorr_cent0to50_IP7', 'saveoutput': 1, 'savelogsflag': 1, 'inputdata': '/IonPhysics7/bibehera-2pc_OO_V0_IP0-6b0f3ea44d7735a15be74aa96b0380e8/USER', 'nonvaliddata': 0, 'userfiles': [], 'dbsurl': 'https://cmsweb.cern.ch/dbs/prod/phys03/DBSReader', 'useparent': 0, 'secondarydata': '/IonPhysics7/OORun2025-PromptReco-v1/MINIAOD', 'ignorelocality': 0, 'splitalgo': 'LumiBased', 'algoargs': 3, 'totalunits': -1, 'lfn': '/store/user/bibehera/', 'publication': 0, 'publishdbsurl': 'https://cmsweb.cern.ch/dbs/prod/phys03/DBSWriter', 'publishname2': '2pc_OO_V0_IM_effcorr_cent0to50_IP7', 'jobtype': 'Analysis', 'generator': 'pythia', 'addoutputfiles': [], 'maxjobruntime': 1250, 'numcores': 1, 'maxmemory': 2000, 'priority': 10, 'nonprodsw': 0, 'asyncdest': 'T3_CH_CERNBOX', 'requireaccelerator': 0, 'oneEventMode': 0, 'extrajdl': [], 'ignoreglobalblacklist': 0, 'partialdataset': 0, 'inputblocks': [], 'tfileoutfiles': ['V0_test_IM_wgt.root'], 'edmoutfiles': [], 'jobarch': 'el8_amd64_gcc12', 'jobminuarch': 'x86-64-v3', 'jobsw': 'CMSSW_15_0_6_patch1', 'cacheurl': 'https://cmsweb.cern.ch/S3/crabcache_prod', 'cachefilename': '865eae91578d5e477ac8ef23579dec402cdbef13f808ed86091ef08b12b54c62.tar.gz', 'debugfilename': 'eaeca01e23ac9e72f707d7798cbff3a34aa1d163aecd3215c0da5fa9228e3ce9.tar.gz', 'runs': ['394153', '394154', '394169', '394175', '394183', '394184', '394185', '394186', '394187', '394188', '394189', '394204', '394209', '394217'], 'lumis': ['40,169', '1,886', '39,997', '47,988', '15,239', '1,667', '1,3', '1,15', '1,1', '1,107', '1,72', '38,932', '23,1209', '41,838']} 
DEBUG 2025-10-02 20:37:16.843 UTC: 	 Encoded data for curl request: dryrun=0&workflow=crab_2pc_OO_V0_IM_effcorr_cent0to50_IP7&saveoutput=1&savelogsflag=1&inputdata=%2FIonPhysics7%2Fbibehera-2pc_OO_V0_IP0-6b0f3ea44d7735a15be74aa96b0380e8%2FUSER&nonvaliddata=0&dbsurl=https%3A%2F%2Fcmsweb.cern.ch%2Fdbs%2Fprod%2Fphys03%2FDBSReader&useparent=0&secondarydata=%2FIonPhysics7%2FOORun2025-PromptReco-v1%2FMINIAOD&ignorelocality=0&splitalgo=LumiBased&algoargs=3&totalunits=-1&lfn=%2Fstore%2Fuser%2Fbibehera%2F&publication=0&publishdbsurl=https%3A%2F%2Fcmsweb.cern.ch%2Fdbs%2Fprod%2Fphys03%2FDBSWriter&publishname2=2pc_OO_V0_IM_effcorr_cent0to50_IP7&jobtype=Analysis&generator=pythia&maxjobruntime=1250&numcores=1&maxmemory=2000&priority=10&nonprodsw=0&asyncdest=T3_CH_CERNBOX&requireaccelerator=0&oneEventMode=0&ignoreglobalblacklist=0&partialdataset=0&jobarch=el8_amd64_gcc12&jobminuarch=x86-64-v3&jobsw=CMSSW_15_0_6_patch1&cacheurl=https%3A%2F%2Fcmsweb.cern.ch%2FS3%2Fcrabcache_prod&cachefilename=865eae91578d5e477ac8ef23579dec402cdbef13f808ed86091ef08b12b54c62.tar.gz&debugfilename=eaeca01e23ac9e72f707d7798cbff3a34aa1d163aecd3215c0da5fa9228e3ce9.tar.gz&tfileoutfiles=V0_test_IM_wgt.root&runs=394153&runs=394154&runs=394169&runs=394175&runs=394183&runs=394184&runs=394185&runs=394186&runs=394187&runs=394188&runs=394189&runs=394204&runs=394209&runs=394217&lumis=40%2C169&lumis=1%2C886&lumis=39%2C997&lumis=47%2C988&lumis=15%2C239&lumis=1%2C667&lumis=1%2C3&lumis=1%2C15&lumis=1%2C1&lumis=1%2C107&lumis=1%2C72&lumis=38%2C932&lumis=23%2C1209&lumis=41%2C838
DEBUG 2025-10-02 20:37:17.162 UTC: 	 Result: {'result': [{'RequestName': '251002_203716:bibehera_crab_2pc_OO_V0_IM_effcorr_cent0to50_IP7'}]}
INFO 2025-10-02 20:37:17.170 UTC: 	 Success: Your task has been delivered to the prod CRAB3 server.
INFO 2025-10-02 20:37:17.170 UTC: 	 Task name: 251002_203716:bibehera_crab_2pc_OO_V0_IM_effcorr_cent0to50_IP7
INFO 2025-10-02 20:37:17.170 UTC: 	 Project dir: OO_Data_MINIAOD/crab_2pc_OO_V0_IM_effcorr_cent0to50_IP7
INFO 2025-10-02 20:37:17.170 UTC: 	 Please use ' crab status -d OO_Data_MINIAOD/crab_2pc_OO_V0_IM_effcorr_cent0to50_IP7 ' to check how the submission process proceeds.
DEBUG 2025-10-02 20:37:17.170 UTC: 	 About to return
INFO 2025-10-02 20:37:17.201 UTC: 	 Log file is /eos/home-b/bibehera/OO_Simfit_eff/CMSSW_15_0_6_patch1/src/Analyzer/RaghuV0Ana/cfg/OO_Data_MINIAOD/crab_2pc_OO_V0_IM_effcorr_cent0to50_IP7/crab.log
