DEBUG 2026-01-11 22:21:34.505 UTC: 	 CRAB Client version: v3.251020
DEBUG 2026-01-11 22:21:34.505 UTC: 	 Running on: Linux lxplus811.cern.ch 4.18.0-553.83.1.el8_10.x86_64 #1 SMP Fri Oct 31 03:39:01 EDT 2025 x86_64 x86_64 x86_64 GNU/Linux
DEBUG 2026-01-11 22:21:34.505 UTC: 	 Not using Singularity
DEBUG 2026-01-11 22:21:34.505 UTC: 	 Operating System: Red Hat Enterprise Linux 8.10 (Ootpa)
DEBUG 2026-01-11 22:21:34.505 UTC: 	 Executing command: 'submit'
DEBUG 2026-01-11 22:21:34.505 UTC: 	 Found CRAB cache file /afs/cern.ch/user/b/bibehera/.crab3
INFO 2026-01-11 22:21:34.506 UTC: 	 Will use CRAB configuration file crab_config2.py
DEBUG 2026-01-11 22:21:34.507 UTC: 	 Loading CRAB configuration file.
DEBUG 2026-01-11 22:21:34.515 UTC: 	 Overriden parameter General.requestName with '2pc_OO_V0_IM_effcorr_cent0to50_newpT_v1_IP24'
DEBUG 2026-01-11 22:21:34.515 UTC: 	 Overriden parameter Data.inputDataset with '/IonPhysics24/bibehera-2pc_OO_V0_IP24-ca42279dfc2dce710b3991c24f27a617/USER'
DEBUG 2026-01-11 22:21:34.515 UTC: 	 Overriden parameter Data.secondaryInputDataset with '/IonPhysics24/OORun2025-PromptReco-v1/MINIAOD'
DEBUG 2026-01-11 22:21:34.515 UTC: 	 Overriden parameter Data.outputDatasetTag with '2pc_OO_V0_IM_effcorr_cent0to50_newpT_v1_IP24'
DEBUG 2026-01-11 22:21:34.515 UTC: 	 Will use CRAB plugin ANALYSIS (i.e. will run an analysis job type).
DEBUG 2026-01-11 22:21:34.548 UTC: 	 Checking credentials
DEBUG 2026-01-11 22:21:34.548 UTC: 	 Found proxy file /tmp/x509up_u177753
DEBUG 2026-01-11 22:21:34.548 UTC: 	 Making sure it has proper VOMS extension
DEBUG 2026-01-11 22:21:34.548 UTC: 	 Executing command :
 voms-proxy-info --vo --file /tmp/x509up_u177753
DEBUG 2026-01-11 22:21:34.578 UTC: 	 output : cms

 error: 
 retcode : 0
DEBUG 2026-01-11 22:21:34.578 UTC: 	 Getting proxy life time left
DEBUG 2026-01-11 22:21:34.578 UTC: 	 Executing command :
 voms-proxy-info --actimeleft --timeleft --file /tmp/x509up_u177753
DEBUG 2026-01-11 22:21:34.602 UTC: 	 output : 43125
43125

 error: 
 retcode : 0
DEBUG 2026-01-11 22:21:34.602 UTC: 	 Proxy valid for 11:58:45 hours
DEBUG 2026-01-11 22:21:34.602 UTC: 	 Encoded data for curl request: subresource=delegatedn
DEBUG 2026-01-11 22:21:34.662 UTC: 	 Registering user credentials on myproxy for /DC=ch/DC=cern/OU=Organic Units/OU=Users/CN=cmscrab/CN=(817881|373708)/CN=Robot: cms crab|/DC=ch/DC=cern/OU=Organic Units/OU=Users/CN=crabint1/CN=373708/CN=Robot: CMS CRAB Integration 1
DEBUG 2026-01-11 22:21:34.663 UTC: 	 Executing command :
 voms-proxy-info --identity --file /tmp/x509up_u177753
DEBUG 2026-01-11 22:21:34.691 UTC: 	 output : /DC=ch/DC=cern/OU=Organic Units/OU=Users/CN=bibehera/CN=882295/CN=Bismita Behera

 error: 
 retcode : 0
DEBUG 2026-01-11 22:21:34.692 UTC: 	 Getting myproxy life time left for bfbdf12a5670e45fdd055ff115afbb0f25b8a072
DEBUG 2026-01-11 22:21:34.692 UTC: 	 Executing command :
 myproxy-info -s myproxy.cern.ch -l bfbdf12a5670e45fdd055ff115afbb0f25b8a072
DEBUG 2026-01-11 22:21:34.958 UTC: 	 output : username: bfbdf12a5670e45fdd055ff115afbb0f25b8a072
owner: /DC=ch/DC=cern/OU=Organic Units/OU=Users/CN=bibehera/CN=882295/CN=Bismita Behera
  renewal policy: /DC=ch/DC=cern/OU=Organic Units/OU=Users/CN=cmscrab/CN=(817881|373708)/CN=Robot: cms crab|/DC=ch/DC=cern/OU=Organic Units/OU=Users/CN=crabint1/CN=373708/CN=Robot: CMS CRAB Integration 1
  trusted retrieval policy: /DC=ch/DC=cern/OU=Organic Units/OU=Users/CN=cmscrab/CN=(817881|373708)/CN=Robot: cms crab|/DC=ch/DC=cern/OU=Organic Units/OU=Users/CN=crabint1/CN=373708/CN=Robot: CMS CRAB Integration 1
  timeleft: 708:52:31  (29.5 days)

 error: 
 retcode : 0
DEBUG 2026-01-11 22:21:34.958 UTC: 	 Myproxy is valid: 2551920
DEBUG 2026-01-11 22:21:34.958 UTC: 	 Result of myproxy credential check:
  Credential exists on myproxy: username: bfbdf12a5670e45fdd055ff115afbb0f25b8a072  - validity: 29 days, 12:52:00
DEBUG 2026-01-11 22:21:34.958 UTC: 	 Command use: submit
DEBUG 2026-01-11 22:21:34.959 UTC: 	 Options use: ['-c', 'crab_config2.py', 'General.requestName=2pc_OO_V0_IM_effcorr_cent0to50_newpT_v1_IP24', 'Data.inputDataset=/IonPhysics24/bibehera-2pc_OO_V0_IP24-ca42279dfc2dce710b3991c24f27a617/USER', 'Data.secondaryInputDataset=/IonPhysics24/OORun2025-PromptReco-v1/MINIAOD', 'Data.outputDatasetTag=2pc_OO_V0_IM_effcorr_cent0to50_newpT_v1_IP24']
DEBUG 2026-01-11 22:21:34.959 UTC: 	 Encoded data for curl request: subresource=version
DEBUG 2026-01-11 22:21:35.024 UTC: 	 CRABClient version: v3.251020
DEBUG 2026-01-11 22:21:35.024 UTC: 	 Instance is prod
DEBUG 2026-01-11 22:21:35.024 UTC: 	 Server base url is cmsweb.cern.ch
DEBUG 2026-01-11 22:21:35.024 UTC: 	 Command api workflow
DEBUG 2026-01-11 22:21:35.024 UTC: 	 Started submission
DEBUG 2026-01-11 22:21:35.025 UTC: 	 Working on /eos/home-b/bibehera/OO_Simfit_eff/CMSSW_15_0_6_patch1/src/Analyzer/RaghuV0Ana/cfg/OO_Data_MINIAOD/crab_2pc_OO_V0_IM_effcorr_cent0to50_newpT_v1_IP24
DEBUG 2026-01-11 22:21:35.063 UTC: 	 Loading required information from the environment
DEBUG 2026-01-11 22:21:35.063 UTC: 	 Found CMSSW_15_0_6_patch1 for el8_amd64_gcc12 with base /eos/home-b/bibehera/OO_Simfit_eff/CMSSW_15_0_6_patch1
DEBUG 2026-01-11 22:21:35.064 UTC: 	 Loading required information from the environment
DEBUG 2026-01-11 22:21:35.064 UTC: 	 Found CMSSW_15_0_6_patch1 for el8_amd64_gcc12 with base /eos/home-b/bibehera/OO_Simfit_eff/CMSSW_15_0_6_patch1
DEBUG 2026-01-11 22:21:35.064 UTC: 	 UNIQUE NAME: tarUUID da54a0ad-863e-45f9-a0e9-c653f48f140d 
DEBUG 2026-01-11 22:21:35.064 UTC: 	 self.config: from WMCore.Configuration import Configuration
config = Configuration()
config.section_('General')
config.General.transferOutputs = True
config.General.transferLogs = True
config.General.requestName = '2pc_OO_V0_IM_effcorr_cent0to50_newpT_v1_IP24'
config.General.workArea = 'OO_Data_MINIAOD'
config.section_('JobType')
config.JobType.pluginName = 'Analysis'
config.JobType.psetName = 'PbPb_2018_cfg.py'
config.section_('Data')
config.Data.unitsPerJob = 3
config.Data.outputDatasetTag = '2pc_OO_V0_IM_effcorr_cent0to50_newpT_v1_IP24'
config.Data.inputDBS = 'phys03'
config.Data.totalUnits = -1
config.Data.splitting = 'LumiBased'
config.Data.inputDataset = '/IonPhysics24/bibehera-2pc_OO_V0_IP24-ca42279dfc2dce710b3991c24f27a617/USER'
config.Data.secondaryInputDataset = '/IonPhysics24/OORun2025-PromptReco-v1/MINIAOD'
config.Data.lumiMask = 'generated_json.json'
config.Data.outLFNDirBase = '/store/user/bibehera/'
config.Data.publication = False
config.section_('Site')
config.Site.storageSite = 'T3_CH_CERNBOX'
config.section_('User')
config.section_('Debug')

DEBUG 2026-01-11 22:21:35.064 UTC: 	 self.config.JobType.psetName: PbPb_2018_cfg.py
INFO 2026-01-11 22:21:35.064 UTC: 	 Importing CMSSW configuration PbPb_2018_cfg.py
INFO 2026-01-11 22:21:36.243 UTC: 	 Finished importing CMSSW configuration PbPb_2018_cfg.py
DEBUG 2026-01-11 22:21:36.244 UTC: 	 Writing CMSSW configuration to /eos/home-b/bibehera/OO_Simfit_eff/CMSSW_15_0_6_patch1/src/Analyzer/RaghuV0Ana/cfg/OO_Data_MINIAOD/crab_2pc_OO_V0_IM_effcorr_cent0to50_newpT_v1_IP24/inputs/PSet.py
DEBUG 2026-01-11 22:21:36.291 UTC: 	 The following EDM output files will be collected: []
DEBUG 2026-01-11 22:21:36.291 UTC: 	 The following TFile output files will be collected: ['V0_test_IM_newpT.root']
DEBUG 2026-01-11 22:21:36.291 UTC: 	 The following user output files (not listed as PoolOuputModule or TFileService in the CMSSW PSet) will be collected: 
DEBUG 2026-01-11 22:21:36.291 UTC: 	 Loading required information from the environment
DEBUG 2026-01-11 22:21:36.291 UTC: 	 Found CMSSW_15_0_6_patch1 for el8_amd64_gcc12 with base /eos/home-b/bibehera/OO_Simfit_eff/CMSSW_15_0_6_patch1
DEBUG 2026-01-11 22:21:36.291 UTC: 	 Making tarball in /eos/home-b/bibehera/OO_Simfit_eff/CMSSW_15_0_6_patch1/src/Analyzer/RaghuV0Ana/cfg/OO_Data_MINIAOD/crab_2pc_OO_V0_IM_effcorr_cent0to50_newpT_v1_IP24/inputs/da54a0ad-863e-45f9-a0e9-c653f48f140ddefault.tgz
DEBUG 2026-01-11 22:21:36.294 UTC: 	 Checking directory /eos/home-b/bibehera/OO_Simfit_eff/CMSSW_15_0_6_patch1/bin
DEBUG 2026-01-11 22:21:36.294 UTC: 	 Adding directory /eos/home-b/bibehera/OO_Simfit_eff/CMSSW_15_0_6_patch1/bin to tarball
DEBUG 2026-01-11 22:21:36.299 UTC: 	 Checking directory /eos/home-b/bibehera/OO_Simfit_eff/CMSSW_15_0_6_patch1/python
DEBUG 2026-01-11 22:21:36.299 UTC: 	 Adding directory /eos/home-b/bibehera/OO_Simfit_eff/CMSSW_15_0_6_patch1/python to tarball
DEBUG 2026-01-11 22:21:36.352 UTC: 	 Checking directory /eos/home-b/bibehera/OO_Simfit_eff/CMSSW_15_0_6_patch1/cfipython
DEBUG 2026-01-11 22:21:36.352 UTC: 	 Adding directory /eos/home-b/bibehera/OO_Simfit_eff/CMSSW_15_0_6_patch1/cfipython to tarball
DEBUG 2026-01-11 22:21:36.482 UTC: 	 Checking directory /eos/home-b/bibehera/OO_Simfit_eff/CMSSW_15_0_6_patch1/lib
DEBUG 2026-01-11 22:21:36.483 UTC: 	 Adding directory /eos/home-b/bibehera/OO_Simfit_eff/CMSSW_15_0_6_patch1/lib to tarball
DEBUG 2026-01-11 22:21:36.688 UTC: 	 Checking directory /eos/home-b/bibehera/OO_Simfit_eff/CMSSW_15_0_6_patch1/biglib
DEBUG 2026-01-11 22:21:36.689 UTC: 	 Adding directory /eos/home-b/bibehera/OO_Simfit_eff/CMSSW_15_0_6_patch1/biglib to tarball
DEBUG 2026-01-11 22:21:36.691 UTC: 	 Checking directory /eos/home-b/bibehera/OO_Simfit_eff/CMSSW_15_0_6_patch1/module
DEBUG 2026-01-11 22:21:36.691 UTC: 	 Checking directory /eos/home-b/bibehera/OO_Simfit_eff/CMSSW_15_0_6_patch1/config/SCRAM/hooks
DEBUG 2026-01-11 22:21:36.691 UTC: 	 Adding directory /eos/home-b/bibehera/OO_Simfit_eff/CMSSW_15_0_6_patch1/config/SCRAM/hooks to tarball
DEBUG 2026-01-11 22:21:37.267 UTC: 	 Adding directory /eos/home-b/bibehera/OO_Simfit_eff/CMSSW_15_0_6_patch1/src/Analyzer/RaghuV0Ana/data to tarball
DEBUG 2026-01-11 22:21:37.858 UTC: 	 Adding directory /eos/home-b/bibehera/OO_Simfit_eff/CMSSW_15_0_6_patch1/src/Analyzer/RaghuV0Ana/interface to tarball
DEBUG 2026-01-11 22:21:37.865 UTC: 	 Adding directory /eos/home-b/bibehera/OO_Simfit_eff/CMSSW_15_0_6_patch1/src/Analyzer/RaghuV0Ana/python to tarball
DEBUG 2026-01-11 22:21:37.877 UTC: 	 Adding directory /eos/home-b/bibehera/OO_Simfit_eff/CMSSW_15_0_6_patch1/src/HeavyIonsAnalysis/Configuration/data to tarball
DEBUG 2026-01-11 22:21:38.238 UTC: 	 Adding directory /eos/home-b/bibehera/OO_Simfit_eff/CMSSW_15_0_6_patch1/src/HeavyIonsAnalysis/Configuration/python to tarball
DEBUG 2026-01-11 22:21:38.266 UTC: 	 Adding directory /eos/home-b/bibehera/OO_Simfit_eff/CMSSW_15_0_6_patch1/src/HeavyIonsAnalysis/EGMAnalysis/data to tarball
DEBUG 2026-01-11 22:21:38.272 UTC: 	 Adding directory /eos/home-b/bibehera/OO_Simfit_eff/CMSSW_15_0_6_patch1/src/HeavyIonsAnalysis/EGMAnalysis/interface to tarball
DEBUG 2026-01-11 22:21:38.277 UTC: 	 Adding directory /eos/home-b/bibehera/OO_Simfit_eff/CMSSW_15_0_6_patch1/src/HeavyIonsAnalysis/EGMAnalysis/python to tarball
DEBUG 2026-01-11 22:21:38.288 UTC: 	 Adding directory /eos/home-b/bibehera/OO_Simfit_eff/CMSSW_15_0_6_patch1/src/HeavyIonsAnalysis/EventAnalysis/python to tarball
DEBUG 2026-01-11 22:21:38.379 UTC: 	 Adding directory /eos/home-b/bibehera/OO_Simfit_eff/CMSSW_15_0_6_patch1/src/HeavyIonsAnalysis/JetAnalysis/interface to tarball
DEBUG 2026-01-11 22:21:38.384 UTC: 	 Adding directory /eos/home-b/bibehera/OO_Simfit_eff/CMSSW_15_0_6_patch1/src/HeavyIonsAnalysis/JetAnalysis/python to tarball
DEBUG 2026-01-11 22:21:38.422 UTC: 	 Adding directory /eos/home-b/bibehera/OO_Simfit_eff/CMSSW_15_0_6_patch1/src/HeavyIonsAnalysis/MuonAnalysis/interface to tarball
DEBUG 2026-01-11 22:21:38.426 UTC: 	 Adding directory /eos/home-b/bibehera/OO_Simfit_eff/CMSSW_15_0_6_patch1/src/HeavyIonsAnalysis/MuonAnalysis/python to tarball
DEBUG 2026-01-11 22:21:38.437 UTC: 	 Adding directory /eos/home-b/bibehera/OO_Simfit_eff/CMSSW_15_0_6_patch1/src/HeavyIonsAnalysis/TrackAnalysis/interface to tarball
DEBUG 2026-01-11 22:21:38.440 UTC: 	 Adding directory /eos/home-b/bibehera/OO_Simfit_eff/CMSSW_15_0_6_patch1/src/HeavyIonsAnalysis/TrackAnalysis/python to tarball
DEBUG 2026-01-11 22:21:38.459 UTC: 	 Adding directory /eos/home-b/bibehera/OO_Simfit_eff/CMSSW_15_0_6_patch1/src/HeavyIonsAnalysis/VertexAnalysis/python to tarball
DEBUG 2026-01-11 22:21:38.465 UTC: 	 Adding directory /eos/home-b/bibehera/OO_Simfit_eff/CMSSW_15_0_6_patch1/src/HeavyIonsAnalysis/ZDCAnalysis/python to tarball
DEBUG 2026-01-11 22:21:38.535 UTC: 	 Uploading archive /eos/home-b/bibehera/OO_Simfit_eff/CMSSW_15_0_6_patch1/src/Analyzer/RaghuV0Ana/cfg/OO_Data_MINIAOD/crab_2pc_OO_V0_IM_effcorr_cent0to50_newpT_v1_IP24/inputs/da54a0ad-863e-45f9-a0e9-c653f48f140ddefault.tgz (4.677734.1 MB) to the CRAB cache.
DEBUG 2026-01-11 22:21:39.569 UTC: 	 Encoded data for curl request: subresource=upload&objecttype=sandbox&tarballname=95dc5cf62bda9f63e69c05123a336d402e33b783dd08795884a9c90b723233ff.tar.gz
DEBUG 2026-01-11 22:21:39.663 UTC: 	 sandbox 95dc5cf62bda9f63e69c05123a336d402e33b783dd08795884a9c90b723233ff.tar.gz is already in the S3 store, will not upload again
DEBUG 2026-01-11 22:21:39.664 UTC: 	 Loading required information from the environment
DEBUG 2026-01-11 22:21:39.664 UTC: 	 Found CMSSW_15_0_6_patch1 for el8_amd64_gcc12 with base /eos/home-b/bibehera/OO_Simfit_eff/CMSSW_15_0_6_patch1
DEBUG 2026-01-11 22:21:39.664 UTC: 	 Making tarball in /eos/home-b/bibehera/OO_Simfit_eff/CMSSW_15_0_6_patch1/src/Analyzer/RaghuV0Ana/cfg/OO_Data_MINIAOD/crab_2pc_OO_V0_IM_effcorr_cent0to50_newpT_v1_IP24/inputs/debugFiles.tgz
DEBUG 2026-01-11 22:21:39.674 UTC: 	 Uploading archive /eos/home-b/bibehera/OO_Simfit_eff/CMSSW_15_0_6_patch1/src/Analyzer/RaghuV0Ana/cfg/OO_Data_MINIAOD/crab_2pc_OO_V0_IM_effcorr_cent0to50_newpT_v1_IP24/inputs/debugFiles.tgz (3 KB) to the CRAB cache.
DEBUG 2026-01-11 22:21:39.679 UTC: 	 Encoded data for curl request: subresource=upload&objecttype=sandbox&tarballname=51d4eb1998bdd70c32d5fea7595d7a79926148f457a50d48be4a1577429cfd22.tar.gz
DEBUG 2026-01-11 22:21:39.798 UTC: 	 Will execute:
curl -f -v -X POST  -H "User-Agent: CRAB" -F "key=bibehera/sandboxes/51d4eb1998bdd70c32d5fea7595d7a79926148f457a50d48be4a1577429cfd22.tar.gz" -F "AWSAccessKeyId=715203df6482458ba839e73e6dab634b" -F "policy=eyJleHBpcmF0aW9uIjogIjIwMjYtMDEtMTFUMjM6MjE6MzlaIiwgImNvbmRpdGlvbnMiOiBbeyJidWNrZXQiOiAiY3JhYmNhY2hlX3Byb2QifSwgeyJrZXkiOiAiYmliZWhlcmEvc2FuZGJveGVzLzUxZDRlYjE5OThiZGQ3MGMzMmQ1ZmVhNzU5NWQ3YTc5OTI2MTQ4ZjQ1N2E1MGQ0OGJlNGExNTc3NDI5Y2ZkMjIudGFyLmd6In1dfQ==" -F "signature=pZ27Z1lWXXn4Ne8BfXdObZRZgMQ=" -F "file=@/eos/home-b/bibehera/OO_Simfit_eff/CMSSW_15_0_6_patch1/src/Analyzer/RaghuV0Ana/cfg/OO_Data_MINIAOD/crab_2pc_OO_V0_IM_effcorr_cent0to50_newpT_v1_IP24/inputs/debugFiles.tgz" "https://s3.cern.ch/crabcache_prod"
DEBUG 2026-01-11 22:21:39.848 UTC: 	 exitcode: 0
stdout: b''
DEBUG 2026-01-11 22:21:39.848 UTC: 	 upload to S3 of sandbox /eos/home-b/bibehera/OO_Simfit_eff/CMSSW_15_0_6_patch1/src/Analyzer/RaghuV0Ana/cfg/OO_Data_MINIAOD/crab_2pc_OO_V0_IM_effcorr_cent0to50_newpT_v1_IP24/inputs/debugFiles.tgz completed
DEBUG 2026-01-11 22:21:39.849 UTC: 	 make sure that object is ready for retrieve
DEBUG 2026-01-11 22:21:40.850 UTC: 	 Encoded data for curl request: subresource=download&objecttype=sandbox&tarballname=51d4eb1998bdd70c32d5fea7595d7a79926148f457a50d48be4a1577429cfd22.tar.gz&clientmethod=head_object
DEBUG 2026-01-11 22:21:40.902 UTC: 	 PreSignedUrl to download sandbox received OK
DEBUG 2026-01-11 22:21:40.906 UTC: 	 Will execute:
 curl -v -s -f -o /dev/null --head  "https://s3.cern.ch/crabcache_prod/bibehera/sandboxes/51d4eb1998bdd70c32d5fea7595d7a79926148f457a50d48be4a1577429cfd22.tar.gz?AWSAccessKeyId=715203df6482458ba839e73e6dab634b&Signature=nKL3DZMWCwEC2QReh%2FaUIZQJGn0%3D&Expires=1768173700"
DEBUG 2026-01-11 22:21:40.938 UTC: 	 exitcode: 0
stdout: b''
DEBUG 2026-01-11 22:21:40.938 UTC: 	 sandbox /eos/home-b/bibehera/OO_Simfit_eff/CMSSW_15_0_6_patch1/src/Analyzer/RaghuV0Ana/cfg/OO_Data_MINIAOD/crab_2pc_OO_V0_IM_effcorr_cent0to50_newpT_v1_IP24/inputs/debugFiles.tgz successfully uploaded to S3
DEBUG 2026-01-11 22:21:40.938 UTC: 	 Result uploading input files: 95dc5cf62bda9f63e69c05123a336d402e33b783dd08795884a9c90b723233ff.tar.gz 
DEBUG 2026-01-11 22:21:40.939 UTC: 	 Attaching lumi mask generated_json.json to the request
DEBUG 2026-01-11 22:21:40.939 UTC: 	 Reading lumi-mask from generated_json.json
DEBUG 2026-01-11 22:21:40.941 UTC: 	 submit() - self.configuration from WMCore.Configuration import Configuration
config = Configuration()
config.section_('General')
config.General.transferOutputs = True
config.General.transferLogs = True
config.General.requestName = '2pc_OO_V0_IM_effcorr_cent0to50_newpT_v1_IP24'
config.General.workArea = 'OO_Data_MINIAOD'
config.section_('JobType')
config.JobType.pluginName = 'Analysis'
config.JobType.psetName = 'PbPb_2018_cfg.py'
config.section_('Data')
config.Data.unitsPerJob = 3
config.Data.outputDatasetTag = '2pc_OO_V0_IM_effcorr_cent0to50_newpT_v1_IP24'
config.Data.inputDBS = 'phys03'
config.Data.totalUnits = -1
config.Data.splitting = 'LumiBased'
config.Data.inputDataset = '/IonPhysics24/bibehera-2pc_OO_V0_IP24-ca42279dfc2dce710b3991c24f27a617/USER'
config.Data.secondaryInputDataset = '/IonPhysics24/OORun2025-PromptReco-v1/MINIAOD'
config.Data.lumiMask = 'generated_json.json'
config.Data.outLFNDirBase = '/store/user/bibehera/'
config.Data.publication = False
config.section_('Site')
config.Site.storageSite = 'T3_CH_CERNBOX'
config.section_('User')
config.section_('Debug')

DEBUG 2026-01-11 22:21:40.941 UTC: 	 submit() - self.configreq {'dryrun': 0, 'workflow': 'crab_2pc_OO_V0_IM_effcorr_cent0to50_newpT_v1_IP24', 'saveoutput': 1, 'savelogsflag': 1, 'inputdata': '/IonPhysics24/bibehera-2pc_OO_V0_IP24-ca42279dfc2dce710b3991c24f27a617/USER', 'nonvaliddata': 0, 'userfiles': [], 'dbsurl': 'https://cmsweb.cern.ch/dbs/prod/phys03/DBSReader', 'useparent': 0, 'secondarydata': '/IonPhysics24/OORun2025-PromptReco-v1/MINIAOD', 'ignorelocality': 0, 'splitalgo': 'LumiBased', 'algoargs': 3, 'totalunits': -1, 'lfn': '/store/user/bibehera/', 'publication': 0, 'publishdbsurl': 'https://cmsweb.cern.ch/dbs/prod/phys03/DBSWriter', 'publishname2': '2pc_OO_V0_IM_effcorr_cent0to50_newpT_v1_IP24', 'jobtype': 'Analysis', 'generator': 'pythia', 'addoutputfiles': [], 'maxjobruntime': 1250, 'numcores': 1, 'maxmemory': 2000, 'priority': 10, 'nonprodsw': 0, 'asyncdest': 'T3_CH_CERNBOX', 'requireaccelerator': 0, 'oneEventMode': 0, 'extrajdl': [], 'ignoreglobalblacklist': 0, 'partialdataset': 0, 'inputblocks': []}
DEBUG 2026-01-11 22:21:40.941 UTC: 	 submit() - jobconfig {'addoutputfiles': [], 'tfileoutfiles': ['V0_test_IM_newpT.root'], 'edmoutfiles': [], 'jobarch': 'el8_amd64_gcc12', 'jobminuarch': 'x86-64-v3', 'jobsw': 'CMSSW_15_0_6_patch1', 'inputdata': '/IonPhysics24/bibehera-2pc_OO_V0_IP24-ca42279dfc2dce710b3991c24f27a617/USER', 'cachefilename': '95dc5cf62bda9f63e69c05123a336d402e33b783dd08795884a9c90b723233ff.tar.gz', 'debugfilename': '51d4eb1998bdd70c32d5fea7595d7a79926148f457a50d48be4a1577429cfd22.tar.gz', 'runs': ['394153', '394154', '394169', '394175', '394183', '394184', '394185', '394186', '394187', '394188', '394189', '394204', '394209', '394217'], 'lumis': ['40,169', '1,886', '39,997', '47,988', '15,239', '1,667', '1,3', '1,15', '1,1', '1,107', '1,72', '38,932', '23,1209', '41,838'], 'jobtype': 'Analysis'}
INFO 2026-01-11 22:21:40.941 UTC: 	 Sending the request to the server at cmsweb.cern.ch
DEBUG 2026-01-11 22:21:40.942 UTC: 	 Submitting {'dryrun': 0, 'workflow': 'crab_2pc_OO_V0_IM_effcorr_cent0to50_newpT_v1_IP24', 'saveoutput': 1, 'savelogsflag': 1, 'inputdata': '/IonPhysics24/bibehera-2pc_OO_V0_IP24-ca42279dfc2dce710b3991c24f27a617/USER', 'nonvaliddata': 0, 'userfiles': [], 'dbsurl': 'https://cmsweb.cern.ch/dbs/prod/phys03/DBSReader', 'useparent': 0, 'secondarydata': '/IonPhysics24/OORun2025-PromptReco-v1/MINIAOD', 'ignorelocality': 0, 'splitalgo': 'LumiBased', 'algoargs': 3, 'totalunits': -1, 'lfn': '/store/user/bibehera/', 'publication': 0, 'publishdbsurl': 'https://cmsweb.cern.ch/dbs/prod/phys03/DBSWriter', 'publishname2': '2pc_OO_V0_IM_effcorr_cent0to50_newpT_v1_IP24', 'jobtype': 'Analysis', 'generator': 'pythia', 'addoutputfiles': [], 'maxjobruntime': 1250, 'numcores': 1, 'maxmemory': 2000, 'priority': 10, 'nonprodsw': 0, 'asyncdest': 'T3_CH_CERNBOX', 'requireaccelerator': 0, 'oneEventMode': 0, 'extrajdl': [], 'ignoreglobalblacklist': 0, 'partialdataset': 0, 'inputblocks': [], 'tfileoutfiles': ['V0_test_IM_newpT.root'], 'edmoutfiles': [], 'jobarch': 'el8_amd64_gcc12', 'jobminuarch': 'x86-64-v3', 'jobsw': 'CMSSW_15_0_6_patch1', 'cachefilename': '95dc5cf62bda9f63e69c05123a336d402e33b783dd08795884a9c90b723233ff.tar.gz', 'debugfilename': '51d4eb1998bdd70c32d5fea7595d7a79926148f457a50d48be4a1577429cfd22.tar.gz', 'runs': ['394153', '394154', '394169', '394175', '394183', '394184', '394185', '394186', '394187', '394188', '394189', '394204', '394209', '394217'], 'lumis': ['40,169', '1,886', '39,997', '47,988', '15,239', '1,667', '1,3', '1,15', '1,1', '1,107', '1,72', '38,932', '23,1209', '41,838']} 
DEBUG 2026-01-11 22:21:40.942 UTC: 	 Encoded data for curl request: dryrun=0&workflow=crab_2pc_OO_V0_IM_effcorr_cent0to50_newpT_v1_IP24&saveoutput=1&savelogsflag=1&inputdata=%2FIonPhysics24%2Fbibehera-2pc_OO_V0_IP24-ca42279dfc2dce710b3991c24f27a617%2FUSER&nonvaliddata=0&dbsurl=https%3A%2F%2Fcmsweb.cern.ch%2Fdbs%2Fprod%2Fphys03%2FDBSReader&useparent=0&secondarydata=%2FIonPhysics24%2FOORun2025-PromptReco-v1%2FMINIAOD&ignorelocality=0&splitalgo=LumiBased&algoargs=3&totalunits=-1&lfn=%2Fstore%2Fuser%2Fbibehera%2F&publication=0&publishdbsurl=https%3A%2F%2Fcmsweb.cern.ch%2Fdbs%2Fprod%2Fphys03%2FDBSWriter&publishname2=2pc_OO_V0_IM_effcorr_cent0to50_newpT_v1_IP24&jobtype=Analysis&generator=pythia&maxjobruntime=1250&numcores=1&maxmemory=2000&priority=10&nonprodsw=0&asyncdest=T3_CH_CERNBOX&requireaccelerator=0&oneEventMode=0&ignoreglobalblacklist=0&partialdataset=0&jobarch=el8_amd64_gcc12&jobminuarch=x86-64-v3&jobsw=CMSSW_15_0_6_patch1&cachefilename=95dc5cf62bda9f63e69c05123a336d402e33b783dd08795884a9c90b723233ff.tar.gz&debugfilename=51d4eb1998bdd70c32d5fea7595d7a79926148f457a50d48be4a1577429cfd22.tar.gz&tfileoutfiles=V0_test_IM_newpT.root&runs=394153&runs=394154&runs=394169&runs=394175&runs=394183&runs=394184&runs=394185&runs=394186&runs=394187&runs=394188&runs=394189&runs=394204&runs=394209&runs=394217&lumis=40%2C169&lumis=1%2C886&lumis=39%2C997&lumis=47%2C988&lumis=15%2C239&lumis=1%2C667&lumis=1%2C3&lumis=1%2C15&lumis=1%2C1&lumis=1%2C107&lumis=1%2C72&lumis=38%2C932&lumis=23%2C1209&lumis=41%2C838
DEBUG 2026-01-11 22:21:41.427 UTC: 	 Result: {'result': [{'RequestName': '260111_222141:bibehera_crab_2pc_OO_V0_IM_effcorr_cent0to50_newpT_v1_IP24'}]}
INFO 2026-01-11 22:21:41.439 UTC: 	 Success: Your task has been delivered to the prod CRAB3 server.
INFO 2026-01-11 22:21:41.440 UTC: 	 Task name: 260111_222141:bibehera_crab_2pc_OO_V0_IM_effcorr_cent0to50_newpT_v1_IP24
INFO 2026-01-11 22:21:41.440 UTC: 	 Project dir: OO_Data_MINIAOD/crab_2pc_OO_V0_IM_effcorr_cent0to50_newpT_v1_IP24
INFO 2026-01-11 22:21:41.440 UTC: 	 Please use ' crab status -d OO_Data_MINIAOD/crab_2pc_OO_V0_IM_effcorr_cent0to50_newpT_v1_IP24 ' to check how the submission process proceeds.
DEBUG 2026-01-11 22:21:41.441 UTC: 	 About to return
INFO 2026-01-11 22:21:41.462 UTC: 	 Log file is /eos/home-b/bibehera/OO_Simfit_eff/CMSSW_15_0_6_patch1/src/Analyzer/RaghuV0Ana/cfg/OO_Data_MINIAOD/crab_2pc_OO_V0_IM_effcorr_cent0to50_newpT_v1_IP24/crab.log
