DEBUG 2025-09-01 20:35:39.169 UTC: 	 CRAB Client version: v3.250522
DEBUG 2025-09-01 20:35:39.169 UTC: 	 Running on: Linux lxplus965.cern.ch 5.14.0-570.28.1.el9_6.x86_64 #1 SMP PREEMPT_DYNAMIC Wed Jul 16 02:51:06 EDT 2025 x86_64 x86_64 x86_64 GNU/Linux
DEBUG 2025-09-01 20:35:39.169 UTC: 	 Not using Singularity
DEBUG 2025-09-01 20:35:39.169 UTC: 	 Operating System: Red Hat Enterprise Linux 9.6 (Plow)
DEBUG 2025-09-01 20:35:39.169 UTC: 	 Executing command: 'submit'
DEBUG 2025-09-01 20:35:39.170 UTC: 	 Found CRAB cache file /afs/cern.ch/user/b/bibehera/.crab3
INFO 2025-09-01 20:35:39.172 UTC: 	 Will use CRAB configuration file crab_config2.py
DEBUG 2025-09-01 20:35:39.173 UTC: 	 Loading CRAB configuration file.
DEBUG 2025-09-01 20:35:39.216 UTC: 	 Will use CRAB plugin ANALYSIS (i.e. will run an analysis job type).
DEBUG 2025-09-01 20:35:39.230 UTC: 	 Checking credentials
DEBUG 2025-09-01 20:35:39.230 UTC: 	 Found proxy file /tmp/x509up_u177753
DEBUG 2025-09-01 20:35:39.230 UTC: 	 Making sure it has proper VOMS extension
DEBUG 2025-09-01 20:35:39.230 UTC: 	 Executing command :
 voms-proxy-info --vo --file /tmp/x509up_u177753
DEBUG 2025-09-01 20:35:39.277 UTC: 	 output : cms

 error: 
 retcode : 0
DEBUG 2025-09-01 20:35:39.277 UTC: 	 Getting proxy life time left
DEBUG 2025-09-01 20:35:39.277 UTC: 	 Executing command :
 voms-proxy-info --actimeleft --timeleft --file /tmp/x509up_u177753
DEBUG 2025-09-01 20:35:39.311 UTC: 	 output : 29961
29961

 error: 
 retcode : 0
DEBUG 2025-09-01 20:35:39.311 UTC: 	 Proxy valid for 08:19:21 hours
DEBUG 2025-09-01 20:35:39.312 UTC: 	 Encoded data for curl request: subresource=delegatedn
DEBUG 2025-09-01 20:35:39.386 UTC: 	 Registering user credentials on myproxy for /DC=ch/DC=cern/OU=computers/CN=crab-(preprod|prod)-tw(01|02).cern.ch|/DC=ch/DC=cern/OU=computers/CN=crab-dev-tw(01|02|03|04).cern.ch|/DC=ch/DC=cern/OU=Organic Units/OU=Users/CN=cmscrab/CN=(817881|373708)/CN=Robot: cms crab|/DC=ch/DC=cern/OU=Organic Units/OU=Users/CN=crabint1/CN=373708/CN=Robot: CMS CRAB Integration 1
DEBUG 2025-09-01 20:35:39.386 UTC: 	 Executing command :
 voms-proxy-info --identity --file /tmp/x509up_u177753
DEBUG 2025-09-01 20:35:39.420 UTC: 	 output : /DC=ch/DC=cern/OU=Organic Units/OU=Users/CN=bibehera/CN=882295/CN=Bismita Behera

 error: 
 retcode : 0
DEBUG 2025-09-01 20:35:39.420 UTC: 	 Getting myproxy life time left for bfbdf12a5670e45fdd055ff115afbb0f25b8a072
DEBUG 2025-09-01 20:35:39.420 UTC: 	 Executing command :
 myproxy-info -s myproxy.cern.ch -l bfbdf12a5670e45fdd055ff115afbb0f25b8a072
DEBUG 2025-09-01 20:35:39.874 UTC: 	 output : username: bfbdf12a5670e45fdd055ff115afbb0f25b8a072
owner: /DC=ch/DC=cern/OU=Organic Units/OU=Users/CN=bibehera/CN=882295/CN=Bismita Behera
  renewal policy: /DC=ch/DC=cern/OU=computers/CN=crab-(preprod|prod)-tw(01|02).cern.ch|/DC=ch/DC=cern/OU=computers/CN=crab-dev-tw(01|02|03|04).cern.ch|/DC=ch/DC=cern/OU=Organic Units/OU=Users/CN=cmscrab/CN=(817881|373708)/CN=Robot: cms crab|/DC=ch/DC=cern/OU=Organic Units/OU=Users/CN=crabint1/CN=373708/CN=Robot: CMS CRAB Integration 1
  trusted retrieval policy: /DC=ch/DC=cern/OU=computers/CN=crab-(preprod|prod)-tw(01|02).cern.ch|/DC=ch/DC=cern/OU=computers/CN=crab-dev-tw(01|02|03|04).cern.ch|/DC=ch/DC=cern/OU=Organic Units/OU=Users/CN=cmscrab/CN=(817881|373708)/CN=Robot: cms crab|/DC=ch/DC=cern/OU=Organic Units/OU=Users/CN=crabint1/CN=373708/CN=Robot: CMS CRAB Integration 1
  timeleft: 575:45:28  (24.0 days)

 error: 
 retcode : 0
DEBUG 2025-09-01 20:35:39.874 UTC: 	 Myproxy is valid: 2072700
DEBUG 2025-09-01 20:35:39.874 UTC: 	 Result of myproxy credential check:
  Credential exists on myproxy: username: bfbdf12a5670e45fdd055ff115afbb0f25b8a072  - validity: 23 days, 23:45:00
DEBUG 2025-09-01 20:35:39.874 UTC: 	 Command use: submit
DEBUG 2025-09-01 20:35:39.874 UTC: 	 Options use: ['-c', 'crab_config2.py']
DEBUG 2025-09-01 20:35:39.874 UTC: 	 Encoded data for curl request: subresource=version
DEBUG 2025-09-01 20:35:39.926 UTC: 	 CRABClient version: v3.250522
DEBUG 2025-09-01 20:35:39.926 UTC: 	 Instance is prod
DEBUG 2025-09-01 20:35:39.926 UTC: 	 Server base url is cmsweb.cern.ch
DEBUG 2025-09-01 20:35:39.926 UTC: 	 Command api workflow
DEBUG 2025-09-01 20:35:39.927 UTC: 	 Started submission
DEBUG 2025-09-01 20:35:39.927 UTC: 	 Working on /eos/home-b/bibehera/OO_Simfit/CMSSW_15_0_6_patch1/src/Analyzer/RaghuV0Ana/cfg/OO_Data_MINIAOD/crab_2pc_OO_V0_inv_mass_IP1
DEBUG 2025-09-01 20:35:39.927 UTC: 	 Encoded data for curl request: subresource=backendurls
DEBUG 2025-09-01 20:35:40.013 UTC: 	 Loading required information from the environment
DEBUG 2025-09-01 20:35:40.013 UTC: 	 Found CMSSW_15_0_6_patch1 for el9_amd64_gcc12 with base /eos/home-b/bibehera/OO_Simfit/CMSSW_15_0_6_patch1
DEBUG 2025-09-01 20:35:40.013 UTC: 	 Loading required information from the environment
DEBUG 2025-09-01 20:35:40.013 UTC: 	 Found CMSSW_15_0_6_patch1 for el9_amd64_gcc12 with base /eos/home-b/bibehera/OO_Simfit/CMSSW_15_0_6_patch1
DEBUG 2025-09-01 20:35:40.013 UTC: 	 UNIQUE NAME: tarUUID 13d94a7a-cf87-42a9-a998-f3184b7dd747 
DEBUG 2025-09-01 20:35:40.013 UTC: 	 self.config: from WMCore.Configuration import Configuration
config = Configuration()
config.section_('General')
config.General.requestName = '2pc_OO_V0_inv_mass_IP1'
config.General.workArea = 'OO_Data_MINIAOD'
config.General.transferLogs = True
config.General.transferOutputs = True
config.section_('JobType')
config.JobType.pluginName = 'Analysis'
config.JobType.psetName = 'PbPb_2018_cfg.py'
config.section_('Data')
config.Data.inputDBS = 'phys03'
config.Data.inputDataset = '/IonPhysics1/bibehera-2pc_OO_V0_IP1-6b0f3ea44d7735a15be74aa96b0380e8/USER'
config.Data.lumiMask = 'generated_json.json'
config.Data.outLFNDirBase = '/store/user/bibehera/'
config.Data.totalUnits = -1
config.Data.publication = False
config.Data.outputDatasetTag = '2pc_OO_V0_IP0'
config.Data.splitting = 'LumiBased'
config.Data.unitsPerJob = 3
config.Data.secondaryInputDataset = '/IonPhysics1/OORun2025-PromptReco-v1/MINIAOD'
config.section_('Site')
config.Site.storageSite = 'T3_CH_CERNBOX'
config.section_('User')
config.section_('Debug')

DEBUG 2025-09-01 20:35:40.013 UTC: 	 self.config.JobType.psetName: PbPb_2018_cfg.py
INFO 2025-09-01 20:35:40.014 UTC: 	 Importing CMSSW configuration PbPb_2018_cfg.py
INFO 2025-09-01 20:35:41.487 UTC: 	 Finished importing CMSSW configuration PbPb_2018_cfg.py
DEBUG 2025-09-01 20:35:41.487 UTC: 	 Writing CMSSW configuration to /eos/home-b/bibehera/OO_Simfit/CMSSW_15_0_6_patch1/src/Analyzer/RaghuV0Ana/cfg/OO_Data_MINIAOD/crab_2pc_OO_V0_inv_mass_IP1/inputs/PSet.py
DEBUG 2025-09-01 20:35:41.554 UTC: 	 The following EDM output files will be collected: []
DEBUG 2025-09-01 20:35:41.554 UTC: 	 The following TFile output files will be collected: ['V0_test_pt_invariantmass.root']
DEBUG 2025-09-01 20:35:41.554 UTC: 	 The following user output files (not listed as PoolOuputModule or TFileService in the CMSSW PSet) will be collected: 
DEBUG 2025-09-01 20:35:41.555 UTC: 	 Loading required information from the environment
DEBUG 2025-09-01 20:35:41.555 UTC: 	 Found CMSSW_15_0_6_patch1 for el9_amd64_gcc12 with base /eos/home-b/bibehera/OO_Simfit/CMSSW_15_0_6_patch1
DEBUG 2025-09-01 20:35:41.555 UTC: 	 Making tarball in /eos/home-b/bibehera/OO_Simfit/CMSSW_15_0_6_patch1/src/Analyzer/RaghuV0Ana/cfg/OO_Data_MINIAOD/crab_2pc_OO_V0_inv_mass_IP1/inputs/13d94a7a-cf87-42a9-a998-f3184b7dd747default.tgz
DEBUG 2025-09-01 20:35:41.557 UTC: 	 Checking directory /eos/home-b/bibehera/OO_Simfit/CMSSW_15_0_6_patch1/bin
DEBUG 2025-09-01 20:35:41.557 UTC: 	 Adding directory /eos/home-b/bibehera/OO_Simfit/CMSSW_15_0_6_patch1/bin to tarball
DEBUG 2025-09-01 20:35:41.572 UTC: 	 Checking directory /eos/home-b/bibehera/OO_Simfit/CMSSW_15_0_6_patch1/python
DEBUG 2025-09-01 20:35:41.572 UTC: 	 Adding directory /eos/home-b/bibehera/OO_Simfit/CMSSW_15_0_6_patch1/python to tarball
DEBUG 2025-09-01 20:35:41.736 UTC: 	 Checking directory /eos/home-b/bibehera/OO_Simfit/CMSSW_15_0_6_patch1/cfipython
DEBUG 2025-09-01 20:35:41.736 UTC: 	 Adding directory /eos/home-b/bibehera/OO_Simfit/CMSSW_15_0_6_patch1/cfipython to tarball
DEBUG 2025-09-01 20:35:42.150 UTC: 	 Checking directory /eos/home-b/bibehera/OO_Simfit/CMSSW_15_0_6_patch1/lib
DEBUG 2025-09-01 20:35:42.150 UTC: 	 Adding directory /eos/home-b/bibehera/OO_Simfit/CMSSW_15_0_6_patch1/lib to tarball
DEBUG 2025-09-01 20:35:42.556 UTC: 	 Checking directory /eos/home-b/bibehera/OO_Simfit/CMSSW_15_0_6_patch1/biglib
DEBUG 2025-09-01 20:35:42.556 UTC: 	 Adding directory /eos/home-b/bibehera/OO_Simfit/CMSSW_15_0_6_patch1/biglib to tarball
DEBUG 2025-09-01 20:35:42.565 UTC: 	 Checking directory /eos/home-b/bibehera/OO_Simfit/CMSSW_15_0_6_patch1/module
DEBUG 2025-09-01 20:35:42.566 UTC: 	 Checking directory /eos/home-b/bibehera/OO_Simfit/CMSSW_15_0_6_patch1/config/SCRAM/hooks
DEBUG 2025-09-01 20:35:42.583 UTC: 	 Adding directory /eos/home-b/bibehera/OO_Simfit/CMSSW_15_0_6_patch1/config/SCRAM/hooks to tarball
DEBUG 2025-09-01 20:35:42.776 UTC: 	 Adding directory /eos/home-b/bibehera/OO_Simfit/CMSSW_15_0_6_patch1/src/Analyzer/RaghuV0Ana/data to tarball
DEBUG 2025-09-01 20:35:43.489 UTC: 	 Adding directory /eos/home-b/bibehera/OO_Simfit/CMSSW_15_0_6_patch1/src/Analyzer/RaghuV0Ana/interface to tarball
DEBUG 2025-09-01 20:35:43.511 UTC: 	 Adding directory /eos/home-b/bibehera/OO_Simfit/CMSSW_15_0_6_patch1/src/Analyzer/RaghuV0Ana/python to tarball
DEBUG 2025-09-01 20:35:43.540 UTC: 	 Adding directory /eos/home-b/bibehera/OO_Simfit/CMSSW_15_0_6_patch1/src/HeavyIonsAnalysis/Configuration/data to tarball
DEBUG 2025-09-01 20:35:44.082 UTC: 	 Adding directory /eos/home-b/bibehera/OO_Simfit/CMSSW_15_0_6_patch1/src/HeavyIonsAnalysis/Configuration/python to tarball
DEBUG 2025-09-01 20:35:44.156 UTC: 	 Adding directory /eos/home-b/bibehera/OO_Simfit/CMSSW_15_0_6_patch1/src/HeavyIonsAnalysis/EGMAnalysis/data to tarball
DEBUG 2025-09-01 20:35:44.169 UTC: 	 Adding directory /eos/home-b/bibehera/OO_Simfit/CMSSW_15_0_6_patch1/src/HeavyIonsAnalysis/EGMAnalysis/interface to tarball
DEBUG 2025-09-01 20:35:44.184 UTC: 	 Adding directory /eos/home-b/bibehera/OO_Simfit/CMSSW_15_0_6_patch1/src/HeavyIonsAnalysis/EGMAnalysis/python to tarball
DEBUG 2025-09-01 20:35:44.210 UTC: 	 Adding directory /eos/home-b/bibehera/OO_Simfit/CMSSW_15_0_6_patch1/src/HeavyIonsAnalysis/EventAnalysis/python to tarball
DEBUG 2025-09-01 20:35:44.349 UTC: 	 Adding directory /eos/home-b/bibehera/OO_Simfit/CMSSW_15_0_6_patch1/src/HeavyIonsAnalysis/JetAnalysis/interface to tarball
DEBUG 2025-09-01 20:35:44.366 UTC: 	 Adding directory /eos/home-b/bibehera/OO_Simfit/CMSSW_15_0_6_patch1/src/HeavyIonsAnalysis/JetAnalysis/python to tarball
DEBUG 2025-09-01 20:35:44.483 UTC: 	 Adding directory /eos/home-b/bibehera/OO_Simfit/CMSSW_15_0_6_patch1/src/HeavyIonsAnalysis/MuonAnalysis/interface to tarball
DEBUG 2025-09-01 20:35:44.498 UTC: 	 Adding directory /eos/home-b/bibehera/OO_Simfit/CMSSW_15_0_6_patch1/src/HeavyIonsAnalysis/MuonAnalysis/python to tarball
DEBUG 2025-09-01 20:35:44.524 UTC: 	 Adding directory /eos/home-b/bibehera/OO_Simfit/CMSSW_15_0_6_patch1/src/HeavyIonsAnalysis/TrackAnalysis/interface to tarball
DEBUG 2025-09-01 20:35:44.533 UTC: 	 Adding directory /eos/home-b/bibehera/OO_Simfit/CMSSW_15_0_6_patch1/src/HeavyIonsAnalysis/TrackAnalysis/python to tarball
DEBUG 2025-09-01 20:35:44.627 UTC: 	 Adding directory /eos/home-b/bibehera/OO_Simfit/CMSSW_15_0_6_patch1/src/HeavyIonsAnalysis/VertexAnalysis/python to tarball
DEBUG 2025-09-01 20:35:44.647 UTC: 	 Adding directory /eos/home-b/bibehera/OO_Simfit/CMSSW_15_0_6_patch1/src/HeavyIonsAnalysis/ZDCAnalysis/python to tarball
DEBUG 2025-09-01 20:35:44.748 UTC: 	 Uploading archive /eos/home-b/bibehera/OO_Simfit/CMSSW_15_0_6_patch1/src/Analyzer/RaghuV0Ana/cfg/OO_Data_MINIAOD/crab_2pc_OO_V0_inv_mass_IP1/inputs/13d94a7a-cf87-42a9-a998-f3184b7dd747default.tgz (3.180664.1 MB) to the CRAB cache. Using URI https://cmsweb.cern.ch/S3/crabcache_prod
DEBUG 2025-09-01 20:35:45.751 UTC: 	 Encoded data for curl request: subresource=upload&objecttype=sandbox&tarballname=b897b1752ca3d16f97190589f9e4fb596e8d19e2b873b8636317f3dc21fdb079.tar.gz
DEBUG 2025-09-01 20:35:45.822 UTC: 	 Will execute:
curl -f -v -X POST  -H "User-Agent: CRAB" -F "key=bibehera/sandboxes/b897b1752ca3d16f97190589f9e4fb596e8d19e2b873b8636317f3dc21fdb079.tar.gz" -F "AWSAccessKeyId=715203df6482458ba839e73e6dab634b" -F "policy=eyJleHBpcmF0aW9uIjogIjIwMjUtMDktMDFUMjE6MzU6NDVaIiwgImNvbmRpdGlvbnMiOiBbeyJidWNrZXQiOiAiY3JhYmNhY2hlX3Byb2QifSwgeyJrZXkiOiAiYmliZWhlcmEvc2FuZGJveGVzL2I4OTdiMTc1MmNhM2QxNmY5NzE5MDU4OWY5ZTRmYjU5NmU4ZDE5ZTJiODczYjg2MzYzMTdmM2RjMjFmZGIwNzkudGFyLmd6In1dfQ==" -F "signature=KkxazQjefXwl3MbPrWvNyZpmODw=" -F "file=@/eos/home-b/bibehera/OO_Simfit/CMSSW_15_0_6_patch1/src/Analyzer/RaghuV0Ana/cfg/OO_Data_MINIAOD/crab_2pc_OO_V0_inv_mass_IP1/inputs/13d94a7a-cf87-42a9-a998-f3184b7dd747default.tgz" "https://s3.cern.ch/crabcache_prod"
DEBUG 2025-09-01 20:35:46.970 UTC: 	 exitcode: 0
stdout: b''
DEBUG 2025-09-01 20:35:46.970 UTC: 	 upload to S3 of sandbox /eos/home-b/bibehera/OO_Simfit/CMSSW_15_0_6_patch1/src/Analyzer/RaghuV0Ana/cfg/OO_Data_MINIAOD/crab_2pc_OO_V0_inv_mass_IP1/inputs/13d94a7a-cf87-42a9-a998-f3184b7dd747default.tgz completed
DEBUG 2025-09-01 20:35:46.970 UTC: 	 make sure that object is ready for retrieve
DEBUG 2025-09-01 20:35:47.971 UTC: 	 Encoded data for curl request: subresource=download&objecttype=sandbox&tarballname=b897b1752ca3d16f97190589f9e4fb596e8d19e2b873b8636317f3dc21fdb079.tar.gz&clientmethod=head_object
DEBUG 2025-09-01 20:35:48.040 UTC: 	 PreSignedUrl to download sandbox received OK
DEBUG 2025-09-01 20:35:48.043 UTC: 	 Will execute:
 curl -v -s -f -o /dev/null --head  "https://s3.cern.ch/crabcache_prod/bibehera/sandboxes/b897b1752ca3d16f97190589f9e4fb596e8d19e2b873b8636317f3dc21fdb079.tar.gz?AWSAccessKeyId=715203df6482458ba839e73e6dab634b&Signature=egKLwzMok6Tb%2BCS23vDls%2BtD5ME%3D&Expires=1756762548"
DEBUG 2025-09-01 20:35:48.079 UTC: 	 exitcode: 0
stdout: b''
DEBUG 2025-09-01 20:35:48.079 UTC: 	 sandbox /eos/home-b/bibehera/OO_Simfit/CMSSW_15_0_6_patch1/src/Analyzer/RaghuV0Ana/cfg/OO_Data_MINIAOD/crab_2pc_OO_V0_inv_mass_IP1/inputs/13d94a7a-cf87-42a9-a998-f3184b7dd747default.tgz successfully uploaded to S3
DEBUG 2025-09-01 20:35:48.079 UTC: 	 Loading required information from the environment
DEBUG 2025-09-01 20:35:48.079 UTC: 	 Found CMSSW_15_0_6_patch1 for el9_amd64_gcc12 with base /eos/home-b/bibehera/OO_Simfit/CMSSW_15_0_6_patch1
DEBUG 2025-09-01 20:35:48.079 UTC: 	 Making tarball in /eos/home-b/bibehera/OO_Simfit/CMSSW_15_0_6_patch1/src/Analyzer/RaghuV0Ana/cfg/OO_Data_MINIAOD/crab_2pc_OO_V0_inv_mass_IP1/inputs/debugFiles.tgz
DEBUG 2025-09-01 20:35:48.091 UTC: 	 Uploading archive /eos/home-b/bibehera/OO_Simfit/CMSSW_15_0_6_patch1/src/Analyzer/RaghuV0Ana/cfg/OO_Data_MINIAOD/crab_2pc_OO_V0_inv_mass_IP1/inputs/debugFiles.tgz (3 KB) to the CRAB cache. Using URI https://cmsweb.cern.ch/S3/crabcache_prod
DEBUG 2025-09-01 20:35:48.096 UTC: 	 Encoded data for curl request: subresource=upload&objecttype=sandbox&tarballname=6c5786fde5e258a97e1f02f1091ef7fb08814a77aaf6a67a72a7bb2b5e0596c5.tar.gz
DEBUG 2025-09-01 20:35:48.176 UTC: 	 Will execute:
curl -f -v -X POST  -H "User-Agent: CRAB" -F "key=bibehera/sandboxes/6c5786fde5e258a97e1f02f1091ef7fb08814a77aaf6a67a72a7bb2b5e0596c5.tar.gz" -F "AWSAccessKeyId=715203df6482458ba839e73e6dab634b" -F "policy=eyJleHBpcmF0aW9uIjogIjIwMjUtMDktMDFUMjE6MzU6NDhaIiwgImNvbmRpdGlvbnMiOiBbeyJidWNrZXQiOiAiY3JhYmNhY2hlX3Byb2QifSwgeyJrZXkiOiAiYmliZWhlcmEvc2FuZGJveGVzLzZjNTc4NmZkZTVlMjU4YTk3ZTFmMDJmMTA5MWVmN2ZiMDg4MTRhNzdhYWY2YTY3YTcyYTdiYjJiNWUwNTk2YzUudGFyLmd6In1dfQ==" -F "signature=RE7zF0jXPdN27WU8bcgtUNwmLL8=" -F "file=@/eos/home-b/bibehera/OO_Simfit/CMSSW_15_0_6_patch1/src/Analyzer/RaghuV0Ana/cfg/OO_Data_MINIAOD/crab_2pc_OO_V0_inv_mass_IP1/inputs/debugFiles.tgz" "https://s3.cern.ch/crabcache_prod"
DEBUG 2025-09-01 20:35:48.308 UTC: 	 exitcode: 0
stdout: b''
DEBUG 2025-09-01 20:35:48.308 UTC: 	 upload to S3 of sandbox /eos/home-b/bibehera/OO_Simfit/CMSSW_15_0_6_patch1/src/Analyzer/RaghuV0Ana/cfg/OO_Data_MINIAOD/crab_2pc_OO_V0_inv_mass_IP1/inputs/debugFiles.tgz completed
DEBUG 2025-09-01 20:35:48.308 UTC: 	 make sure that object is ready for retrieve
DEBUG 2025-09-01 20:35:49.309 UTC: 	 Encoded data for curl request: subresource=download&objecttype=sandbox&tarballname=6c5786fde5e258a97e1f02f1091ef7fb08814a77aaf6a67a72a7bb2b5e0596c5.tar.gz&clientmethod=head_object
DEBUG 2025-09-01 20:35:49.355 UTC: 	 PreSignedUrl to download sandbox received OK
DEBUG 2025-09-01 20:35:49.358 UTC: 	 Will execute:
 curl -v -s -f -o /dev/null --head  "https://s3.cern.ch/crabcache_prod/bibehera/sandboxes/6c5786fde5e258a97e1f02f1091ef7fb08814a77aaf6a67a72a7bb2b5e0596c5.tar.gz?AWSAccessKeyId=715203df6482458ba839e73e6dab634b&Signature=VQBU8E0NcqwjrxpQJ8S5R9PJG3k%3D&Expires=1756762549"
DEBUG 2025-09-01 20:35:49.401 UTC: 	 exitcode: 0
stdout: b''
DEBUG 2025-09-01 20:35:49.401 UTC: 	 sandbox /eos/home-b/bibehera/OO_Simfit/CMSSW_15_0_6_patch1/src/Analyzer/RaghuV0Ana/cfg/OO_Data_MINIAOD/crab_2pc_OO_V0_inv_mass_IP1/inputs/debugFiles.tgz successfully uploaded to S3
DEBUG 2025-09-01 20:35:49.401 UTC: 	 Result uploading input files: b897b1752ca3d16f97190589f9e4fb596e8d19e2b873b8636317f3dc21fdb079.tar.gz 
DEBUG 2025-09-01 20:35:49.401 UTC: 	 Attaching lumi mask generated_json.json to the request
DEBUG 2025-09-01 20:35:49.401 UTC: 	 Reading lumi-mask from generated_json.json
DEBUG 2025-09-01 20:35:49.404 UTC: 	 submit() - self.configuration from WMCore.Configuration import Configuration
config = Configuration()
config.section_('General')
config.General.requestName = '2pc_OO_V0_inv_mass_IP1'
config.General.workArea = 'OO_Data_MINIAOD'
config.General.transferLogs = True
config.General.transferOutputs = True
config.section_('JobType')
config.JobType.pluginName = 'Analysis'
config.JobType.psetName = 'PbPb_2018_cfg.py'
config.section_('Data')
config.Data.inputDBS = 'phys03'
config.Data.inputDataset = '/IonPhysics1/bibehera-2pc_OO_V0_IP1-6b0f3ea44d7735a15be74aa96b0380e8/USER'
config.Data.lumiMask = 'generated_json.json'
config.Data.outLFNDirBase = '/store/user/bibehera/'
config.Data.totalUnits = -1
config.Data.publication = False
config.Data.outputDatasetTag = '2pc_OO_V0_IP0'
config.Data.splitting = 'LumiBased'
config.Data.unitsPerJob = 3
config.Data.secondaryInputDataset = '/IonPhysics1/OORun2025-PromptReco-v1/MINIAOD'
config.section_('Site')
config.Site.storageSite = 'T3_CH_CERNBOX'
config.section_('User')
config.section_('Debug')

DEBUG 2025-09-01 20:35:49.404 UTC: 	 submit() - self.configreq {'dryrun': 0, 'workflow': 'crab_2pc_OO_V0_inv_mass_IP1', 'saveoutput': 1, 'savelogsflag': 1, 'inputdata': '/IonPhysics1/bibehera-2pc_OO_V0_IP1-6b0f3ea44d7735a15be74aa96b0380e8/USER', 'nonvaliddata': 0, 'userfiles': [], 'dbsurl': 'https://cmsweb.cern.ch/dbs/prod/phys03/DBSReader', 'useparent': 0, 'secondarydata': '/IonPhysics1/OORun2025-PromptReco-v1/MINIAOD', 'ignorelocality': 0, 'splitalgo': 'LumiBased', 'algoargs': 3, 'totalunits': -1, 'lfn': '/store/user/bibehera/', 'publication': 0, 'publishdbsurl': 'https://cmsweb.cern.ch/dbs/prod/phys03/DBSWriter', 'publishname2': '2pc_OO_V0_IP0', 'jobtype': 'Analysis', 'generator': 'pythia', 'addoutputfiles': [], 'maxjobruntime': 1250, 'numcores': 1, 'maxmemory': 2000, 'priority': 10, 'nonprodsw': 0, 'asyncdest': 'T3_CH_CERNBOX', 'requireaccelerator': 0, 'oneEventMode': 0, 'extrajdl': [], 'ignoreglobalblacklist': 0, 'partialdataset': 0, 'inputblocks': []}
DEBUG 2025-09-01 20:35:49.404 UTC: 	 submit() - jobconfig {'addoutputfiles': [], 'tfileoutfiles': ['V0_test_pt_invariantmass.root'], 'edmoutfiles': [], 'jobarch': 'el9_amd64_gcc12', 'jobminuarch': 'x86-64-v3', 'jobsw': 'CMSSW_15_0_6_patch1', 'inputdata': '/IonPhysics1/bibehera-2pc_OO_V0_IP1-6b0f3ea44d7735a15be74aa96b0380e8/USER', 'cacheurl': 'https://cmsweb.cern.ch/S3/crabcache_prod', 'cachefilename': 'b897b1752ca3d16f97190589f9e4fb596e8d19e2b873b8636317f3dc21fdb079.tar.gz', 'debugfilename': '6c5786fde5e258a97e1f02f1091ef7fb08814a77aaf6a67a72a7bb2b5e0596c5.tar.gz', 'runs': ['394153', '394154', '394169', '394175', '394183', '394184', '394185', '394186', '394187', '394188', '394189', '394204', '394209', '394217'], 'lumis': ['40,169', '1,886', '39,997', '47,988', '15,239', '1,667', '1,3', '1,15', '1,1', '1,107', '1,72', '38,932', '23,1209', '41,838'], 'jobtype': 'Analysis'}
INFO 2025-09-01 20:35:49.404 UTC: 	 Sending the request to the server at cmsweb.cern.ch
DEBUG 2025-09-01 20:35:49.404 UTC: 	 Submitting {'dryrun': 0, 'workflow': 'crab_2pc_OO_V0_inv_mass_IP1', 'saveoutput': 1, 'savelogsflag': 1, 'inputdata': '/IonPhysics1/bibehera-2pc_OO_V0_IP1-6b0f3ea44d7735a15be74aa96b0380e8/USER', 'nonvaliddata': 0, 'userfiles': [], 'dbsurl': 'https://cmsweb.cern.ch/dbs/prod/phys03/DBSReader', 'useparent': 0, 'secondarydata': '/IonPhysics1/OORun2025-PromptReco-v1/MINIAOD', 'ignorelocality': 0, 'splitalgo': 'LumiBased', 'algoargs': 3, 'totalunits': -1, 'lfn': '/store/user/bibehera/', 'publication': 0, 'publishdbsurl': 'https://cmsweb.cern.ch/dbs/prod/phys03/DBSWriter', 'publishname2': '2pc_OO_V0_IP0', 'jobtype': 'Analysis', 'generator': 'pythia', 'addoutputfiles': [], 'maxjobruntime': 1250, 'numcores': 1, 'maxmemory': 2000, 'priority': 10, 'nonprodsw': 0, 'asyncdest': 'T3_CH_CERNBOX', 'requireaccelerator': 0, 'oneEventMode': 0, 'extrajdl': [], 'ignoreglobalblacklist': 0, 'partialdataset': 0, 'inputblocks': [], 'tfileoutfiles': ['V0_test_pt_invariantmass.root'], 'edmoutfiles': [], 'jobarch': 'el9_amd64_gcc12', 'jobminuarch': 'x86-64-v3', 'jobsw': 'CMSSW_15_0_6_patch1', 'cacheurl': 'https://cmsweb.cern.ch/S3/crabcache_prod', 'cachefilename': 'b897b1752ca3d16f97190589f9e4fb596e8d19e2b873b8636317f3dc21fdb079.tar.gz', 'debugfilename': '6c5786fde5e258a97e1f02f1091ef7fb08814a77aaf6a67a72a7bb2b5e0596c5.tar.gz', 'runs': ['394153', '394154', '394169', '394175', '394183', '394184', '394185', '394186', '394187', '394188', '394189', '394204', '394209', '394217'], 'lumis': ['40,169', '1,886', '39,997', '47,988', '15,239', '1,667', '1,3', '1,15', '1,1', '1,107', '1,72', '38,932', '23,1209', '41,838']} 
DEBUG 2025-09-01 20:35:49.404 UTC: 	 Encoded data for curl request: dryrun=0&workflow=crab_2pc_OO_V0_inv_mass_IP1&saveoutput=1&savelogsflag=1&inputdata=%2FIonPhysics1%2Fbibehera-2pc_OO_V0_IP1-6b0f3ea44d7735a15be74aa96b0380e8%2FUSER&nonvaliddata=0&dbsurl=https%3A%2F%2Fcmsweb.cern.ch%2Fdbs%2Fprod%2Fphys03%2FDBSReader&useparent=0&secondarydata=%2FIonPhysics1%2FOORun2025-PromptReco-v1%2FMINIAOD&ignorelocality=0&splitalgo=LumiBased&algoargs=3&totalunits=-1&lfn=%2Fstore%2Fuser%2Fbibehera%2F&publication=0&publishdbsurl=https%3A%2F%2Fcmsweb.cern.ch%2Fdbs%2Fprod%2Fphys03%2FDBSWriter&publishname2=2pc_OO_V0_IP0&jobtype=Analysis&generator=pythia&maxjobruntime=1250&numcores=1&maxmemory=2000&priority=10&nonprodsw=0&asyncdest=T3_CH_CERNBOX&requireaccelerator=0&oneEventMode=0&ignoreglobalblacklist=0&partialdataset=0&jobarch=el9_amd64_gcc12&jobminuarch=x86-64-v3&jobsw=CMSSW_15_0_6_patch1&cacheurl=https%3A%2F%2Fcmsweb.cern.ch%2FS3%2Fcrabcache_prod&cachefilename=b897b1752ca3d16f97190589f9e4fb596e8d19e2b873b8636317f3dc21fdb079.tar.gz&debugfilename=6c5786fde5e258a97e1f02f1091ef7fb08814a77aaf6a67a72a7bb2b5e0596c5.tar.gz&tfileoutfiles=V0_test_pt_invariantmass.root&runs=394153&runs=394154&runs=394169&runs=394175&runs=394183&runs=394184&runs=394185&runs=394186&runs=394187&runs=394188&runs=394189&runs=394204&runs=394209&runs=394217&lumis=40%2C169&lumis=1%2C886&lumis=39%2C997&lumis=47%2C988&lumis=15%2C239&lumis=1%2C667&lumis=1%2C3&lumis=1%2C15&lumis=1%2C1&lumis=1%2C107&lumis=1%2C72&lumis=38%2C932&lumis=23%2C1209&lumis=41%2C838
DEBUG 2025-09-01 20:35:49.748 UTC: 	 Result: {'result': [{'RequestName': '250901_203549:bibehera_crab_2pc_OO_V0_inv_mass_IP1'}]}
INFO 2025-09-01 20:35:49.758 UTC: 	 Success: Your task has been delivered to the prod CRAB3 server.
INFO 2025-09-01 20:35:49.758 UTC: 	 Task name: 250901_203549:bibehera_crab_2pc_OO_V0_inv_mass_IP1
INFO 2025-09-01 20:35:49.758 UTC: 	 Project dir: OO_Data_MINIAOD/crab_2pc_OO_V0_inv_mass_IP1
INFO 2025-09-01 20:35:49.758 UTC: 	 Please use ' crab status -d OO_Data_MINIAOD/crab_2pc_OO_V0_inv_mass_IP1 ' to check how the submission process proceeds.
DEBUG 2025-09-01 20:35:49.758 UTC: 	 About to return
INFO 2025-09-01 20:35:49.782 UTC: 	 Log file is /eos/home-b/bibehera/OO_Simfit/CMSSW_15_0_6_patch1/src/Analyzer/RaghuV0Ana/cfg/OO_Data_MINIAOD/crab_2pc_OO_V0_inv_mass_IP1/crab.log
DEBUG 2025-09-01 21:03:26.413 UTC: 	 CRAB Client version: v3.250522
DEBUG 2025-09-01 21:03:26.413 UTC: 	 Running on: Linux lxplus965.cern.ch 5.14.0-570.28.1.el9_6.x86_64 #1 SMP PREEMPT_DYNAMIC Wed Jul 16 02:51:06 EDT 2025 x86_64 x86_64 x86_64 GNU/Linux
DEBUG 2025-09-01 21:03:26.413 UTC: 	 Not using Singularity
DEBUG 2025-09-01 21:03:26.413 UTC: 	 Operating System: Red Hat Enterprise Linux 9.6 (Plow)
DEBUG 2025-09-01 21:03:26.413 UTC: 	 Executing command: 'kill'
DEBUG 2025-09-01 21:03:26.414 UTC: 	 Found CRAB cache file /afs/cern.ch/user/b/bibehera/.crab3
DEBUG 2025-09-01 21:03:26.427 UTC: 	 Checking credentials
DEBUG 2025-09-01 21:03:26.427 UTC: 	 Found proxy file /tmp/x509up_u177753
DEBUG 2025-09-01 21:03:26.427 UTC: 	 Making sure it has proper VOMS extension
DEBUG 2025-09-01 21:03:26.427 UTC: 	 Executing command :
 voms-proxy-info --vo --file /tmp/x509up_u177753
DEBUG 2025-09-01 21:03:26.470 UTC: 	 output : cms

 error: 
 retcode : 0
DEBUG 2025-09-01 21:03:26.470 UTC: 	 Getting proxy life time left
DEBUG 2025-09-01 21:03:26.470 UTC: 	 Executing command :
 voms-proxy-info --actimeleft --timeleft --file /tmp/x509up_u177753
DEBUG 2025-09-01 21:03:26.504 UTC: 	 output : 28294
28294

 error: 
 retcode : 0
DEBUG 2025-09-01 21:03:26.504 UTC: 	 Proxy valid for 07:51:34 hours
DEBUG 2025-09-01 21:03:26.504 UTC: 	 Encoded data for curl request: subresource=delegatedn
DEBUG 2025-09-01 21:03:26.585 UTC: 	 Registering user credentials on myproxy for /DC=ch/DC=cern/OU=computers/CN=crab-(preprod|prod)-tw(01|02).cern.ch|/DC=ch/DC=cern/OU=computers/CN=crab-dev-tw(01|02|03|04).cern.ch|/DC=ch/DC=cern/OU=Organic Units/OU=Users/CN=cmscrab/CN=(817881|373708)/CN=Robot: cms crab|/DC=ch/DC=cern/OU=Organic Units/OU=Users/CN=crabint1/CN=373708/CN=Robot: CMS CRAB Integration 1
DEBUG 2025-09-01 21:03:26.585 UTC: 	 Executing command :
 voms-proxy-info --identity --file /tmp/x509up_u177753
DEBUG 2025-09-01 21:03:26.616 UTC: 	 output : /DC=ch/DC=cern/OU=Organic Units/OU=Users/CN=bibehera/CN=882295/CN=Bismita Behera

 error: 
 retcode : 0
DEBUG 2025-09-01 21:03:26.617 UTC: 	 Getting myproxy life time left for bfbdf12a5670e45fdd055ff115afbb0f25b8a072
DEBUG 2025-09-01 21:03:26.617 UTC: 	 Executing command :
 myproxy-info -s myproxy.cern.ch -l bfbdf12a5670e45fdd055ff115afbb0f25b8a072
DEBUG 2025-09-01 21:03:26.956 UTC: 	 output : username: bfbdf12a5670e45fdd055ff115afbb0f25b8a072
owner: /DC=ch/DC=cern/OU=Organic Units/OU=Users/CN=bibehera/CN=882295/CN=Bismita Behera
  renewal policy: /DC=ch/DC=cern/OU=computers/CN=crab-(preprod|prod)-tw(01|02).cern.ch|/DC=ch/DC=cern/OU=computers/CN=crab-dev-tw(01|02|03|04).cern.ch|/DC=ch/DC=cern/OU=Organic Units/OU=Users/CN=cmscrab/CN=(817881|373708)/CN=Robot: cms crab|/DC=ch/DC=cern/OU=Organic Units/OU=Users/CN=crabint1/CN=373708/CN=Robot: CMS CRAB Integration 1
  trusted retrieval policy: /DC=ch/DC=cern/OU=computers/CN=crab-(preprod|prod)-tw(01|02).cern.ch|/DC=ch/DC=cern/OU=computers/CN=crab-dev-tw(01|02|03|04).cern.ch|/DC=ch/DC=cern/OU=Organic Units/OU=Users/CN=cmscrab/CN=(817881|373708)/CN=Robot: cms crab|/DC=ch/DC=cern/OU=Organic Units/OU=Users/CN=crabint1/CN=373708/CN=Robot: CMS CRAB Integration 1
  timeleft: 575:17:41  (24.0 days)

 error: 
 retcode : 0
DEBUG 2025-09-01 21:03:26.956 UTC: 	 Myproxy is valid: 2071020
DEBUG 2025-09-01 21:03:26.956 UTC: 	 Result of myproxy credential check:
  Credential exists on myproxy: username: bfbdf12a5670e45fdd055ff115afbb0f25b8a072  - validity: 23 days, 23:17:00
DEBUG 2025-09-01 21:03:26.958 UTC: 	 Command use: kill
DEBUG 2025-09-01 21:03:26.958 UTC: 	 Options use: ['-d', 'OO_Data_MINIAOD/crab_2pc_OO_V0_inv_mass_IP1']
DEBUG 2025-09-01 21:03:26.959 UTC: 	 Encoded data for curl request: subresource=version
DEBUG 2025-09-01 21:03:27.015 UTC: 	 CRABClient version: v3.250522
DEBUG 2025-09-01 21:03:27.015 UTC: 	 Instance is prod
DEBUG 2025-09-01 21:03:27.015 UTC: 	 Server base url is cmsweb.cern.ch
DEBUG 2025-09-01 21:03:27.015 UTC: 	 Command api workflow
DEBUG 2025-09-01 21:03:27.015 UTC: 	 Killing task 250901_203549:bibehera_crab_2pc_OO_V0_inv_mass_IP1
DEBUG 2025-09-01 21:03:27.016 UTC: 	 Encoded data for curl request: workflow=250901_203549%3Abibehera_crab_2pc_OO_V0_inv_mass_IP1
DEBUG 2025-09-01 21:03:27.165 UTC: 	 Result: {'desc': {'columns': ['tm_taskname', 'tm_task_status', 'tm_task_command', 'tm_user_role', 'tm_user_group', 'tm_task_failure', 'tm_split_algo', 'tm_split_args', 'tm_save_logs', 'tm_username', 'tm_user_dn', 'tm_arguments', 'tm_input_dataset', 'tm_dbs_url', 'tm_task_warnings', 'tm_publication', 'tm_user_webdir', 'tm_output_dataset', 'tm_collector', 'tm_schedd', 'tm_dry_run', 'clusterid', 'tm_start_time', 'tw_name', 'tm_dagman_status', 'tm_num_jobs', 'tm_uploaded']}, 'result': [{'result': 'ok'}]}
INFO 2025-09-01 21:03:27.165 UTC: 	 Kill request successfully sent
INFO 2025-09-01 21:03:27.178 UTC: 	 Log file is /eos/home-b/bibehera/OO_Simfit/CMSSW_15_0_6_patch1/src/Analyzer/RaghuV0Ana/cfg/OO_Data_MINIAOD/crab_2pc_OO_V0_inv_mass_IP1/crab.log
