DEBUG 2026-01-04 17:13:24.466 UTC: 	 CRAB Client version: v3.251020
DEBUG 2026-01-04 17:13:24.466 UTC: 	 Running on: Linux lxplus809.cern.ch 4.18.0-553.85.1.el8_10.x86_64 #1 SMP Thu Nov 13 12:55:12 EST 2025 x86_64 x86_64 x86_64 GNU/Linux
DEBUG 2026-01-04 17:13:24.466 UTC: 	 Not using Singularity
DEBUG 2026-01-04 17:13:24.466 UTC: 	 Operating System: Red Hat Enterprise Linux 8.10 (Ootpa)
DEBUG 2026-01-04 17:13:24.466 UTC: 	 Executing command: 'submit'
DEBUG 2026-01-04 17:13:24.466 UTC: 	 Found CRAB cache file /afs/cern.ch/user/b/bibehera/.crab3
INFO 2026-01-04 17:13:24.467 UTC: 	 Will use CRAB configuration file crab_config2.py
DEBUG 2026-01-04 17:13:24.467 UTC: 	 Loading CRAB configuration file.
DEBUG 2026-01-04 17:13:24.474 UTC: 	 Overriden parameter General.requestName with '2pc_OO_V0_IM_effcorr_cent0to50_newpT_IP30'
DEBUG 2026-01-04 17:13:24.474 UTC: 	 Overriden parameter Data.inputDataset with '/IonPhysics30/bibehera-2pc_OO_V0_IP30-ca42279dfc2dce710b3991c24f27a617/USER'
DEBUG 2026-01-04 17:13:24.474 UTC: 	 Overriden parameter Data.secondaryInputDataset with '/IonPhysics30/OORun2025-PromptReco-v1/MINIAOD'
DEBUG 2026-01-04 17:13:24.474 UTC: 	 Overriden parameter Data.outputDatasetTag with '2pc_OO_V0_IM_effcorr_cent0to50_newpT_IP30'
DEBUG 2026-01-04 17:13:24.474 UTC: 	 Will use CRAB plugin ANALYSIS (i.e. will run an analysis job type).
DEBUG 2026-01-04 17:13:24.486 UTC: 	 Checking credentials
DEBUG 2026-01-04 17:13:24.486 UTC: 	 Found proxy file /tmp/x509up_u177753
DEBUG 2026-01-04 17:13:24.486 UTC: 	 Making sure it has proper VOMS extension
DEBUG 2026-01-04 17:13:24.486 UTC: 	 Executing command :
 voms-proxy-info --vo --file /tmp/x509up_u177753
DEBUG 2026-01-04 17:13:24.509 UTC: 	 output : cms

 error: 
 retcode : 0
DEBUG 2026-01-04 17:13:24.510 UTC: 	 Getting proxy life time left
DEBUG 2026-01-04 17:13:24.510 UTC: 	 Executing command :
 voms-proxy-info --actimeleft --timeleft --file /tmp/x509up_u177753
DEBUG 2026-01-04 17:13:24.532 UTC: 	 output : 43064
43064

 error: 
 retcode : 0
DEBUG 2026-01-04 17:13:24.533 UTC: 	 Proxy valid for 11:57:44 hours
DEBUG 2026-01-04 17:13:24.533 UTC: 	 Encoded data for curl request: subresource=delegatedn
DEBUG 2026-01-04 17:13:24.580 UTC: 	 Registering user credentials on myproxy for /DC=ch/DC=cern/OU=Organic Units/OU=Users/CN=cmscrab/CN=(817881|373708)/CN=Robot: cms crab|/DC=ch/DC=cern/OU=Organic Units/OU=Users/CN=crabint1/CN=373708/CN=Robot: CMS CRAB Integration 1
DEBUG 2026-01-04 17:13:24.580 UTC: 	 Executing command :
 voms-proxy-info --identity --file /tmp/x509up_u177753
DEBUG 2026-01-04 17:13:24.603 UTC: 	 output : /DC=ch/DC=cern/OU=Organic Units/OU=Users/CN=bibehera/CN=882295/CN=Bismita Behera

 error: 
 retcode : 0
DEBUG 2026-01-04 17:13:24.603 UTC: 	 Getting myproxy life time left for bfbdf12a5670e45fdd055ff115afbb0f25b8a072
DEBUG 2026-01-04 17:13:24.603 UTC: 	 Executing command :
 myproxy-info -s myproxy.cern.ch -l bfbdf12a5670e45fdd055ff115afbb0f25b8a072
DEBUG 2026-01-04 17:13:24.909 UTC: 	 output : username: bfbdf12a5670e45fdd055ff115afbb0f25b8a072
owner: /DC=ch/DC=cern/OU=Organic Units/OU=Users/CN=bibehera/CN=882295/CN=Bismita Behera
  renewal policy: /DC=ch/DC=cern/OU=Organic Units/OU=Users/CN=cmscrab/CN=(817881|373708)/CN=Robot: cms crab|/DC=ch/DC=cern/OU=Organic Units/OU=Users/CN=crabint1/CN=373708/CN=Robot: CMS CRAB Integration 1
  trusted retrieval policy: /DC=ch/DC=cern/OU=Organic Units/OU=Users/CN=cmscrab/CN=(817881|373708)/CN=Robot: cms crab|/DC=ch/DC=cern/OU=Organic Units/OU=Users/CN=crabint1/CN=373708/CN=Robot: CMS CRAB Integration 1
  timeleft: 507:41:13  (21.2 days)

 error: 
 retcode : 0
DEBUG 2026-01-04 17:13:24.909 UTC: 	 Myproxy is valid: 1827660
DEBUG 2026-01-04 17:13:24.909 UTC: 	 Result of myproxy credential check:
  Credential exists on myproxy: username: bfbdf12a5670e45fdd055ff115afbb0f25b8a072  - validity: 21 days, 3:41:00
DEBUG 2026-01-04 17:13:24.909 UTC: 	 Command use: submit
DEBUG 2026-01-04 17:13:24.909 UTC: 	 Options use: ['-c', 'crab_config2.py', 'General.requestName=2pc_OO_V0_IM_effcorr_cent0to50_newpT_IP30', 'Data.inputDataset=/IonPhysics30/bibehera-2pc_OO_V0_IP30-ca42279dfc2dce710b3991c24f27a617/USER', 'Data.secondaryInputDataset=/IonPhysics30/OORun2025-PromptReco-v1/MINIAOD', 'Data.outputDatasetTag=2pc_OO_V0_IM_effcorr_cent0to50_newpT_IP30']
DEBUG 2026-01-04 17:13:24.909 UTC: 	 Encoded data for curl request: subresource=version
DEBUG 2026-01-04 17:13:24.944 UTC: 	 CRABClient version: v3.251020
DEBUG 2026-01-04 17:13:24.945 UTC: 	 Instance is prod
DEBUG 2026-01-04 17:13:24.945 UTC: 	 Server base url is cmsweb.cern.ch
DEBUG 2026-01-04 17:13:24.945 UTC: 	 Command api workflow
DEBUG 2026-01-04 17:13:24.945 UTC: 	 Started submission
DEBUG 2026-01-04 17:13:24.945 UTC: 	 Working on /eos/home-b/bibehera/OO_Simfit_eff/CMSSW_15_0_6_patch1/src/Analyzer/RaghuV0Ana/cfg/OO_Data_MINIAOD/crab_2pc_OO_V0_IM_effcorr_cent0to50_newpT_IP30
DEBUG 2026-01-04 17:13:24.969 UTC: 	 Loading required information from the environment
DEBUG 2026-01-04 17:13:24.969 UTC: 	 Found CMSSW_15_0_6_patch1 for el8_amd64_gcc12 with base /eos/home-b/bibehera/OO_Simfit_eff/CMSSW_15_0_6_patch1
DEBUG 2026-01-04 17:13:24.969 UTC: 	 Loading required information from the environment
DEBUG 2026-01-04 17:13:24.969 UTC: 	 Found CMSSW_15_0_6_patch1 for el8_amd64_gcc12 with base /eos/home-b/bibehera/OO_Simfit_eff/CMSSW_15_0_6_patch1
DEBUG 2026-01-04 17:13:24.969 UTC: 	 UNIQUE NAME: tarUUID 18a39aa9-8c8c-46e9-bf47-6894bc669dc5 
DEBUG 2026-01-04 17:13:24.969 UTC: 	 self.config: from WMCore.Configuration import Configuration
config = Configuration()
config.section_('General')
config.General.workArea = 'OO_Data_MINIAOD'
config.General.requestName = '2pc_OO_V0_IM_effcorr_cent0to50_newpT_IP30'
config.General.transferLogs = True
config.General.transferOutputs = True
config.section_('JobType')
config.JobType.psetName = 'PbPb_2018_cfg.py'
config.JobType.pluginName = 'Analysis'
config.section_('Data')
config.Data.lumiMask = 'generated_json.json'
config.Data.splitting = 'LumiBased'
config.Data.totalUnits = -1
config.Data.inputDBS = 'phys03'
config.Data.inputDataset = '/IonPhysics30/bibehera-2pc_OO_V0_IP30-ca42279dfc2dce710b3991c24f27a617/USER'
config.Data.outputDatasetTag = '2pc_OO_V0_IM_effcorr_cent0to50_newpT_IP30'
config.Data.unitsPerJob = 3
config.Data.publication = False
config.Data.secondaryInputDataset = '/IonPhysics30/OORun2025-PromptReco-v1/MINIAOD'
config.Data.outLFNDirBase = '/store/user/bibehera/'
config.section_('Site')
config.Site.storageSite = 'T3_CH_CERNBOX'
config.section_('User')
config.section_('Debug')

DEBUG 2026-01-04 17:13:24.969 UTC: 	 self.config.JobType.psetName: PbPb_2018_cfg.py
INFO 2026-01-04 17:13:24.969 UTC: 	 Importing CMSSW configuration PbPb_2018_cfg.py
INFO 2026-01-04 17:13:25.801 UTC: 	 Finished importing CMSSW configuration PbPb_2018_cfg.py
DEBUG 2026-01-04 17:13:25.801 UTC: 	 Writing CMSSW configuration to /eos/home-b/bibehera/OO_Simfit_eff/CMSSW_15_0_6_patch1/src/Analyzer/RaghuV0Ana/cfg/OO_Data_MINIAOD/crab_2pc_OO_V0_IM_effcorr_cent0to50_newpT_IP30/inputs/PSet.py
DEBUG 2026-01-04 17:13:25.839 UTC: 	 The following EDM output files will be collected: []
DEBUG 2026-01-04 17:13:25.839 UTC: 	 The following TFile output files will be collected: ['V0_test_IM_newpT.root']
DEBUG 2026-01-04 17:13:25.839 UTC: 	 The following user output files (not listed as PoolOuputModule or TFileService in the CMSSW PSet) will be collected: 
DEBUG 2026-01-04 17:13:25.839 UTC: 	 Loading required information from the environment
DEBUG 2026-01-04 17:13:25.839 UTC: 	 Found CMSSW_15_0_6_patch1 for el8_amd64_gcc12 with base /eos/home-b/bibehera/OO_Simfit_eff/CMSSW_15_0_6_patch1
DEBUG 2026-01-04 17:13:25.839 UTC: 	 Making tarball in /eos/home-b/bibehera/OO_Simfit_eff/CMSSW_15_0_6_patch1/src/Analyzer/RaghuV0Ana/cfg/OO_Data_MINIAOD/crab_2pc_OO_V0_IM_effcorr_cent0to50_newpT_IP30/inputs/18a39aa9-8c8c-46e9-bf47-6894bc669dc5default.tgz
DEBUG 2026-01-04 17:13:25.841 UTC: 	 Checking directory /eos/home-b/bibehera/OO_Simfit_eff/CMSSW_15_0_6_patch1/bin
DEBUG 2026-01-04 17:13:25.841 UTC: 	 Adding directory /eos/home-b/bibehera/OO_Simfit_eff/CMSSW_15_0_6_patch1/bin to tarball
DEBUG 2026-01-04 17:13:25.845 UTC: 	 Checking directory /eos/home-b/bibehera/OO_Simfit_eff/CMSSW_15_0_6_patch1/python
DEBUG 2026-01-04 17:13:25.845 UTC: 	 Adding directory /eos/home-b/bibehera/OO_Simfit_eff/CMSSW_15_0_6_patch1/python to tarball
DEBUG 2026-01-04 17:13:25.892 UTC: 	 Checking directory /eos/home-b/bibehera/OO_Simfit_eff/CMSSW_15_0_6_patch1/cfipython
DEBUG 2026-01-04 17:13:25.892 UTC: 	 Adding directory /eos/home-b/bibehera/OO_Simfit_eff/CMSSW_15_0_6_patch1/cfipython to tarball
DEBUG 2026-01-04 17:13:26.007 UTC: 	 Checking directory /eos/home-b/bibehera/OO_Simfit_eff/CMSSW_15_0_6_patch1/lib
DEBUG 2026-01-04 17:13:26.007 UTC: 	 Adding directory /eos/home-b/bibehera/OO_Simfit_eff/CMSSW_15_0_6_patch1/lib to tarball
DEBUG 2026-01-04 17:13:26.203 UTC: 	 Checking directory /eos/home-b/bibehera/OO_Simfit_eff/CMSSW_15_0_6_patch1/biglib
DEBUG 2026-01-04 17:13:26.204 UTC: 	 Adding directory /eos/home-b/bibehera/OO_Simfit_eff/CMSSW_15_0_6_patch1/biglib to tarball
DEBUG 2026-01-04 17:13:26.206 UTC: 	 Checking directory /eos/home-b/bibehera/OO_Simfit_eff/CMSSW_15_0_6_patch1/module
DEBUG 2026-01-04 17:13:26.206 UTC: 	 Checking directory /eos/home-b/bibehera/OO_Simfit_eff/CMSSW_15_0_6_patch1/config/SCRAM/hooks
DEBUG 2026-01-04 17:13:26.206 UTC: 	 Adding directory /eos/home-b/bibehera/OO_Simfit_eff/CMSSW_15_0_6_patch1/config/SCRAM/hooks to tarball
DEBUG 2026-01-04 17:13:26.678 UTC: 	 Adding directory /eos/home-b/bibehera/OO_Simfit_eff/CMSSW_15_0_6_patch1/src/Analyzer/RaghuV0Ana/data to tarball
DEBUG 2026-01-04 17:13:27.214 UTC: 	 Adding directory /eos/home-b/bibehera/OO_Simfit_eff/CMSSW_15_0_6_patch1/src/Analyzer/RaghuV0Ana/interface to tarball
DEBUG 2026-01-04 17:13:27.220 UTC: 	 Adding directory /eos/home-b/bibehera/OO_Simfit_eff/CMSSW_15_0_6_patch1/src/Analyzer/RaghuV0Ana/python to tarball
DEBUG 2026-01-04 17:13:27.230 UTC: 	 Adding directory /eos/home-b/bibehera/OO_Simfit_eff/CMSSW_15_0_6_patch1/src/HeavyIonsAnalysis/Configuration/data to tarball
DEBUG 2026-01-04 17:13:27.554 UTC: 	 Adding directory /eos/home-b/bibehera/OO_Simfit_eff/CMSSW_15_0_6_patch1/src/HeavyIonsAnalysis/Configuration/python to tarball
DEBUG 2026-01-04 17:13:27.577 UTC: 	 Adding directory /eos/home-b/bibehera/OO_Simfit_eff/CMSSW_15_0_6_patch1/src/HeavyIonsAnalysis/EGMAnalysis/data to tarball
DEBUG 2026-01-04 17:13:27.582 UTC: 	 Adding directory /eos/home-b/bibehera/OO_Simfit_eff/CMSSW_15_0_6_patch1/src/HeavyIonsAnalysis/EGMAnalysis/interface to tarball
DEBUG 2026-01-04 17:13:27.586 UTC: 	 Adding directory /eos/home-b/bibehera/OO_Simfit_eff/CMSSW_15_0_6_patch1/src/HeavyIonsAnalysis/EGMAnalysis/python to tarball
DEBUG 2026-01-04 17:13:27.595 UTC: 	 Adding directory /eos/home-b/bibehera/OO_Simfit_eff/CMSSW_15_0_6_patch1/src/HeavyIonsAnalysis/EventAnalysis/python to tarball
DEBUG 2026-01-04 17:13:27.679 UTC: 	 Adding directory /eos/home-b/bibehera/OO_Simfit_eff/CMSSW_15_0_6_patch1/src/HeavyIonsAnalysis/JetAnalysis/interface to tarball
DEBUG 2026-01-04 17:13:27.683 UTC: 	 Adding directory /eos/home-b/bibehera/OO_Simfit_eff/CMSSW_15_0_6_patch1/src/HeavyIonsAnalysis/JetAnalysis/python to tarball
DEBUG 2026-01-04 17:13:27.723 UTC: 	 Adding directory /eos/home-b/bibehera/OO_Simfit_eff/CMSSW_15_0_6_patch1/src/HeavyIonsAnalysis/MuonAnalysis/interface to tarball
DEBUG 2026-01-04 17:13:27.728 UTC: 	 Adding directory /eos/home-b/bibehera/OO_Simfit_eff/CMSSW_15_0_6_patch1/src/HeavyIonsAnalysis/MuonAnalysis/python to tarball
DEBUG 2026-01-04 17:13:27.736 UTC: 	 Adding directory /eos/home-b/bibehera/OO_Simfit_eff/CMSSW_15_0_6_patch1/src/HeavyIonsAnalysis/TrackAnalysis/interface to tarball
DEBUG 2026-01-04 17:13:27.739 UTC: 	 Adding directory /eos/home-b/bibehera/OO_Simfit_eff/CMSSW_15_0_6_patch1/src/HeavyIonsAnalysis/TrackAnalysis/python to tarball
DEBUG 2026-01-04 17:13:27.755 UTC: 	 Adding directory /eos/home-b/bibehera/OO_Simfit_eff/CMSSW_15_0_6_patch1/src/HeavyIonsAnalysis/VertexAnalysis/python to tarball
DEBUG 2026-01-04 17:13:27.760 UTC: 	 Adding directory /eos/home-b/bibehera/OO_Simfit_eff/CMSSW_15_0_6_patch1/src/HeavyIonsAnalysis/ZDCAnalysis/python to tarball
DEBUG 2026-01-04 17:13:27.824 UTC: 	 Uploading archive /eos/home-b/bibehera/OO_Simfit_eff/CMSSW_15_0_6_patch1/src/Analyzer/RaghuV0Ana/cfg/OO_Data_MINIAOD/crab_2pc_OO_V0_IM_effcorr_cent0to50_newpT_IP30/inputs/18a39aa9-8c8c-46e9-bf47-6894bc669dc5default.tgz (4.677734.1 MB) to the CRAB cache.
DEBUG 2026-01-04 17:13:28.791 UTC: 	 Encoded data for curl request: subresource=upload&objecttype=sandbox&tarballname=9c8199602f9f24bd1ca134e9f424a578f677179994ad84f0e2d0a6556e0752d4.tar.gz
DEBUG 2026-01-04 17:13:28.843 UTC: 	 sandbox 9c8199602f9f24bd1ca134e9f424a578f677179994ad84f0e2d0a6556e0752d4.tar.gz is already in the S3 store, will not upload again
DEBUG 2026-01-04 17:13:28.843 UTC: 	 Loading required information from the environment
DEBUG 2026-01-04 17:13:28.843 UTC: 	 Found CMSSW_15_0_6_patch1 for el8_amd64_gcc12 with base /eos/home-b/bibehera/OO_Simfit_eff/CMSSW_15_0_6_patch1
DEBUG 2026-01-04 17:13:28.843 UTC: 	 Making tarball in /eos/home-b/bibehera/OO_Simfit_eff/CMSSW_15_0_6_patch1/src/Analyzer/RaghuV0Ana/cfg/OO_Data_MINIAOD/crab_2pc_OO_V0_IM_effcorr_cent0to50_newpT_IP30/inputs/debugFiles.tgz
DEBUG 2026-01-04 17:13:28.854 UTC: 	 Uploading archive /eos/home-b/bibehera/OO_Simfit_eff/CMSSW_15_0_6_patch1/src/Analyzer/RaghuV0Ana/cfg/OO_Data_MINIAOD/crab_2pc_OO_V0_IM_effcorr_cent0to50_newpT_IP30/inputs/debugFiles.tgz (3 KB) to the CRAB cache.
DEBUG 2026-01-04 17:13:28.859 UTC: 	 Encoded data for curl request: subresource=upload&objecttype=sandbox&tarballname=83a789029a58c2a40eb6b2de1ad8caf0a74edf791149efffbb298a9bcd3402ed.tar.gz
DEBUG 2026-01-04 17:13:28.915 UTC: 	 Will execute:
curl -f -v -X POST  -H "User-Agent: CRAB" -F "key=bibehera/sandboxes/83a789029a58c2a40eb6b2de1ad8caf0a74edf791149efffbb298a9bcd3402ed.tar.gz" -F "AWSAccessKeyId=715203df6482458ba839e73e6dab634b" -F "policy=eyJleHBpcmF0aW9uIjogIjIwMjYtMDEtMDRUMTg6MTM6MjhaIiwgImNvbmRpdGlvbnMiOiBbeyJidWNrZXQiOiAiY3JhYmNhY2hlX3Byb2QifSwgeyJrZXkiOiAiYmliZWhlcmEvc2FuZGJveGVzLzgzYTc4OTAyOWE1OGMyYTQwZWI2YjJkZTFhZDhjYWYwYTc0ZWRmNzkxMTQ5ZWZmZmJiMjk4YTliY2QzNDAyZWQudGFyLmd6In1dfQ==" -F "signature=fY+Vbs/C9d7BF+TtHvgvPn4CtIM=" -F "file=@/eos/home-b/bibehera/OO_Simfit_eff/CMSSW_15_0_6_patch1/src/Analyzer/RaghuV0Ana/cfg/OO_Data_MINIAOD/crab_2pc_OO_V0_IM_effcorr_cent0to50_newpT_IP30/inputs/debugFiles.tgz" "https://s3.cern.ch/crabcache_prod"
DEBUG 2026-01-04 17:13:29.091 UTC: 	 exitcode: 0
stdout: b''
DEBUG 2026-01-04 17:13:29.091 UTC: 	 upload to S3 of sandbox /eos/home-b/bibehera/OO_Simfit_eff/CMSSW_15_0_6_patch1/src/Analyzer/RaghuV0Ana/cfg/OO_Data_MINIAOD/crab_2pc_OO_V0_IM_effcorr_cent0to50_newpT_IP30/inputs/debugFiles.tgz completed
DEBUG 2026-01-04 17:13:29.091 UTC: 	 make sure that object is ready for retrieve
DEBUG 2026-01-04 17:13:30.092 UTC: 	 Encoded data for curl request: subresource=download&objecttype=sandbox&tarballname=83a789029a58c2a40eb6b2de1ad8caf0a74edf791149efffbb298a9bcd3402ed.tar.gz&clientmethod=head_object
DEBUG 2026-01-04 17:13:30.135 UTC: 	 PreSignedUrl to download sandbox received OK
DEBUG 2026-01-04 17:13:30.139 UTC: 	 Will execute:
 curl -v -s -f -o /dev/null --head  "https://s3.cern.ch/crabcache_prod/bibehera/sandboxes/83a789029a58c2a40eb6b2de1ad8caf0a74edf791149efffbb298a9bcd3402ed.tar.gz?AWSAccessKeyId=715203df6482458ba839e73e6dab634b&Signature=8wN3vtfH15p2tOO5XyBScPfjCWE%3D&Expires=1767550410"
DEBUG 2026-01-04 17:13:30.165 UTC: 	 exitcode: 0
stdout: b''
DEBUG 2026-01-04 17:13:30.165 UTC: 	 sandbox /eos/home-b/bibehera/OO_Simfit_eff/CMSSW_15_0_6_patch1/src/Analyzer/RaghuV0Ana/cfg/OO_Data_MINIAOD/crab_2pc_OO_V0_IM_effcorr_cent0to50_newpT_IP30/inputs/debugFiles.tgz successfully uploaded to S3
DEBUG 2026-01-04 17:13:30.165 UTC: 	 Result uploading input files: 9c8199602f9f24bd1ca134e9f424a578f677179994ad84f0e2d0a6556e0752d4.tar.gz 
DEBUG 2026-01-04 17:13:30.165 UTC: 	 Attaching lumi mask generated_json.json to the request
DEBUG 2026-01-04 17:13:30.166 UTC: 	 Reading lumi-mask from generated_json.json
DEBUG 2026-01-04 17:13:30.167 UTC: 	 submit() - self.configuration from WMCore.Configuration import Configuration
config = Configuration()
config.section_('General')
config.General.workArea = 'OO_Data_MINIAOD'
config.General.requestName = '2pc_OO_V0_IM_effcorr_cent0to50_newpT_IP30'
config.General.transferLogs = True
config.General.transferOutputs = True
config.section_('JobType')
config.JobType.psetName = 'PbPb_2018_cfg.py'
config.JobType.pluginName = 'Analysis'
config.section_('Data')
config.Data.lumiMask = 'generated_json.json'
config.Data.splitting = 'LumiBased'
config.Data.totalUnits = -1
config.Data.inputDBS = 'phys03'
config.Data.inputDataset = '/IonPhysics30/bibehera-2pc_OO_V0_IP30-ca42279dfc2dce710b3991c24f27a617/USER'
config.Data.outputDatasetTag = '2pc_OO_V0_IM_effcorr_cent0to50_newpT_IP30'
config.Data.unitsPerJob = 3
config.Data.publication = False
config.Data.secondaryInputDataset = '/IonPhysics30/OORun2025-PromptReco-v1/MINIAOD'
config.Data.outLFNDirBase = '/store/user/bibehera/'
config.section_('Site')
config.Site.storageSite = 'T3_CH_CERNBOX'
config.section_('User')
config.section_('Debug')

DEBUG 2026-01-04 17:13:30.167 UTC: 	 submit() - self.configreq {'dryrun': 0, 'workflow': 'crab_2pc_OO_V0_IM_effcorr_cent0to50_newpT_IP30', 'saveoutput': 1, 'savelogsflag': 1, 'inputdata': '/IonPhysics30/bibehera-2pc_OO_V0_IP30-ca42279dfc2dce710b3991c24f27a617/USER', 'nonvaliddata': 0, 'userfiles': [], 'dbsurl': 'https://cmsweb.cern.ch/dbs/prod/phys03/DBSReader', 'useparent': 0, 'secondarydata': '/IonPhysics30/OORun2025-PromptReco-v1/MINIAOD', 'ignorelocality': 0, 'splitalgo': 'LumiBased', 'algoargs': 3, 'totalunits': -1, 'lfn': '/store/user/bibehera/', 'publication': 0, 'publishdbsurl': 'https://cmsweb.cern.ch/dbs/prod/phys03/DBSWriter', 'publishname2': '2pc_OO_V0_IM_effcorr_cent0to50_newpT_IP30', 'jobtype': 'Analysis', 'generator': 'pythia', 'addoutputfiles': [], 'maxjobruntime': 1250, 'numcores': 1, 'maxmemory': 2000, 'priority': 10, 'nonprodsw': 0, 'asyncdest': 'T3_CH_CERNBOX', 'requireaccelerator': 0, 'oneEventMode': 0, 'extrajdl': [], 'ignoreglobalblacklist': 0, 'partialdataset': 0, 'inputblocks': []}
DEBUG 2026-01-04 17:13:30.167 UTC: 	 submit() - jobconfig {'addoutputfiles': [], 'tfileoutfiles': ['V0_test_IM_newpT.root'], 'edmoutfiles': [], 'jobarch': 'el8_amd64_gcc12', 'jobminuarch': 'x86-64-v3', 'jobsw': 'CMSSW_15_0_6_patch1', 'inputdata': '/IonPhysics30/bibehera-2pc_OO_V0_IP30-ca42279dfc2dce710b3991c24f27a617/USER', 'cachefilename': '9c8199602f9f24bd1ca134e9f424a578f677179994ad84f0e2d0a6556e0752d4.tar.gz', 'debugfilename': '83a789029a58c2a40eb6b2de1ad8caf0a74edf791149efffbb298a9bcd3402ed.tar.gz', 'runs': ['394153', '394154', '394169', '394175', '394183', '394184', '394185', '394186', '394187', '394188', '394189', '394204', '394209', '394217'], 'lumis': ['40,169', '1,886', '39,997', '47,988', '15,239', '1,667', '1,3', '1,15', '1,1', '1,107', '1,72', '38,932', '23,1209', '41,838'], 'jobtype': 'Analysis'}
INFO 2026-01-04 17:13:30.167 UTC: 	 Sending the request to the server at cmsweb.cern.ch
DEBUG 2026-01-04 17:13:30.168 UTC: 	 Submitting {'dryrun': 0, 'workflow': 'crab_2pc_OO_V0_IM_effcorr_cent0to50_newpT_IP30', 'saveoutput': 1, 'savelogsflag': 1, 'inputdata': '/IonPhysics30/bibehera-2pc_OO_V0_IP30-ca42279dfc2dce710b3991c24f27a617/USER', 'nonvaliddata': 0, 'userfiles': [], 'dbsurl': 'https://cmsweb.cern.ch/dbs/prod/phys03/DBSReader', 'useparent': 0, 'secondarydata': '/IonPhysics30/OORun2025-PromptReco-v1/MINIAOD', 'ignorelocality': 0, 'splitalgo': 'LumiBased', 'algoargs': 3, 'totalunits': -1, 'lfn': '/store/user/bibehera/', 'publication': 0, 'publishdbsurl': 'https://cmsweb.cern.ch/dbs/prod/phys03/DBSWriter', 'publishname2': '2pc_OO_V0_IM_effcorr_cent0to50_newpT_IP30', 'jobtype': 'Analysis', 'generator': 'pythia', 'addoutputfiles': [], 'maxjobruntime': 1250, 'numcores': 1, 'maxmemory': 2000, 'priority': 10, 'nonprodsw': 0, 'asyncdest': 'T3_CH_CERNBOX', 'requireaccelerator': 0, 'oneEventMode': 0, 'extrajdl': [], 'ignoreglobalblacklist': 0, 'partialdataset': 0, 'inputblocks': [], 'tfileoutfiles': ['V0_test_IM_newpT.root'], 'edmoutfiles': [], 'jobarch': 'el8_amd64_gcc12', 'jobminuarch': 'x86-64-v3', 'jobsw': 'CMSSW_15_0_6_patch1', 'cachefilename': '9c8199602f9f24bd1ca134e9f424a578f677179994ad84f0e2d0a6556e0752d4.tar.gz', 'debugfilename': '83a789029a58c2a40eb6b2de1ad8caf0a74edf791149efffbb298a9bcd3402ed.tar.gz', 'runs': ['394153', '394154', '394169', '394175', '394183', '394184', '394185', '394186', '394187', '394188', '394189', '394204', '394209', '394217'], 'lumis': ['40,169', '1,886', '39,997', '47,988', '15,239', '1,667', '1,3', '1,15', '1,1', '1,107', '1,72', '38,932', '23,1209', '41,838']} 
DEBUG 2026-01-04 17:13:30.168 UTC: 	 Encoded data for curl request: dryrun=0&workflow=crab_2pc_OO_V0_IM_effcorr_cent0to50_newpT_IP30&saveoutput=1&savelogsflag=1&inputdata=%2FIonPhysics30%2Fbibehera-2pc_OO_V0_IP30-ca42279dfc2dce710b3991c24f27a617%2FUSER&nonvaliddata=0&dbsurl=https%3A%2F%2Fcmsweb.cern.ch%2Fdbs%2Fprod%2Fphys03%2FDBSReader&useparent=0&secondarydata=%2FIonPhysics30%2FOORun2025-PromptReco-v1%2FMINIAOD&ignorelocality=0&splitalgo=LumiBased&algoargs=3&totalunits=-1&lfn=%2Fstore%2Fuser%2Fbibehera%2F&publication=0&publishdbsurl=https%3A%2F%2Fcmsweb.cern.ch%2Fdbs%2Fprod%2Fphys03%2FDBSWriter&publishname2=2pc_OO_V0_IM_effcorr_cent0to50_newpT_IP30&jobtype=Analysis&generator=pythia&maxjobruntime=1250&numcores=1&maxmemory=2000&priority=10&nonprodsw=0&asyncdest=T3_CH_CERNBOX&requireaccelerator=0&oneEventMode=0&ignoreglobalblacklist=0&partialdataset=0&jobarch=el8_amd64_gcc12&jobminuarch=x86-64-v3&jobsw=CMSSW_15_0_6_patch1&cachefilename=9c8199602f9f24bd1ca134e9f424a578f677179994ad84f0e2d0a6556e0752d4.tar.gz&debugfilename=83a789029a58c2a40eb6b2de1ad8caf0a74edf791149efffbb298a9bcd3402ed.tar.gz&tfileoutfiles=V0_test_IM_newpT.root&runs=394153&runs=394154&runs=394169&runs=394175&runs=394183&runs=394184&runs=394185&runs=394186&runs=394187&runs=394188&runs=394189&runs=394204&runs=394209&runs=394217&lumis=40%2C169&lumis=1%2C886&lumis=39%2C997&lumis=47%2C988&lumis=15%2C239&lumis=1%2C667&lumis=1%2C3&lumis=1%2C15&lumis=1%2C1&lumis=1%2C107&lumis=1%2C72&lumis=38%2C932&lumis=23%2C1209&lumis=41%2C838
DEBUG 2026-01-04 17:13:30.222 UTC: 	 Result: {'result': [{'RequestName': '260104_171330:bibehera_crab_2pc_OO_V0_IM_effcorr_cent0to50_newpT_IP30'}]}
INFO 2026-01-04 17:13:30.233 UTC: 	 Success: Your task has been delivered to the prod CRAB3 server.
INFO 2026-01-04 17:13:30.233 UTC: 	 Task name: 260104_171330:bibehera_crab_2pc_OO_V0_IM_effcorr_cent0to50_newpT_IP30
INFO 2026-01-04 17:13:30.233 UTC: 	 Project dir: OO_Data_MINIAOD/crab_2pc_OO_V0_IM_effcorr_cent0to50_newpT_IP30
INFO 2026-01-04 17:13:30.233 UTC: 	 Please use ' crab status -d OO_Data_MINIAOD/crab_2pc_OO_V0_IM_effcorr_cent0to50_newpT_IP30 ' to check how the submission process proceeds.
DEBUG 2026-01-04 17:13:30.234 UTC: 	 About to return
INFO 2026-01-04 17:13:30.252 UTC: 	 Log file is /eos/home-b/bibehera/OO_Simfit_eff/CMSSW_15_0_6_patch1/src/Analyzer/RaghuV0Ana/cfg/OO_Data_MINIAOD/crab_2pc_OO_V0_IM_effcorr_cent0to50_newpT_IP30/crab.log
